2026-05-26 11:29:53 | INFO | __main__ | ==== Trait 'thr_wing' ====
2026-05-26 11:29:53 | INFO | src.data | Loading data from NPZ: Data/npz/snp_thr_wing_ALL.npz
2026-05-26 11:29:59 | INFO | src.data | Loading GRM from RDS: Data/GRM/GRM_vanraden.rds
2026-05-26 11:30:04 | INFO | __main__ | Trait=thr_wing n=5633 p=65344 islands=15 max_r=5000 n_trials=100
2026-05-26 11:32:22 | INFO | __main__ | Trait=thr_wing PCA fit on full dataset (n=5633, p=65344, r=5000) in 138.26s (cumulative var=0.988)
2026-05-26 11:32:22 | INFO | __main__ | OUTER 1/15 test island=Nesøy (code=0, n_test=118, n_train=5515)
2026-05-26 11:32:22 | INFO | __main__ | OUTER 1: top-10 related inner islands used for tuning: Myken(code=1, avgGRM=0.0066), Hestmannøy(code=5, avgGRM=0.0045), Gjerøy(code=4, avgGRM=0.0039), Selvær(code=3, avgGRM=0.0033), Træna(code=2, avgGRM=0.0030), Onøy og Lurøy(code=7, avgGRM=0.0025), Lovund(code=8, avgGRM=0.0024), Indre Kvarøy(code=6, avgGRM=0.0016), Sleneset(code=9, avgGRM=0.0013), Aldra(code=10, avgGRM=-0.0006)
2026-05-26 11:37:06 | INFO | __main__ | OUTER 1 done in 283.7s: best n_pcs=4000 alpha=3.201e+04 inner_mean_r=0.2456 (100 trials)
2026-05-26 11:37:06 | INFO | __main__ | OUTER 1 test island=Nesøy test_r=0.1796 (best_r=4000 alpha=3.201e+04 cumvar=0.954)
2026-05-26 11:37:06 | INFO | __main__ | OUTER 2/15 test island=Myken (code=1, n_test=92, n_train=5541)
2026-05-26 11:37:06 | INFO | __main__ | OUTER 2: top-10 related inner islands used for tuning: Selvær(code=3, avgGRM=0.0212), Træna(code=2, avgGRM=0.0152), Lovund(code=8, avgGRM=0.0084), Nesøy(code=0, avgGRM=0.0066), Sleneset(code=9, avgGRM=0.0044), Onøy og Lurøy(code=7, avgGRM=0.0024), Hestmannøy(code=5, avgGRM=0.0014), Indre Kvarøy(code=6, avgGRM=0.0009), Gjerøy(code=4, avgGRM=-0.0004), Aldra(code=10, avgGRM=-0.0036)
2026-05-26 11:40:40 | INFO | __main__ | OUTER 2 done in 213.8s: best n_pcs=4500 alpha=4.396e+04 inner_mean_r=0.2342 (100 trials)
2026-05-26 11:40:41 | INFO | __main__ | OUTER 2 test island=Myken test_r=0.2589 (best_r=4500 alpha=4.396e+04 cumvar=0.974)
2026-05-26 11:40:41 | INFO | __main__ | OUTER 3/15 test island=Træna (code=2, n_test=286, n_train=5347)
2026-05-26 11:40:41 | INFO | __main__ | OUTER 3: top-10 related inner islands used for tuning: Selvær(code=3, avgGRM=0.0194), Myken(code=1, avgGRM=0.0152), Lovund(code=8, avgGRM=0.0119), Sleneset(code=9, avgGRM=0.0084), Nesøy(code=0, avgGRM=0.0030), Onøy og Lurøy(code=7, avgGRM=0.0024), Indre Kvarøy(code=6, avgGRM=0.0015), Hestmannøy(code=5, avgGRM=-0.0005), Gjerøy(code=4, avgGRM=-0.0020), Vega(code=12, avgGRM=-0.0032)
2026-05-26 11:43:03 | INFO | __main__ | OUTER 3 done in 142.2s: best n_pcs=2500 alpha=7.433e+04 inner_mean_r=0.2030 (100 trials)
2026-05-26 11:43:03 | INFO | __main__ | OUTER 3 test island=Træna test_r=0.2488 (best_r=2500 alpha=7.433e+04 cumvar=0.847)
2026-05-26 11:43:03 | INFO | __main__ | OUTER 4/15 test island=Selvær (code=3, n_test=191, n_train=5442)
2026-05-26 11:43:03 | INFO | __main__ | OUTER 4: top-10 related inner islands used for tuning: Myken(code=1, avgGRM=0.0212), Træna(code=2, avgGRM=0.0194), Lovund(code=8, avgGRM=0.0087), Sleneset(code=9, avgGRM=0.0056), Nesøy(code=0, avgGRM=0.0033), Onøy og Lurøy(code=7, avgGRM=0.0018), Indre Kvarøy(code=6, avgGRM=0.0005), Hestmannøy(code=5, avgGRM=-0.0000), Gjerøy(code=4, avgGRM=-0.0013), Vega(code=12, avgGRM=-0.0030)
2026-05-26 11:47:36 | INFO | __main__ | OUTER 4 done in 272.4s: best n_pcs=4500 alpha=4.665e+04 inner_mean_r=0.1940 (100 trials)
2026-05-26 11:47:36 | INFO | __main__ | OUTER 4 test island=Selvær test_r=0.3618 (best_r=4500 alpha=4.665e+04 cumvar=0.974)
2026-05-26 11:47:36 | INFO | __main__ | OUTER 5/15 test island=Gjerøy (code=4, n_test=553, n_train=5080)
2026-05-26 11:47:36 | INFO | __main__ | OUTER 5: top-10 related inner islands used for tuning: Hestmannøy(code=5, avgGRM=0.0047), Indre Kvarøy(code=6, avgGRM=0.0043), Nesøy(code=0, avgGRM=0.0039), Aldra(code=10, avgGRM=0.0011), Onøy og Lurøy(code=7, avgGRM=0.0002), Myken(code=1, avgGRM=-0.0004), Selvær(code=3, avgGRM=-0.0013), Træna(code=2, avgGRM=-0.0020), Lovund(code=8, avgGRM=-0.0020), Sleneset(code=9, avgGRM=-0.0024)
2026-05-26 11:52:29 | INFO | __main__ | OUTER 5 done in 292.8s: best n_pcs=4500 alpha=2.534e+04 inner_mean_r=0.2437 (100 trials)
2026-05-26 11:52:30 | INFO | __main__ | OUTER 5 test island=Gjerøy test_r=0.0986 (best_r=4500 alpha=2.534e+04 cumvar=0.974)
2026-05-26 11:52:30 | INFO | __main__ | OUTER 6/15 test island=Hestmannøy (code=5, n_test=1055, n_train=4578)
2026-05-26 11:52:30 | INFO | __main__ | OUTER 6: top-10 related inner islands used for tuning: Gjerøy(code=4, avgGRM=0.0047), Nesøy(code=0, avgGRM=0.0045), Indre Kvarøy(code=6, avgGRM=0.0039), Onøy og Lurøy(code=7, avgGRM=0.0026), Myken(code=1, avgGRM=0.0014), Selvær(code=3, avgGRM=-0.0000), Træna(code=2, avgGRM=-0.0005), Lovund(code=8, avgGRM=-0.0006), Sleneset(code=9, avgGRM=-0.0009), Aldra(code=10, avgGRM=-0.0021)
2026-05-26 11:56:02 | INFO | __main__ | OUTER 6 done in 212.6s: best n_pcs=4000 alpha=5.252e+04 inner_mean_r=0.2321 (100 trials)
2026-05-26 11:56:03 | INFO | __main__ | OUTER 6 test island=Hestmannøy test_r=0.1597 (best_r=4000 alpha=5.252e+04 cumvar=0.954)
2026-05-26 11:56:03 | INFO | __main__ | OUTER 7/15 test island=Indre Kvarøy (code=6, n_test=349, n_train=5284)
2026-05-26 11:56:03 | INFO | __main__ | OUTER 7: top-10 related inner islands used for tuning: Gjerøy(code=4, avgGRM=0.0043), Onøy og Lurøy(code=7, avgGRM=0.0042), Hestmannøy(code=5, avgGRM=0.0039), Sleneset(code=9, avgGRM=0.0038), Lovund(code=8, avgGRM=0.0023), Nesøy(code=0, avgGRM=0.0016), Træna(code=2, avgGRM=0.0015), Myken(code=1, avgGRM=0.0009), Selvær(code=3, avgGRM=0.0005), Aldra(code=10, avgGRM=-0.0026)
2026-05-26 12:01:08 | INFO | __main__ | OUTER 7 done in 305.1s: best n_pcs=4500 alpha=2.903e+04 inner_mean_r=0.2207 (100 trials)
2026-05-26 12:01:08 | INFO | __main__ | OUTER 7 test island=Indre Kvarøy test_r=0.3249 (best_r=4500 alpha=2.903e+04 cumvar=0.974)
2026-05-26 12:01:08 | INFO | __main__ | OUTER 8/15 test island=Onøy og Lurøy (code=7, n_test=256, n_train=5377)
2026-05-26 12:01:08 | INFO | __main__ | OUTER 8: top-10 related inner islands used for tuning: Sleneset(code=9, avgGRM=0.0092), Lovund(code=8, avgGRM=0.0058), Indre Kvarøy(code=6, avgGRM=0.0042), Hestmannøy(code=5, avgGRM=0.0026), Nesøy(code=0, avgGRM=0.0025), Myken(code=1, avgGRM=0.0024), Træna(code=2, avgGRM=0.0024), Selvær(code=3, avgGRM=0.0018), Aldra(code=10, avgGRM=0.0011), Gjerøy(code=4, avgGRM=0.0002)
2026-05-26 12:06:02 | INFO | __main__ | OUTER 8 done in 293.8s: best n_pcs=4500 alpha=2.779e+04 inner_mean_r=0.2172 (100 trials)
2026-05-26 12:06:03 | INFO | __main__ | OUTER 8 test island=Onøy og Lurøy test_r=0.3747 (best_r=4500 alpha=2.779e+04 cumvar=0.974)
2026-05-26 12:06:03 | INFO | __main__ | OUTER 9/15 test island=Lovund (code=8, n_test=151, n_train=5482)
2026-05-26 12:06:03 | INFO | __main__ | OUTER 9: top-10 related inner islands used for tuning: Sleneset(code=9, avgGRM=0.0219), Træna(code=2, avgGRM=0.0119), Selvær(code=3, avgGRM=0.0087), Myken(code=1, avgGRM=0.0084), Onøy og Lurøy(code=7, avgGRM=0.0058), Nesøy(code=0, avgGRM=0.0024), Indre Kvarøy(code=6, avgGRM=0.0023), Hestmannøy(code=5, avgGRM=-0.0006), Vega(code=12, avgGRM=-0.0012), Gjerøy(code=4, avgGRM=-0.0020)
2026-05-26 12:10:25 | INFO | __main__ | OUTER 9 done in 262.0s: best n_pcs=4500 alpha=3.064e+04 inner_mean_r=0.2243 (100 trials)
2026-05-26 12:10:25 | INFO | __main__ | OUTER 9 test island=Lovund test_r=0.2065 (best_r=4500 alpha=3.064e+04 cumvar=0.974)
2026-05-26 12:10:25 | INFO | __main__ | OUTER 10/15 test island=Sleneset (code=9, n_test=160, n_train=5473)
2026-05-26 12:10:25 | INFO | __main__ | OUTER 10: top-10 related inner islands used for tuning: Lovund(code=8, avgGRM=0.0219), Onøy og Lurøy(code=7, avgGRM=0.0092), Træna(code=2, avgGRM=0.0084), Selvær(code=3, avgGRM=0.0056), Myken(code=1, avgGRM=0.0044), Indre Kvarøy(code=6, avgGRM=0.0038), Nesøy(code=0, avgGRM=0.0013), Hestmannøy(code=5, avgGRM=-0.0009), Gjerøy(code=4, avgGRM=-0.0024), Vega(code=12, avgGRM=-0.0042)
2026-05-26 12:15:05 | INFO | __main__ | OUTER 10 done in 280.0s: best n_pcs=4500 alpha=4.456e+04 inner_mean_r=0.2264 (100 trials)
2026-05-26 12:15:06 | INFO | __main__ | OUTER 10 test island=Sleneset test_r=0.1777 (best_r=4500 alpha=4.456e+04 cumvar=0.974)
2026-05-26 12:15:06 | INFO | __main__ | OUTER 11/15 test island=Aldra (code=10, n_test=173, n_train=5460)
2026-05-26 12:15:06 | INFO | __main__ | OUTER 11: top-10 related inner islands used for tuning: Gjerøy(code=4, avgGRM=0.0011), Onøy og Lurøy(code=7, avgGRM=0.0011), Nesøy(code=0, avgGRM=-0.0006), Hestmannøy(code=5, avgGRM=-0.0021), Indre Kvarøy(code=6, avgGRM=-0.0026), Selvær(code=3, avgGRM=-0.0035), Myken(code=1, avgGRM=-0.0036), Lovund(code=8, avgGRM=-0.0039), Vega(code=12, avgGRM=-0.0048), Sleneset(code=9, avgGRM=-0.0048)
2026-05-26 12:17:32 | INFO | __main__ | OUTER 11 done in 145.9s: best n_pcs=4500 alpha=3.544e+04 inner_mean_r=0.2217 (100 trials)
2026-05-26 12:17:33 | INFO | __main__ | OUTER 11 test island=Aldra test_r=0.1639 (best_r=4500 alpha=3.544e+04 cumvar=0.974)
2026-05-26 12:17:33 | INFO | __main__ | OUTER 12/15 test island=Leka (code=11, n_test=581, n_train=5052)
2026-05-26 12:17:33 | INFO | __main__ | OUTER 12: top-10 related inner islands used for tuning: Vikna(code=13, avgGRM=0.0117), Lauvøya(code=14, avgGRM=0.0077), Vega(code=12, avgGRM=-0.0031), Lovund(code=8, avgGRM=-0.0080), Selvær(code=3, avgGRM=-0.0081), Træna(code=2, avgGRM=-0.0085), Nesøy(code=0, avgGRM=-0.0085), Sleneset(code=9, avgGRM=-0.0089), Aldra(code=10, avgGRM=-0.0094), Onøy og Lurøy(code=7, avgGRM=-0.0099)
2026-05-26 12:20:49 | INFO | __main__ | OUTER 12 done in 196.2s: best n_pcs=5000 alpha=2.002e+04 inner_mean_r=0.1974 (100 trials)
2026-05-26 12:20:49 | INFO | __main__ | OUTER 12 test island=Leka test_r=0.1268 (best_r=5000 alpha=2.002e+04 cumvar=0.988)
2026-05-26 12:20:49 | INFO | __main__ | OUTER 13/15 test island=Vega (code=12, n_test=397, n_train=5236)
2026-05-26 12:20:49 | INFO | __main__ | OUTER 13: top-10 related inner islands used for tuning: Lauvøya(code=14, avgGRM=0.0007), Vikna(code=13, avgGRM=0.0006), Lovund(code=8, avgGRM=-0.0012), Selvær(code=3, avgGRM=-0.0030), Leka(code=11, avgGRM=-0.0031), Træna(code=2, avgGRM=-0.0032), Nesøy(code=0, avgGRM=-0.0037), Myken(code=1, avgGRM=-0.0042), Sleneset(code=9, avgGRM=-0.0042), Onøy og Lurøy(code=7, avgGRM=-0.0046)
2026-05-26 12:25:06 | INFO | __main__ | OUTER 13 done in 256.1s: best n_pcs=4500 alpha=2.722e+04 inner_mean_r=0.2239 (100 trials)
2026-05-26 12:25:06 | INFO | __main__ | OUTER 13 test island=Vega test_r=0.0620 (best_r=4500 alpha=2.722e+04 cumvar=0.974)
2026-05-26 12:25:06 | INFO | __main__ | OUTER 14/15 test island=Vikna (code=13, n_test=583, n_train=5050)
2026-05-26 12:25:06 | INFO | __main__ | OUTER 14: top-10 related inner islands used for tuning: Leka(code=11, avgGRM=0.0117), Lauvøya(code=14, avgGRM=0.0105), Vega(code=12, avgGRM=0.0006), Lovund(code=8, avgGRM=-0.0064), Sleneset(code=9, avgGRM=-0.0070), Selvær(code=3, avgGRM=-0.0075), Træna(code=2, avgGRM=-0.0077), Onøy og Lurøy(code=7, avgGRM=-0.0081), Nesøy(code=0, avgGRM=-0.0083), Myken(code=1, avgGRM=-0.0085)
2026-05-26 12:28:59 | INFO | __main__ | OUTER 14 done in 232.8s: best n_pcs=4500 alpha=3.228e+04 inner_mean_r=0.2146 (100 trials)
2026-05-26 12:29:00 | INFO | __main__ | OUTER 14 test island=Vikna test_r=0.0974 (best_r=4500 alpha=3.228e+04 cumvar=0.974)
2026-05-26 12:29:00 | INFO | __main__ | OUTER 15/15 test island=Lauvøya (code=14, n_test=688, n_train=4945)
2026-05-26 12:29:00 | INFO | __main__ | OUTER 15: top-10 related inner islands used for tuning: Vikna(code=13, avgGRM=0.0105), Leka(code=11, avgGRM=0.0077), Vega(code=12, avgGRM=0.0007), Lovund(code=8, avgGRM=-0.0074), Træna(code=2, avgGRM=-0.0077), Selvær(code=3, avgGRM=-0.0080), Sleneset(code=9, avgGRM=-0.0086), Nesøy(code=0, avgGRM=-0.0099), Onøy og Lurøy(code=7, avgGRM=-0.0099), Myken(code=1, avgGRM=-0.0102)
2026-05-26 12:33:21 | INFO | __main__ | OUTER 15 done in 261.3s: best n_pcs=4500 alpha=2.835e+04 inner_mean_r=0.2093 (100 trials)
2026-05-26 12:33:21 | INFO | __main__ | OUTER 15 test island=Lauvøya test_r=0.1055 (best_r=4500 alpha=2.835e+04 cumvar=0.974)
2026-05-26 12:33:21 | INFO | __main__ | Saved per-fold results: outputs/final_results/e1_pc_ridge_nested_loio_10/thr_wing/e1_pc_ridge_nested_loio_10_per_fold_results.csv
2026-05-26 12:33:21 | INFO | __main__ | Saved summary: outputs/final_results/e1_pc_ridge_nested_loio_10/thr_wing/e1_pc_ridge_nested_loio_10_summary.csv
2026-05-26 12:33:21 | INFO | __main__ | Saved best-params JSON: outputs/final_results/e1_pc_ridge_nested_loio_10/thr_wing/e1_pc_ridge_nested_loio_10_best_params.json
2026-05-26 12:33:21 | INFO | __main__ | Saved combined per-fold results: outputs/final_results/e1_pc_ridge_nested_loio_10/e1_pc_ridge_nested_loio_10_per_fold_results.csv
2026-05-26 12:33:21 | INFO | __main__ | Saved combined summary: outputs/final_results/e1_pc_ridge_nested_loio_10/e1_pc_ridge_nested_loio_10_summary.csv
