2026-05-26 11:29:35 | INFO | __main__ | ==== Trait 'body_mass' ====
2026-05-26 11:29:35 | INFO | src.data | Loading data from NPZ: Data/npz/snp_body_mass_ALL.npz
2026-05-26 11:29:41 | INFO | src.data | Loading GRM from RDS: Data/GRM/GRM_vanraden.rds
2026-05-26 11:29:47 | INFO | __main__ | Trait=body_mass n=5697 p=65344 islands=15 max_r=5000 n_trials=100
2026-05-26 11:32:05 | INFO | __main__ | Trait=body_mass PCA fit on full dataset (n=5697, p=65344, r=5000) in 138.31s (cumulative var=0.987)
2026-05-26 11:32:05 | INFO | __main__ | OUTER 1/15 test island=Nesøy (code=0, n_test=119, n_train=5578)
2026-05-26 11:32:05 | INFO | __main__ | OUTER 1: top-10 related inner islands used for tuning: Myken(code=1, avgGRM=0.0067), Hestmannøy(code=5, avgGRM=0.0045), Gjerøy(code=4, avgGRM=0.0039), Selvær(code=3, avgGRM=0.0032), Træna(code=2, avgGRM=0.0030), Onøy og Lurøy(code=7, avgGRM=0.0025), Lovund(code=8, avgGRM=0.0024), Indre Kvarøy(code=6, avgGRM=0.0015), Sleneset(code=9, avgGRM=0.0013), Aldra(code=10, avgGRM=-0.0007)
2026-05-26 11:36:09 | INFO | __main__ | OUTER 1 done in 243.4s: best n_pcs=2500 alpha=8.203e+04 inner_mean_r=0.2126 (100 trials)
2026-05-26 11:36:09 | INFO | __main__ | OUTER 1 test island=Nesøy test_r=0.2370 (best_r=2500 alpha=8.203e+04 cumvar=0.845)
2026-05-26 11:36:09 | INFO | __main__ | OUTER 2/15 test island=Myken (code=1, n_test=92, n_train=5605)
2026-05-26 11:36:09 | INFO | __main__ | OUTER 2: top-10 related inner islands used for tuning: Selvær(code=3, avgGRM=0.0212), Træna(code=2, avgGRM=0.0151), Lovund(code=8, avgGRM=0.0084), Nesøy(code=0, avgGRM=0.0067), Sleneset(code=9, avgGRM=0.0044), Onøy og Lurøy(code=7, avgGRM=0.0024), Hestmannøy(code=5, avgGRM=0.0014), Indre Kvarøy(code=6, avgGRM=0.0009), Gjerøy(code=4, avgGRM=-0.0004), Aldra(code=10, avgGRM=-0.0036)
2026-05-26 11:40:35 | INFO | __main__ | OUTER 2 done in 265.8s: best n_pcs=2500 alpha=5.930e+04 inner_mean_r=0.1894 (100 trials)
2026-05-26 11:40:35 | INFO | __main__ | OUTER 2 test island=Myken test_r=0.4325 (best_r=2500 alpha=5.930e+04 cumvar=0.845)
2026-05-26 11:40:35 | INFO | __main__ | OUTER 3/15 test island=Træna (code=2, n_test=292, n_train=5405)
2026-05-26 11:40:35 | INFO | __main__ | OUTER 3: top-10 related inner islands used for tuning: Selvær(code=3, avgGRM=0.0196), Myken(code=1, avgGRM=0.0151), Lovund(code=8, avgGRM=0.0123), Sleneset(code=9, avgGRM=0.0085), Nesøy(code=0, avgGRM=0.0030), Onøy og Lurøy(code=7, avgGRM=0.0024), Indre Kvarøy(code=6, avgGRM=0.0015), Hestmannøy(code=5, avgGRM=-0.0005), Gjerøy(code=4, avgGRM=-0.0020), Vega(code=12, avgGRM=-0.0032)
2026-05-26 11:42:46 | INFO | __main__ | OUTER 3 done in 130.7s: best n_pcs=2500 alpha=9.508e+04 inner_mean_r=0.2105 (100 trials)
2026-05-26 11:42:46 | INFO | __main__ | OUTER 3 test island=Træna test_r=0.1675 (best_r=2500 alpha=9.508e+04 cumvar=0.845)
2026-05-26 11:42:46 | INFO | __main__ | OUTER 4/15 test island=Selvær (code=3, n_test=194, n_train=5503)
2026-05-26 11:42:46 | INFO | __main__ | OUTER 4: top-10 related inner islands used for tuning: Myken(code=1, avgGRM=0.0212), Træna(code=2, avgGRM=0.0196), Lovund(code=8, avgGRM=0.0091), Sleneset(code=9, avgGRM=0.0056), Nesøy(code=0, avgGRM=0.0032), Onøy og Lurøy(code=7, avgGRM=0.0017), Indre Kvarøy(code=6, avgGRM=0.0005), Hestmannøy(code=5, avgGRM=-0.0000), Gjerøy(code=4, avgGRM=-0.0012), Vega(code=12, avgGRM=-0.0030)
2026-05-26 11:45:37 | INFO | __main__ | OUTER 4 done in 171.3s: best n_pcs=2500 alpha=9.449e+04 inner_mean_r=0.2053 (100 trials)
2026-05-26 11:45:37 | INFO | __main__ | OUTER 4 test island=Selvær test_r=0.2067 (best_r=2500 alpha=9.449e+04 cumvar=0.845)
2026-05-26 11:45:37 | INFO | __main__ | OUTER 5/15 test island=Gjerøy (code=4, n_test=558, n_train=5139)
2026-05-26 11:45:37 | INFO | __main__ | OUTER 5: top-10 related inner islands used for tuning: Hestmannøy(code=5, avgGRM=0.0047), Indre Kvarøy(code=6, avgGRM=0.0044), Nesøy(code=0, avgGRM=0.0039), Aldra(code=10, avgGRM=0.0011), Onøy og Lurøy(code=7, avgGRM=0.0001), Myken(code=1, avgGRM=-0.0004), Selvær(code=3, avgGRM=-0.0012), Træna(code=2, avgGRM=-0.0020), Lovund(code=8, avgGRM=-0.0020), Sleneset(code=9, avgGRM=-0.0025)
2026-05-26 11:48:30 | INFO | __main__ | OUTER 5 done in 172.2s: best n_pcs=2500 alpha=1.553e+05 inner_mean_r=0.2218 (100 trials)
2026-05-26 11:48:30 | INFO | __main__ | OUTER 5 test island=Gjerøy test_r=0.1059 (best_r=2500 alpha=1.553e+05 cumvar=0.845)
2026-05-26 11:48:30 | INFO | __main__ | OUTER 6/15 test island=Hestmannøy (code=5, n_test=1078, n_train=4619)
2026-05-26 11:48:30 | INFO | __main__ | OUTER 6: top-10 related inner islands used for tuning: Gjerøy(code=4, avgGRM=0.0047), Nesøy(code=0, avgGRM=0.0045), Indre Kvarøy(code=6, avgGRM=0.0040), Onøy og Lurøy(code=7, avgGRM=0.0026), Myken(code=1, avgGRM=0.0014), Selvær(code=3, avgGRM=-0.0000), Træna(code=2, avgGRM=-0.0005), Lovund(code=8, avgGRM=-0.0006), Sleneset(code=9, avgGRM=-0.0009), Aldra(code=10, avgGRM=-0.0021)
2026-05-26 11:49:34 | INFO | __main__ | OUTER 6 done in 63.8s: best n_pcs=1000 alpha=3.187e+04 inner_mean_r=0.1931 (100 trials)
2026-05-26 11:49:34 | INFO | __main__ | OUTER 6 test island=Hestmannøy test_r=0.1559 (best_r=1000 alpha=3.187e+04 cumvar=0.603)
2026-05-26 11:49:34 | INFO | __main__ | OUTER 7/15 test island=Indre Kvarøy (code=6, n_test=356, n_train=5341)
2026-05-26 11:49:34 | INFO | __main__ | OUTER 7: top-10 related inner islands used for tuning: Gjerøy(code=4, avgGRM=0.0044), Onøy og Lurøy(code=7, avgGRM=0.0041), Hestmannøy(code=5, avgGRM=0.0040), Sleneset(code=9, avgGRM=0.0037), Lovund(code=8, avgGRM=0.0023), Nesøy(code=0, avgGRM=0.0015), Træna(code=2, avgGRM=0.0015), Myken(code=1, avgGRM=0.0009), Selvær(code=3, avgGRM=0.0005), Aldra(code=10, avgGRM=-0.0025)
2026-05-26 11:51:55 | INFO | __main__ | OUTER 7 done in 141.5s: best n_pcs=2500 alpha=7.177e+04 inner_mean_r=0.1989 (100 trials)
2026-05-26 11:51:55 | INFO | __main__ | OUTER 7 test island=Indre Kvarøy test_r=0.2722 (best_r=2500 alpha=7.177e+04 cumvar=0.845)
2026-05-26 11:51:55 | INFO | __main__ | OUTER 8/15 test island=Onøy og Lurøy (code=7, n_test=259, n_train=5438)
2026-05-26 11:51:55 | INFO | __main__ | OUTER 8: top-10 related inner islands used for tuning: Sleneset(code=9, avgGRM=0.0091), Lovund(code=8, avgGRM=0.0058), Indre Kvarøy(code=6, avgGRM=0.0041), Hestmannøy(code=5, avgGRM=0.0026), Nesøy(code=0, avgGRM=0.0025), Træna(code=2, avgGRM=0.0024), Myken(code=1, avgGRM=0.0024), Selvær(code=3, avgGRM=0.0017), Aldra(code=10, avgGRM=0.0011), Gjerøy(code=4, avgGRM=0.0001)
2026-05-26 11:55:19 | INFO | __main__ | OUTER 8 done in 203.4s: best n_pcs=2500 alpha=5.251e+04 inner_mean_r=0.2507 (100 trials)
2026-05-26 11:55:19 | INFO | __main__ | OUTER 8 test island=Onøy og Lurøy test_r=-0.0283 (best_r=2500 alpha=5.251e+04 cumvar=0.845)
2026-05-26 11:55:19 | INFO | __main__ | OUTER 9/15 test island=Lovund (code=8, n_test=158, n_train=5539)
2026-05-26 11:55:19 | INFO | __main__ | OUTER 9: top-10 related inner islands used for tuning: Sleneset(code=9, avgGRM=0.0225), Træna(code=2, avgGRM=0.0123), Selvær(code=3, avgGRM=0.0091), Myken(code=1, avgGRM=0.0084), Onøy og Lurøy(code=7, avgGRM=0.0058), Nesøy(code=0, avgGRM=0.0024), Indre Kvarøy(code=6, avgGRM=0.0023), Hestmannøy(code=5, avgGRM=-0.0006), Vega(code=12, avgGRM=-0.0013), Gjerøy(code=4, avgGRM=-0.0020)
2026-05-26 11:57:33 | INFO | __main__ | OUTER 9 done in 133.4s: best n_pcs=2500 alpha=1.075e+05 inner_mean_r=0.1787 (100 trials)
2026-05-26 11:57:33 | INFO | __main__ | OUTER 9 test island=Lovund test_r=0.3915 (best_r=2500 alpha=1.075e+05 cumvar=0.845)
2026-05-26 11:57:33 | INFO | __main__ | OUTER 10/15 test island=Sleneset (code=9, n_test=166, n_train=5531)
2026-05-26 11:57:33 | INFO | __main__ | OUTER 10: top-10 related inner islands used for tuning: Lovund(code=8, avgGRM=0.0225), Onøy og Lurøy(code=7, avgGRM=0.0091), Træna(code=2, avgGRM=0.0085), Selvær(code=3, avgGRM=0.0056), Myken(code=1, avgGRM=0.0044), Indre Kvarøy(code=6, avgGRM=0.0037), Nesøy(code=0, avgGRM=0.0013), Hestmannøy(code=5, avgGRM=-0.0009), Gjerøy(code=4, avgGRM=-0.0025), Vega(code=12, avgGRM=-0.0042)
2026-05-26 12:00:29 | INFO | __main__ | OUTER 10 done in 176.6s: best n_pcs=2500 alpha=1.067e+05 inner_mean_r=0.1988 (100 trials)
2026-05-26 12:00:30 | INFO | __main__ | OUTER 10 test island=Sleneset test_r=0.2193 (best_r=2500 alpha=1.067e+05 cumvar=0.845)
2026-05-26 12:00:30 | INFO | __main__ | OUTER 11/15 test island=Aldra (code=10, n_test=173, n_train=5524)
2026-05-26 12:00:30 | INFO | __main__ | OUTER 11: top-10 related inner islands used for tuning: Onøy og Lurøy(code=7, avgGRM=0.0011), Gjerøy(code=4, avgGRM=0.0011), Nesøy(code=0, avgGRM=-0.0007), Hestmannøy(code=5, avgGRM=-0.0021), Indre Kvarøy(code=6, avgGRM=-0.0025), Selvær(code=3, avgGRM=-0.0035), Myken(code=1, avgGRM=-0.0036), Lovund(code=8, avgGRM=-0.0040), Vega(code=12, avgGRM=-0.0048), Sleneset(code=9, avgGRM=-0.0049)
2026-05-26 12:03:05 | INFO | __main__ | OUTER 11 done in 155.7s: best n_pcs=2500 alpha=9.677e+04 inner_mean_r=0.2092 (100 trials)
2026-05-26 12:03:06 | INFO | __main__ | OUTER 11 test island=Aldra test_r=0.2134 (best_r=2500 alpha=9.677e+04 cumvar=0.845)
2026-05-26 12:03:06 | INFO | __main__ | OUTER 12/15 test island=Leka (code=11, n_test=583, n_train=5114)
2026-05-26 12:03:06 | INFO | __main__ | OUTER 12: top-10 related inner islands used for tuning: Vikna(code=13, avgGRM=0.0117), Lauvøya(code=14, avgGRM=0.0077), Vega(code=12, avgGRM=-0.0031), Lovund(code=8, avgGRM=-0.0081), Selvær(code=3, avgGRM=-0.0082), Træna(code=2, avgGRM=-0.0085), Nesøy(code=0, avgGRM=-0.0085), Sleneset(code=9, avgGRM=-0.0089), Aldra(code=10, avgGRM=-0.0094), Onøy og Lurøy(code=7, avgGRM=-0.0099)
2026-05-26 12:07:23 | INFO | __main__ | OUTER 12 done in 257.4s: best n_pcs=2500 alpha=7.074e+04 inner_mean_r=0.1651 (100 trials)
2026-05-26 12:07:23 | INFO | __main__ | OUTER 12 test island=Leka test_r=0.1701 (best_r=2500 alpha=7.074e+04 cumvar=0.845)
2026-05-26 12:07:23 | INFO | __main__ | OUTER 13/15 test island=Vega (code=12, n_test=397, n_train=5300)
2026-05-26 12:07:23 | INFO | __main__ | OUTER 13: top-10 related inner islands used for tuning: Lauvøya(code=14, avgGRM=0.0007), Vikna(code=13, avgGRM=0.0006), Lovund(code=8, avgGRM=-0.0013), Selvær(code=3, avgGRM=-0.0030), Leka(code=11, avgGRM=-0.0031), Træna(code=2, avgGRM=-0.0032), Nesøy(code=0, avgGRM=-0.0037), Myken(code=1, avgGRM=-0.0042), Sleneset(code=9, avgGRM=-0.0042), Onøy og Lurøy(code=7, avgGRM=-0.0046)
2026-05-26 12:10:20 | INFO | __main__ | OUTER 13 done in 177.0s: best n_pcs=2500 alpha=1.039e+05 inner_mean_r=0.2007 (100 trials)
2026-05-26 12:10:20 | INFO | __main__ | OUTER 13 test island=Vega test_r=0.1001 (best_r=2500 alpha=1.039e+05 cumvar=0.845)
2026-05-26 12:10:20 | INFO | __main__ | OUTER 14/15 test island=Vikna (code=13, n_test=584, n_train=5113)
2026-05-26 12:10:21 | INFO | __main__ | OUTER 14: top-10 related inner islands used for tuning: Leka(code=11, avgGRM=0.0117), Lauvøya(code=14, avgGRM=0.0105), Vega(code=12, avgGRM=0.0006), Lovund(code=8, avgGRM=-0.0065), Sleneset(code=9, avgGRM=-0.0070), Selvær(code=3, avgGRM=-0.0075), Træna(code=2, avgGRM=-0.0077), Onøy og Lurøy(code=7, avgGRM=-0.0081), Nesøy(code=0, avgGRM=-0.0083), Myken(code=1, avgGRM=-0.0085)
2026-05-26 12:12:45 | INFO | __main__ | OUTER 14 done in 144.3s: best n_pcs=2500 alpha=8.909e+04 inner_mean_r=0.1867 (100 trials)
2026-05-26 12:12:45 | INFO | __main__ | OUTER 14 test island=Vikna test_r=0.1232 (best_r=2500 alpha=8.909e+04 cumvar=0.845)
2026-05-26 12:12:45 | INFO | __main__ | OUTER 15/15 test island=Lauvøya (code=14, n_test=688, n_train=5009)
2026-05-26 12:12:45 | INFO | __main__ | OUTER 15: top-10 related inner islands used for tuning: Vikna(code=13, avgGRM=0.0105), Leka(code=11, avgGRM=0.0077), Vega(code=12, avgGRM=0.0007), Lovund(code=8, avgGRM=-0.0075), Træna(code=2, avgGRM=-0.0078), Selvær(code=3, avgGRM=-0.0080), Sleneset(code=9, avgGRM=-0.0086), Nesøy(code=0, avgGRM=-0.0099), Onøy og Lurøy(code=7, avgGRM=-0.0099), Myken(code=1, avgGRM=-0.0102)
2026-05-26 12:14:33 | INFO | __main__ | OUTER 15 done in 108.3s: best n_pcs=2500 alpha=6.491e+04 inner_mean_r=0.1913 (100 trials)
2026-05-26 12:14:34 | INFO | __main__ | OUTER 15 test island=Lauvøya test_r=0.0570 (best_r=2500 alpha=6.491e+04 cumvar=0.845)
2026-05-26 12:14:34 | INFO | __main__ | Saved per-fold results: outputs/final_results/e1_pc_ridge_nested_loio_10/body_mass/e1_pc_ridge_nested_loio_10_per_fold_results.csv
2026-05-26 12:14:34 | INFO | __main__ | Saved summary: outputs/final_results/e1_pc_ridge_nested_loio_10/body_mass/e1_pc_ridge_nested_loio_10_summary.csv
2026-05-26 12:14:34 | INFO | __main__ | Saved best-params JSON: outputs/final_results/e1_pc_ridge_nested_loio_10/body_mass/e1_pc_ridge_nested_loio_10_best_params.json
2026-05-26 12:14:34 | INFO | __main__ | Saved combined per-fold results: outputs/final_results/e1_pc_ridge_nested_loio_10/e1_pc_ridge_nested_loio_10_per_fold_results.csv
2026-05-26 12:14:34 | INFO | __main__ | Saved combined summary: outputs/final_results/e1_pc_ridge_nested_loio_10/e1_pc_ridge_nested_loio_10_summary.csv
