2026-05-25 18:24:26 | INFO | __main__ | ==== Trait 'body_mass' ====
2026-05-25 18:24:26 | INFO | src.data | Loading data from NPZ: Data/npz/snp_body_mass_ALL.npz
2026-05-25 18:24:33 | INFO | __main__ | Trait=body_mass n=5697 p=65344 islands=15 max_r=5000 n_trials=100
2026-05-25 18:26:50 | INFO | __main__ | Trait=body_mass PCA fit on full dataset (n=5697, p=65344, r=5000) in 137.06s (cumulative var=0.987)
2026-05-25 18:26:50 | INFO | __main__ | OUTER 1/15 test island=Nesøy (code=0, n_test=119, n_train=5578)
2026-05-25 18:36:53 | INFO | __main__ | OUTER 1 done in 602.9s: best n_pcs=2500 alpha=9.610e+04 inner_mean_r=0.1848 (100 trials)
2026-05-25 18:36:53 | INFO | __main__ | OUTER 1 test island=Nesøy test_r=0.2359 (best_r=2500 alpha=9.610e+04 cumvar=0.845)
2026-05-25 18:36:53 | INFO | __main__ | OUTER 2/15 test island=Myken (code=1, n_test=92, n_train=5605)
2026-05-25 18:45:33 | INFO | __main__ | OUTER 2 done in 519.3s: best n_pcs=2500 alpha=7.838e+04 inner_mean_r=0.1684 (100 trials)
2026-05-25 18:45:33 | INFO | __main__ | OUTER 2 test island=Myken test_r=0.4407 (best_r=2500 alpha=7.838e+04 cumvar=0.845)
2026-05-25 18:45:33 | INFO | __main__ | OUTER 3/15 test island=Træna (code=2, n_test=292, n_train=5405)
2026-05-25 18:50:12 | INFO | __main__ | OUTER 3 done in 278.7s: best n_pcs=2500 alpha=8.475e+04 inner_mean_r=0.1930 (100 trials)
2026-05-25 18:50:12 | INFO | __main__ | OUTER 3 test island=Træna test_r=0.1667 (best_r=2500 alpha=8.475e+04 cumvar=0.845)
2026-05-25 18:50:12 | INFO | __main__ | OUTER 4/15 test island=Selvær (code=3, n_test=194, n_train=5503)
2026-05-25 18:56:29 | INFO | __main__ | OUTER 4 done in 376.9s: best n_pcs=2500 alpha=8.564e+04 inner_mean_r=0.1862 (100 trials)
2026-05-25 18:56:29 | INFO | __main__ | OUTER 4 test island=Selvær test_r=0.2078 (best_r=2500 alpha=8.564e+04 cumvar=0.845)
2026-05-25 18:56:29 | INFO | __main__ | OUTER 5/15 test island=Gjerøy (code=4, n_test=558, n_train=5139)
2026-05-25 19:01:16 | INFO | __main__ | OUTER 5 done in 286.7s: best n_pcs=2500 alpha=1.611e+05 inner_mean_r=0.1931 (100 trials)
2026-05-25 19:01:16 | INFO | __main__ | OUTER 5 test island=Gjerøy test_r=0.1058 (best_r=2500 alpha=1.611e+05 cumvar=0.845)
2026-05-25 19:01:16 | INFO | __main__ | OUTER 6/15 test island=Hestmannøy (code=5, n_test=1078, n_train=4619)
2026-05-25 19:03:39 | INFO | __main__ | OUTER 6 done in 142.8s: best n_pcs=2500 alpha=9.731e+04 inner_mean_r=0.1697 (100 trials)
2026-05-25 19:03:39 | INFO | __main__ | OUTER 6 test island=Hestmannøy test_r=0.1659 (best_r=2500 alpha=9.731e+04 cumvar=0.845)
2026-05-25 19:03:39 | INFO | __main__ | OUTER 7/15 test island=Indre Kvarøy (code=6, n_test=356, n_train=5341)
2026-05-25 19:07:58 | INFO | __main__ | OUTER 7 done in 258.9s: best n_pcs=2500 alpha=7.756e+04 inner_mean_r=0.1737 (100 trials)
2026-05-25 19:07:58 | INFO | __main__ | OUTER 7 test island=Indre Kvarøy test_r=0.2732 (best_r=2500 alpha=7.756e+04 cumvar=0.845)
2026-05-25 19:07:58 | INFO | __main__ | OUTER 8/15 test island=Onøy og Lurøy (code=7, n_test=259, n_train=5438)
2026-05-25 19:13:08 | INFO | __main__ | OUTER 8 done in 309.2s: best n_pcs=2500 alpha=6.048e+04 inner_mean_r=0.2143 (100 trials)
2026-05-25 19:13:08 | INFO | __main__ | OUTER 8 test island=Onøy og Lurøy test_r=-0.0278 (best_r=2500 alpha=6.048e+04 cumvar=0.845)
2026-05-25 19:13:08 | INFO | __main__ | OUTER 9/15 test island=Lovund (code=8, n_test=158, n_train=5539)
2026-05-25 19:18:03 | INFO | __main__ | OUTER 9 done in 295.3s: best n_pcs=2500 alpha=9.646e+04 inner_mean_r=0.1661 (100 trials)
2026-05-25 19:18:03 | INFO | __main__ | OUTER 9 test island=Lovund test_r=0.3922 (best_r=2500 alpha=9.646e+04 cumvar=0.845)
2026-05-25 19:18:03 | INFO | __main__ | OUTER 10/15 test island=Sleneset (code=9, n_test=166, n_train=5531)
2026-05-25 19:23:10 | INFO | __main__ | OUTER 10 done in 306.3s: best n_pcs=2500 alpha=1.029e+05 inner_mean_r=0.1821 (100 trials)
2026-05-25 19:23:10 | INFO | __main__ | OUTER 10 test island=Sleneset test_r=0.2194 (best_r=2500 alpha=1.029e+05 cumvar=0.845)
2026-05-25 19:23:10 | INFO | __main__ | OUTER 11/15 test island=Aldra (code=10, n_test=173, n_train=5524)
