2026-05-26 11:29:53 | INFO | __main__ | ==== Trait 'thr_tarsus' ====
2026-05-26 11:29:53 | INFO | src.data | Loading data from NPZ: Data/npz/snp_thr_tarsus_ALL.npz
2026-05-26 11:29:59 | INFO | src.data | Loading GRM from RDS: Data/GRM/GRM_vanraden.rds
2026-05-26 11:30:04 | INFO | __main__ | Trait=thr_tarsus n=5650 p=65344 islands=15 max_r=5000 n_trials=100
2026-05-26 11:32:22 | INFO | __main__ | Trait=thr_tarsus PCA fit on full dataset (n=5650, p=65344, r=5000) in 138.32s (cumulative var=0.988)
2026-05-26 11:32:22 | INFO | __main__ | OUTER 1/15 test island=Nesøy (code=0, n_test=117, n_train=5533)
2026-05-26 11:32:22 | INFO | __main__ | OUTER 1: top-10 related inner islands used for tuning: Myken(code=1, avgGRM=0.0066), Hestmannøy(code=5, avgGRM=0.0044), Gjerøy(code=4, avgGRM=0.0039), Selvær(code=3, avgGRM=0.0032), Træna(code=2, avgGRM=0.0030), Onøy og Lurøy(code=7, avgGRM=0.0026), Lovund(code=8, avgGRM=0.0024), Indre Kvarøy(code=6, avgGRM=0.0016), Sleneset(code=9, avgGRM=0.0014), Aldra(code=10, avgGRM=-0.0006)
2026-05-26 11:38:26 | INFO | __main__ | OUTER 1 done in 364.2s: best n_pcs=3500 alpha=1.128e+05 inner_mean_r=0.2827 (100 trials)
2026-05-26 11:38:27 | INFO | __main__ | OUTER 1 test island=Nesøy test_r=0.3024 (best_r=3500 alpha=1.128e+05 cumvar=0.927)
2026-05-26 11:38:27 | INFO | __main__ | OUTER 2/15 test island=Myken (code=1, n_test=92, n_train=5558)
2026-05-26 11:38:27 | INFO | __main__ | OUTER 2: top-10 related inner islands used for tuning: Selvær(code=3, avgGRM=0.0212), Træna(code=2, avgGRM=0.0152), Lovund(code=8, avgGRM=0.0084), Nesøy(code=0, avgGRM=0.0066), Sleneset(code=9, avgGRM=0.0044), Onøy og Lurøy(code=7, avgGRM=0.0024), Hestmannøy(code=5, avgGRM=0.0014), Indre Kvarøy(code=6, avgGRM=0.0009), Gjerøy(code=4, avgGRM=-0.0004), Aldra(code=10, avgGRM=-0.0036)
2026-05-26 11:45:32 | INFO | __main__ | OUTER 2 done in 425.3s: best n_pcs=5000 alpha=1.505e+05 inner_mean_r=0.2718 (100 trials)
2026-05-26 11:45:33 | INFO | __main__ | OUTER 2 test island=Myken test_r=0.3437 (best_r=5000 alpha=1.505e+05 cumvar=0.988)
2026-05-26 11:45:33 | INFO | __main__ | OUTER 3/15 test island=Træna (code=2, n_test=286, n_train=5364)
2026-05-26 11:45:33 | INFO | __main__ | OUTER 3: top-10 related inner islands used for tuning: Selvær(code=3, avgGRM=0.0197), Myken(code=1, avgGRM=0.0152), Lovund(code=8, avgGRM=0.0121), Sleneset(code=9, avgGRM=0.0085), Nesøy(code=0, avgGRM=0.0030), Onøy og Lurøy(code=7, avgGRM=0.0024), Indre Kvarøy(code=6, avgGRM=0.0015), Hestmannøy(code=5, avgGRM=-0.0005), Gjerøy(code=4, avgGRM=-0.0020), Vega(code=12, avgGRM=-0.0032)
2026-05-26 11:49:28 | INFO | __main__ | OUTER 3 done in 235.7s: best n_pcs=2000 alpha=2.265e+05 inner_mean_r=0.2778 (100 trials)
2026-05-26 11:49:29 | INFO | __main__ | OUTER 3 test island=Træna test_r=0.2163 (best_r=2000 alpha=2.265e+05 cumvar=0.788)
2026-05-26 11:49:29 | INFO | __main__ | OUTER 4/15 test island=Selvær (code=3, n_test=194, n_train=5456)
2026-05-26 11:49:29 | INFO | __main__ | OUTER 4: top-10 related inner islands used for tuning: Myken(code=1, avgGRM=0.0212), Træna(code=2, avgGRM=0.0197), Lovund(code=8, avgGRM=0.0088), Sleneset(code=9, avgGRM=0.0056), Nesøy(code=0, avgGRM=0.0032), Onøy og Lurøy(code=7, avgGRM=0.0018), Indre Kvarøy(code=6, avgGRM=0.0005), Hestmannøy(code=5, avgGRM=-0.0000), Gjerøy(code=4, avgGRM=-0.0012), Vega(code=12, avgGRM=-0.0030)
2026-05-26 11:52:38 | INFO | __main__ | OUTER 4 done in 189.0s: best n_pcs=1000 alpha=1.549e+05 inner_mean_r=0.2712 (100 trials)
2026-05-26 11:52:38 | INFO | __main__ | OUTER 4 test island=Selvær test_r=0.2358 (best_r=1000 alpha=1.549e+05 cumvar=0.604)
2026-05-26 11:52:38 | INFO | __main__ | OUTER 5/15 test island=Gjerøy (code=4, n_test=555, n_train=5095)
2026-05-26 11:52:38 | INFO | __main__ | OUTER 5: top-10 related inner islands used for tuning: Hestmannøy(code=5, avgGRM=0.0047), Indre Kvarøy(code=6, avgGRM=0.0043), Nesøy(code=0, avgGRM=0.0039), Aldra(code=10, avgGRM=0.0011), Onøy og Lurøy(code=7, avgGRM=0.0002), Myken(code=1, avgGRM=-0.0004), Selvær(code=3, avgGRM=-0.0012), Træna(code=2, avgGRM=-0.0020), Lovund(code=8, avgGRM=-0.0020), Sleneset(code=9, avgGRM=-0.0025)
2026-05-26 11:54:15 | INFO | __main__ | OUTER 5 done in 97.2s: best n_pcs=1000 alpha=2.496e+05 inner_mean_r=0.2752 (100 trials)
2026-05-26 11:54:15 | INFO | __main__ | OUTER 5 test island=Gjerøy test_r=0.2270 (best_r=1000 alpha=2.496e+05 cumvar=0.604)
2026-05-26 11:54:15 | INFO | __main__ | OUTER 6/15 test island=Hestmannøy (code=5, n_test=1063, n_train=4587)
2026-05-26 11:54:15 | INFO | __main__ | OUTER 6: top-10 related inner islands used for tuning: Gjerøy(code=4, avgGRM=0.0047), Nesøy(code=0, avgGRM=0.0044), Indre Kvarøy(code=6, avgGRM=0.0040), Onøy og Lurøy(code=7, avgGRM=0.0026), Myken(code=1, avgGRM=0.0014), Selvær(code=3, avgGRM=-0.0000), Træna(code=2, avgGRM=-0.0005), Lovund(code=8, avgGRM=-0.0006), Sleneset(code=9, avgGRM=-0.0009), Aldra(code=10, avgGRM=-0.0021)
2026-05-26 12:00:01 | INFO | __main__ | OUTER 6 done in 346.0s: best n_pcs=3000 alpha=1.567e+05 inner_mean_r=0.2706 (100 trials)
2026-05-26 12:00:01 | INFO | __main__ | OUTER 6 test island=Hestmannøy test_r=0.2219 (best_r=3000 alpha=1.567e+05 cumvar=0.892)
2026-05-26 12:00:01 | INFO | __main__ | OUTER 7/15 test island=Indre Kvarøy (code=6, n_test=348, n_train=5302)
2026-05-26 12:00:01 | INFO | __main__ | OUTER 7: top-10 related inner islands used for tuning: Gjerøy(code=4, avgGRM=0.0043), Onøy og Lurøy(code=7, avgGRM=0.0042), Hestmannøy(code=5, avgGRM=0.0040), Sleneset(code=9, avgGRM=0.0037), Lovund(code=8, avgGRM=0.0023), Nesøy(code=0, avgGRM=0.0016), Træna(code=2, avgGRM=0.0015), Myken(code=1, avgGRM=0.0009), Selvær(code=3, avgGRM=0.0005), Aldra(code=10, avgGRM=-0.0025)
2026-05-26 12:04:55 | INFO | __main__ | OUTER 7 done in 294.1s: best n_pcs=3500 alpha=1.381e+05 inner_mean_r=0.2660 (100 trials)
2026-05-26 12:04:56 | INFO | __main__ | OUTER 7 test island=Indre Kvarøy test_r=0.3544 (best_r=3500 alpha=1.381e+05 cumvar=0.927)
2026-05-26 12:04:56 | INFO | __main__ | OUTER 8/15 test island=Onøy og Lurøy (code=7, n_test=257, n_train=5393)
2026-05-26 12:04:56 | INFO | __main__ | OUTER 8: top-10 related inner islands used for tuning: Sleneset(code=9, avgGRM=0.0091), Lovund(code=8, avgGRM=0.0058), Indre Kvarøy(code=6, avgGRM=0.0042), Hestmannøy(code=5, avgGRM=0.0026), Nesøy(code=0, avgGRM=0.0026), Myken(code=1, avgGRM=0.0024), Træna(code=2, avgGRM=0.0024), Selvær(code=3, avgGRM=0.0018), Aldra(code=10, avgGRM=0.0011), Gjerøy(code=4, avgGRM=0.0002)
2026-05-26 12:08:54 | INFO | __main__ | OUTER 8 done in 238.4s: best n_pcs=4000 alpha=8.046e+04 inner_mean_r=0.3035 (100 trials)
2026-05-26 12:08:55 | INFO | __main__ | OUTER 8 test island=Onøy og Lurøy test_r=0.2132 (best_r=4000 alpha=8.046e+04 cumvar=0.953)
2026-05-26 12:08:55 | INFO | __main__ | OUTER 9/15 test island=Lovund (code=8, n_test=152, n_train=5498)
2026-05-26 12:08:55 | INFO | __main__ | OUTER 9: top-10 related inner islands used for tuning: Sleneset(code=9, avgGRM=0.0220), Træna(code=2, avgGRM=0.0121), Selvær(code=3, avgGRM=0.0088), Myken(code=1, avgGRM=0.0084), Onøy og Lurøy(code=7, avgGRM=0.0058), Nesøy(code=0, avgGRM=0.0024), Indre Kvarøy(code=6, avgGRM=0.0023), Hestmannøy(code=5, avgGRM=-0.0006), Vega(code=12, avgGRM=-0.0012), Gjerøy(code=4, avgGRM=-0.0020)
2026-05-26 12:11:34 | INFO | __main__ | OUTER 9 done in 159.6s: best n_pcs=5000 alpha=1.102e+05 inner_mean_r=0.2541 (100 trials)
2026-05-26 12:11:35 | INFO | __main__ | OUTER 9 test island=Lovund test_r=0.4356 (best_r=5000 alpha=1.102e+05 cumvar=0.988)
2026-05-26 12:11:35 | INFO | __main__ | OUTER 10/15 test island=Sleneset (code=9, n_test=163, n_train=5487)
2026-05-26 12:11:35 | INFO | __main__ | OUTER 10: top-10 related inner islands used for tuning: Lovund(code=8, avgGRM=0.0220), Onøy og Lurøy(code=7, avgGRM=0.0091), Træna(code=2, avgGRM=0.0085), Selvær(code=3, avgGRM=0.0056), Myken(code=1, avgGRM=0.0044), Indre Kvarøy(code=6, avgGRM=0.0037), Nesøy(code=0, avgGRM=0.0014), Hestmannøy(code=5, avgGRM=-0.0009), Gjerøy(code=4, avgGRM=-0.0025), Vega(code=12, avgGRM=-0.0042)
2026-05-26 12:13:11 | INFO | __main__ | OUTER 10 done in 96.2s: best n_pcs=1000 alpha=1.146e+05 inner_mean_r=0.2813 (100 trials)
2026-05-26 12:13:11 | INFO | __main__ | OUTER 10 test island=Sleneset test_r=0.2496 (best_r=1000 alpha=1.146e+05 cumvar=0.604)
2026-05-26 12:13:11 | INFO | __main__ | OUTER 11/15 test island=Aldra (code=10, n_test=173, n_train=5477)
2026-05-26 12:13:11 | INFO | __main__ | OUTER 11: top-10 related inner islands used for tuning: Gjerøy(code=4, avgGRM=0.0011), Onøy og Lurøy(code=7, avgGRM=0.0011), Nesøy(code=0, avgGRM=-0.0006), Hestmannøy(code=5, avgGRM=-0.0021), Indre Kvarøy(code=6, avgGRM=-0.0025), Selvær(code=3, avgGRM=-0.0035), Myken(code=1, avgGRM=-0.0036), Lovund(code=8, avgGRM=-0.0039), Vega(code=12, avgGRM=-0.0048), Sleneset(code=9, avgGRM=-0.0049)
2026-05-26 12:16:25 | INFO | __main__ | OUTER 11 done in 194.1s: best n_pcs=3000 alpha=2.054e+05 inner_mean_r=0.2828 (100 trials)
2026-05-26 12:16:26 | INFO | __main__ | OUTER 11 test island=Aldra test_r=0.2065 (best_r=3000 alpha=2.054e+05 cumvar=0.892)
2026-05-26 12:16:26 | INFO | __main__ | OUTER 12/15 test island=Leka (code=11, n_test=583, n_train=5067)
2026-05-26 12:16:26 | INFO | __main__ | OUTER 12: top-10 related inner islands used for tuning: Vikna(code=13, avgGRM=0.0117), Lauvøya(code=14, avgGRM=0.0077), Vega(code=12, avgGRM=-0.0031), Lovund(code=8, avgGRM=-0.0080), Selvær(code=3, avgGRM=-0.0082), Træna(code=2, avgGRM=-0.0085), Nesøy(code=0, avgGRM=-0.0085), Sleneset(code=9, avgGRM=-0.0089), Aldra(code=10, avgGRM=-0.0094), Onøy og Lurøy(code=7, avgGRM=-0.0099)
2026-05-26 12:21:40 | INFO | __main__ | OUTER 12 done in 314.7s: best n_pcs=4000 alpha=1.560e+05 inner_mean_r=0.2271 (100 trials)
2026-05-26 12:21:41 | INFO | __main__ | OUTER 12 test island=Leka test_r=0.2403 (best_r=4000 alpha=1.560e+05 cumvar=0.953)
2026-05-26 12:21:41 | INFO | __main__ | OUTER 13/15 test island=Vega (code=12, n_test=396, n_train=5254)
2026-05-26 12:21:41 | INFO | __main__ | OUTER 13: top-10 related inner islands used for tuning: Lauvøya(code=14, avgGRM=0.0007), Vikna(code=13, avgGRM=0.0006), Lovund(code=8, avgGRM=-0.0012), Selvær(code=3, avgGRM=-0.0030), Leka(code=11, avgGRM=-0.0031), Træna(code=2, avgGRM=-0.0032), Nesøy(code=0, avgGRM=-0.0037), Myken(code=1, avgGRM=-0.0041), Sleneset(code=9, avgGRM=-0.0042), Onøy og Lurøy(code=7, avgGRM=-0.0046)
2026-05-26 12:25:10 | INFO | __main__ | OUTER 13 done in 209.4s: best n_pcs=5000 alpha=3.331e+05 inner_mean_r=0.2580 (100 trials)
2026-05-26 12:25:11 | INFO | __main__ | OUTER 13 test island=Vega test_r=0.1245 (best_r=5000 alpha=3.331e+05 cumvar=0.988)
2026-05-26 12:25:11 | INFO | __main__ | OUTER 14/15 test island=Vikna (code=13, n_test=583, n_train=5067)
2026-05-26 12:25:11 | INFO | __main__ | OUTER 14: top-10 related inner islands used for tuning: Leka(code=11, avgGRM=0.0117), Lauvøya(code=14, avgGRM=0.0105), Vega(code=12, avgGRM=0.0006), Lovund(code=8, avgGRM=-0.0064), Sleneset(code=9, avgGRM=-0.0070), Selvær(code=3, avgGRM=-0.0075), Træna(code=2, avgGRM=-0.0077), Onøy og Lurøy(code=7, avgGRM=-0.0081), Nesøy(code=0, avgGRM=-0.0082), Myken(code=1, avgGRM=-0.0085)
2026-05-26 12:28:46 | INFO | __main__ | OUTER 14 done in 215.1s: best n_pcs=3500 alpha=1.963e+05 inner_mean_r=0.2617 (100 trials)
2026-05-26 12:28:46 | INFO | __main__ | OUTER 14 test island=Vikna test_r=0.1145 (best_r=3500 alpha=1.963e+05 cumvar=0.927)
2026-05-26 12:28:46 | INFO | __main__ | OUTER 15/15 test island=Lauvøya (code=14, n_test=688, n_train=4962)
2026-05-26 12:28:46 | INFO | __main__ | OUTER 15: top-10 related inner islands used for tuning: Vikna(code=13, avgGRM=0.0105), Leka(code=11, avgGRM=0.0077), Vega(code=12, avgGRM=0.0007), Lovund(code=8, avgGRM=-0.0074), Træna(code=2, avgGRM=-0.0077), Selvær(code=3, avgGRM=-0.0080), Sleneset(code=9, avgGRM=-0.0086), Nesøy(code=0, avgGRM=-0.0099), Onøy og Lurøy(code=7, avgGRM=-0.0099), Myken(code=1, avgGRM=-0.0102)
2026-05-26 12:29:58 | INFO | __main__ | OUTER 15 done in 71.8s: best n_pcs=1000 alpha=2.390e+05 inner_mean_r=0.2422 (100 trials)
2026-05-26 12:29:58 | INFO | __main__ | OUTER 15 test island=Lauvøya test_r=0.1525 (best_r=1000 alpha=2.390e+05 cumvar=0.604)
2026-05-26 12:29:58 | INFO | __main__ | Saved per-fold results: outputs/final_results/e1_pc_ridge_nested_loio_10/thr_tarsus/e1_pc_ridge_nested_loio_10_per_fold_results.csv
2026-05-26 12:29:58 | INFO | __main__ | Saved summary: outputs/final_results/e1_pc_ridge_nested_loio_10/thr_tarsus/e1_pc_ridge_nested_loio_10_summary.csv
2026-05-26 12:29:58 | INFO | __main__ | Saved best-params JSON: outputs/final_results/e1_pc_ridge_nested_loio_10/thr_tarsus/e1_pc_ridge_nested_loio_10_best_params.json
2026-05-26 12:29:58 | INFO | __main__ | Saved combined per-fold results: outputs/final_results/e1_pc_ridge_nested_loio_10/e1_pc_ridge_nested_loio_10_per_fold_results.csv
2026-05-26 12:29:58 | INFO | __main__ | Saved combined summary: outputs/final_results/e1_pc_ridge_nested_loio_10/e1_pc_ridge_nested_loio_10_summary.csv
