2026-03-06 11:14:39 | INFO | __main__ | Loading data for trait 'body_mass' from Data/npz/snp_body_mass_ALL.npz
2026-03-06 11:14:39 | INFO | src.data | Loading data from NPZ: Data/npz/snp_body_mass_ALL.npz
2026-03-06 11:14:47 | INFO | __main__ | Trait 'body_mass' loaded: 5697 samples, 65344 SNPs, 16 islands
2026-03-06 11:14:47 | INFO | __main__ | Fixed SNP subset for trait 'body_mass': n=20000
2026-03-06 11:14:47 | INFO | __main__ | Target 3 (Selvær): 15 source islands ['0(Nesøy)', '1(Myken)', '2(Træna)', '4(Gjerøy)', '5(Hestmannøy)', '6(Indre Kvarøy)', '7(Onøy og Lurøy)', '8(Lovund)', '9(Sleneset)', '10(Aldra)', '11(Southern 1)', '12(Southern 2)', '13(Southern 3)', '14(Southern 4)', '15(Southern 5)'], n_train_islands sweep: [10], n_cal_samples: [40], repeats: 5
2026-03-06 11:14:47 | INFO | __main__ |   Source island 0 (Nesøy): 119 individuals
2026-03-06 11:14:47 | INFO | __main__ |   Source island 1 (Myken): 92 individuals
2026-03-06 11:14:47 | INFO | __main__ |   Source island 2 (Træna): 292 individuals
2026-03-06 11:14:47 | INFO | __main__ |   Source island 4 (Gjerøy): 558 individuals
2026-03-06 11:14:47 | INFO | __main__ |   Source island 5 (Hestmannøy): 1078 individuals
2026-03-06 11:14:47 | INFO | __main__ |   Source island 6 (Indre Kvarøy): 356 individuals
2026-03-06 11:14:47 | INFO | __main__ |   Source island 7 (Onøy og Lurøy): 259 individuals
2026-03-06 11:14:47 | INFO | __main__ |   Source island 8 (Lovund): 158 individuals
2026-03-06 11:14:47 | INFO | __main__ |   Source island 9 (Sleneset): 166 individuals
2026-03-06 11:14:47 | INFO | __main__ |   Source island 10 (Aldra): 173 individuals
2026-03-06 11:14:47 | INFO | __main__ |   Source island 11 (Southern 1): 583 individuals
2026-03-06 11:14:47 | INFO | __main__ |   Source island 12 (Southern 2): 397 individuals
2026-03-06 11:14:47 | INFO | __main__ |   Source island 13 (Southern 3): 584 individuals
2026-03-06 11:14:47 | INFO | __main__ |   Source island 14 (Southern 4): 486 individuals
2026-03-06 11:14:47 | INFO | __main__ |   Source island 15 (Southern 5): 202 individuals
2026-03-06 11:14:47 | INFO | __main__ |   Target island 3 (Selvær): 194 individuals
2026-03-06 11:14:48 | INFO | __main__ | Repeat 1/5 (seed=1086042579): n_source=5503, n_cal=40, n_test=154
2026-03-06 11:14:52 | INFO | __main__ |   n_train_islands=10/15 ...
2026-03-06 11:16:02 | INFO | src.training_set_optimization.ga_subset | GA gen   0/200 | best=-0.000140  gen_best=-0.000140  mean=-0.000092  cache=54
2026-03-06 11:18:40 | INFO | src.training_set_optimization.ga_subset | GA gen  10/200 | best=-0.000166  gen_best=-0.000166  mean=-0.000154  cache=161
2026-03-06 11:19:02 | INFO | src.training_set_optimization.ga_subset | GA gen  20/200 | best=-0.000166  gen_best=-0.000166  mean=-0.000161  cache=180
2026-03-06 11:19:08 | INFO | src.training_set_optimization.ga_subset | GA gen  30/200 | best=-0.000166  gen_best=-0.000166  mean=-0.000154  cache=185
2026-03-06 11:19:14 | INFO | src.training_set_optimization.ga_subset | GA gen  40/200 | best=-0.000166  gen_best=-0.000166  mean=-0.000161  cache=190
2026-03-06 11:19:15 | INFO | src.training_set_optimization.ga_subset | GA gen  50/200 | best=-0.000166  gen_best=-0.000166  mean=-0.000162  cache=191
2026-03-06 11:19:15 | INFO | src.training_set_optimization.ga_subset | GA early stop: no improvement for 50 generations (gen 52)
2026-03-06 11:19:15 | INFO | src.training_set_optimization.ga_subset | GA finished: best PEVmean=-0.000166  evals=191  time=263.2s
2026-03-06 11:19:17 | INFO | __main__ |   GA done (264.8s): islands=[0, 1, 2, 6, 7, 8, 9, 10, 12, 15] (['Nesøy', 'Myken', 'Træna', 'Indre Kvarøy', 'Onøy og Lurøy', 'Lovund', 'Sleneset', 'Aldra', 'Southern 2', 'Southern 5']), n_ind=2214, corr_cal=0.3680, corr_test=0.2451, fitness=0.000166
2026-03-06 11:19:50 | INFO | __main__ |   Baselines: random-islands (5) mean corr_test=0.1592 | random-individual-matched (5) mean corr_test=0.1671 | all-islands corr_test=0.2169
2026-03-06 11:19:51 | INFO | __main__ | Repeat 2/5 (seed=1110934354): n_source=5503, n_cal=40, n_test=154
2026-03-06 11:19:56 | INFO | __main__ |   n_train_islands=10/15 ...
2026-03-06 11:21:29 | INFO | src.training_set_optimization.ga_subset | GA gen   0/200 | best=-0.000142  gen_best=-0.000142  mean=-0.000086  cache=55
2026-03-06 11:24:32 | INFO | src.training_set_optimization.ga_subset | GA gen  10/200 | best=-0.000164  gen_best=-0.000164  mean=-0.000153  cache=155
2026-03-06 11:24:59 | INFO | src.training_set_optimization.ga_subset | GA gen  20/200 | best=-0.000164  gen_best=-0.000164  mean=-0.000155  cache=181
2026-03-06 11:25:05 | INFO | src.training_set_optimization.ga_subset | GA gen  30/200 | best=-0.000164  gen_best=-0.000164  mean=-0.000143  cache=187
2026-03-06 11:25:12 | INFO | src.training_set_optimization.ga_subset | GA gen  40/200 | best=-0.000164  gen_best=-0.000164  mean=-0.000156  cache=192
2026-03-06 11:25:12 | INFO | src.training_set_optimization.ga_subset | GA gen  50/200 | best=-0.000164  gen_best=-0.000164  mean=-0.000152  cache=192
2026-03-06 11:25:12 | INFO | src.training_set_optimization.ga_subset | GA early stop: no improvement for 50 generations (gen 53)
2026-03-06 11:25:12 | INFO | src.training_set_optimization.ga_subset | GA finished: best PEVmean=-0.000164  evals=192  time=315.6s
2026-03-06 11:25:14 | INFO | __main__ |   GA done (317.2s): islands=[0, 1, 2, 6, 8, 9, 10, 12, 13, 15] (['Nesøy', 'Myken', 'Træna', 'Indre Kvarøy', 'Lovund', 'Sleneset', 'Aldra', 'Southern 2', 'Southern 3', 'Southern 5']), n_ind=2539, corr_cal=0.4175, corr_test=0.2397, fitness=0.000164
2026-03-06 11:25:36 | INFO | __main__ |   Baselines: random-islands (5) mean corr_test=0.1570 | random-individual-matched (5) mean corr_test=0.1459 | all-islands corr_test=0.2060
2026-03-06 11:25:37 | INFO | __main__ | Repeat 3/5 (seed=1185514909): n_source=5503, n_cal=40, n_test=154
2026-03-06 11:25:41 | INFO | __main__ |   n_train_islands=10/15 ...
2026-03-06 11:27:25 | INFO | src.training_set_optimization.ga_subset | GA gen   0/200 | best=-0.000110  gen_best=-0.000110  mean=-0.000077  cache=53
2026-03-06 11:30:15 | INFO | src.training_set_optimization.ga_subset | GA gen  10/200 | best=-0.000115  gen_best=-0.000115  mean=-0.000109  cache=170
2026-03-06 11:31:25 | INFO | src.training_set_optimization.ga_subset | GA gen  20/200 | best=-0.000115  gen_best=-0.000115  mean=-0.000109  cache=209
2026-03-06 11:31:36 | INFO | src.training_set_optimization.ga_subset | GA gen  30/200 | best=-0.000115  gen_best=-0.000115  mean=-0.000106  cache=216
2026-03-06 11:31:46 | INFO | src.training_set_optimization.ga_subset | GA gen  40/200 | best=-0.000115  gen_best=-0.000115  mean=-0.000112  cache=224
2026-03-06 11:31:46 | INFO | src.training_set_optimization.ga_subset | GA gen  50/200 | best=-0.000115  gen_best=-0.000115  mean=-0.000110  cache=224
2026-03-06 11:31:50 | INFO | src.training_set_optimization.ga_subset | GA early stop: no improvement for 50 generations (gen 57)
2026-03-06 11:31:50 | INFO | src.training_set_optimization.ga_subset | GA finished: best PEVmean=-0.000115  evals=225  time=369.3s
2026-03-06 11:31:53 | INFO | __main__ |   GA done (371.6s): islands=[0, 1, 2, 5, 6, 8, 9, 10, 11, 15] (['Nesøy', 'Myken', 'Træna', 'Hestmannøy', 'Indre Kvarøy', 'Lovund', 'Sleneset', 'Aldra', 'Southern 1', 'Southern 5']), n_ind=3219, corr_cal=0.3694, corr_test=0.2503, fitness=0.000115
2026-03-06 11:32:27 | INFO | __main__ |   Baselines: random-islands (5) mean corr_test=0.1617 | random-individual-matched (5) mean corr_test=0.1758 | all-islands corr_test=0.2122
2026-03-06 11:32:27 | INFO | __main__ | Repeat 4/5 (seed=2062810431): n_source=5503, n_cal=40, n_test=154
2026-03-06 11:32:32 | INFO | __main__ |   n_train_islands=10/15 ...
2026-03-06 11:34:12 | INFO | src.training_set_optimization.ga_subset | GA gen   0/200 | best=-0.000096  gen_best=-0.000096  mean=-0.000050  cache=54
2026-03-06 11:36:52 | INFO | src.training_set_optimization.ga_subset | GA gen  10/200 | best=-0.000135  gen_best=-0.000135  mean=-0.000108  cache=163
2026-03-06 11:37:28 | INFO | src.training_set_optimization.ga_subset | GA gen  20/200 | best=-0.000135  gen_best=-0.000135  mean=-0.000126  cache=183
2026-03-06 11:37:43 | INFO | src.training_set_optimization.ga_subset | GA gen  30/200 | best=-0.000135  gen_best=-0.000135  mean=-0.000123  cache=193
2026-03-06 11:37:48 | INFO | src.training_set_optimization.ga_subset | GA gen  40/200 | best=-0.000135  gen_best=-0.000135  mean=-0.000124  cache=197
2026-03-06 11:37:49 | INFO | src.training_set_optimization.ga_subset | GA gen  50/200 | best=-0.000135  gen_best=-0.000135  mean=-0.000126  cache=198
2026-03-06 11:37:49 | INFO | src.training_set_optimization.ga_subset | GA early stop: no improvement for 50 generations (gen 55)
2026-03-06 11:37:49 | INFO | src.training_set_optimization.ga_subset | GA finished: best PEVmean=-0.000135  evals=198  time=317.0s
2026-03-06 11:37:51 | INFO | __main__ |   GA done (319.1s): islands=[0, 6, 7, 8, 9, 10, 11, 13, 14, 15] (['Nesøy', 'Indre Kvarøy', 'Onøy og Lurøy', 'Lovund', 'Sleneset', 'Aldra', 'Southern 1', 'Southern 3', 'Southern 4', 'Southern 5']), n_ind=3086, corr_cal=0.4181, corr_test=0.2239, fitness=0.000135
2026-03-06 11:38:17 | INFO | __main__ |   Baselines: random-islands (5) mean corr_test=0.2189 | random-individual-matched (5) mean corr_test=0.1881 | all-islands corr_test=0.2260
2026-03-06 11:38:18 | INFO | __main__ | Repeat 5/5 (seed=1729463580): n_source=5503, n_cal=40, n_test=154
2026-03-06 11:38:22 | INFO | __main__ |   n_train_islands=10/15 ...
2026-03-06 11:39:34 | INFO | src.training_set_optimization.ga_subset | GA gen   0/200 | best=-0.000102  gen_best=-0.000102  mean=-0.000057  cache=53
2026-03-06 11:42:00 | INFO | src.training_set_optimization.ga_subset | GA gen  10/200 | best=-0.000119  gen_best=-0.000119  mean=-0.000106  cache=144
2026-03-06 11:42:27 | INFO | src.training_set_optimization.ga_subset | GA gen  20/200 | best=-0.000119  gen_best=-0.000119  mean=-0.000108  cache=168
2026-03-06 11:42:32 | INFO | src.training_set_optimization.ga_subset | GA gen  30/200 | best=-0.000119  gen_best=-0.000119  mean=-0.000111  cache=172
2026-03-06 11:42:35 | INFO | src.training_set_optimization.ga_subset | GA gen  40/200 | best=-0.000119  gen_best=-0.000119  mean=-0.000113  cache=176
2026-03-06 11:42:44 | INFO | src.training_set_optimization.ga_subset | GA gen  50/200 | best=-0.000119  gen_best=-0.000119  mean=-0.000110  cache=181
2026-03-06 11:42:47 | INFO | src.training_set_optimization.ga_subset | GA early stop: no improvement for 50 generations (gen 53)
2026-03-06 11:42:47 | INFO | src.training_set_optimization.ga_subset | GA finished: best PEVmean=-0.000119  evals=182  time=265.0s
2026-03-06 11:42:49 | INFO | __main__ |   GA done (266.9s): islands=[0, 1, 2, 6, 8, 9, 10, 11, 14, 15] (['Nesøy', 'Myken', 'Træna', 'Indre Kvarøy', 'Lovund', 'Sleneset', 'Aldra', 'Southern 1', 'Southern 4', 'Southern 5']), n_ind=2627, corr_cal=0.3130, corr_test=0.2748, fitness=0.000119
2026-03-06 11:43:12 | INFO | __main__ |   Baselines: random-islands (5) mean corr_test=0.1785 | random-individual-matched (5) mean corr_test=0.1599 | all-islands corr_test=0.2313
2026-03-06 11:43:12 | INFO | __main__ | Trait 'body_mass' complete. Results: outputs/island_ga/island_ga_results.csv
2026-03-06 11:43:12 | INFO | __main__ | All traits done.
