Running from this directory: /cluster/work/simennes/Master_thesis
Name of job: ncv_ridge_iw
ID of job: 24335606
Array task ID: 12
The job was run on these nodes: idun-03-21
[I 2026-04-23 15:39:10,878] Trial 0 finished with value: 0.15690558385474596 and parameters: {'alpha': 113703.38004442609, 'use_snp_selection': True, 'num_snps': 5442, 'iw_method': 'pc_logistic', 'iw_clip_max': 10.0, 'iw_n_components': 5, 'iw_logistic_c': 4.927310296129143, 'iw_pca_fit': 'source', 'iw_solver': 'lbfgs'}. Best is trial 0 with value: 0.15690558385474596.
[I 2026-04-23 15:45:22,589] Trial 1 finished with value: 0.16413637996691832 and parameters: {'alpha': 31403.568254918682, 'use_snp_selection': True, 'num_snps': 52878, 'iw_method': 'pc_logistic', 'iw_clip_max': 25.0, 'iw_n_components': 50, 'iw_logistic_c': 0.0215474878351802, 'iw_pca_fit': 'combined', 'iw_solver': 'lbfgs'}. Best is trial 1 with value: 0.16413637996691832.
[I 2026-04-23 15:46:06,874] Trial 2 finished with value: 0.17402296421697366 and parameters: {'alpha': 843188.1730429748, 'use_snp_selection': False, 'iw_method': 'uniform', 'iw_clip_max': 10.0}. Best is trial 2 with value: 0.17402296421697366.
[I 2026-04-23 15:49:19,783] Trial 3 finished with value: 0.12515561773417352 and parameters: {'alpha': 1608.6968668824506, 'use_snp_selection': True, 'num_snps': 20835, 'iw_method': 'pc_logistic', 'iw_clip_max': None, 'iw_n_components': 10, 'iw_logistic_c': 1.0216001618506627, 'iw_pca_fit': 'source', 'iw_solver': 'lbfgs'}. Best is trial 2 with value: 0.17402296421697366.
[I 2026-04-23 15:50:03,019] Trial 4 finished with value: 0.17879114797516335 and parameters: {'alpha': 304631.0485153137, 'use_snp_selection': False, 'iw_method': 'uniform', 'iw_clip_max': 25.0}. Best is trial 4 with value: 0.17879114797516335.
[I 2026-04-23 15:54:06,523] Trial 5 finished with value: 0.14786445892066824 and parameters: {'alpha': 1969.1835550007406, 'use_snp_selection': False, 'iw_method': 'pc_logistic', 'iw_clip_max': None, 'iw_n_components': 10, 'iw_logistic_c': 72.13019609570544, 'iw_pca_fit': 'source', 'iw_solver': 'lbfgs'}. Best is trial 4 with value: 0.17879114797516335.
[I 2026-04-23 15:57:56,436] Trial 6 finished with value: 0.1689372120500592 and parameters: {'alpha': 102451.8239242939, 'use_snp_selection': True, 'num_snps': 28882, 'iw_method': 'pc_logistic', 'iw_clip_max': None, 'iw_n_components': 5, 'iw_logistic_c': 74.89693291900525, 'iw_pca_fit': 'source', 'iw_solver': 'lbfgs'}. Best is trial 4 with value: 0.17879114797516335.
[I 2026-04-23 15:58:40,152] Trial 7 finished with value: 0.13102965197165334 and parameters: {'alpha': 2141.2178673431476, 'use_snp_selection': False, 'iw_method': 'uniform', 'iw_clip_max': 25.0}. Best is trial 4 with value: 0.17879114797516335.
[I 2026-04-23 16:00:39,337] Trial 8 finished with value: 0.16215988916987858 and parameters: {'alpha': 5044402.471344981, 'use_snp_selection': True, 'num_snps': 45718, 'iw_method': 'uniform', 'iw_clip_max': 5.0}. Best is trial 4 with value: 0.17879114797516335.
[I 2026-04-23 16:04:56,398] Trial 9 finished with value: 0.16653482972179917 and parameters: {'alpha': 6685.17962248224, 'use_snp_selection': False, 'iw_method': 'pc_logistic', 'iw_clip_max': 25.0, 'iw_n_components': 10, 'iw_logistic_c': 60.72281367077526, 'iw_pca_fit': 'combined', 'iw_solver': 'lbfgs'}. Best is trial 4 with value: 0.17879114797516335.
[I 2026-04-23 16:05:41,833] Trial 10 finished with value: 0.17389250857012045 and parameters: {'alpha': 860571.7420672657, 'use_snp_selection': False, 'iw_method': 'uniform', 'iw_clip_max': 5.0}. Best is trial 4 with value: 0.17879114797516335.
[I 2026-04-23 16:06:27,780] Trial 11 finished with value: 0.17444408904146305 and parameters: {'alpha': 788941.4897203294, 'use_snp_selection': False, 'iw_method': 'uniform', 'iw_clip_max': 10.0}. Best is trial 4 with value: 0.17879114797516335.
[I 2026-04-23 16:07:12,924] Trial 12 finished with value: 0.17551114592101402 and parameters: {'alpha': 662429.7344273377, 'use_snp_selection': False, 'iw_method': 'uniform', 'iw_clip_max': 10.0}. Best is trial 4 with value: 0.17879114797516335.
[I 2026-04-23 16:08:00,076] Trial 13 finished with value: 0.16331888720506493 and parameters: {'alpha': 6288680.884093956, 'use_snp_selection': False, 'iw_method': 'uniform', 'iw_clip_max': 25.0}. Best is trial 4 with value: 0.17879114797516335.
[I 2026-04-23 16:08:46,602] Trial 14 finished with value: 0.17890332158574296 and parameters: {'alpha': 285374.8412309771, 'use_snp_selection': False, 'iw_method': 'uniform', 'iw_clip_max': 10.0}. Best is trial 14 with value: 0.17890332158574296.
[I 2026-04-23 16:09:33,585] Trial 15 finished with value: 0.16548016058922496 and parameters: {'alpha': 36021.612679774575, 'use_snp_selection': False, 'iw_method': 'uniform', 'iw_clip_max': 25.0}. Best is trial 14 with value: 0.17890332158574296.
[I 2026-04-23 16:10:19,857] Trial 16 finished with value: 0.1787254158334285 and parameters: {'alpha': 314464.6358887838, 'use_snp_selection': False, 'iw_method': 'uniform', 'iw_clip_max': 10.0}. Best is trial 14 with value: 0.17890332158574296.
[I 2026-04-23 16:11:05,848] Trial 17 finished with value: 0.1676836053935536 and parameters: {'alpha': 2320042.028519574, 'use_snp_selection': False, 'iw_method': 'uniform', 'iw_clip_max': 5.0}. Best is trial 14 with value: 0.17890332158574296.
[I 2026-04-23 16:11:51,961] Trial 18 finished with value: 0.1616383491107376 and parameters: {'alpha': 27007.985396542343, 'use_snp_selection': False, 'iw_method': 'uniform', 'iw_clip_max': 25.0}. Best is trial 14 with value: 0.17890332158574296.
[I 2026-04-23 16:12:38,806] Trial 19 finished with value: 0.17893250438916766 and parameters: {'alpha': 279485.34672008036, 'use_snp_selection': False, 'iw_method': 'uniform', 'iw_clip_max': 10.0}. Best is trial 19 with value: 0.17893250438916766.
[I 2026-04-23 16:13:25,219] Trial 20 finished with value: 0.17902126499991325 and parameters: {'alpha': 218440.3724252272, 'use_snp_selection': False, 'iw_method': 'uniform', 'iw_clip_max': 10.0}. Best is trial 20 with value: 0.17902126499991325.
[I 2026-04-23 16:14:11,621] Trial 21 finished with value: 0.17896213914786469 and parameters: {'alpha': 204547.99154223, 'use_snp_selection': False, 'iw_method': 'uniform', 'iw_clip_max': 10.0}. Best is trial 20 with value: 0.17902126499991325.
[I 2026-04-23 16:14:58,160] Trial 22 finished with value: 0.17208628934726086 and parameters: {'alpha': 63613.22184273683, 'use_snp_selection': False, 'iw_method': 'uniform', 'iw_clip_max': 10.0}. Best is trial 20 with value: 0.17902126499991325.
[I 2026-04-23 16:15:44,250] Trial 23 finished with value: 0.15123728203063208 and parameters: {'alpha': 12929.142807618424, 'use_snp_selection': False, 'iw_method': 'uniform', 'iw_clip_max': 10.0}. Best is trial 20 with value: 0.17902126499991325.
[I 2026-04-23 16:16:30,955] Trial 24 finished with value: 0.1786006397680015 and parameters: {'alpha': 169918.64865646733, 'use_snp_selection': False, 'iw_method': 'uniform', 'iw_clip_max': 10.0}. Best is trial 20 with value: 0.17902126499991325.
[I 2026-04-23 16:17:17,574] Trial 25 finished with value: 0.1788705082579901 and parameters: {'alpha': 191920.9740697538, 'use_snp_selection': False, 'iw_method': 'uniform', 'iw_clip_max': 10.0}. Best is trial 20 with value: 0.17902126499991325.
[I 2026-04-23 16:18:04,167] Trial 26 finished with value: 0.170815295300234 and parameters: {'alpha': 1381803.8815420964, 'use_snp_selection': False, 'iw_method': 'uniform', 'iw_clip_max': 10.0}. Best is trial 20 with value: 0.17902126499991325.
[I 2026-04-23 16:20:37,100] Trial 27 finished with value: 0.16728714462929598 and parameters: {'alpha': 2271656.6274574646, 'use_snp_selection': True, 'num_snps': 59564, 'iw_method': 'uniform', 'iw_clip_max': 10.0}. Best is trial 20 with value: 0.17902126499991325.
[I 2026-04-23 16:21:23,533] Trial 28 finished with value: 0.17146887826787696 and parameters: {'alpha': 59911.90393352007, 'use_snp_selection': False, 'iw_method': 'uniform', 'iw_clip_max': 10.0}. Best is trial 20 with value: 0.17902126499991325.
[I 2026-04-23 16:23:49,652] Trial 29 finished with value: 0.1609980456834267 and parameters: {'alpha': 499655.2865231082, 'use_snp_selection': True, 'num_snps': 6691, 'iw_method': 'pc_logistic', 'iw_clip_max': 10.0, 'iw_n_components': 20, 'iw_logistic_c': 0.012508090354298252, 'iw_pca_fit': 'combined', 'iw_solver': 'lbfgs'}. Best is trial 20 with value: 0.17902126499991325.
[I 2026-04-23 16:24:32,963] Trial 30 finished with value: 0.17792719192379267 and parameters: {'alpha': 140410.64452770792, 'use_snp_selection': False, 'iw_method': 'uniform', 'iw_clip_max': 10.0}. Best is trial 20 with value: 0.17902126499991325.
[I 2026-04-23 16:25:17,887] Trial 31 finished with value: 0.17878860654968928 and parameters: {'alpha': 305025.4170422748, 'use_snp_selection': False, 'iw_method': 'uniform', 'iw_clip_max': 10.0}. Best is trial 20 with value: 0.17902126499991325.
[I 2026-04-23 16:26:03,204] Trial 32 finished with value: 0.1718974946567511 and parameters: {'alpha': 62443.9864301299, 'use_snp_selection': False, 'iw_method': 'uniform', 'iw_clip_max': 10.0}. Best is trial 20 with value: 0.17902126499991325.
[I 2026-04-23 16:26:47,649] Trial 33 finished with value: 0.17812048809477746 and parameters: {'alpha': 387796.67409593356, 'use_snp_selection': False, 'iw_method': 'uniform', 'iw_clip_max': 10.0}. Best is trial 20 with value: 0.17902126499991325.
[I 2026-04-23 16:31:52,338] Trial 34 finished with value: 0.13844724278698042 and parameters: {'alpha': 187328.00440037414, 'use_snp_selection': True, 'num_snps': 39816, 'iw_method': 'pc_logistic', 'iw_clip_max': None, 'iw_n_components': 50, 'iw_logistic_c': 0.11088291658462143, 'iw_pca_fit': 'combined', 'iw_solver': 'lbfgs'}. Best is trial 20 with value: 0.17902126499991325.
[I 2026-04-23 16:32:36,859] Trial 35 finished with value: 0.17090765822992784 and parameters: {'alpha': 1362089.3466356408, 'use_snp_selection': False, 'iw_method': 'uniform', 'iw_clip_max': 10.0}. Best is trial 20 with value: 0.17902126499991325.
[I 2026-04-23 16:33:20,799] Trial 36 finished with value: 0.17584117459759338 and parameters: {'alpha': 97897.1374633608, 'use_snp_selection': False, 'iw_method': 'uniform', 'iw_clip_max': 5.0}. Best is trial 20 with value: 0.17902126499991325.
[I 2026-04-23 16:37:25,976] Trial 37 finished with value: 0.1537244706800106 and parameters: {'alpha': 21414.962393845854, 'use_snp_selection': False, 'iw_method': 'pc_logistic', 'iw_clip_max': 10.0, 'iw_n_components': 20, 'iw_logistic_c': 5.843783263081874, 'iw_pca_fit': 'source', 'iw_solver': 'lbfgs'}. Best is trial 20 with value: 0.17902126499991325.
[I 2026-04-23 16:38:56,674] Trial 38 finished with value: 0.1660301739143563 and parameters: {'alpha': 240234.86909505498, 'use_snp_selection': True, 'num_snps': 21056, 'iw_method': 'uniform', 'iw_clip_max': None}. Best is trial 20 with value: 0.17902126499991325.
[I 2026-04-23 16:39:41,558] Trial 39 finished with value: 0.17600425963158686 and parameters: {'alpha': 100169.9505552874, 'use_snp_selection': False, 'iw_method': 'uniform', 'iw_clip_max': 10.0}. Best is trial 20 with value: 0.17902126499991325.
[I 2026-04-23 16:44:26,517] Trial 40 finished with value: 0.1233589546603185 and parameters: {'alpha': 1233712.0067097999, 'use_snp_selection': False, 'iw_method': 'pc_logistic', 'iw_clip_max': None, 'iw_n_components': 50, 'iw_logistic_c': 0.266451689908294, 'iw_pca_fit': 'combined', 'iw_solver': 'lbfgs'}. Best is trial 20 with value: 0.17902126499991325.
[I 2026-04-23 16:45:11,349] Trial 41 finished with value: 0.17714136182163412 and parameters: {'alpha': 489625.0819031505, 'use_snp_selection': False, 'iw_method': 'uniform', 'iw_clip_max': 10.0}. Best is trial 20 with value: 0.17902126499991325.
[I 2026-04-23 16:45:55,488] Trial 42 finished with value: 0.17901575654756952 and parameters: {'alpha': 216632.10190233667, 'use_snp_selection': False, 'iw_method': 'uniform', 'iw_clip_max': 10.0}. Best is trial 20 with value: 0.17902126499991325.
[I 2026-04-23 16:46:39,937] Trial 43 finished with value: 0.17645087010691662 and parameters: {'alpha': 107003.15312881015, 'use_snp_selection': False, 'iw_method': 'uniform', 'iw_clip_max': 10.0}. Best is trial 20 with value: 0.17902126499991325.
[I 2026-04-23 16:47:26,409] Trial 44 finished with value: 0.17902675081110778 and parameters: {'alpha': 252716.8153541898, 'use_snp_selection': False, 'iw_method': 'uniform', 'iw_clip_max': 10.0}. Best is trial 44 with value: 0.17902675081110778.
[I 2026-04-23 16:48:12,375] Trial 45 finished with value: 0.17667052938799294 and parameters: {'alpha': 537974.5286977565, 'use_snp_selection': False, 'iw_method': 'uniform', 'iw_clip_max': 5.0}. Best is trial 44 with value: 0.17902675081110778.
[I 2026-04-23 16:50:11,927] Trial 46 finished with value: 0.17188504999610163 and parameters: {'alpha': 54712.12492802992, 'use_snp_selection': True, 'num_snps': 36247, 'iw_method': 'uniform', 'iw_clip_max': 10.0}. Best is trial 44 with value: 0.17902675081110778.
[I 2026-04-23 16:50:58,064] Trial 47 finished with value: 0.17748895689310987 and parameters: {'alpha': 127938.45576526462, 'use_snp_selection': False, 'iw_method': 'uniform', 'iw_clip_max': 10.0}. Best is trial 44 with value: 0.17902675081110778.
[I 2026-04-23 16:54:58,646] Trial 48 finished with value: 0.16534903108240032 and parameters: {'alpha': 923680.2563254844, 'use_snp_selection': False, 'iw_method': 'pc_logistic', 'iw_clip_max': 10.0, 'iw_n_components': 20, 'iw_logistic_c': 8.513176839209727, 'iw_pca_fit': 'source', 'iw_solver': 'lbfgs'}. Best is trial 44 with value: 0.17902675081110778.
[I 2026-04-23 16:55:45,740] Trial 49 finished with value: 0.17903254001768257 and parameters: {'alpha': 223017.942956683, 'use_snp_selection': False, 'iw_method': 'uniform', 'iw_clip_max': 10.0}. Best is trial 49 with value: 0.17903254001768257.
