Running from this directory: /cluster/work/simennes/Master_thesis
Name of job: ncv_ridge_iw
ID of job: 24335594
Array task ID: 16
The job was run on these nodes: idun-03-21
[I 2026-04-23 15:39:19,976] Trial 0 finished with value: 0.17273662917284124 and parameters: {'alpha': 113703.38004442609, 'use_snp_selection': True, 'num_snps': 5442, 'iw_method': 'pc_logistic', 'iw_clip_max': 10.0, 'iw_n_components': 5, 'iw_logistic_c': 4.927310296129143, 'iw_pca_fit': 'source', 'iw_solver': 'lbfgs'}. Best is trial 0 with value: 0.17273662917284124.
[I 2026-04-23 15:45:59,563] Trial 1 finished with value: 0.17420435816721386 and parameters: {'alpha': 31403.568254918682, 'use_snp_selection': True, 'num_snps': 52878, 'iw_method': 'pc_logistic', 'iw_clip_max': 25.0, 'iw_n_components': 50, 'iw_logistic_c': 0.0215474878351802, 'iw_pca_fit': 'combined', 'iw_solver': 'lbfgs'}. Best is trial 1 with value: 0.17420435816721386.
[I 2026-04-23 15:46:48,288] Trial 2 finished with value: 0.18923041722288 and parameters: {'alpha': 843188.1730429748, 'use_snp_selection': False, 'iw_method': 'uniform', 'iw_clip_max': 10.0}. Best is trial 2 with value: 0.18923041722288.
[I 2026-04-23 15:50:15,062] Trial 3 finished with value: 0.14839549424905468 and parameters: {'alpha': 1608.6968668824506, 'use_snp_selection': True, 'num_snps': 20835, 'iw_method': 'pc_logistic', 'iw_clip_max': None, 'iw_n_components': 10, 'iw_logistic_c': 1.0216001618506627, 'iw_pca_fit': 'source', 'iw_solver': 'lbfgs'}. Best is trial 2 with value: 0.18923041722288.
[I 2026-04-23 15:51:05,658] Trial 4 finished with value: 0.1961279173925336 and parameters: {'alpha': 304631.0485153137, 'use_snp_selection': False, 'iw_method': 'uniform', 'iw_clip_max': 25.0}. Best is trial 4 with value: 0.1961279173925336.
[I 2026-04-23 15:55:31,861] Trial 5 finished with value: 0.16267680552895503 and parameters: {'alpha': 1969.1835550007406, 'use_snp_selection': False, 'iw_method': 'pc_logistic', 'iw_clip_max': None, 'iw_n_components': 10, 'iw_logistic_c': 72.13019609570544, 'iw_pca_fit': 'source', 'iw_solver': 'lbfgs'}. Best is trial 4 with value: 0.1961279173925336.
[I 2026-04-23 15:59:32,166] Trial 6 finished with value: 0.18668832818396472 and parameters: {'alpha': 102451.8239242939, 'use_snp_selection': True, 'num_snps': 28882, 'iw_method': 'pc_logistic', 'iw_clip_max': None, 'iw_n_components': 5, 'iw_logistic_c': 74.89693291900525, 'iw_pca_fit': 'source', 'iw_solver': 'lbfgs'}. Best is trial 4 with value: 0.1961279173925336.
[I 2026-04-23 16:00:19,827] Trial 7 finished with value: 0.1598554687924618 and parameters: {'alpha': 2141.2178673431476, 'use_snp_selection': False, 'iw_method': 'uniform', 'iw_clip_max': 25.0}. Best is trial 4 with value: 0.1961279173925336.
[I 2026-04-23 16:02:34,406] Trial 8 finished with value: 0.17572378348348094 and parameters: {'alpha': 5044402.471344981, 'use_snp_selection': True, 'num_snps': 45718, 'iw_method': 'uniform', 'iw_clip_max': 5.0}. Best is trial 4 with value: 0.1961279173925336.
[I 2026-04-23 16:07:07,285] Trial 9 finished with value: 0.1837773406163466 and parameters: {'alpha': 6685.17962248224, 'use_snp_selection': False, 'iw_method': 'pc_logistic', 'iw_clip_max': 25.0, 'iw_n_components': 10, 'iw_logistic_c': 60.72281367077526, 'iw_pca_fit': 'combined', 'iw_solver': 'lbfgs'}. Best is trial 4 with value: 0.1961279173925336.
[I 2026-04-23 16:07:55,769] Trial 10 finished with value: 0.1890706299374138 and parameters: {'alpha': 860571.7420672657, 'use_snp_selection': False, 'iw_method': 'uniform', 'iw_clip_max': 5.0}. Best is trial 4 with value: 0.1961279173925336.
[I 2026-04-23 16:08:44,599] Trial 11 finished with value: 0.189750552685317 and parameters: {'alpha': 788941.4897203294, 'use_snp_selection': False, 'iw_method': 'uniform', 'iw_clip_max': 10.0}. Best is trial 4 with value: 0.1961279173925336.
[I 2026-04-23 16:09:33,690] Trial 12 finished with value: 0.19110370724823605 and parameters: {'alpha': 662429.7344273377, 'use_snp_selection': False, 'iw_method': 'uniform', 'iw_clip_max': 10.0}. Best is trial 4 with value: 0.1961279173925336.
[I 2026-04-23 16:10:24,059] Trial 13 finished with value: 0.17725457337241732 and parameters: {'alpha': 6288680.884093956, 'use_snp_selection': False, 'iw_method': 'uniform', 'iw_clip_max': 25.0}. Best is trial 4 with value: 0.1961279173925336.
[I 2026-04-23 16:11:12,866] Trial 14 finished with value: 0.19642076730475863 and parameters: {'alpha': 285374.8412309771, 'use_snp_selection': False, 'iw_method': 'uniform', 'iw_clip_max': 10.0}. Best is trial 14 with value: 0.19642076730475863.
[I 2026-04-23 16:12:01,863] Trial 15 finished with value: 0.18964881220625 and parameters: {'alpha': 36021.612679774575, 'use_snp_selection': False, 'iw_method': 'uniform', 'iw_clip_max': 25.0}. Best is trial 14 with value: 0.19642076730475863.
[I 2026-04-23 16:12:52,111] Trial 16 finished with value: 0.19597605062031276 and parameters: {'alpha': 314464.6358887838, 'use_snp_selection': False, 'iw_method': 'uniform', 'iw_clip_max': 10.0}. Best is trial 14 with value: 0.19642076730475863.
[I 2026-04-23 16:13:42,224] Trial 17 finished with value: 0.18193784913066988 and parameters: {'alpha': 2320042.028519574, 'use_snp_selection': False, 'iw_method': 'uniform', 'iw_clip_max': 5.0}. Best is trial 14 with value: 0.19642076730475863.
[I 2026-04-23 16:14:30,674] Trial 18 finished with value: 0.18659934035979178 and parameters: {'alpha': 27007.985396542343, 'use_snp_selection': False, 'iw_method': 'uniform', 'iw_clip_max': 25.0}. Best is trial 14 with value: 0.19642076730475863.
[I 2026-04-23 16:15:19,336] Trial 19 finished with value: 0.19650864739963544 and parameters: {'alpha': 279485.34672008036, 'use_snp_selection': False, 'iw_method': 'uniform', 'iw_clip_max': 10.0}. Best is trial 19 with value: 0.19650864739963544.
[I 2026-04-23 16:16:09,175] Trial 20 finished with value: 0.19732537433864092 and parameters: {'alpha': 218440.3724252272, 'use_snp_selection': False, 'iw_method': 'uniform', 'iw_clip_max': 10.0}. Best is trial 20 with value: 0.19732537433864092.
[I 2026-04-23 16:16:57,496] Trial 21 finished with value: 0.19747004332141233 and parameters: {'alpha': 204547.99154223, 'use_snp_selection': False, 'iw_method': 'uniform', 'iw_clip_max': 10.0}. Best is trial 21 with value: 0.19747004332141233.
[I 2026-04-23 16:17:45,822] Trial 22 finished with value: 0.1944957677077065 and parameters: {'alpha': 63613.22184273683, 'use_snp_selection': False, 'iw_method': 'uniform', 'iw_clip_max': 10.0}. Best is trial 21 with value: 0.19747004332141233.
[I 2026-04-23 16:18:33,626] Trial 23 finished with value: 0.17788257610346395 and parameters: {'alpha': 12929.142807618424, 'use_snp_selection': False, 'iw_method': 'uniform', 'iw_clip_max': 10.0}. Best is trial 21 with value: 0.19747004332141233.
[I 2026-04-23 16:19:21,201] Trial 24 finished with value: 0.19770199651712259 and parameters: {'alpha': 169918.64865646733, 'use_snp_selection': False, 'iw_method': 'uniform', 'iw_clip_max': 10.0}. Best is trial 24 with value: 0.19770199651712259.
[I 2026-04-23 16:20:09,169] Trial 25 finished with value: 0.19771931537240117 and parameters: {'alpha': 161119.9100329809, 'use_snp_selection': False, 'iw_method': 'uniform', 'iw_clip_max': 10.0}. Best is trial 25 with value: 0.19771931537240117.
[I 2026-04-23 16:20:57,439] Trial 26 finished with value: 0.19485168342155246 and parameters: {'alpha': 67102.10884215792, 'use_snp_selection': False, 'iw_method': 'uniform', 'iw_clip_max': 10.0}. Best is trial 25 with value: 0.19771931537240117.
[I 2026-04-23 16:23:27,365] Trial 27 finished with value: 0.18170013816924166 and parameters: {'alpha': 2271656.6274574646, 'use_snp_selection': True, 'num_snps': 59564, 'iw_method': 'uniform', 'iw_clip_max': 10.0}. Best is trial 25 with value: 0.19771931537240117.
[I 2026-04-23 16:24:14,308] Trial 28 finished with value: 0.19768676293997778 and parameters: {'alpha': 144774.57228002202, 'use_snp_selection': False, 'iw_method': 'uniform', 'iw_clip_max': 10.0}. Best is trial 25 with value: 0.19771931537240117.
[I 2026-04-23 16:26:43,040] Trial 29 finished with value: 0.17837442320095717 and parameters: {'alpha': 125322.26245952384, 'use_snp_selection': True, 'num_snps': 6691, 'iw_method': 'pc_logistic', 'iw_clip_max': 10.0, 'iw_n_components': 20, 'iw_logistic_c': 0.012508090354298252, 'iw_pca_fit': 'combined', 'iw_solver': 'lbfgs'}. Best is trial 25 with value: 0.19771931537240117.
[I 2026-04-23 16:27:30,579] Trial 30 finished with value: 0.17351210144329063 and parameters: {'alpha': 8971.18547448295, 'use_snp_selection': False, 'iw_method': 'uniform', 'iw_clip_max': 10.0}. Best is trial 25 with value: 0.19771931537240117.
[I 2026-04-23 16:28:17,908] Trial 31 finished with value: 0.19768695362356284 and parameters: {'alpha': 144811.78121974735, 'use_snp_selection': False, 'iw_method': 'uniform', 'iw_clip_max': 10.0}. Best is trial 25 with value: 0.19771931537240117.
[I 2026-04-23 16:29:05,189] Trial 32 finished with value: 0.1976754539522948 and parameters: {'alpha': 142700.47956297128, 'use_snp_selection': False, 'iw_method': 'uniform', 'iw_clip_max': 10.0}. Best is trial 25 with value: 0.19771931537240117.
[I 2026-04-23 16:29:53,423] Trial 33 finished with value: 0.1941836374793367 and parameters: {'alpha': 60833.77222316583, 'use_snp_selection': False, 'iw_method': 'uniform', 'iw_clip_max': 10.0}. Best is trial 25 with value: 0.19771931537240117.
[I 2026-04-23 16:35:21,515] Trial 34 finished with value: 0.14672367968944125 and parameters: {'alpha': 497029.23809368524, 'use_snp_selection': True, 'num_snps': 39816, 'iw_method': 'pc_logistic', 'iw_clip_max': None, 'iw_n_components': 50, 'iw_logistic_c': 0.11088291658462143, 'iw_pca_fit': 'combined', 'iw_solver': 'lbfgs'}. Best is trial 25 with value: 0.19771931537240117.
[I 2026-04-23 16:36:11,645] Trial 35 finished with value: 0.18653940065776495 and parameters: {'alpha': 26862.79390410199, 'use_snp_selection': False, 'iw_method': 'uniform', 'iw_clip_max': 10.0}. Best is trial 25 with value: 0.19771931537240117.
[I 2026-04-23 16:37:01,280] Trial 36 finished with value: 0.18516895884665033 and parameters: {'alpha': 1434278.1201949965, 'use_snp_selection': False, 'iw_method': 'uniform', 'iw_clip_max': 5.0}. Best is trial 25 with value: 0.19771931537240117.
[I 2026-04-23 16:41:16,535] Trial 37 finished with value: 0.1805211313002461 and parameters: {'alpha': 457934.8018861672, 'use_snp_selection': False, 'iw_method': 'pc_logistic', 'iw_clip_max': 10.0, 'iw_n_components': 20, 'iw_logistic_c': 5.843783263081874, 'iw_pca_fit': 'source', 'iw_solver': 'lbfgs'}. Best is trial 25 with value: 0.19771931537240117.
[I 2026-04-23 16:42:56,512] Trial 38 finished with value: 0.19159077205575767 and parameters: {'alpha': 151742.4057299748, 'use_snp_selection': True, 'num_snps': 21056, 'iw_method': 'uniform', 'iw_clip_max': None}. Best is trial 25 with value: 0.19771931537240117.
[I 2026-04-23 16:43:45,765] Trial 39 finished with value: 0.19101511876274266 and parameters: {'alpha': 41483.67655001768, 'use_snp_selection': False, 'iw_method': 'uniform', 'iw_clip_max': 10.0}. Best is trial 25 with value: 0.19771931537240117.
[I 2026-04-23 16:48:47,171] Trial 40 finished with value: 0.17579820472180602 and parameters: {'alpha': 16857.98653214302, 'use_snp_selection': False, 'iw_method': 'pc_logistic', 'iw_clip_max': None, 'iw_n_components': 50, 'iw_logistic_c': 0.266451689908294, 'iw_pca_fit': 'combined', 'iw_solver': 'lbfgs'}. Best is trial 25 with value: 0.19771931537240117.
[I 2026-04-23 16:49:36,427] Trial 41 finished with value: 0.19674785596973038 and parameters: {'alpha': 96549.95679335351, 'use_snp_selection': False, 'iw_method': 'uniform', 'iw_clip_max': 10.0}. Best is trial 25 with value: 0.19771931537240117.
[I 2026-04-23 16:50:24,771] Trial 42 finished with value: 0.19768834355614004 and parameters: {'alpha': 145096.86304487215, 'use_snp_selection': False, 'iw_method': 'uniform', 'iw_clip_max': 10.0}. Best is trial 25 with value: 0.19771931537240117.
[I 2026-04-23 16:51:12,834] Trial 43 finished with value: 0.1963931286459112 and parameters: {'alpha': 88730.55681225879, 'use_snp_selection': False, 'iw_method': 'uniform', 'iw_clip_max': 10.0}. Best is trial 25 with value: 0.19771931537240117.
[I 2026-04-23 16:51:59,849] Trial 44 finished with value: 0.19770280324436865 and parameters: {'alpha': 169656.1986988723, 'use_snp_selection': False, 'iw_method': 'uniform', 'iw_clip_max': 10.0}. Best is trial 25 with value: 0.19771931537240117.
[I 2026-04-23 16:52:48,573] Trial 45 finished with value: 0.19467535056344376 and parameters: {'alpha': 398043.5570575315, 'use_snp_selection': False, 'iw_method': 'uniform', 'iw_clip_max': 5.0}. Best is trial 25 with value: 0.19771931537240117.
[I 2026-04-23 16:54:51,848] Trial 46 finished with value: 0.1919568753889181 and parameters: {'alpha': 209623.03787354988, 'use_snp_selection': True, 'num_snps': 36247, 'iw_method': 'uniform', 'iw_clip_max': 10.0}. Best is trial 25 with value: 0.19771931537240117.
[I 2026-04-23 16:55:41,519] Trial 47 finished with value: 0.19175392228746369 and parameters: {'alpha': 44981.567679106534, 'use_snp_selection': False, 'iw_method': 'uniform', 'iw_clip_max': 10.0}. Best is trial 25 with value: 0.19771931537240117.
[I 2026-04-23 16:59:44,631] Trial 48 finished with value: 0.1778466227964966 and parameters: {'alpha': 945259.1290125994, 'use_snp_selection': False, 'iw_method': 'pc_logistic', 'iw_clip_max': 10.0, 'iw_n_components': 20, 'iw_logistic_c': 8.513176839209727, 'iw_pca_fit': 'source', 'iw_solver': 'lbfgs'}. Best is trial 25 with value: 0.19771931537240117.
[I 2026-04-23 17:00:31,030] Trial 49 finished with value: 0.1967286755029525 and parameters: {'alpha': 96076.46846775801, 'use_snp_selection': False, 'iw_method': 'uniform', 'iw_clip_max': 10.0}. Best is trial 25 with value: 0.19771931537240117.
