Running from this directory: /cluster/work/simennes/Master_thesis
Name of job: ncv_ridge_iw
ID of job: 24335601
Array task ID: 7
The job was run on these nodes: idun-03-09
[I 2026-04-23 15:39:05,387] Trial 0 finished with value: 0.16677419646655614 and parameters: {'alpha': 113703.38004442609, 'use_snp_selection': True, 'num_snps': 5442, 'iw_method': 'pc_logistic', 'iw_clip_max': 10.0, 'iw_n_components': 5, 'iw_logistic_c': 4.927310296129143, 'iw_pca_fit': 'source', 'iw_solver': 'lbfgs'}. Best is trial 0 with value: 0.16677419646655614.
[I 2026-04-23 15:44:54,848] Trial 1 finished with value: 0.15884531409817762 and parameters: {'alpha': 31403.568254918682, 'use_snp_selection': True, 'num_snps': 52878, 'iw_method': 'pc_logistic', 'iw_clip_max': 25.0, 'iw_n_components': 50, 'iw_logistic_c': 0.0215474878351802, 'iw_pca_fit': 'combined', 'iw_solver': 'lbfgs'}. Best is trial 0 with value: 0.16677419646655614.
[I 2026-04-23 15:45:38,360] Trial 2 finished with value: 0.158604686771714 and parameters: {'alpha': 843188.1730429748, 'use_snp_selection': False, 'iw_method': 'uniform', 'iw_clip_max': 10.0}. Best is trial 0 with value: 0.16677419646655614.
[I 2026-04-23 15:48:36,868] Trial 3 finished with value: 0.13235938380653983 and parameters: {'alpha': 1608.6968668824506, 'use_snp_selection': True, 'num_snps': 20835, 'iw_method': 'pc_logistic', 'iw_clip_max': None, 'iw_n_components': 10, 'iw_logistic_c': 1.0216001618506627, 'iw_pca_fit': 'source', 'iw_solver': 'lbfgs'}. Best is trial 0 with value: 0.16677419646655614.
[I 2026-04-23 15:49:20,224] Trial 4 finished with value: 0.16440853039789113 and parameters: {'alpha': 304631.0485153137, 'use_snp_selection': False, 'iw_method': 'uniform', 'iw_clip_max': 25.0}. Best is trial 0 with value: 0.16677419646655614.
[I 2026-04-23 15:53:02,811] Trial 5 finished with value: 0.14583187588466848 and parameters: {'alpha': 1969.1835550007406, 'use_snp_selection': False, 'iw_method': 'pc_logistic', 'iw_clip_max': None, 'iw_n_components': 10, 'iw_logistic_c': 72.13019609570544, 'iw_pca_fit': 'source', 'iw_solver': 'lbfgs'}. Best is trial 0 with value: 0.16677419646655614.
[I 2026-04-23 15:56:25,454] Trial 6 finished with value: 0.16010074966850332 and parameters: {'alpha': 102451.8239242939, 'use_snp_selection': True, 'num_snps': 28882, 'iw_method': 'pc_logistic', 'iw_clip_max': None, 'iw_n_components': 5, 'iw_logistic_c': 74.89693291900525, 'iw_pca_fit': 'source', 'iw_solver': 'lbfgs'}. Best is trial 0 with value: 0.16677419646655614.
[I 2026-04-23 15:57:08,804] Trial 7 finished with value: 0.1328146162314596 and parameters: {'alpha': 2141.2178673431476, 'use_snp_selection': False, 'iw_method': 'uniform', 'iw_clip_max': 25.0}. Best is trial 0 with value: 0.16677419646655614.
[I 2026-04-23 15:59:03,296] Trial 8 finished with value: 0.1461214121910192 and parameters: {'alpha': 5044402.471344981, 'use_snp_selection': True, 'num_snps': 45718, 'iw_method': 'uniform', 'iw_clip_max': 5.0}. Best is trial 0 with value: 0.16677419646655614.
[I 2026-04-23 16:03:04,158] Trial 9 finished with value: 0.1616330147580732 and parameters: {'alpha': 6685.17962248224, 'use_snp_selection': False, 'iw_method': 'pc_logistic', 'iw_clip_max': 25.0, 'iw_n_components': 10, 'iw_logistic_c': 60.72281367077526, 'iw_pca_fit': 'combined', 'iw_solver': 'lbfgs'}. Best is trial 0 with value: 0.16677419646655614.
[I 2026-04-23 16:05:08,918] Trial 10 finished with value: 0.14351686561386937 and parameters: {'alpha': 9773186.463757847, 'use_snp_selection': True, 'num_snps': 9291, 'iw_method': 'pc_logistic', 'iw_clip_max': 10.0, 'iw_n_components': 5, 'iw_logistic_c': 0.8595081623982861, 'iw_pca_fit': 'source', 'iw_solver': 'lbfgs'}. Best is trial 0 with value: 0.16677419646655614.
[I 2026-04-23 16:05:52,867] Trial 11 finished with value: 0.1650615281966808 and parameters: {'alpha': 229997.42344857333, 'use_snp_selection': False, 'iw_method': 'uniform', 'iw_clip_max': 10.0}. Best is trial 0 with value: 0.16677419646655614.
[I 2026-04-23 16:06:58,743] Trial 12 finished with value: 0.1672807178080644 and parameters: {'alpha': 40658.44507065886, 'use_snp_selection': True, 'num_snps': 5024, 'iw_method': 'uniform', 'iw_clip_max': 10.0}. Best is trial 12 with value: 0.1672807178080644.
[I 2026-04-23 16:08:06,648] Trial 13 finished with value: 0.16778852881618628 and parameters: {'alpha': 21899.96351203738, 'use_snp_selection': True, 'num_snps': 6658, 'iw_method': 'uniform', 'iw_clip_max': 10.0}. Best is trial 13 with value: 0.16778852881618628.
[I 2026-04-23 16:09:28,299] Trial 14 finished with value: 0.1555716997883108 and parameters: {'alpha': 17920.618967560844, 'use_snp_selection': True, 'num_snps': 17496, 'iw_method': 'uniform', 'iw_clip_max': 10.0}. Best is trial 13 with value: 0.16778852881618628.
[I 2026-04-23 16:10:36,434] Trial 15 finished with value: 0.17173752017894683 and parameters: {'alpha': 24188.852120578795, 'use_snp_selection': True, 'num_snps': 7589, 'iw_method': 'uniform', 'iw_clip_max': 5.0}. Best is trial 15 with value: 0.17173752017894683.
[I 2026-04-23 16:11:58,962] Trial 16 finished with value: 0.14982971388927385 and parameters: {'alpha': 11011.577755348531, 'use_snp_selection': True, 'num_snps': 17722, 'iw_method': 'uniform', 'iw_clip_max': 5.0}. Best is trial 15 with value: 0.17173752017894683.
[I 2026-04-23 16:13:46,856] Trial 17 finished with value: 0.13765264046934067 and parameters: {'alpha': 5916.852338461027, 'use_snp_selection': True, 'num_snps': 37308, 'iw_method': 'uniform', 'iw_clip_max': 5.0}. Best is trial 15 with value: 0.17173752017894683.
[I 2026-04-23 16:15:18,614] Trial 18 finished with value: 0.15999963365500977 and parameters: {'alpha': 38921.25017714625, 'use_snp_selection': True, 'num_snps': 27216, 'iw_method': 'uniform', 'iw_clip_max': 5.0}. Best is trial 15 with value: 0.17173752017894683.
[I 2026-04-23 16:16:32,122] Trial 19 finished with value: 0.13100172985450348 and parameters: {'alpha': 5115.604326354573, 'use_snp_selection': True, 'num_snps': 12941, 'iw_method': 'uniform', 'iw_clip_max': 5.0}. Best is trial 15 with value: 0.17173752017894683.
[I 2026-04-23 16:18:17,017] Trial 20 finished with value: 0.1577945871635029 and parameters: {'alpha': 630583.1251662642, 'use_snp_selection': True, 'num_snps': 37568, 'iw_method': 'uniform', 'iw_clip_max': 5.0}. Best is trial 15 with value: 0.17173752017894683.
[I 2026-04-23 16:19:21,464] Trial 21 finished with value: 0.16895223876304366 and parameters: {'alpha': 41978.72625593211, 'use_snp_selection': True, 'num_snps': 5806, 'iw_method': 'uniform', 'iw_clip_max': 10.0}. Best is trial 15 with value: 0.17173752017894683.
[I 2026-04-23 16:20:33,718] Trial 22 finished with value: 0.15085143701133938 and parameters: {'alpha': 21156.314653684567, 'use_snp_selection': True, 'num_snps': 11898, 'iw_method': 'uniform', 'iw_clip_max': 10.0}. Best is trial 15 with value: 0.17173752017894683.
[I 2026-04-23 16:21:58,837] Trial 23 finished with value: 0.16462961166013232 and parameters: {'alpha': 67627.16003704339, 'use_snp_selection': True, 'num_snps': 21965, 'iw_method': 'uniform', 'iw_clip_max': 10.0}. Best is trial 15 with value: 0.17173752017894683.
[I 2026-04-23 16:23:10,250] Trial 24 finished with value: 0.14371862961205722 and parameters: {'alpha': 12819.446553494796, 'use_snp_selection': True, 'num_snps': 11708, 'iw_method': 'uniform', 'iw_clip_max': 10.0}. Best is trial 15 with value: 0.17173752017894683.
[I 2026-04-23 16:24:13,911] Trial 25 finished with value: 0.1556576546651099 and parameters: {'alpha': 192739.1775623648, 'use_snp_selection': True, 'num_snps': 5416, 'iw_method': 'uniform', 'iw_clip_max': 10.0}. Best is trial 15 with value: 0.17173752017894683.
[I 2026-04-23 16:25:29,878] Trial 26 finished with value: 0.1650069697961155 and parameters: {'alpha': 57330.34954415033, 'use_snp_selection': True, 'num_snps': 14800, 'iw_method': 'uniform', 'iw_clip_max': 5.0}. Best is trial 15 with value: 0.17173752017894683.
[I 2026-04-23 16:26:56,752] Trial 27 finished with value: 0.13270500789601186 and parameters: {'alpha': 3224.977681021785, 'use_snp_selection': True, 'num_snps': 23742, 'iw_method': 'uniform', 'iw_clip_max': None}. Best is trial 15 with value: 0.17173752017894683.
[I 2026-04-23 16:29:10,172] Trial 28 finished with value: 0.14701152454839253 and parameters: {'alpha': 11966.603413110162, 'use_snp_selection': True, 'num_snps': 59591, 'iw_method': 'uniform', 'iw_clip_max': 10.0}. Best is trial 15 with value: 0.17173752017894683.
[I 2026-04-23 16:30:19,774] Trial 29 finished with value: 0.15582599785671666 and parameters: {'alpha': 114926.63365240941, 'use_snp_selection': True, 'num_snps': 10036, 'iw_method': 'uniform', 'iw_clip_max': 10.0}. Best is trial 15 with value: 0.17173752017894683.
[I 2026-04-23 16:31:38,110] Trial 30 finished with value: 0.1515449408685351 and parameters: {'alpha': 586496.4322923407, 'use_snp_selection': True, 'num_snps': 16806, 'iw_method': 'uniform', 'iw_clip_max': 5.0}. Best is trial 15 with value: 0.17173752017894683.
[I 2026-04-23 16:32:42,655] Trial 31 finished with value: 0.16996099040724483 and parameters: {'alpha': 37053.243487751046, 'use_snp_selection': True, 'num_snps': 5758, 'iw_method': 'uniform', 'iw_clip_max': 10.0}. Best is trial 15 with value: 0.17173752017894683.
[I 2026-04-23 16:33:53,642] Trial 32 finished with value: 0.16988320748235072 and parameters: {'alpha': 34075.63407728919, 'use_snp_selection': True, 'num_snps': 8361, 'iw_method': 'uniform', 'iw_clip_max': 10.0}. Best is trial 15 with value: 0.17173752017894683.
[I 2026-04-23 16:35:06,426] Trial 33 finished with value: 0.1579438430792716 and parameters: {'alpha': 67625.12989316181, 'use_snp_selection': True, 'num_snps': 9873, 'iw_method': 'uniform', 'iw_clip_max': 10.0}. Best is trial 15 with value: 0.17173752017894683.
[I 2026-04-23 16:37:21,683] Trial 34 finished with value: 0.15829203439880046 and parameters: {'alpha': 33537.686604925344, 'use_snp_selection': True, 'num_snps': 8896, 'iw_method': 'pc_logistic', 'iw_clip_max': 10.0, 'iw_n_components': 20, 'iw_logistic_c': 0.014391895100690456, 'iw_pca_fit': 'combined', 'iw_solver': 'lbfgs'}. Best is trial 15 with value: 0.17173752017894683.
[I 2026-04-23 16:38:39,297] Trial 35 finished with value: 0.16203810214239045 and parameters: {'alpha': 139590.774301962, 'use_snp_selection': True, 'num_snps': 14556, 'iw_method': 'uniform', 'iw_clip_max': 25.0}. Best is trial 15 with value: 0.17173752017894683.
[I 2026-04-23 16:39:23,914] Trial 36 finished with value: 0.16384620172784892 and parameters: {'alpha': 354246.98511887295, 'use_snp_selection': False, 'iw_method': 'uniform', 'iw_clip_max': 10.0}. Best is trial 15 with value: 0.17173752017894683.
[I 2026-04-23 16:41:17,953] Trial 37 finished with value: 0.14828806653004825 and parameters: {'alpha': 25483.549601769944, 'use_snp_selection': True, 'num_snps': 5044, 'iw_method': 'pc_logistic', 'iw_clip_max': None, 'iw_n_components': 20, 'iw_logistic_c': 0.11899892524291929, 'iw_pca_fit': 'combined', 'iw_solver': 'lbfgs'}. Best is trial 15 with value: 0.17173752017894683.
[I 2026-04-23 16:42:02,618] Trial 38 finished with value: 0.16066473487292005 and parameters: {'alpha': 59889.34554351276, 'use_snp_selection': False, 'iw_method': 'uniform', 'iw_clip_max': 10.0}. Best is trial 15 with value: 0.17173752017894683.
[I 2026-04-23 16:43:13,680] Trial 39 finished with value: 0.11942425194220463 and parameters: {'alpha': 1178.838463899209, 'use_snp_selection': True, 'num_snps': 8831, 'iw_method': 'uniform', 'iw_clip_max': 25.0}. Best is trial 15 with value: 0.17173752017894683.
[I 2026-04-23 16:47:33,766] Trial 40 finished with value: 0.15296975831512682 and parameters: {'alpha': 9054.373273634328, 'use_snp_selection': False, 'iw_method': 'pc_logistic', 'iw_clip_max': None, 'iw_n_components': 50, 'iw_logistic_c': 7.0534098109749825, 'iw_pca_fit': 'combined', 'iw_solver': 'lbfgs'}. Best is trial 15 with value: 0.17173752017894683.
[I 2026-04-23 16:48:44,115] Trial 41 finished with value: 0.1732754911877553 and parameters: {'alpha': 21785.79848410435, 'use_snp_selection': True, 'num_snps': 7961, 'iw_method': 'uniform', 'iw_clip_max': 10.0}. Best is trial 41 with value: 0.1732754911877553.
[I 2026-04-23 16:49:55,681] Trial 42 finished with value: 0.17296124049206216 and parameters: {'alpha': 41557.15628140682, 'use_snp_selection': True, 'num_snps': 7858, 'iw_method': 'uniform', 'iw_clip_max': 10.0}. Best is trial 41 with value: 0.1732754911877553.
[I 2026-04-23 16:51:15,399] Trial 43 finished with value: 0.15202626410276215 and parameters: {'alpha': 17707.30928725313, 'use_snp_selection': True, 'num_snps': 13904, 'iw_method': 'uniform', 'iw_clip_max': 10.0}. Best is trial 41 with value: 0.1732754911877553.
[I 2026-04-23 16:52:43,140] Trial 44 finished with value: 0.1655609800934487 and parameters: {'alpha': 82120.79269115608, 'use_snp_selection': True, 'num_snps': 20450, 'iw_method': 'uniform', 'iw_clip_max': 10.0}. Best is trial 41 with value: 0.1732754911877553.
[I 2026-04-23 16:53:52,071] Trial 45 finished with value: 0.15814209041373156 and parameters: {'alpha': 4299.147473780372, 'use_snp_selection': True, 'num_snps': 8088, 'iw_method': 'uniform', 'iw_clip_max': 10.0}. Best is trial 41 with value: 0.1732754911877553.
[I 2026-04-23 16:56:07,966] Trial 46 finished with value: 0.129958586196561 and parameters: {'alpha': 2910978.4570808355, 'use_snp_selection': True, 'num_snps': 11720, 'iw_method': 'pc_logistic', 'iw_clip_max': 25.0, 'iw_n_components': 20, 'iw_logistic_c': 0.1340314414473131, 'iw_pca_fit': 'source', 'iw_solver': 'lbfgs'}. Best is trial 41 with value: 0.1732754911877553.
[I 2026-04-23 16:56:50,506] Trial 47 finished with value: 0.15551592053761723 and parameters: {'alpha': 32316.33044229752, 'use_snp_selection': False, 'iw_method': 'uniform', 'iw_clip_max': 10.0}. Best is trial 41 with value: 0.1732754911877553.
[I 2026-04-23 16:58:47,517] Trial 48 finished with value: 0.14871759022241238 and parameters: {'alpha': 15093.470859818204, 'use_snp_selection': True, 'num_snps': 49464, 'iw_method': 'uniform', 'iw_clip_max': 5.0}. Best is trial 41 with value: 0.1732754911877553.
[I 2026-04-23 16:59:52,792] Trial 49 finished with value: 0.16081490850614313 and parameters: {'alpha': 156977.67102649223, 'use_snp_selection': True, 'num_snps': 8067, 'iw_method': 'uniform', 'iw_clip_max': 10.0}. Best is trial 41 with value: 0.1732754911877553.
