Running from this directory: /cluster/work/simennes/Master_thesis
Name of job: ncv_ridge_iw
ID of job: 24335595
Array task ID: 1
The job was run on these nodes: idun-05-34
[I 2026-04-23 15:39:09,731] Trial 0 finished with value: 0.16301884377971998 and parameters: {'alpha': 113703.38004442609, 'use_snp_selection': True, 'num_snps': 5442, 'iw_method': 'pc_logistic', 'iw_clip_max': 10.0, 'iw_n_components': 5, 'iw_logistic_c': 4.927310296129143, 'iw_pca_fit': 'source', 'iw_solver': 'lbfgs'}. Best is trial 0 with value: 0.16301884377971998.
[I 2026-04-23 15:46:06,062] Trial 1 finished with value: 0.17327481164376418 and parameters: {'alpha': 31403.568254918682, 'use_snp_selection': True, 'num_snps': 52878, 'iw_method': 'pc_logistic', 'iw_clip_max': 25.0, 'iw_n_components': 50, 'iw_logistic_c': 0.0215474878351802, 'iw_pca_fit': 'combined', 'iw_solver': 'lbfgs'}. Best is trial 1 with value: 0.17327481164376418.
[I 2026-04-23 15:46:45,971] Trial 2 finished with value: 0.17239475819176245 and parameters: {'alpha': 843188.1730429748, 'use_snp_selection': False, 'iw_method': 'uniform', 'iw_clip_max': 10.0}. Best is trial 1 with value: 0.17327481164376418.
[I 2026-04-23 15:50:18,045] Trial 3 finished with value: 0.12374010935270374 and parameters: {'alpha': 1608.6968668824506, 'use_snp_selection': True, 'num_snps': 20835, 'iw_method': 'pc_logistic', 'iw_clip_max': None, 'iw_n_components': 10, 'iw_logistic_c': 1.0216001618506627, 'iw_pca_fit': 'source', 'iw_solver': 'lbfgs'}. Best is trial 1 with value: 0.17327481164376418.
[I 2026-04-23 15:50:57,747] Trial 4 finished with value: 0.17713229861840632 and parameters: {'alpha': 304631.0485153137, 'use_snp_selection': False, 'iw_method': 'uniform', 'iw_clip_max': 25.0}. Best is trial 4 with value: 0.17713229861840632.
[I 2026-04-23 15:54:26,863] Trial 5 finished with value: 0.14615811997518363 and parameters: {'alpha': 1969.1835550007406, 'use_snp_selection': False, 'iw_method': 'pc_logistic', 'iw_clip_max': None, 'iw_n_components': 10, 'iw_logistic_c': 72.13019609570544, 'iw_pca_fit': 'source', 'iw_solver': 'lbfgs'}. Best is trial 4 with value: 0.17713229861840632.
[I 2026-04-23 15:58:22,572] Trial 6 finished with value: 0.17390338483319073 and parameters: {'alpha': 102451.8239242939, 'use_snp_selection': True, 'num_snps': 28882, 'iw_method': 'pc_logistic', 'iw_clip_max': None, 'iw_n_components': 5, 'iw_logistic_c': 74.89693291900525, 'iw_pca_fit': 'source', 'iw_solver': 'lbfgs'}. Best is trial 4 with value: 0.17713229861840632.
[I 2026-04-23 15:59:02,189] Trial 7 finished with value: 0.13166677729008275 and parameters: {'alpha': 2141.2178673431476, 'use_snp_selection': False, 'iw_method': 'uniform', 'iw_clip_max': 25.0}. Best is trial 4 with value: 0.17713229861840632.
[I 2026-04-23 16:01:22,442] Trial 8 finished with value: 0.1627898687187274 and parameters: {'alpha': 5044402.471344981, 'use_snp_selection': True, 'num_snps': 45718, 'iw_method': 'uniform', 'iw_clip_max': 5.0}. Best is trial 4 with value: 0.17713229861840632.
[I 2026-04-23 16:05:09,202] Trial 9 finished with value: 0.1680610555447076 and parameters: {'alpha': 6685.17962248224, 'use_snp_selection': False, 'iw_method': 'pc_logistic', 'iw_clip_max': 25.0, 'iw_n_components': 10, 'iw_logistic_c': 60.72281367077526, 'iw_pca_fit': 'combined', 'iw_solver': 'lbfgs'}. Best is trial 4 with value: 0.17713229861840632.
[I 2026-04-23 16:05:49,151] Trial 10 finished with value: 0.17227167294406667 and parameters: {'alpha': 860571.7420672657, 'use_snp_selection': False, 'iw_method': 'uniform', 'iw_clip_max': 5.0}. Best is trial 4 with value: 0.17713229861840632.
[I 2026-04-23 16:07:40,638] Trial 11 finished with value: 0.17919417900012719 and parameters: {'alpha': 146725.17844355197, 'use_snp_selection': True, 'num_snps': 30178, 'iw_method': 'uniform', 'iw_clip_max': None}. Best is trial 11 with value: 0.17919417900012719.
[I 2026-04-23 16:09:48,603] Trial 12 finished with value: 0.17224575580551507 and parameters: {'alpha': 591768.0844457166, 'use_snp_selection': True, 'num_snps': 38552, 'iw_method': 'uniform', 'iw_clip_max': 25.0}. Best is trial 11 with value: 0.17919417900012719.
[I 2026-04-23 16:10:28,507] Trial 13 finished with value: 0.16409204118916526 and parameters: {'alpha': 30448.10954542319, 'use_snp_selection': False, 'iw_method': 'uniform', 'iw_clip_max': None}. Best is trial 11 with value: 0.17919417900012719.
[I 2026-04-23 16:11:56,279] Trial 14 finished with value: 0.16020186831625866 and parameters: {'alpha': 6266755.363843986, 'use_snp_selection': True, 'num_snps': 18192, 'iw_method': 'uniform', 'iw_clip_max': None}. Best is trial 11 with value: 0.17919417900012719.
[I 2026-04-23 16:12:36,193] Trial 15 finished with value: 0.17719688733873545 and parameters: {'alpha': 296185.78334472293, 'use_snp_selection': False, 'iw_method': 'uniform', 'iw_clip_max': 25.0}. Best is trial 11 with value: 0.17919417900012719.
[I 2026-04-23 16:13:16,101] Trial 16 finished with value: 0.16114241461090975 and parameters: {'alpha': 24188.852120578795, 'use_snp_selection': False, 'iw_method': 'uniform', 'iw_clip_max': 10.0}. Best is trial 11 with value: 0.17919417900012719.
[I 2026-04-23 16:15:11,175] Trial 17 finished with value: 0.16763029248963307 and parameters: {'alpha': 1927502.6144482074, 'use_snp_selection': True, 'num_snps': 32006, 'iw_method': 'uniform', 'iw_clip_max': 5.0}. Best is trial 11 with value: 0.17919417900012719.
[I 2026-04-23 16:15:51,102] Trial 18 finished with value: 0.1775660088255191 and parameters: {'alpha': 214446.61631478707, 'use_snp_selection': False, 'iw_method': 'uniform', 'iw_clip_max': 25.0}. Best is trial 11 with value: 0.17919417900012719.
[I 2026-04-23 16:16:55,671] Trial 19 finished with value: 0.1665426412711093 and parameters: {'alpha': 13509.234336709696, 'use_snp_selection': True, 'num_snps': 6485, 'iw_method': 'uniform', 'iw_clip_max': None}. Best is trial 11 with value: 0.17919417900012719.
[I 2026-04-23 16:19:43,726] Trial 20 finished with value: 0.1774850243449483 and parameters: {'alpha': 208512.15643117408, 'use_snp_selection': True, 'num_snps': 58808, 'iw_method': 'uniform', 'iw_clip_max': 25.0}. Best is trial 11 with value: 0.17919417900012719.
[I 2026-04-23 16:22:33,759] Trial 21 finished with value: 0.17822413904159667 and parameters: {'alpha': 183938.8284212429, 'use_snp_selection': True, 'num_snps': 59709, 'iw_method': 'uniform', 'iw_clip_max': 25.0}. Best is trial 11 with value: 0.17919417900012719.
[I 2026-04-23 16:24:48,955] Trial 22 finished with value: 0.171551674738081 and parameters: {'alpha': 63681.37247293664, 'use_snp_selection': True, 'num_snps': 41634, 'iw_method': 'uniform', 'iw_clip_max': 25.0}. Best is trial 11 with value: 0.17919417900012719.
[I 2026-04-23 16:26:26,484] Trial 23 finished with value: 0.17499700208148647 and parameters: {'alpha': 78748.01829528021, 'use_snp_selection': True, 'num_snps': 22626, 'iw_method': 'uniform', 'iw_clip_max': 25.0}. Best is trial 11 with value: 0.17919417900012719.
[I 2026-04-23 16:28:54,219] Trial 24 finished with value: 0.166651371950804 and parameters: {'alpha': 1871771.672819773, 'use_snp_selection': True, 'num_snps': 48673, 'iw_method': 'uniform', 'iw_clip_max': 25.0}. Best is trial 11 with value: 0.17919417900012719.
[I 2026-04-23 16:30:58,725] Trial 25 finished with value: 0.1779367039006953 and parameters: {'alpha': 203440.20278838745, 'use_snp_selection': True, 'num_snps': 36988, 'iw_method': 'uniform', 'iw_clip_max': None}. Best is trial 11 with value: 0.17919417900012719.
[I 2026-04-23 16:33:04,757] Trial 26 finished with value: 0.17359105625088522 and parameters: {'alpha': 478580.24939087464, 'use_snp_selection': True, 'num_snps': 37356, 'iw_method': 'uniform', 'iw_clip_max': None}. Best is trial 11 with value: 0.17919417900012719.
[I 2026-04-23 16:35:52,967] Trial 27 finished with value: 0.16762551086622343 and parameters: {'alpha': 1692139.2364237362, 'use_snp_selection': True, 'num_snps': 58446, 'iw_method': 'uniform', 'iw_clip_max': None}. Best is trial 11 with value: 0.17919417900012719.
[I 2026-04-23 16:37:38,675] Trial 28 finished with value: 0.17447397211987362 and parameters: {'alpha': 51267.47338013033, 'use_snp_selection': True, 'num_snps': 26851, 'iw_method': 'uniform', 'iw_clip_max': None}. Best is trial 11 with value: 0.17919417900012719.
[I 2026-04-23 16:41:06,013] Trial 29 finished with value: 0.16676469455597476 and parameters: {'alpha': 222761.84679770505, 'use_snp_selection': True, 'num_snps': 14699, 'iw_method': 'pc_logistic', 'iw_clip_max': 10.0, 'iw_n_components': 20, 'iw_logistic_c': 0.013807485687030918, 'iw_pca_fit': 'combined', 'iw_solver': 'lbfgs'}. Best is trial 11 with value: 0.17919417900012719.
[I 2026-04-23 16:43:05,669] Trial 30 finished with value: 0.17815084171054846 and parameters: {'alpha': 131930.08201930556, 'use_snp_selection': True, 'num_snps': 34652, 'iw_method': 'uniform', 'iw_clip_max': None}. Best is trial 11 with value: 0.17919417900012719.
[I 2026-04-23 16:45:08,874] Trial 31 finished with value: 0.17794827412708408 and parameters: {'alpha': 142652.8216681079, 'use_snp_selection': True, 'num_snps': 36014, 'iw_method': 'uniform', 'iw_clip_max': None}. Best is trial 11 with value: 0.17919417900012719.
[I 2026-04-23 16:47:02,845] Trial 32 finished with value: 0.18085658395683044 and parameters: {'alpha': 101812.8137051576, 'use_snp_selection': True, 'num_snps': 31823, 'iw_method': 'uniform', 'iw_clip_max': None}. Best is trial 32 with value: 0.18085658395683044.
[I 2026-04-23 16:48:47,309] Trial 33 finished with value: 0.17440963725618566 and parameters: {'alpha': 50862.24895413456, 'use_snp_selection': True, 'num_snps': 27465, 'iw_method': 'uniform', 'iw_clip_max': None}. Best is trial 32 with value: 0.18085658395683044.
[I 2026-04-23 16:53:48,787] Trial 34 finished with value: 0.17130588315476503 and parameters: {'alpha': 13686.758389873552, 'use_snp_selection': True, 'num_snps': 31350, 'iw_method': 'pc_logistic', 'iw_clip_max': 10.0, 'iw_n_components': 20, 'iw_logistic_c': 0.19008568218202637, 'iw_pca_fit': 'combined', 'iw_solver': 'lbfgs'}. Best is trial 32 with value: 0.18085658395683044.
[I 2026-04-23 16:56:05,272] Trial 35 finished with value: 0.17617080610102562 and parameters: {'alpha': 104632.17656236178, 'use_snp_selection': True, 'num_snps': 43792, 'iw_method': 'uniform', 'iw_clip_max': None}. Best is trial 32 with value: 0.18085658395683044.
[I 2026-04-23 16:57:43,539] Trial 36 finished with value: 0.17214562281935236 and parameters: {'alpha': 492562.09600117174, 'use_snp_selection': True, 'num_snps': 24160, 'iw_method': 'uniform', 'iw_clip_max': None}. Best is trial 32 with value: 0.18085658395683044.
[I 2026-04-23 17:04:59,858] Trial 37 finished with value: 0.17097038655522925 and parameters: {'alpha': 130073.9705319434, 'use_snp_selection': True, 'num_snps': 52472, 'iw_method': 'pc_logistic', 'iw_clip_max': 5.0, 'iw_n_components': 50, 'iw_logistic_c': 6.430100430195212, 'iw_pca_fit': 'combined', 'iw_solver': 'lbfgs'}. Best is trial 32 with value: 0.18085658395683044.
[I 2026-04-23 17:06:18,736] Trial 38 finished with value: 0.1642186968461237 and parameters: {'alpha': 922109.59334903, 'use_snp_selection': True, 'num_snps': 14249, 'iw_method': 'uniform', 'iw_clip_max': None}. Best is trial 32 with value: 0.18085658395683044.
[I 2026-04-23 17:08:17,209] Trial 39 finished with value: 0.16680136596128134 and parameters: {'alpha': 24441.228850564796, 'use_snp_selection': True, 'num_snps': 34604, 'iw_method': 'uniform', 'iw_clip_max': None}. Best is trial 32 with value: 0.18085658395683044.
[I 2026-04-23 17:13:53,266] Trial 40 finished with value: 0.15784387857111962 and parameters: {'alpha': 41392.54480267756, 'use_snp_selection': True, 'num_snps': 39874, 'iw_method': 'pc_logistic', 'iw_clip_max': 10.0, 'iw_n_components': 20, 'iw_logistic_c': 0.11711048115645671, 'iw_pca_fit': 'source', 'iw_solver': 'lbfgs'}. Best is trial 32 with value: 0.18085658395683044.
[I 2026-04-23 17:15:51,073] Trial 41 finished with value: 0.17795757784965024 and parameters: {'alpha': 129058.00840560994, 'use_snp_selection': True, 'num_snps': 34129, 'iw_method': 'uniform', 'iw_clip_max': None}. Best is trial 32 with value: 0.18085658395683044.
[I 2026-04-23 17:17:45,031] Trial 42 finished with value: 0.1801106357615717 and parameters: {'alpha': 83678.96392872551, 'use_snp_selection': True, 'num_snps': 32158, 'iw_method': 'uniform', 'iw_clip_max': None}. Best is trial 32 with value: 0.18085658395683044.
[I 2026-04-23 17:19:37,074] Trial 43 finished with value: 0.17670947998861672 and parameters: {'alpha': 339291.0203813192, 'use_snp_selection': True, 'num_snps': 30623, 'iw_method': 'uniform', 'iw_clip_max': None}. Best is trial 32 with value: 0.18085658395683044.
[I 2026-04-23 17:21:17,115] Trial 44 finished with value: 0.1755058228084227 and parameters: {'alpha': 66370.69805499278, 'use_snp_selection': True, 'num_snps': 24360, 'iw_method': 'uniform', 'iw_clip_max': None}. Best is trial 32 with value: 0.18085658395683044.
[I 2026-04-23 17:23:02,584] Trial 45 finished with value: 0.1770374803000485 and parameters: {'alpha': 89072.74293683167, 'use_snp_selection': True, 'num_snps': 27215, 'iw_method': 'uniform', 'iw_clip_max': None}. Best is trial 32 with value: 0.18085658395683044.
[I 2026-04-23 17:25:35,745] Trial 46 finished with value: 0.1571361989437213 and parameters: {'alpha': 16822.01256158639, 'use_snp_selection': True, 'num_snps': 50371, 'iw_method': 'uniform', 'iw_clip_max': 5.0}. Best is trial 32 with value: 0.18085658395683044.
[I 2026-04-23 17:27:08,275] Trial 47 finished with value: 0.16874677142556826 and parameters: {'alpha': 367169.2063591083, 'use_snp_selection': True, 'num_snps': 19648, 'iw_method': 'uniform', 'iw_clip_max': None}. Best is trial 32 with value: 0.18085658395683044.
[I 2026-04-23 17:33:21,717] Trial 48 finished with value: 0.15684841171049982 and parameters: {'alpha': 147210.45241200662, 'use_snp_selection': True, 'num_snps': 44609, 'iw_method': 'pc_logistic', 'iw_clip_max': None, 'iw_n_components': 50, 'iw_logistic_c': 5.460466841134473, 'iw_pca_fit': 'source', 'iw_solver': 'lbfgs'}. Best is trial 32 with value: 0.18085658395683044.
[I 2026-04-23 17:34:02,106] Trial 49 finished with value: 0.14682260882597772 and parameters: {'alpha': 8453.847211218927, 'use_snp_selection': False, 'iw_method': 'uniform', 'iw_clip_max': 25.0}. Best is trial 32 with value: 0.18085658395683044.
