Running from this directory: /cluster/work/simennes/Master_thesis
Name of job: ncv_ridge_iw
ID of job: 24335597
Array task ID: 3
The job was run on these nodes: idun-03-08
[I 2026-04-23 15:39:16,488] Trial 0 finished with value: 0.17330802242805696 and parameters: {'alpha': 113703.38004442609, 'use_snp_selection': True, 'num_snps': 5442, 'iw_method': 'pc_logistic', 'iw_clip_max': 10.0, 'iw_n_components': 5, 'iw_logistic_c': 4.927310296129143, 'iw_pca_fit': 'source', 'iw_solver': 'lbfgs'}. Best is trial 0 with value: 0.17330802242805696.
[I 2026-04-23 15:45:35,627] Trial 1 finished with value: 0.16682344350608125 and parameters: {'alpha': 31403.568254918682, 'use_snp_selection': True, 'num_snps': 52878, 'iw_method': 'pc_logistic', 'iw_clip_max': 25.0, 'iw_n_components': 50, 'iw_logistic_c': 0.0215474878351802, 'iw_pca_fit': 'combined', 'iw_solver': 'lbfgs'}. Best is trial 0 with value: 0.17330802242805696.
[I 2026-04-23 15:46:21,396] Trial 2 finished with value: 0.1792430558390745 and parameters: {'alpha': 843188.1730429748, 'use_snp_selection': False, 'iw_method': 'uniform', 'iw_clip_max': 10.0}. Best is trial 2 with value: 0.1792430558390745.
[I 2026-04-23 15:49:42,462] Trial 3 finished with value: 0.13921518421824425 and parameters: {'alpha': 1608.6968668824506, 'use_snp_selection': True, 'num_snps': 20835, 'iw_method': 'pc_logistic', 'iw_clip_max': None, 'iw_n_components': 10, 'iw_logistic_c': 1.0216001618506627, 'iw_pca_fit': 'source', 'iw_solver': 'lbfgs'}. Best is trial 2 with value: 0.1792430558390745.
[I 2026-04-23 15:50:29,139] Trial 4 finished with value: 0.18491655196435858 and parameters: {'alpha': 304631.0485153137, 'use_snp_selection': False, 'iw_method': 'uniform', 'iw_clip_max': 25.0}. Best is trial 4 with value: 0.18491655196435858.
[I 2026-04-23 15:54:37,120] Trial 5 finished with value: 0.15147235103914883 and parameters: {'alpha': 1969.1835550007406, 'use_snp_selection': False, 'iw_method': 'pc_logistic', 'iw_clip_max': None, 'iw_n_components': 10, 'iw_logistic_c': 72.13019609570544, 'iw_pca_fit': 'source', 'iw_solver': 'lbfgs'}. Best is trial 4 with value: 0.18491655196435858.
[I 2026-04-23 15:58:26,012] Trial 6 finished with value: 0.18516176587516586 and parameters: {'alpha': 102451.8239242939, 'use_snp_selection': True, 'num_snps': 28882, 'iw_method': 'pc_logistic', 'iw_clip_max': None, 'iw_n_components': 5, 'iw_logistic_c': 74.89693291900525, 'iw_pca_fit': 'source', 'iw_solver': 'lbfgs'}. Best is trial 6 with value: 0.18516176587516586.
[I 2026-04-23 15:59:12,695] Trial 7 finished with value: 0.13734029644575388 and parameters: {'alpha': 2141.2178673431476, 'use_snp_selection': False, 'iw_method': 'uniform', 'iw_clip_max': 25.0}. Best is trial 6 with value: 0.18516176587516586.
[I 2026-04-23 16:01:15,408] Trial 8 finished with value: 0.16837792456062134 and parameters: {'alpha': 5044402.471344981, 'use_snp_selection': True, 'num_snps': 45718, 'iw_method': 'uniform', 'iw_clip_max': 5.0}. Best is trial 6 with value: 0.18516176587516586.
[I 2026-04-23 16:05:49,785] Trial 9 finished with value: 0.17603350734239995 and parameters: {'alpha': 6685.17962248224, 'use_snp_selection': False, 'iw_method': 'pc_logistic', 'iw_clip_max': 25.0, 'iw_n_components': 10, 'iw_logistic_c': 60.72281367077526, 'iw_pca_fit': 'combined', 'iw_solver': 'lbfgs'}. Best is trial 6 with value: 0.18516176587516586.
[I 2026-04-23 16:09:37,590] Trial 10 finished with value: 0.17131698386211994 and parameters: {'alpha': 23391.591267096388, 'use_snp_selection': True, 'num_snps': 31146, 'iw_method': 'pc_logistic', 'iw_clip_max': None, 'iw_n_components': 5, 'iw_logistic_c': 0.06016670508287569, 'iw_pca_fit': 'source', 'iw_solver': 'lbfgs'}. Best is trial 6 with value: 0.18516176587516586.
[I 2026-04-23 16:10:22,960] Trial 11 finished with value: 0.18404061623579557 and parameters: {'alpha': 385101.1322817476, 'use_snp_selection': False, 'iw_method': 'uniform', 'iw_clip_max': 5.0}. Best is trial 6 with value: 0.18516176587516586.
[I 2026-04-23 16:12:03,815] Trial 12 finished with value: 0.17415215588444735 and parameters: {'alpha': 662390.0411218147, 'use_snp_selection': True, 'num_snps': 29838, 'iw_method': 'uniform', 'iw_clip_max': 25.0}. Best is trial 6 with value: 0.18516176587516586.
[I 2026-04-23 16:12:49,340] Trial 13 finished with value: 0.18460493948192347 and parameters: {'alpha': 136018.4022043738, 'use_snp_selection': False, 'iw_method': 'uniform', 'iw_clip_max': None}. Best is trial 6 with value: 0.18516176587516586.
[I 2026-04-23 16:17:02,266] Trial 14 finished with value: 0.15621012077347748 and parameters: {'alpha': 2892894.441863234, 'use_snp_selection': False, 'iw_method': 'pc_logistic', 'iw_clip_max': 25.0, 'iw_n_components': 20, 'iw_logistic_c': 5.200234906657497, 'iw_pca_fit': 'source', 'iw_solver': 'lbfgs'}. Best is trial 6 with value: 0.18516176587516586.
[I 2026-04-23 16:18:24,880] Trial 15 finished with value: 0.17287499205270826 and parameters: {'alpha': 33691.76239343733, 'use_snp_selection': True, 'num_snps': 14141, 'iw_method': 'uniform', 'iw_clip_max': None}. Best is trial 6 with value: 0.18516176587516586.
[I 2026-04-23 16:22:22,300] Trial 16 finished with value: 0.1852022526201408 and parameters: {'alpha': 313402.5209375168, 'use_snp_selection': False, 'iw_method': 'pc_logistic', 'iw_clip_max': 5.0, 'iw_n_components': 5, 'iw_logistic_c': 0.22950232541171312, 'iw_pca_fit': 'combined', 'iw_solver': 'lbfgs'}. Best is trial 16 with value: 0.1852022526201408.
[I 2026-04-23 16:27:15,612] Trial 17 finished with value: 0.17220309153090038 and parameters: {'alpha': 1128272.6551908327, 'use_snp_selection': True, 'num_snps': 42558, 'iw_method': 'pc_logistic', 'iw_clip_max': 5.0, 'iw_n_components': 5, 'iw_logistic_c': 0.25550502409821946, 'iw_pca_fit': 'combined', 'iw_solver': 'lbfgs'}. Best is trial 16 with value: 0.1852022526201408.
[I 2026-04-23 16:31:15,936] Trial 18 finished with value: 0.18417796888175605 and parameters: {'alpha': 57366.93757212386, 'use_snp_selection': False, 'iw_method': 'pc_logistic', 'iw_clip_max': 5.0, 'iw_n_components': 5, 'iw_logistic_c': 0.6619461826410963, 'iw_pca_fit': 'combined', 'iw_solver': 'lbfgs'}. Best is trial 16 with value: 0.1852022526201408.
[I 2026-04-23 16:37:32,205] Trial 19 finished with value: 0.17635457869172702 and parameters: {'alpha': 13748.250236838147, 'use_snp_selection': True, 'num_snps': 59986, 'iw_method': 'pc_logistic', 'iw_clip_max': 5.0, 'iw_n_components': 5, 'iw_logistic_c': 12.289486143717255, 'iw_pca_fit': 'combined', 'iw_solver': 'lbfgs'}. Best is trial 16 with value: 0.1852022526201408.
[I 2026-04-23 16:40:59,567] Trial 20 finished with value: 0.15352601517410758 and parameters: {'alpha': 2275429.5116439913, 'use_snp_selection': True, 'num_snps': 21851, 'iw_method': 'pc_logistic', 'iw_clip_max': 10.0, 'iw_n_components': 20, 'iw_logistic_c': 0.17134179254860676, 'iw_pca_fit': 'source', 'iw_solver': 'lbfgs'}. Best is trial 16 with value: 0.1852022526201408.
[I 2026-04-23 16:41:45,574] Trial 21 finished with value: 0.18546194183664433 and parameters: {'alpha': 214661.8095421624, 'use_snp_selection': False, 'iw_method': 'uniform', 'iw_clip_max': 25.0}. Best is trial 21 with value: 0.18546194183664433.
[I 2026-04-23 16:46:35,529] Trial 22 finished with value: 0.16490013839498271 and parameters: {'alpha': 210806.85374370962, 'use_snp_selection': False, 'iw_method': 'pc_logistic', 'iw_clip_max': 5.0, 'iw_n_components': 50, 'iw_logistic_c': 0.011164726463130612, 'iw_pca_fit': 'combined', 'iw_solver': 'lbfgs'}. Best is trial 21 with value: 0.18546194183664433.
[I 2026-04-23 16:47:22,697] Trial 23 finished with value: 0.18199616940112773 and parameters: {'alpha': 86362.26244992985, 'use_snp_selection': False, 'iw_method': 'uniform', 'iw_clip_max': None}. Best is trial 21 with value: 0.18546194183664433.
[I 2026-04-23 16:51:03,255] Trial 24 finished with value: 0.18599899753967183 and parameters: {'alpha': 342580.50035201386, 'use_snp_selection': False, 'iw_method': 'pc_logistic', 'iw_clip_max': 5.0, 'iw_n_components': 5, 'iw_logistic_c': 1.4259090278844067, 'iw_pca_fit': 'source', 'iw_solver': 'lbfgs'}. Best is trial 24 with value: 0.18599899753967183.
[I 2026-04-23 16:55:03,982] Trial 25 finished with value: 0.14331677592333045 and parameters: {'alpha': 9181294.480746066, 'use_snp_selection': False, 'iw_method': 'pc_logistic', 'iw_clip_max': 5.0, 'iw_n_components': 5, 'iw_logistic_c': 1.3933118978646328, 'iw_pca_fit': 'combined', 'iw_solver': 'lbfgs'}. Best is trial 24 with value: 0.18599899753967183.
[I 2026-04-23 16:55:49,998] Trial 26 finished with value: 0.1831122131528468 and parameters: {'alpha': 463604.82735605206, 'use_snp_selection': False, 'iw_method': 'uniform', 'iw_clip_max': 5.0}. Best is trial 24 with value: 0.18599899753967183.
[I 2026-04-23 16:59:27,630] Trial 27 finished with value: 0.1723916568614361 and parameters: {'alpha': 1310214.3251890158, 'use_snp_selection': False, 'iw_method': 'pc_logistic', 'iw_clip_max': 5.0, 'iw_n_components': 5, 'iw_logistic_c': 0.1715404496026102, 'iw_pca_fit': 'source', 'iw_solver': 'lbfgs'}. Best is trial 24 with value: 0.18599899753967183.
[I 2026-04-23 17:00:14,124] Trial 28 finished with value: 0.18544387822653827 and parameters: {'alpha': 226374.0696949733, 'use_snp_selection': False, 'iw_method': 'uniform', 'iw_clip_max': 5.0}. Best is trial 24 with value: 0.18599899753967183.
[I 2026-04-23 17:01:01,277] Trial 29 finished with value: 0.18484634018412532 and parameters: {'alpha': 145512.90072604915, 'use_snp_selection': False, 'iw_method': 'uniform', 'iw_clip_max': 10.0}. Best is trial 24 with value: 0.18599899753967183.
[I 2026-04-23 17:01:49,477] Trial 30 finished with value: 0.1793678724143553 and parameters: {'alpha': 63643.04901858266, 'use_snp_selection': False, 'iw_method': 'uniform', 'iw_clip_max': 25.0}. Best is trial 24 with value: 0.18599899753967183.
[I 2026-04-23 17:02:37,177] Trial 31 finished with value: 0.18531138092455632 and parameters: {'alpha': 175811.8603487977, 'use_snp_selection': False, 'iw_method': 'uniform', 'iw_clip_max': 5.0}. Best is trial 24 with value: 0.18599899753967183.
[I 2026-04-23 17:03:24,560] Trial 32 finished with value: 0.18537774835357818 and parameters: {'alpha': 184206.23577744167, 'use_snp_selection': False, 'iw_method': 'uniform', 'iw_clip_max': 5.0}. Best is trial 24 with value: 0.18599899753967183.
[I 2026-04-23 17:04:11,900] Trial 33 finished with value: 0.18277193249849172 and parameters: {'alpha': 492562.09600117174, 'use_snp_selection': False, 'iw_method': 'uniform', 'iw_clip_max': 5.0}. Best is trial 24 with value: 0.18599899753967183.
[I 2026-04-23 17:04:59,729] Trial 34 finished with value: 0.1852889710588156 and parameters: {'alpha': 259476.0146954907, 'use_snp_selection': False, 'iw_method': 'uniform', 'iw_clip_max': 10.0}. Best is trial 24 with value: 0.18599899753967183.
[I 2026-04-23 17:05:45,910] Trial 35 finished with value: 0.17977779818148568 and parameters: {'alpha': 781412.3676344444, 'use_snp_selection': False, 'iw_method': 'uniform', 'iw_clip_max': 5.0}. Best is trial 24 with value: 0.18599899753967183.
[I 2026-04-23 17:06:32,788] Trial 36 finished with value: 0.1772612048005394 and parameters: {'alpha': 51840.43292370491, 'use_snp_selection': False, 'iw_method': 'uniform', 'iw_clip_max': 25.0}. Best is trial 24 with value: 0.18599899753967183.
[I 2026-04-23 17:07:18,712] Trial 37 finished with value: 0.1827572533231155 and parameters: {'alpha': 96096.51461417737, 'use_snp_selection': False, 'iw_method': 'uniform', 'iw_clip_max': 5.0}. Best is trial 24 with value: 0.18599899753967183.
[I 2026-04-23 17:08:04,957] Trial 38 finished with value: 0.18544312278933756 and parameters: {'alpha': 198079.2857655843, 'use_snp_selection': False, 'iw_method': 'uniform', 'iw_clip_max': 25.0}. Best is trial 24 with value: 0.18599899753967183.
[I 2026-04-23 17:08:51,986] Trial 39 finished with value: 0.17499096662578742 and parameters: {'alpha': 1549612.076551674, 'use_snp_selection': False, 'iw_method': 'uniform', 'iw_clip_max': 25.0}. Best is trial 24 with value: 0.18599899753967183.
[I 2026-04-23 17:09:39,354] Trial 40 finished with value: 0.18166955976929924 and parameters: {'alpha': 590177.8244573979, 'use_snp_selection': False, 'iw_method': 'uniform', 'iw_clip_max': 25.0}. Best is trial 24 with value: 0.18599899753967183.
[I 2026-04-23 17:10:27,955] Trial 41 finished with value: 0.18543292248977317 and parameters: {'alpha': 230289.93989784946, 'use_snp_selection': False, 'iw_method': 'uniform', 'iw_clip_max': 25.0}. Best is trial 24 with value: 0.18599899753967183.
[I 2026-04-23 17:11:15,051] Trial 42 finished with value: 0.18501194606803759 and parameters: {'alpha': 294439.77926409186, 'use_snp_selection': False, 'iw_method': 'uniform', 'iw_clip_max': 25.0}. Best is trial 24 with value: 0.18599899753967183.
[I 2026-04-23 17:12:03,488] Trial 43 finished with value: 0.18359067400104997 and parameters: {'alpha': 109950.67123448715, 'use_snp_selection': False, 'iw_method': 'uniform', 'iw_clip_max': 25.0}. Best is trial 24 with value: 0.18599899753967183.
[I 2026-04-23 17:12:51,667] Trial 44 finished with value: 0.1708773849358213 and parameters: {'alpha': 30686.49889693212, 'use_snp_selection': False, 'iw_method': 'uniform', 'iw_clip_max': 25.0}. Best is trial 24 with value: 0.18599899753967183.
[I 2026-04-23 17:13:38,912] Trial 45 finished with value: 0.18411926861844324 and parameters: {'alpha': 378334.2582677475, 'use_snp_selection': False, 'iw_method': 'uniform', 'iw_clip_max': 25.0}. Best is trial 24 with value: 0.18599899753967183.
[I 2026-04-23 17:14:27,624] Trial 46 finished with value: 0.17851243717739163 and parameters: {'alpha': 934703.8217261186, 'use_snp_selection': False, 'iw_method': 'uniform', 'iw_clip_max': 25.0}. Best is trial 24 with value: 0.18599899753967183.
[I 2026-04-23 17:15:13,147] Trial 47 finished with value: 0.18544983132761825 and parameters: {'alpha': 223781.9542493902, 'use_snp_selection': False, 'iw_method': 'uniform', 'iw_clip_max': 25.0}. Best is trial 24 with value: 0.18599899753967183.
[I 2026-04-23 17:16:00,603] Trial 48 finished with value: 0.1805970825393821 and parameters: {'alpha': 72738.6022686311, 'use_snp_selection': False, 'iw_method': 'uniform', 'iw_clip_max': 25.0}. Best is trial 24 with value: 0.18599899753967183.
[I 2026-04-23 17:16:47,234] Trial 49 finished with value: 0.18430114192351785 and parameters: {'alpha': 126480.97759054921, 'use_snp_selection': False, 'iw_method': 'uniform', 'iw_clip_max': 10.0}. Best is trial 24 with value: 0.18599899753967183.
