Running from this directory: /cluster/work/simennes/Master_thesis
Name of job: ncv_ridge_iw
ID of job: 24335604
Array task ID: 10
The job was run on these nodes: idun-03-21
[I 2026-04-23 15:39:25,533] Trial 0 finished with value: 0.16330368155072378 and parameters: {'alpha': 113703.38004442609, 'use_snp_selection': True, 'num_snps': 5442, 'iw_method': 'pc_logistic', 'iw_clip_max': 10.0, 'iw_n_components': 5, 'iw_logistic_c': 4.927310296129143, 'iw_pca_fit': 'source', 'iw_solver': 'lbfgs'}. Best is trial 0 with value: 0.16330368155072378.
[I 2026-04-23 15:46:15,816] Trial 1 finished with value: 0.16858764148898625 and parameters: {'alpha': 31403.568254918682, 'use_snp_selection': True, 'num_snps': 52878, 'iw_method': 'pc_logistic', 'iw_clip_max': 25.0, 'iw_n_components': 50, 'iw_logistic_c': 0.0215474878351802, 'iw_pca_fit': 'combined', 'iw_solver': 'lbfgs'}. Best is trial 1 with value: 0.16858764148898625.
[I 2026-04-23 15:47:05,825] Trial 2 finished with value: 0.1719781467177223 and parameters: {'alpha': 843188.1730429748, 'use_snp_selection': False, 'iw_method': 'uniform', 'iw_clip_max': 10.0}. Best is trial 2 with value: 0.1719781467177223.
[I 2026-04-23 15:50:39,229] Trial 3 finished with value: 0.11370921520956377 and parameters: {'alpha': 1608.6968668824506, 'use_snp_selection': True, 'num_snps': 20835, 'iw_method': 'pc_logistic', 'iw_clip_max': None, 'iw_n_components': 10, 'iw_logistic_c': 1.0216001618506627, 'iw_pca_fit': 'source', 'iw_solver': 'lbfgs'}. Best is trial 2 with value: 0.1719781467177223.
[I 2026-04-23 15:51:30,104] Trial 4 finished with value: 0.17675751612578522 and parameters: {'alpha': 304631.0485153137, 'use_snp_selection': False, 'iw_method': 'uniform', 'iw_clip_max': 25.0}. Best is trial 4 with value: 0.17675751612578522.
[I 2026-04-23 15:56:02,952] Trial 5 finished with value: 0.14776316885859958 and parameters: {'alpha': 1969.1835550007406, 'use_snp_selection': False, 'iw_method': 'pc_logistic', 'iw_clip_max': None, 'iw_n_components': 10, 'iw_logistic_c': 72.13019609570544, 'iw_pca_fit': 'source', 'iw_solver': 'lbfgs'}. Best is trial 4 with value: 0.17675751612578522.
[I 2026-04-23 16:00:01,732] Trial 6 finished with value: 0.16873965523405515 and parameters: {'alpha': 102451.8239242939, 'use_snp_selection': True, 'num_snps': 28882, 'iw_method': 'pc_logistic', 'iw_clip_max': None, 'iw_n_components': 5, 'iw_logistic_c': 74.89693291900525, 'iw_pca_fit': 'source', 'iw_solver': 'lbfgs'}. Best is trial 4 with value: 0.17675751612578522.
[I 2026-04-23 16:00:50,972] Trial 7 finished with value: 0.1331469625762363 and parameters: {'alpha': 2141.2178673431476, 'use_snp_selection': False, 'iw_method': 'uniform', 'iw_clip_max': 25.0}. Best is trial 4 with value: 0.17675751612578522.
[I 2026-04-23 16:03:10,370] Trial 8 finished with value: 0.16152739504392125 and parameters: {'alpha': 5044402.471344981, 'use_snp_selection': True, 'num_snps': 45718, 'iw_method': 'uniform', 'iw_clip_max': 5.0}. Best is trial 4 with value: 0.17675751612578522.
[I 2026-04-23 16:08:04,084] Trial 9 finished with value: 0.17165885218453508 and parameters: {'alpha': 6685.17962248224, 'use_snp_selection': False, 'iw_method': 'pc_logistic', 'iw_clip_max': 25.0, 'iw_n_components': 10, 'iw_logistic_c': 60.72281367077526, 'iw_pca_fit': 'combined', 'iw_solver': 'lbfgs'}. Best is trial 4 with value: 0.17675751612578522.
[I 2026-04-23 16:08:55,839] Trial 10 finished with value: 0.17184850585161088 and parameters: {'alpha': 860571.7420672657, 'use_snp_selection': False, 'iw_method': 'uniform', 'iw_clip_max': 5.0}. Best is trial 4 with value: 0.17675751612578522.
[I 2026-04-23 16:09:47,675] Trial 11 finished with value: 0.17239677467317466 and parameters: {'alpha': 788941.4897203294, 'use_snp_selection': False, 'iw_method': 'uniform', 'iw_clip_max': 10.0}. Best is trial 4 with value: 0.17675751612578522.
[I 2026-04-23 16:10:39,478] Trial 12 finished with value: 0.17345908290551204 and parameters: {'alpha': 662429.7344273377, 'use_snp_selection': False, 'iw_method': 'uniform', 'iw_clip_max': 10.0}. Best is trial 4 with value: 0.17675751612578522.
[I 2026-04-23 16:11:30,561] Trial 13 finished with value: 0.1613099067741001 and parameters: {'alpha': 6288680.884093956, 'use_snp_selection': False, 'iw_method': 'uniform', 'iw_clip_max': 25.0}. Best is trial 4 with value: 0.17675751612578522.
[I 2026-04-23 16:12:22,232] Trial 14 finished with value: 0.176874434376062 and parameters: {'alpha': 285374.8412309771, 'use_snp_selection': False, 'iw_method': 'uniform', 'iw_clip_max': 10.0}. Best is trial 14 with value: 0.176874434376062.
[I 2026-04-23 16:13:13,434] Trial 15 finished with value: 0.16432967254115097 and parameters: {'alpha': 36021.612679774575, 'use_snp_selection': False, 'iw_method': 'uniform', 'iw_clip_max': 25.0}. Best is trial 14 with value: 0.176874434376062.
[I 2026-04-23 16:14:04,575] Trial 16 finished with value: 0.17668966239023476 and parameters: {'alpha': 314464.6358887838, 'use_snp_selection': False, 'iw_method': 'uniform', 'iw_clip_max': 10.0}. Best is trial 14 with value: 0.176874434376062.
[I 2026-04-23 16:14:55,308] Trial 17 finished with value: 0.16568599940165868 and parameters: {'alpha': 2320042.028519574, 'use_snp_selection': False, 'iw_method': 'uniform', 'iw_clip_max': 5.0}. Best is trial 14 with value: 0.176874434376062.
[I 2026-04-23 16:15:47,514] Trial 18 finished with value: 0.16084351444033404 and parameters: {'alpha': 27007.985396542343, 'use_snp_selection': False, 'iw_method': 'uniform', 'iw_clip_max': 25.0}. Best is trial 14 with value: 0.176874434376062.
[I 2026-04-23 16:16:39,472] Trial 19 finished with value: 0.17690524262563065 and parameters: {'alpha': 279485.34672008036, 'use_snp_selection': False, 'iw_method': 'uniform', 'iw_clip_max': 10.0}. Best is trial 19 with value: 0.17690524262563065.
[I 2026-04-23 16:17:31,284] Trial 20 finished with value: 0.1770174405273358 and parameters: {'alpha': 218440.3724252272, 'use_snp_selection': False, 'iw_method': 'uniform', 'iw_clip_max': 10.0}. Best is trial 20 with value: 0.1770174405273358.
[I 2026-04-23 16:18:22,178] Trial 21 finished with value: 0.1769659989526406 and parameters: {'alpha': 204547.99154223, 'use_snp_selection': False, 'iw_method': 'uniform', 'iw_clip_max': 10.0}. Best is trial 20 with value: 0.1770174405273358.
[I 2026-04-23 16:19:12,371] Trial 22 finished with value: 0.17044670286424565 and parameters: {'alpha': 63613.22184273683, 'use_snp_selection': False, 'iw_method': 'uniform', 'iw_clip_max': 10.0}. Best is trial 20 with value: 0.1770174405273358.
[I 2026-04-23 16:20:02,769] Trial 23 finished with value: 0.15154740887429555 and parameters: {'alpha': 12929.142807618424, 'use_snp_selection': False, 'iw_method': 'uniform', 'iw_clip_max': 10.0}. Best is trial 20 with value: 0.1770174405273358.
[I 2026-04-23 16:20:53,677] Trial 24 finished with value: 0.17663022344263826 and parameters: {'alpha': 169918.64865646733, 'use_snp_selection': False, 'iw_method': 'uniform', 'iw_clip_max': 10.0}. Best is trial 20 with value: 0.1770174405273358.
[I 2026-04-23 16:21:43,227] Trial 25 finished with value: 0.17688251211426126 and parameters: {'alpha': 191920.9740697538, 'use_snp_selection': False, 'iw_method': 'uniform', 'iw_clip_max': 10.0}. Best is trial 20 with value: 0.1770174405273358.
[I 2026-04-23 16:22:32,065] Trial 26 finished with value: 0.16879533694780363 and parameters: {'alpha': 1381803.8815420964, 'use_snp_selection': False, 'iw_method': 'uniform', 'iw_clip_max': 10.0}. Best is trial 20 with value: 0.1770174405273358.
[I 2026-04-23 16:25:06,675] Trial 27 finished with value: 0.16517200612287355 and parameters: {'alpha': 2271656.6274574646, 'use_snp_selection': True, 'num_snps': 59564, 'iw_method': 'uniform', 'iw_clip_max': 10.0}. Best is trial 20 with value: 0.1770174405273358.
[I 2026-04-23 16:25:57,219] Trial 28 finished with value: 0.16986760917936808 and parameters: {'alpha': 59911.90393352007, 'use_snp_selection': False, 'iw_method': 'uniform', 'iw_clip_max': 10.0}. Best is trial 20 with value: 0.1770174405273358.
[I 2026-04-23 16:28:36,515] Trial 29 finished with value: 0.16561534351218 and parameters: {'alpha': 499655.2865231082, 'use_snp_selection': True, 'num_snps': 6691, 'iw_method': 'pc_logistic', 'iw_clip_max': 10.0, 'iw_n_components': 20, 'iw_logistic_c': 0.012508090354298252, 'iw_pca_fit': 'combined', 'iw_solver': 'lbfgs'}. Best is trial 20 with value: 0.1770174405273358.
[I 2026-04-23 16:29:26,193] Trial 30 finished with value: 0.17599079010595503 and parameters: {'alpha': 140410.64452770792, 'use_snp_selection': False, 'iw_method': 'uniform', 'iw_clip_max': 10.0}. Best is trial 20 with value: 0.1770174405273358.
[I 2026-04-23 16:30:15,521] Trial 31 finished with value: 0.176799253383314 and parameters: {'alpha': 183078.16108310097, 'use_snp_selection': False, 'iw_method': 'uniform', 'iw_clip_max': 10.0}. Best is trial 20 with value: 0.1770174405273358.
[I 2026-04-23 16:31:04,304] Trial 32 finished with value: 0.1764046778766514 and parameters: {'alpha': 350667.57845632284, 'use_snp_selection': False, 'iw_method': 'uniform', 'iw_clip_max': 10.0}. Best is trial 20 with value: 0.1770174405273358.
[I 2026-04-23 16:31:52,624] Trial 33 finished with value: 0.1706302332360242 and parameters: {'alpha': 64860.07266350301, 'use_snp_selection': False, 'iw_method': 'uniform', 'iw_clip_max': 10.0}. Best is trial 20 with value: 0.1770174405273358.
[I 2026-04-23 16:37:42,342] Trial 34 finished with value: 0.14709274787763346 and parameters: {'alpha': 175985.64926457749, 'use_snp_selection': True, 'num_snps': 39816, 'iw_method': 'pc_logistic', 'iw_clip_max': None, 'iw_n_components': 50, 'iw_logistic_c': 0.11088291658462143, 'iw_pca_fit': 'combined', 'iw_solver': 'lbfgs'}. Best is trial 20 with value: 0.1770174405273358.
[I 2026-04-23 16:38:30,618] Trial 35 finished with value: 0.17364915607669726 and parameters: {'alpha': 93125.36474668054, 'use_snp_selection': False, 'iw_method': 'uniform', 'iw_clip_max': 10.0}. Best is trial 20 with value: 0.1770174405273358.
[I 2026-04-23 16:39:20,314] Trial 36 finished with value: 0.16824725262738657 and parameters: {'alpha': 1506926.6235150646, 'use_snp_selection': False, 'iw_method': 'uniform', 'iw_clip_max': 5.0}. Best is trial 20 with value: 0.1770174405273358.
[I 2026-04-23 16:43:54,383] Trial 37 finished with value: 0.1611627330438371 and parameters: {'alpha': 21414.962393845854, 'use_snp_selection': False, 'iw_method': 'pc_logistic', 'iw_clip_max': 10.0, 'iw_n_components': 20, 'iw_logistic_c': 5.843783263081874, 'iw_pca_fit': 'source', 'iw_solver': 'lbfgs'}. Best is trial 20 with value: 0.1770174405273358.
[I 2026-04-23 16:45:37,698] Trial 38 finished with value: 0.1622821719629657 and parameters: {'alpha': 495597.46773938887, 'use_snp_selection': True, 'num_snps': 21056, 'iw_method': 'uniform', 'iw_clip_max': None}. Best is trial 20 with value: 0.1770174405273358.
[I 2026-04-23 16:46:26,426] Trial 39 finished with value: 0.17703251493058916 and parameters: {'alpha': 237658.93052074205, 'use_snp_selection': False, 'iw_method': 'uniform', 'iw_clip_max': 10.0}. Best is trial 39 with value: 0.17703251493058916.
[I 2026-04-23 16:51:34,404] Trial 40 finished with value: 0.15132976602275044 and parameters: {'alpha': 112514.64150091069, 'use_snp_selection': False, 'iw_method': 'pc_logistic', 'iw_clip_max': None, 'iw_n_components': 50, 'iw_logistic_c': 0.266451689908294, 'iw_pca_fit': 'combined', 'iw_solver': 'lbfgs'}. Best is trial 39 with value: 0.17703251493058916.
[I 2026-04-23 16:52:24,040] Trial 41 finished with value: 0.17703398500369058 and parameters: {'alpha': 234055.13164317742, 'use_snp_selection': False, 'iw_method': 'uniform', 'iw_clip_max': 10.0}. Best is trial 41 with value: 0.17703398500369058.
[I 2026-04-23 16:53:12,924] Trial 42 finished with value: 0.1768801834032274 and parameters: {'alpha': 284312.83624297025, 'use_snp_selection': False, 'iw_method': 'uniform', 'iw_clip_max': 10.0}. Best is trial 41 with value: 0.17703398500369058.
[I 2026-04-23 16:54:02,249] Trial 43 finished with value: 0.17522276399676412 and parameters: {'alpha': 475936.02155064675, 'use_snp_selection': False, 'iw_method': 'uniform', 'iw_clip_max': 10.0}. Best is trial 41 with value: 0.17703398500369058.
[I 2026-04-23 16:54:52,132] Trial 44 finished with value: 0.1701373734189802 and parameters: {'alpha': 1121887.0398564313, 'use_snp_selection': False, 'iw_method': 'uniform', 'iw_clip_max': 10.0}. Best is trial 41 with value: 0.17703398500369058.
[I 2026-04-23 16:55:43,923] Trial 45 finished with value: 0.17362684596114247 and parameters: {'alpha': 92837.69980512017, 'use_snp_selection': False, 'iw_method': 'uniform', 'iw_clip_max': 5.0}. Best is trial 41 with value: 0.17703398500369058.
[I 2026-04-23 16:57:39,518] Trial 46 finished with value: 0.1774785436372228 and parameters: {'alpha': 240978.81742090947, 'use_snp_selection': True, 'num_snps': 36247, 'iw_method': 'uniform', 'iw_clip_max': 10.0}. Best is trial 46 with value: 0.1774785436372228.
[I 2026-04-23 16:59:29,791] Trial 47 finished with value: 0.17382547811294718 and parameters: {'alpha': 44540.52599067527, 'use_snp_selection': True, 'num_snps': 33293, 'iw_method': 'uniform', 'iw_clip_max': 10.0}. Best is trial 46 with value: 0.1774785436372228.
[I 2026-04-23 17:04:56,590] Trial 48 finished with value: 0.1659215211936032 and parameters: {'alpha': 558565.057538861, 'use_snp_selection': True, 'num_snps': 45049, 'iw_method': 'pc_logistic', 'iw_clip_max': 10.0, 'iw_n_components': 20, 'iw_logistic_c': 7.201038022895467, 'iw_pca_fit': 'source', 'iw_solver': 'lbfgs'}. Best is trial 46 with value: 0.1774785436372228.
[I 2026-04-23 17:06:32,449] Trial 49 finished with value: 0.15464895610880086 and parameters: {'alpha': 9662029.450901965, 'use_snp_selection': True, 'num_snps': 25148, 'iw_method': 'uniform', 'iw_clip_max': 10.0}. Best is trial 46 with value: 0.1774785436372228.
