Running from this directory: /cluster/work/simennes/Master_thesis
Name of job: ncv_ridge_iw
ID of job: 24335602
Array task ID: 8
The job was run on these nodes: idun-03-09
[I 2026-04-23 15:39:06,505] Trial 0 finished with value: 0.1745156438759339 and parameters: {'alpha': 113703.38004442609, 'use_snp_selection': True, 'num_snps': 5442, 'iw_method': 'pc_logistic', 'iw_clip_max': 10.0, 'iw_n_components': 5, 'iw_logistic_c': 4.927310296129143, 'iw_pca_fit': 'source', 'iw_solver': 'lbfgs'}. Best is trial 0 with value: 0.1745156438759339.
[I 2026-04-23 15:45:08,460] Trial 1 finished with value: 0.19629340428314984 and parameters: {'alpha': 31403.568254918682, 'use_snp_selection': True, 'num_snps': 52878, 'iw_method': 'pc_logistic', 'iw_clip_max': 25.0, 'iw_n_components': 50, 'iw_logistic_c': 0.0215474878351802, 'iw_pca_fit': 'combined', 'iw_solver': 'lbfgs'}. Best is trial 1 with value: 0.19629340428314984.
[I 2026-04-23 15:45:52,740] Trial 2 finished with value: 0.1917266072989892 and parameters: {'alpha': 843188.1730429748, 'use_snp_selection': False, 'iw_method': 'uniform', 'iw_clip_max': 10.0}. Best is trial 1 with value: 0.19629340428314984.
[I 2026-04-23 15:48:56,018] Trial 3 finished with value: 0.1472940759634311 and parameters: {'alpha': 1608.6968668824506, 'use_snp_selection': True, 'num_snps': 20835, 'iw_method': 'pc_logistic', 'iw_clip_max': None, 'iw_n_components': 10, 'iw_logistic_c': 1.0216001618506627, 'iw_pca_fit': 'source', 'iw_solver': 'lbfgs'}. Best is trial 1 with value: 0.19629340428314984.
[I 2026-04-23 15:49:40,793] Trial 4 finished with value: 0.1995601611625267 and parameters: {'alpha': 304631.0485153137, 'use_snp_selection': False, 'iw_method': 'uniform', 'iw_clip_max': 25.0}. Best is trial 4 with value: 0.1995601611625267.
[I 2026-04-23 15:53:29,177] Trial 5 finished with value: 0.1739534256874763 and parameters: {'alpha': 1969.1835550007406, 'use_snp_selection': False, 'iw_method': 'pc_logistic', 'iw_clip_max': None, 'iw_n_components': 10, 'iw_logistic_c': 72.13019609570544, 'iw_pca_fit': 'source', 'iw_solver': 'lbfgs'}. Best is trial 4 with value: 0.1995601611625267.
[I 2026-04-23 15:56:55,413] Trial 6 finished with value: 0.19630056658472625 and parameters: {'alpha': 102451.8239242939, 'use_snp_selection': True, 'num_snps': 28882, 'iw_method': 'pc_logistic', 'iw_clip_max': None, 'iw_n_components': 5, 'iw_logistic_c': 74.89693291900525, 'iw_pca_fit': 'source', 'iw_solver': 'lbfgs'}. Best is trial 4 with value: 0.1995601611625267.
[I 2026-04-23 15:57:39,678] Trial 7 finished with value: 0.15919246929485803 and parameters: {'alpha': 2141.2178673431476, 'use_snp_selection': False, 'iw_method': 'uniform', 'iw_clip_max': 25.0}. Best is trial 4 with value: 0.1995601611625267.
[I 2026-04-23 15:59:38,324] Trial 8 finished with value: 0.17773742494078226 and parameters: {'alpha': 5044402.471344981, 'use_snp_selection': True, 'num_snps': 45718, 'iw_method': 'uniform', 'iw_clip_max': 5.0}. Best is trial 4 with value: 0.1995601611625267.
[I 2026-04-23 16:03:45,528] Trial 9 finished with value: 0.19716723184108847 and parameters: {'alpha': 6685.17962248224, 'use_snp_selection': False, 'iw_method': 'pc_logistic', 'iw_clip_max': 25.0, 'iw_n_components': 10, 'iw_logistic_c': 60.72281367077526, 'iw_pca_fit': 'combined', 'iw_solver': 'lbfgs'}. Best is trial 4 with value: 0.1995601611625267.
[I 2026-04-23 16:04:29,162] Trial 10 finished with value: 0.19154932957428114 and parameters: {'alpha': 860571.7420672657, 'use_snp_selection': False, 'iw_method': 'uniform', 'iw_clip_max': 5.0}. Best is trial 4 with value: 0.1995601611625267.
[I 2026-04-23 16:05:12,800] Trial 11 finished with value: 0.182882678434735 and parameters: {'alpha': 15531.758274784348, 'use_snp_selection': False, 'iw_method': 'uniform', 'iw_clip_max': 25.0}. Best is trial 4 with value: 0.1995601611625267.
[I 2026-04-23 16:09:12,354] Trial 12 finished with value: 0.19326205267178315 and parameters: {'alpha': 13556.474292596095, 'use_snp_selection': False, 'iw_method': 'pc_logistic', 'iw_clip_max': 25.0, 'iw_n_components': 20, 'iw_logistic_c': 0.01819646218363154, 'iw_pca_fit': 'combined', 'iw_solver': 'lbfgs'}. Best is trial 4 with value: 0.1995601611625267.
[I 2026-04-23 16:09:55,948] Trial 13 finished with value: 0.19604463995143565 and parameters: {'alpha': 505942.9271424895, 'use_snp_selection': False, 'iw_method': 'uniform', 'iw_clip_max': 25.0}. Best is trial 4 with value: 0.1995601611625267.
[I 2026-04-23 16:13:49,306] Trial 14 finished with value: 0.15697649217809462 and parameters: {'alpha': 9081414.69931976, 'use_snp_selection': False, 'iw_method': 'pc_logistic', 'iw_clip_max': 25.0, 'iw_n_components': 10, 'iw_logistic_c': 7.146946799037686, 'iw_pca_fit': 'combined', 'iw_solver': 'lbfgs'}. Best is trial 4 with value: 0.1995601611625267.
[I 2026-04-23 16:14:32,968] Trial 15 finished with value: 0.20008218991509708 and parameters: {'alpha': 276109.39921497885, 'use_snp_selection': False, 'iw_method': 'uniform', 'iw_clip_max': 25.0}. Best is trial 15 with value: 0.20008218991509708.
[I 2026-04-23 16:15:16,586] Trial 16 finished with value: 0.1986721196491943 and parameters: {'alpha': 352748.2678153966, 'use_snp_selection': False, 'iw_method': 'uniform', 'iw_clip_max': 25.0}. Best is trial 15 with value: 0.20008218991509708.
[I 2026-04-23 16:16:00,192] Trial 17 finished with value: 0.18140118577793862 and parameters: {'alpha': 3308286.5784575315, 'use_snp_selection': False, 'iw_method': 'uniform', 'iw_clip_max': 5.0}. Best is trial 15 with value: 0.20008218991509708.
[I 2026-04-23 16:16:43,844] Trial 18 finished with value: 0.200863402209956 and parameters: {'alpha': 230813.26175373304, 'use_snp_selection': False, 'iw_method': 'uniform', 'iw_clip_max': 10.0}. Best is trial 18 with value: 0.200863402209956.
[I 2026-04-23 16:17:27,512] Trial 19 finished with value: 0.1845421967844382 and parameters: {'alpha': 2037361.5354938565, 'use_snp_selection': False, 'iw_method': 'uniform', 'iw_clip_max': 10.0}. Best is trial 18 with value: 0.200863402209956.
[I 2026-04-23 16:18:11,133] Trial 20 finished with value: 0.19678440357511548 and parameters: {'alpha': 50521.94376943061, 'use_snp_selection': False, 'iw_method': 'uniform', 'iw_clip_max': 10.0}. Best is trial 18 with value: 0.200863402209956.
[I 2026-04-23 16:18:54,767] Trial 21 finished with value: 0.2008320867959962 and parameters: {'alpha': 232755.83317157044, 'use_snp_selection': False, 'iw_method': 'uniform', 'iw_clip_max': 10.0}. Best is trial 18 with value: 0.200863402209956.
[I 2026-04-23 16:19:38,381] Trial 22 finished with value: 0.2008491797462554 and parameters: {'alpha': 231696.97042199154, 'use_snp_selection': False, 'iw_method': 'uniform', 'iw_clip_max': 10.0}. Best is trial 18 with value: 0.200863402209956.
[I 2026-04-23 16:20:22,009] Trial 23 finished with value: 0.20151769006074402 and parameters: {'alpha': 182374.77384035493, 'use_snp_selection': False, 'iw_method': 'uniform', 'iw_clip_max': 10.0}. Best is trial 23 with value: 0.20151769006074402.
[I 2026-04-23 16:21:05,568] Trial 24 finished with value: 0.19626242482338216 and parameters: {'alpha': 47679.08118960472, 'use_snp_selection': False, 'iw_method': 'uniform', 'iw_clip_max': 10.0}. Best is trial 23 with value: 0.20151769006074402.
[I 2026-04-23 16:21:49,181] Trial 25 finished with value: 0.20168422049138432 and parameters: {'alpha': 136489.8185614953, 'use_snp_selection': False, 'iw_method': 'uniform', 'iw_clip_max': 10.0}. Best is trial 25 with value: 0.20168422049138432.
[I 2026-04-23 16:23:59,978] Trial 26 finished with value: 0.18733597404978336 and parameters: {'alpha': 1225287.6961706767, 'use_snp_selection': True, 'num_snps': 57979, 'iw_method': 'uniform', 'iw_clip_max': 10.0}. Best is trial 25 with value: 0.20168422049138432.
[I 2026-04-23 16:24:43,568] Trial 27 finished with value: 0.20165569144340165 and parameters: {'alpha': 131936.93524597894, 'use_snp_selection': False, 'iw_method': 'uniform', 'iw_clip_max': 10.0}. Best is trial 25 with value: 0.20168422049138432.
[I 2026-04-23 16:25:27,176] Trial 28 finished with value: 0.20145524780937513 and parameters: {'alpha': 116028.96905964134, 'use_snp_selection': False, 'iw_method': 'uniform', 'iw_clip_max': 10.0}. Best is trial 25 with value: 0.20168422049138432.
[I 2026-04-23 16:26:33,584] Trial 29 finished with value: 0.194570549050957 and parameters: {'alpha': 74572.19580249055, 'use_snp_selection': True, 'num_snps': 7728, 'iw_method': 'uniform', 'iw_clip_max': 10.0}. Best is trial 25 with value: 0.20168422049138432.
[I 2026-04-23 16:27:17,238] Trial 30 finished with value: 0.20170552510157533 and parameters: {'alpha': 142373.32392490865, 'use_snp_selection': False, 'iw_method': 'uniform', 'iw_clip_max': 10.0}. Best is trial 30 with value: 0.20170552510157533.
[I 2026-04-23 16:28:00,906] Trial 31 finished with value: 0.20124086003860978 and parameters: {'alpha': 106513.51178669147, 'use_snp_selection': False, 'iw_method': 'uniform', 'iw_clip_max': 10.0}. Best is trial 30 with value: 0.20170552510157533.
[I 2026-04-23 16:28:44,552] Trial 32 finished with value: 0.18880471422422263 and parameters: {'alpha': 24325.518281919845, 'use_snp_selection': False, 'iw_method': 'uniform', 'iw_clip_max': 10.0}. Best is trial 30 with value: 0.20170552510157533.
[I 2026-04-23 16:29:28,221] Trial 33 finished with value: 0.19619884052045877 and parameters: {'alpha': 496204.7216331639, 'use_snp_selection': False, 'iw_method': 'uniform', 'iw_clip_max': 10.0}. Best is trial 30 with value: 0.20170552510157533.
[I 2026-04-23 16:31:11,743] Trial 34 finished with value: 0.19970384194385718 and parameters: {'alpha': 158250.50877771003, 'use_snp_selection': True, 'num_snps': 36602, 'iw_method': 'uniform', 'iw_clip_max': 10.0}. Best is trial 30 with value: 0.20170552510157533.
[I 2026-04-23 16:31:55,329] Trial 35 finished with value: 0.1973675176262005 and parameters: {'alpha': 54072.8053347679, 'use_snp_selection': False, 'iw_method': 'uniform', 'iw_clip_max': 10.0}. Best is trial 30 with value: 0.20170552510157533.
[I 2026-04-23 16:32:38,939] Trial 36 finished with value: 0.18898656311728707 and parameters: {'alpha': 24679.695215210413, 'use_snp_selection': False, 'iw_method': 'uniform', 'iw_clip_max': None}. Best is trial 30 with value: 0.20170552510157533.
[I 2026-04-23 16:36:22,300] Trial 37 finished with value: 0.1908203297186076 and parameters: {'alpha': 551013.2769785497, 'use_snp_selection': False, 'iw_method': 'pc_logistic', 'iw_clip_max': 10.0, 'iw_n_components': 20, 'iw_logistic_c': 0.11152657118156567, 'iw_pca_fit': 'source', 'iw_solver': 'lbfgs'}. Best is trial 30 with value: 0.20170552510157533.
[I 2026-04-23 16:37:45,704] Trial 38 finished with value: 0.18820321689946198 and parameters: {'alpha': 149222.33330686088, 'use_snp_selection': True, 'num_snps': 21056, 'iw_method': 'uniform', 'iw_clip_max': 10.0}. Best is trial 30 with value: 0.20170552510157533.
[I 2026-04-23 16:38:29,263] Trial 39 finished with value: 0.19928377665831015 and parameters: {'alpha': 70068.191457684, 'use_snp_selection': False, 'iw_method': 'uniform', 'iw_clip_max': None}. Best is trial 30 with value: 0.20170552510157533.
[I 2026-04-23 16:42:45,349] Trial 40 finished with value: 0.1784395609157047 and parameters: {'alpha': 1233712.0067097999, 'use_snp_selection': False, 'iw_method': 'pc_logistic', 'iw_clip_max': 5.0, 'iw_n_components': 50, 'iw_logistic_c': 0.266451689908294, 'iw_pca_fit': 'combined', 'iw_solver': 'lbfgs'}. Best is trial 30 with value: 0.20170552510157533.
[I 2026-04-23 16:43:29,246] Trial 41 finished with value: 0.20171108420536576 and parameters: {'alpha': 146586.05321092196, 'use_snp_selection': False, 'iw_method': 'uniform', 'iw_clip_max': 10.0}. Best is trial 41 with value: 0.20171108420536576.
[I 2026-04-23 16:44:13,533] Trial 42 finished with value: 0.20147826479519412 and parameters: {'alpha': 186187.72626271856, 'use_snp_selection': False, 'iw_method': 'uniform', 'iw_clip_max': 10.0}. Best is trial 41 with value: 0.20171108420536576.
[I 2026-04-23 16:44:58,103] Trial 43 finished with value: 0.20011998061433953 and parameters: {'alpha': 80881.56760260089, 'use_snp_selection': False, 'iw_method': 'uniform', 'iw_clip_max': 10.0}. Best is trial 41 with value: 0.20171108420536576.
[I 2026-04-23 16:45:42,687] Trial 44 finished with value: 0.19292261220103135 and parameters: {'alpha': 34369.74283178989, 'use_snp_selection': False, 'iw_method': 'uniform', 'iw_clip_max': 10.0}. Best is trial 41 with value: 0.20171108420536576.
[I 2026-04-23 16:46:27,049] Trial 45 finished with value: 0.19856464598721973 and parameters: {'alpha': 358620.22993809456, 'use_snp_selection': False, 'iw_method': 'uniform', 'iw_clip_max': 10.0}. Best is trial 41 with value: 0.20171108420536576.
[I 2026-04-23 16:48:16,565] Trial 46 finished with value: 0.20092219574942566 and parameters: {'alpha': 129868.80506478988, 'use_snp_selection': True, 'num_snps': 39667, 'iw_method': 'uniform', 'iw_clip_max': None}. Best is trial 41 with value: 0.20171108420536576.
[I 2026-04-23 16:52:14,800] Trial 47 finished with value: 0.1894754409017778 and parameters: {'alpha': 5421.999445909243, 'use_snp_selection': False, 'iw_method': 'pc_logistic', 'iw_clip_max': 5.0, 'iw_n_components': 20, 'iw_logistic_c': 9.092628649818078, 'iw_pca_fit': 'combined', 'iw_solver': 'lbfgs'}. Best is trial 41 with value: 0.20171108420536576.
[I 2026-04-23 16:52:58,403] Trial 48 finished with value: 0.19199253871888797 and parameters: {'alpha': 817765.7975418145, 'use_snp_selection': False, 'iw_method': 'uniform', 'iw_clip_max': 10.0}. Best is trial 41 with value: 0.20171108420536576.
[I 2026-04-23 16:53:41,922] Trial 49 finished with value: 0.1809933956120805 and parameters: {'alpha': 13528.773907672185, 'use_snp_selection': False, 'iw_method': 'uniform', 'iw_clip_max': 10.0}. Best is trial 41 with value: 0.20171108420536576.
