Running from this directory: /cluster/work/simennes/Master_thesis
Name of job: ncv_ridge_iw
ID of job: 24335607
Array task ID: 13
The job was run on these nodes: idun-03-21
[I 2026-04-23 15:39:43,553] Trial 0 finished with value: 0.16260879673845874 and parameters: {'alpha': 113703.38004442609, 'use_snp_selection': True, 'num_snps': 5442, 'iw_method': 'pc_logistic', 'iw_clip_max': 10.0, 'iw_n_components': 5, 'iw_logistic_c': 4.927310296129143, 'iw_pca_fit': 'source', 'iw_solver': 'lbfgs'}. Best is trial 0 with value: 0.16260879673845874.
[I 2026-04-23 15:47:45,594] Trial 1 finished with value: 0.1805731227547072 and parameters: {'alpha': 31403.568254918682, 'use_snp_selection': True, 'num_snps': 52878, 'iw_method': 'pc_logistic', 'iw_clip_max': 25.0, 'iw_n_components': 50, 'iw_logistic_c': 0.0215474878351802, 'iw_pca_fit': 'combined', 'iw_solver': 'lbfgs'}. Best is trial 1 with value: 0.1805731227547072.
[I 2026-04-23 15:48:33,280] Trial 2 finished with value: 0.1825031362577849 and parameters: {'alpha': 843188.1730429748, 'use_snp_selection': False, 'iw_method': 'uniform', 'iw_clip_max': 10.0}. Best is trial 2 with value: 0.1825031362577849.
[I 2026-04-23 15:52:39,080] Trial 3 finished with value: 0.13383723109703702 and parameters: {'alpha': 1608.6968668824506, 'use_snp_selection': True, 'num_snps': 20835, 'iw_method': 'pc_logistic', 'iw_clip_max': None, 'iw_n_components': 10, 'iw_logistic_c': 1.0216001618506627, 'iw_pca_fit': 'source', 'iw_solver': 'lbfgs'}. Best is trial 2 with value: 0.1825031362577849.
[I 2026-04-23 15:53:30,640] Trial 4 finished with value: 0.1869453471820804 and parameters: {'alpha': 304631.0485153137, 'use_snp_selection': False, 'iw_method': 'uniform', 'iw_clip_max': 25.0}. Best is trial 4 with value: 0.1869453471820804.
[I 2026-04-23 15:58:31,835] Trial 5 finished with value: 0.16090128202745513 and parameters: {'alpha': 1969.1835550007406, 'use_snp_selection': False, 'iw_method': 'pc_logistic', 'iw_clip_max': None, 'iw_n_components': 10, 'iw_logistic_c': 72.13019609570544, 'iw_pca_fit': 'source', 'iw_solver': 'lbfgs'}. Best is trial 4 with value: 0.1869453471820804.
[I 2026-04-23 16:02:58,112] Trial 6 finished with value: 0.1787220523137547 and parameters: {'alpha': 102451.8239242939, 'use_snp_selection': True, 'num_snps': 28882, 'iw_method': 'pc_logistic', 'iw_clip_max': None, 'iw_n_components': 5, 'iw_logistic_c': 74.89693291900525, 'iw_pca_fit': 'source', 'iw_solver': 'lbfgs'}. Best is trial 4 with value: 0.1869453471820804.
[I 2026-04-23 16:03:49,191] Trial 7 finished with value: 0.14748917952172466 and parameters: {'alpha': 2141.2178673431476, 'use_snp_selection': False, 'iw_method': 'uniform', 'iw_clip_max': 25.0}. Best is trial 4 with value: 0.1869453471820804.
[I 2026-04-23 16:06:13,489] Trial 8 finished with value: 0.17255619056572544 and parameters: {'alpha': 5044402.471344981, 'use_snp_selection': True, 'num_snps': 45718, 'iw_method': 'uniform', 'iw_clip_max': 5.0}. Best is trial 4 with value: 0.1869453471820804.
[I 2026-04-23 16:11:46,372] Trial 9 finished with value: 0.17815029212405492 and parameters: {'alpha': 6685.17962248224, 'use_snp_selection': False, 'iw_method': 'pc_logistic', 'iw_clip_max': 25.0, 'iw_n_components': 10, 'iw_logistic_c': 60.72281367077526, 'iw_pca_fit': 'combined', 'iw_solver': 'lbfgs'}. Best is trial 4 with value: 0.1869453471820804.
[I 2026-04-23 16:12:39,183] Trial 10 finished with value: 0.18238494661127 and parameters: {'alpha': 860571.7420672657, 'use_snp_selection': False, 'iw_method': 'uniform', 'iw_clip_max': 5.0}. Best is trial 4 with value: 0.1869453471820804.
[I 2026-04-23 16:13:31,657] Trial 11 finished with value: 0.18288509309419815 and parameters: {'alpha': 788941.4897203294, 'use_snp_selection': False, 'iw_method': 'uniform', 'iw_clip_max': 10.0}. Best is trial 4 with value: 0.1869453471820804.
[I 2026-04-23 16:14:21,774] Trial 12 finished with value: 0.18385658935786767 and parameters: {'alpha': 662429.7344273377, 'use_snp_selection': False, 'iw_method': 'uniform', 'iw_clip_max': 10.0}. Best is trial 4 with value: 0.1869453471820804.
[I 2026-04-23 16:15:12,151] Trial 13 finished with value: 0.1728141772048518 and parameters: {'alpha': 6288680.884093956, 'use_snp_selection': False, 'iw_method': 'uniform', 'iw_clip_max': 25.0}. Best is trial 4 with value: 0.1869453471820804.
[I 2026-04-23 16:16:03,609] Trial 14 finished with value: 0.1870655690688035 and parameters: {'alpha': 285374.8412309771, 'use_snp_selection': False, 'iw_method': 'uniform', 'iw_clip_max': 10.0}. Best is trial 14 with value: 0.1870655690688035.
[I 2026-04-23 16:16:53,347] Trial 15 finished with value: 0.17609348118883134 and parameters: {'alpha': 36021.612679774575, 'use_snp_selection': False, 'iw_method': 'uniform', 'iw_clip_max': 25.0}. Best is trial 14 with value: 0.1870655690688035.
[I 2026-04-23 16:17:43,259] Trial 16 finished with value: 0.18687726185915018 and parameters: {'alpha': 314464.6358887838, 'use_snp_selection': False, 'iw_method': 'uniform', 'iw_clip_max': 10.0}. Best is trial 14 with value: 0.1870655690688035.
[I 2026-04-23 16:18:38,187] Trial 17 finished with value: 0.17678777928686226 and parameters: {'alpha': 2320042.028519574, 'use_snp_selection': False, 'iw_method': 'uniform', 'iw_clip_max': 5.0}. Best is trial 14 with value: 0.1870655690688035.
[I 2026-04-23 16:19:28,785] Trial 18 finished with value: 0.17290121263972982 and parameters: {'alpha': 27007.985396542343, 'use_snp_selection': False, 'iw_method': 'uniform', 'iw_clip_max': 25.0}. Best is trial 14 with value: 0.1870655690688035.
[I 2026-04-23 16:20:19,274] Trial 19 finished with value: 0.18709822952649255 and parameters: {'alpha': 279485.34672008036, 'use_snp_selection': False, 'iw_method': 'uniform', 'iw_clip_max': 10.0}. Best is trial 19 with value: 0.18709822952649255.
[I 2026-04-23 16:21:10,296] Trial 20 finished with value: 0.18726253634618972 and parameters: {'alpha': 218440.3724252272, 'use_snp_selection': False, 'iw_method': 'uniform', 'iw_clip_max': 10.0}. Best is trial 20 with value: 0.18726253634618972.
[I 2026-04-23 16:21:59,459] Trial 21 finished with value: 0.18723435091144172 and parameters: {'alpha': 204547.99154223, 'use_snp_selection': False, 'iw_method': 'uniform', 'iw_clip_max': 10.0}. Best is trial 20 with value: 0.18726253634618972.
[I 2026-04-23 16:22:48,898] Trial 22 finished with value: 0.18162198293711115 and parameters: {'alpha': 63613.22184273683, 'use_snp_selection': False, 'iw_method': 'uniform', 'iw_clip_max': 10.0}. Best is trial 20 with value: 0.18726253634618972.
[I 2026-04-23 16:24:07,318] Trial 23 finished with value: 0.16433379969362222 and parameters: {'alpha': 12929.142807618424, 'use_snp_selection': False, 'iw_method': 'uniform', 'iw_clip_max': 10.0}. Best is trial 20 with value: 0.18726253634618972.
[I 2026-04-23 16:25:18,601] Trial 24 finished with value: 0.1869845146715334 and parameters: {'alpha': 169918.64865646733, 'use_snp_selection': False, 'iw_method': 'uniform', 'iw_clip_max': 10.0}. Best is trial 20 with value: 0.18726253634618972.
[I 2026-04-23 16:26:09,064] Trial 25 finished with value: 0.18717706512539084 and parameters: {'alpha': 191920.9740697538, 'use_snp_selection': False, 'iw_method': 'uniform', 'iw_clip_max': 10.0}. Best is trial 20 with value: 0.18726253634618972.
[I 2026-04-23 16:26:57,798] Trial 26 finished with value: 0.18158820707057174 and parameters: {'alpha': 63360.686305643045, 'use_snp_selection': False, 'iw_method': 'uniform', 'iw_clip_max': 10.0}. Best is trial 20 with value: 0.18726253634618972.
[I 2026-04-23 16:29:30,901] Trial 27 finished with value: 0.17640595909305432 and parameters: {'alpha': 2271656.6274574646, 'use_snp_selection': True, 'num_snps': 59564, 'iw_method': 'uniform', 'iw_clip_max': 10.0}. Best is trial 20 with value: 0.18726253634618972.
[I 2026-04-23 16:30:21,004] Trial 28 finished with value: 0.16601719752881433 and parameters: {'alpha': 14944.949338440329, 'use_snp_selection': False, 'iw_method': 'uniform', 'iw_clip_max': 10.0}. Best is trial 20 with value: 0.18726253634618972.
[I 2026-04-23 16:33:27,524] Trial 29 finished with value: 0.17370451800589745 and parameters: {'alpha': 162321.214117955, 'use_snp_selection': True, 'num_snps': 6691, 'iw_method': 'pc_logistic', 'iw_clip_max': 10.0, 'iw_n_components': 20, 'iw_logistic_c': 0.012508090354298252, 'iw_pca_fit': 'combined', 'iw_solver': 'lbfgs'}. Best is trial 20 with value: 0.18726253634618972.
[I 2026-04-23 16:34:17,013] Trial 30 finished with value: 0.17680983692900218 and parameters: {'alpha': 2309866.7466816166, 'use_snp_selection': False, 'iw_method': 'uniform', 'iw_clip_max': 10.0}. Best is trial 20 with value: 0.18726253634618972.
[I 2026-04-23 16:35:06,639] Trial 31 finished with value: 0.1855360318814695 and parameters: {'alpha': 470116.6457412299, 'use_snp_selection': False, 'iw_method': 'uniform', 'iw_clip_max': 10.0}. Best is trial 20 with value: 0.18726253634618972.
[I 2026-04-23 16:35:55,752] Trial 32 finished with value: 0.18721929577359145 and parameters: {'alpha': 200433.54319135257, 'use_snp_selection': False, 'iw_method': 'uniform', 'iw_clip_max': 10.0}. Best is trial 20 with value: 0.18726253634618972.
[I 2026-04-23 16:36:45,597] Trial 33 finished with value: 0.1866171431496614 and parameters: {'alpha': 147221.57802718776, 'use_snp_selection': False, 'iw_method': 'uniform', 'iw_clip_max': 10.0}. Best is trial 20 with value: 0.18726253634618972.
[I 2026-04-23 16:43:35,599] Trial 34 finished with value: 0.16034010969840268 and parameters: {'alpha': 73722.83821208718, 'use_snp_selection': True, 'num_snps': 39816, 'iw_method': 'pc_logistic', 'iw_clip_max': None, 'iw_n_components': 50, 'iw_logistic_c': 0.11088291658462143, 'iw_pca_fit': 'combined', 'iw_solver': 'lbfgs'}. Best is trial 20 with value: 0.18726253634618972.
[I 2026-04-23 16:44:32,580] Trial 35 finished with value: 0.17988479099632831 and parameters: {'alpha': 1317474.6057817973, 'use_snp_selection': False, 'iw_method': 'uniform', 'iw_clip_max': 10.0}. Best is trial 20 with value: 0.18726253634618972.
[I 2026-04-23 16:45:24,266] Trial 36 finished with value: 0.18585845056835934 and parameters: {'alpha': 434847.32415242697, 'use_snp_selection': False, 'iw_method': 'uniform', 'iw_clip_max': 5.0}. Best is trial 20 with value: 0.18726253634618972.
[I 2026-04-23 16:50:59,828] Trial 37 finished with value: 0.16756602906144258 and parameters: {'alpha': 44763.7193441732, 'use_snp_selection': False, 'iw_method': 'pc_logistic', 'iw_clip_max': 10.0, 'iw_n_components': 20, 'iw_logistic_c': 5.843783263081874, 'iw_pca_fit': 'source', 'iw_solver': 'lbfgs'}. Best is trial 20 with value: 0.18726253634618972.
[I 2026-04-23 16:52:43,851] Trial 38 finished with value: 0.1839026773238847 and parameters: {'alpha': 118534.76147704892, 'use_snp_selection': True, 'num_snps': 21056, 'iw_method': 'uniform', 'iw_clip_max': None}. Best is trial 20 with value: 0.18726253634618972.
[I 2026-04-23 16:53:37,458] Trial 39 finished with value: 0.18726513053930016 and parameters: {'alpha': 224620.01268701564, 'use_snp_selection': False, 'iw_method': 'uniform', 'iw_clip_max': 10.0}. Best is trial 39 with value: 0.18726513053930016.
[I 2026-04-23 16:59:41,581] Trial 40 finished with value: 0.13585353612570922 and parameters: {'alpha': 1233712.0067097999, 'use_snp_selection': False, 'iw_method': 'pc_logistic', 'iw_clip_max': None, 'iw_n_components': 50, 'iw_logistic_c': 0.266451689908294, 'iw_pca_fit': 'combined', 'iw_solver': 'lbfgs'}. Best is trial 39 with value: 0.18726513053930016.
[I 2026-04-23 17:00:31,138] Trial 41 finished with value: 0.18726322754676197 and parameters: {'alpha': 219274.09501783605, 'use_snp_selection': False, 'iw_method': 'uniform', 'iw_clip_max': 10.0}. Best is trial 39 with value: 0.18726513053930016.
[I 2026-04-23 17:01:31,774] Trial 42 finished with value: 0.18430080816587432 and parameters: {'alpha': 90918.71713495691, 'use_snp_selection': False, 'iw_method': 'uniform', 'iw_clip_max': 10.0}. Best is trial 39 with value: 0.18726513053930016.
[I 2026-04-23 17:02:22,487] Trial 43 finished with value: 0.18575427331827515 and parameters: {'alpha': 446259.7646263375, 'use_snp_selection': False, 'iw_method': 'uniform', 'iw_clip_max': 10.0}. Best is trial 39 with value: 0.18726513053930016.
[I 2026-04-23 17:03:10,756] Trial 44 finished with value: 0.18726193593517637 and parameters: {'alpha': 217787.22715078617, 'use_snp_selection': False, 'iw_method': 'uniform', 'iw_clip_max': 10.0}. Best is trial 39 with value: 0.18726513053930016.
[I 2026-04-23 17:04:01,293] Trial 45 finished with value: 0.18519462577950302 and parameters: {'alpha': 105655.00373063034, 'use_snp_selection': False, 'iw_method': 'uniform', 'iw_clip_max': 5.0}. Best is trial 39 with value: 0.18726513053930016.
[I 2026-04-23 17:06:05,434] Trial 46 finished with value: 0.18312039534837438 and parameters: {'alpha': 583478.3425807835, 'use_snp_selection': True, 'num_snps': 36247, 'iw_method': 'uniform', 'iw_clip_max': 10.0}. Best is trial 39 with value: 0.18726513053930016.
[I 2026-04-23 17:06:56,871] Trial 47 finished with value: 0.18715088094754329 and parameters: {'alpha': 268974.0387150554, 'use_snp_selection': False, 'iw_method': 'uniform', 'iw_clip_max': 10.0}. Best is trial 39 with value: 0.18726513053930016.
[I 2026-04-23 17:12:02,090] Trial 48 finished with value: 0.16846462043979507 and parameters: {'alpha': 1012063.1418869583, 'use_snp_selection': False, 'iw_method': 'pc_logistic', 'iw_clip_max': 10.0, 'iw_n_components': 20, 'iw_logistic_c': 8.513176839209727, 'iw_pca_fit': 'source', 'iw_solver': 'lbfgs'}. Best is trial 39 with value: 0.18726513053930016.
[I 2026-04-23 17:12:56,556] Trial 49 finished with value: 0.1791377524344305 and parameters: {'alpha': 48461.75217670879, 'use_snp_selection': False, 'iw_method': 'uniform', 'iw_clip_max': 10.0}. Best is trial 39 with value: 0.18726513053930016.
