Running from this directory: /cluster/work/simennes/Master_thesis
Name of job: ncv_ridge_iw
ID of job: 24335599
Array task ID: 5
The job was run on these nodes: idun-03-09
[I 2026-04-23 15:39:01,087] Trial 0 finished with value: 0.16625098964470514 and parameters: {'alpha': 113703.38004442609, 'use_snp_selection': True, 'num_snps': 5442, 'iw_method': 'pc_logistic', 'iw_clip_max': 10.0, 'iw_n_components': 5, 'iw_logistic_c': 4.927310296129143, 'iw_pca_fit': 'source', 'iw_solver': 'lbfgs'}. Best is trial 0 with value: 0.16625098964470514.
[I 2026-04-23 15:44:38,565] Trial 1 finished with value: 0.1654984730390891 and parameters: {'alpha': 31403.568254918682, 'use_snp_selection': True, 'num_snps': 52878, 'iw_method': 'pc_logistic', 'iw_clip_max': 25.0, 'iw_n_components': 50, 'iw_logistic_c': 0.0215474878351802, 'iw_pca_fit': 'combined', 'iw_solver': 'lbfgs'}. Best is trial 0 with value: 0.16625098964470514.
[I 2026-04-23 15:45:20,855] Trial 2 finished with value: 0.18516505370533223 and parameters: {'alpha': 843188.1730429748, 'use_snp_selection': False, 'iw_method': 'uniform', 'iw_clip_max': 10.0}. Best is trial 2 with value: 0.18516505370533223.
[I 2026-04-23 15:48:22,076] Trial 3 finished with value: 0.13940068555028187 and parameters: {'alpha': 1608.6968668824506, 'use_snp_selection': True, 'num_snps': 20835, 'iw_method': 'pc_logistic', 'iw_clip_max': None, 'iw_n_components': 10, 'iw_logistic_c': 1.0216001618506627, 'iw_pca_fit': 'source', 'iw_solver': 'lbfgs'}. Best is trial 2 with value: 0.18516505370533223.
[I 2026-04-23 15:49:04,519] Trial 4 finished with value: 0.18593075104917847 and parameters: {'alpha': 304631.0485153137, 'use_snp_selection': False, 'iw_method': 'uniform', 'iw_clip_max': 25.0}. Best is trial 4 with value: 0.18593075104917847.
[I 2026-04-23 15:52:36,464] Trial 5 finished with value: 0.1458267513147205 and parameters: {'alpha': 1969.1835550007406, 'use_snp_selection': False, 'iw_method': 'pc_logistic', 'iw_clip_max': None, 'iw_n_components': 10, 'iw_logistic_c': 72.13019609570544, 'iw_pca_fit': 'source', 'iw_solver': 'lbfgs'}. Best is trial 4 with value: 0.18593075104917847.
[I 2026-04-23 15:55:54,631] Trial 6 finished with value: 0.18913162821715995 and parameters: {'alpha': 102451.8239242939, 'use_snp_selection': True, 'num_snps': 28882, 'iw_method': 'pc_logistic', 'iw_clip_max': None, 'iw_n_components': 5, 'iw_logistic_c': 74.89693291900525, 'iw_pca_fit': 'source', 'iw_solver': 'lbfgs'}. Best is trial 6 with value: 0.18913162821715995.
[I 2026-04-23 15:56:35,835] Trial 7 finished with value: 0.13496053187965387 and parameters: {'alpha': 2141.2178673431476, 'use_snp_selection': False, 'iw_method': 'uniform', 'iw_clip_max': 25.0}. Best is trial 6 with value: 0.18913162821715995.
[I 2026-04-23 15:58:28,772] Trial 8 finished with value: 0.18142716219254865 and parameters: {'alpha': 5044402.471344981, 'use_snp_selection': True, 'num_snps': 45718, 'iw_method': 'uniform', 'iw_clip_max': 5.0}. Best is trial 6 with value: 0.18913162821715995.
[I 2026-04-23 16:02:14,567] Trial 9 finished with value: 0.16586864434705773 and parameters: {'alpha': 6685.17962248224, 'use_snp_selection': False, 'iw_method': 'pc_logistic', 'iw_clip_max': 25.0, 'iw_n_components': 10, 'iw_logistic_c': 60.72281367077526, 'iw_pca_fit': 'combined', 'iw_solver': 'lbfgs'}. Best is trial 6 with value: 0.18913162821715995.
[I 2026-04-23 16:05:40,387] Trial 10 finished with value: 0.18215228789109572 and parameters: {'alpha': 23391.591267096388, 'use_snp_selection': True, 'num_snps': 31146, 'iw_method': 'pc_logistic', 'iw_clip_max': None, 'iw_n_components': 5, 'iw_logistic_c': 0.06016670508287569, 'iw_pca_fit': 'source', 'iw_solver': 'lbfgs'}. Best is trial 6 with value: 0.18913162821715995.
[I 2026-04-23 16:06:22,065] Trial 11 finished with value: 0.18617052485575947 and parameters: {'alpha': 385101.1322817476, 'use_snp_selection': False, 'iw_method': 'uniform', 'iw_clip_max': 5.0}. Best is trial 6 with value: 0.18913162821715995.
[I 2026-04-23 16:07:51,651] Trial 12 finished with value: 0.18818836626211938 and parameters: {'alpha': 1734113.7963036986, 'use_snp_selection': True, 'num_snps': 29838, 'iw_method': 'uniform', 'iw_clip_max': 5.0}. Best is trial 6 with value: 0.18913162821715995.
[I 2026-04-23 16:09:21,253] Trial 13 finished with value: 0.18437408836010408 and parameters: {'alpha': 8527470.204749202, 'use_snp_selection': True, 'num_snps': 29555, 'iw_method': 'uniform', 'iw_clip_max': 5.0}. Best is trial 6 with value: 0.18913162821715995.
[I 2026-04-23 16:10:37,010] Trial 14 finished with value: 0.17773388310531424 and parameters: {'alpha': 1828519.0518881008, 'use_snp_selection': True, 'num_snps': 18425, 'iw_method': 'uniform', 'iw_clip_max': None}. Best is trial 6 with value: 0.18913162821715995.
[I 2026-04-23 16:14:59,788] Trial 15 finished with value: 0.1731867359349079 and parameters: {'alpha': 102467.01147427692, 'use_snp_selection': True, 'num_snps': 42784, 'iw_method': 'pc_logistic', 'iw_clip_max': 5.0, 'iw_n_components': 20, 'iw_logistic_c': 6.592785221196832, 'iw_pca_fit': 'source', 'iw_solver': 'lbfgs'}. Best is trial 6 with value: 0.18913162821715995.
[I 2026-04-23 16:16:21,627] Trial 16 finished with value: 0.1826799754152117 and parameters: {'alpha': 2122867.29819787, 'use_snp_selection': True, 'num_snps': 23149, 'iw_method': 'uniform', 'iw_clip_max': None}. Best is trial 6 with value: 0.18913162821715995.
[I 2026-04-23 16:20:36,156] Trial 17 finished with value: 0.17389243848158326 and parameters: {'alpha': 22484.0910106446, 'use_snp_selection': True, 'num_snps': 42558, 'iw_method': 'pc_logistic', 'iw_clip_max': 5.0, 'iw_n_components': 5, 'iw_logistic_c': 0.26884135359596684, 'iw_pca_fit': 'combined', 'iw_solver': 'lbfgs'}. Best is trial 6 with value: 0.18913162821715995.
[I 2026-04-23 16:22:14,559] Trial 18 finished with value: 0.19443185629907747 and parameters: {'alpha': 351010.0222018143, 'use_snp_selection': True, 'num_snps': 36942, 'iw_method': 'uniform', 'iw_clip_max': 10.0}. Best is trial 18 with value: 0.19443185629907747.
[I 2026-04-23 16:27:46,305] Trial 19 finished with value: 0.17155030991808964 and parameters: {'alpha': 262710.5067238921, 'use_snp_selection': True, 'num_snps': 59245, 'iw_method': 'pc_logistic', 'iw_clip_max': 10.0, 'iw_n_components': 20, 'iw_logistic_c': 8.040356221951109, 'iw_pca_fit': 'source', 'iw_solver': 'lbfgs'}. Best is trial 18 with value: 0.19443185629907747.
[I 2026-04-23 16:32:15,006] Trial 20 finished with value: 0.1703189715806747 and parameters: {'alpha': 38579.04030066187, 'use_snp_selection': True, 'num_snps': 36944, 'iw_method': 'pc_logistic', 'iw_clip_max': 10.0, 'iw_n_components': 50, 'iw_logistic_c': 0.6762716003704341, 'iw_pca_fit': 'combined', 'iw_solver': 'lbfgs'}. Best is trial 18 with value: 0.19443185629907747.
[I 2026-04-23 16:33:52,426] Trial 21 finished with value: 0.19113196019094542 and parameters: {'alpha': 846638.7284997299, 'use_snp_selection': True, 'num_snps': 34664, 'iw_method': 'uniform', 'iw_clip_max': 10.0}. Best is trial 18 with value: 0.19443185629907747.
[I 2026-04-23 16:35:32,801] Trial 22 finished with value: 0.1916596505286152 and parameters: {'alpha': 678827.5480962632, 'use_snp_selection': True, 'num_snps': 37103, 'iw_method': 'uniform', 'iw_clip_max': 10.0}. Best is trial 18 with value: 0.19443185629907747.
[I 2026-04-23 16:37:13,229] Trial 23 finished with value: 0.19312349978113896 and parameters: {'alpha': 538366.7578871452, 'use_snp_selection': True, 'num_snps': 36828, 'iw_method': 'uniform', 'iw_clip_max': 10.0}. Best is trial 18 with value: 0.19443185629907747.
[I 2026-04-23 16:38:57,214] Trial 24 finished with value: 0.19024738809718109 and parameters: {'alpha': 696135.8566199851, 'use_snp_selection': True, 'num_snps': 39853, 'iw_method': 'uniform', 'iw_clip_max': 10.0}. Best is trial 18 with value: 0.19443185629907747.
[I 2026-04-23 16:40:54,370] Trial 25 finished with value: 0.18727357321280053 and parameters: {'alpha': 194643.83280506905, 'use_snp_selection': True, 'num_snps': 50537, 'iw_method': 'uniform', 'iw_clip_max': 10.0}. Best is trial 18 with value: 0.19443185629907747.
[I 2026-04-23 16:42:47,455] Trial 26 finished with value: 0.18733350156325976 and parameters: {'alpha': 591675.4184202849, 'use_snp_selection': True, 'num_snps': 46573, 'iw_method': 'uniform', 'iw_clip_max': 10.0}. Best is trial 18 with value: 0.19443185629907747.
[I 2026-04-23 16:44:27,797] Trial 27 finished with value: 0.1866556901417226 and parameters: {'alpha': 3233673.5757404384, 'use_snp_selection': True, 'num_snps': 36063, 'iw_method': 'uniform', 'iw_clip_max': 10.0}. Best is trial 18 with value: 0.19443185629907747.
[I 2026-04-23 16:45:52,363] Trial 28 finished with value: 0.18729561284733806 and parameters: {'alpha': 50483.14398635298, 'use_snp_selection': True, 'num_snps': 23408, 'iw_method': 'uniform', 'iw_clip_max': 10.0}. Best is trial 18 with value: 0.19443185629907747.
[I 2026-04-23 16:47:03,541] Trial 29 finished with value: 0.17243197901493815 and parameters: {'alpha': 148790.3344504483, 'use_snp_selection': True, 'num_snps': 13211, 'iw_method': 'uniform', 'iw_clip_max': 10.0}. Best is trial 18 with value: 0.19443185629907747.
[I 2026-04-23 16:48:47,184] Trial 30 finished with value: 0.1888894646617276 and parameters: {'alpha': 1126093.5370252752, 'use_snp_selection': True, 'num_snps': 38854, 'iw_method': 'uniform', 'iw_clip_max': 10.0}. Best is trial 18 with value: 0.19443185629907747.
[I 2026-04-23 16:50:24,587] Trial 31 finished with value: 0.1928730725307733 and parameters: {'alpha': 465623.4470372769, 'use_snp_selection': True, 'num_snps': 33346, 'iw_method': 'uniform', 'iw_clip_max': 10.0}. Best is trial 18 with value: 0.19443185629907747.
[I 2026-04-23 16:52:04,910] Trial 32 finished with value: 0.19437597257931846 and parameters: {'alpha': 468547.20893280394, 'use_snp_selection': True, 'num_snps': 35273, 'iw_method': 'uniform', 'iw_clip_max': 10.0}. Best is trial 18 with value: 0.19443185629907747.
[I 2026-04-23 16:53:40,908] Trial 33 finished with value: 0.19283995041400712 and parameters: {'alpha': 431093.5687005134, 'use_snp_selection': True, 'num_snps': 32765, 'iw_method': 'uniform', 'iw_clip_max': 10.0}. Best is trial 18 with value: 0.19443185629907747.
[I 2026-04-23 16:55:07,872] Trial 34 finished with value: 0.19383922858117783 and parameters: {'alpha': 63278.649339310476, 'use_snp_selection': True, 'num_snps': 25634, 'iw_method': 'uniform', 'iw_clip_max': 10.0}. Best is trial 18 with value: 0.19443185629907747.
[I 2026-04-23 16:56:35,554] Trial 35 finished with value: 0.19280195982164555 and parameters: {'alpha': 53754.96767487348, 'use_snp_selection': True, 'num_snps': 26277, 'iw_method': 'uniform', 'iw_clip_max': 10.0}. Best is trial 18 with value: 0.19443185629907747.
[I 2026-04-23 16:57:17,447] Trial 36 finished with value: 0.18496142795137868 and parameters: {'alpha': 216632.10190233667, 'use_snp_selection': False, 'iw_method': 'uniform', 'iw_clip_max': 10.0}. Best is trial 18 with value: 0.19443185629907747.
[I 2026-04-23 16:58:29,947] Trial 37 finished with value: 0.13941223347607842 and parameters: {'alpha': 10584.08489807284, 'use_snp_selection': True, 'num_snps': 13933, 'iw_method': 'uniform', 'iw_clip_max': 25.0}. Best is trial 18 with value: 0.19443185629907747.
[I 2026-04-23 16:59:11,780] Trial 38 finished with value: 0.17938642214267192 and parameters: {'alpha': 95382.17407316115, 'use_snp_selection': False, 'iw_method': 'uniform', 'iw_clip_max': 10.0}. Best is trial 18 with value: 0.19443185629907747.
[I 2026-04-23 17:00:59,317] Trial 39 finished with value: 0.18723615742132171 and parameters: {'alpha': 1060023.0055684177, 'use_snp_selection': True, 'num_snps': 42562, 'iw_method': 'uniform', 'iw_clip_max': 10.0}. Best is trial 18 with value: 0.19443185629907747.
[I 2026-04-23 17:01:41,341] Trial 40 finished with value: 0.17543546668554125 and parameters: {'alpha': 65292.70961516073, 'use_snp_selection': False, 'iw_method': 'uniform', 'iw_clip_max': 25.0}. Best is trial 18 with value: 0.19443185629907747.
[I 2026-04-23 17:03:09,559] Trial 41 finished with value: 0.1915229426783928 and parameters: {'alpha': 406683.2901873007, 'use_snp_selection': True, 'num_snps': 26627, 'iw_method': 'uniform', 'iw_clip_max': 10.0}. Best is trial 18 with value: 0.19443185629907747.
[I 2026-04-23 17:04:47,171] Trial 42 finished with value: 0.19515242965702273 and parameters: {'alpha': 154059.5225727422, 'use_snp_selection': True, 'num_snps': 33920, 'iw_method': 'uniform', 'iw_clip_max': 10.0}. Best is trial 42 with value: 0.19515242965702273.
[I 2026-04-23 17:06:32,957] Trial 43 finished with value: 0.19213530716389063 and parameters: {'alpha': 138552.24470479772, 'use_snp_selection': True, 'num_snps': 39840, 'iw_method': 'uniform', 'iw_clip_max': 10.0}. Best is trial 42 with value: 0.19515242965702273.
[I 2026-04-23 17:08:09,950] Trial 44 finished with value: 0.1932392217119246 and parameters: {'alpha': 72723.72879535843, 'use_snp_selection': True, 'num_snps': 32805, 'iw_method': 'uniform', 'iw_clip_max': 10.0}. Best is trial 42 with value: 0.19515242965702273.
[I 2026-04-23 17:09:36,185] Trial 45 finished with value: 0.18532292694549937 and parameters: {'alpha': 20469.82720168388, 'use_snp_selection': True, 'num_snps': 26629, 'iw_method': 'uniform', 'iw_clip_max': 10.0}. Best is trial 42 with value: 0.19515242965702273.
[I 2026-04-23 17:11:07,565] Trial 46 finished with value: 0.19346523288560205 and parameters: {'alpha': 83818.50626177256, 'use_snp_selection': True, 'num_snps': 33045, 'iw_method': 'uniform', 'iw_clip_max': 10.0}. Best is trial 42 with value: 0.19515242965702273.
[I 2026-04-23 17:11:48,158] Trial 47 finished with value: 0.18566452570909817 and parameters: {'alpha': 268774.6924780747, 'use_snp_selection': False, 'iw_method': 'uniform', 'iw_clip_max': 25.0}. Best is trial 42 with value: 0.19515242965702273.
[I 2026-04-23 17:13:02,621] Trial 48 finished with value: 0.16421457557596644 and parameters: {'alpha': 11114.420058757396, 'use_snp_selection': True, 'num_snps': 18941, 'iw_method': 'uniform', 'iw_clip_max': None}. Best is trial 42 with value: 0.19515242965702273.
[I 2026-04-23 17:14:31,241] Trial 49 finished with value: 0.19115153049948733 and parameters: {'alpha': 35967.17121086332, 'use_snp_selection': True, 'num_snps': 30698, 'iw_method': 'uniform', 'iw_clip_max': 10.0}. Best is trial 42 with value: 0.19515242965702273.
