2026-03-10 12:59:22 | INFO | __main__ | GA config: GAConfig(pop_size=50, n_generations=300, n_elite=2, tournament_k=3, crossover_prob=0.9, mutation_prob=0.35, n_swaps_per_mut=2, seed=14, verbose=True, stagnation_limit=15)
2026-03-10 12:59:22 | INFO | __main__ | Shard 4/20 enabled; using weighted job distribution across (target, repeat, n_train).
2026-03-10 12:59:22 | INFO | __main__ | Loading data for trait 'body_mass'
2026-03-10 12:59:22 | INFO | src.data | Loading data from NPZ: Data/npz/snp_body_mass_ALL.npz
2026-03-10 12:59:30 | INFO | __main__ | Loaded: 5697 samples, 65344 SNPs
2026-03-10 12:59:30 | INFO | __main__ | Fixed SNP subset: n=20000
2026-03-10 12:59:30 | INFO | __main__ | Shard 4/20 assigned 1/65 jobs (full=0, size=1)
2026-03-10 12:59:30 | INFO | __main__ | Target 4 (Gjerøy): n_source=5139, n_target=558
2026-03-10 12:59:30 | INFO | __main__ | Training-set sizes: [50, 100, 250, 500, 1000, 1500, 2000, 2500, 3000, 3500, 4000, 4500]
2026-03-10 12:59:32 | INFO | __main__ | PEVmean-GA job 1/1 | trait=body_mass target=4 repeat=5/5 | full=False sizes=[4500]
2026-03-10 13:00:02 | INFO | src.training_set_optimization.ga_subset | GA gen   0/300 | best=17189.958772  gen_best=17189.958772  mean=17205.947809  cache=91
2026-03-10 13:03:41 | INFO | src.training_set_optimization.ga_subset | GA gen  15/300 | best=17172.618448  gen_best=17172.618448  mean=17182.611344  cache=735
2026-03-10 13:07:23 | INFO | src.training_set_optimization.ga_subset | GA gen  30/300 | best=17167.678608  gen_best=17167.678608  mean=17174.067544  cache=1408
2026-03-10 13:10:53 | INFO | src.training_set_optimization.ga_subset | GA gen  45/300 | best=17165.230043  gen_best=17165.230043  mean=17168.242947  cache=2050
2026-03-10 13:14:30 | INFO | src.training_set_optimization.ga_subset | GA gen  60/300 | best=17158.737998  gen_best=17158.737998  mean=17165.569556  cache=2702
2026-03-10 13:18:05 | INFO | src.training_set_optimization.ga_subset | GA gen  75/300 | best=17157.954811  gen_best=17157.954811  mean=17160.202501  cache=3345
2026-03-10 13:21:45 | INFO | src.training_set_optimization.ga_subset | GA gen  90/300 | best=17156.438672  gen_best=17156.438672  mean=17164.070677  cache=4003
2026-03-10 13:25:16 | INFO | src.training_set_optimization.ga_subset | GA gen 105/300 | best=17155.267327  gen_best=17155.267327  mean=17159.570937  cache=4638
2026-03-10 13:28:50 | INFO | src.training_set_optimization.ga_subset | GA gen 120/300 | best=17154.187609  gen_best=17154.187609  mean=17161.552577  cache=5280
2026-03-10 13:32:21 | INFO | src.training_set_optimization.ga_subset | GA gen 135/300 | best=17153.112054  gen_best=17153.112054  mean=17156.356573  cache=5923
2026-03-10 13:35:55 | INFO | src.training_set_optimization.ga_subset | GA gen 150/300 | best=17151.724040  gen_best=17151.724040  mean=17155.430440  cache=6573
2026-03-10 13:39:32 | INFO | src.training_set_optimization.ga_subset | GA gen 165/300 | best=17150.749515  gen_best=17150.749515  mean=17152.390556  cache=7234
2026-03-10 13:43:07 | INFO | src.training_set_optimization.ga_subset | GA gen 180/300 | best=17150.402470  gen_best=17150.402470  mean=17153.793918  cache=7889
2026-03-10 13:46:39 | INFO | src.training_set_optimization.ga_subset | GA gen 195/300 | best=17149.290097  gen_best=17149.290097  mean=17151.078009  cache=8533
2026-03-10 13:50:14 | INFO | src.training_set_optimization.ga_subset | GA gen 210/300 | best=17148.745668  gen_best=17148.745668  mean=17150.636499  cache=9184
2026-03-10 13:53:52 | INFO | src.training_set_optimization.ga_subset | GA gen 225/300 | best=17148.040795  gen_best=17148.040795  mean=17151.638901  cache=9839
2026-03-10 13:57:25 | INFO | src.training_set_optimization.ga_subset | GA gen 240/300 | best=17146.928053  gen_best=17146.928053  mean=17151.193000  cache=10477
2026-03-10 14:00:59 | INFO | src.training_set_optimization.ga_subset | GA gen 255/300 | best=17145.945950  gen_best=17145.945950  mean=17147.114237  cache=11126
2026-03-10 14:04:29 | INFO | src.training_set_optimization.ga_subset | GA gen 270/300 | best=17145.391452  gen_best=17145.391452  mean=17148.107499  cache=11768
2026-03-10 14:08:03 | INFO | src.training_set_optimization.ga_subset | GA gen 285/300 | best=17144.940034  gen_best=17144.940034  mean=17148.979592  cache=12423
2026-03-10 14:11:18 | INFO | src.training_set_optimization.ga_subset | GA gen 299/300 | best=17144.260705  gen_best=17144.260705  mean=17145.556339  cache=13018
2026-03-10 14:11:18 | INFO | src.training_set_optimization.ga_subset | GA finished: best fitness=17144.260705  evals=13018  time=4306.1s
2026-03-10 14:11:20 | INFO | __main__ |   step 12/12 n_train=4500 PEVmean=17144.260705 corr=0.0918
2026-03-10 14:11:22 | INFO | __main__ |   random baseline order 0 done
2026-03-10 14:11:26 | INFO | __main__ |   random baseline order 1 done
2026-03-10 14:11:28 | INFO | __main__ |   random baseline order 2 done
2026-03-10 14:11:29 | INFO | __main__ |   random baseline order 3 done
2026-03-10 14:11:34 | INFO | __main__ |   random baseline order 4 done
2026-03-10 14:11:34 | INFO | __main__ | Summary saved to outputs/pevmean_ga4/shards/shard_004/body_mass/pevmean_ga_summary.csv
2026-03-10 14:11:34 | INFO | __main__ | PEVmean-GA experiment complete for trait 'body_mass'. Output: outputs/pevmean_ga4/shards/shard_004/body_mass
