2026-03-10 10:09:13 | INFO | __main__ | GA config: GAConfig(pop_size=50, n_generations=300, n_elite=2, tournament_k=3, crossover_prob=0.9, mutation_prob=0.35, n_swaps_per_mut=2, seed=14, verbose=True, stagnation_limit=15)
2026-03-10 10:09:13 | INFO | __main__ | Shard 8/20 enabled; using weighted job distribution across (target, repeat, n_train).
2026-03-10 10:09:13 | INFO | __main__ | Loading data for trait 'body_mass'
2026-03-10 10:09:13 | INFO | src.data | Loading data from NPZ: Data/npz/snp_body_mass_ALL.npz
2026-03-10 10:09:23 | INFO | __main__ | Loaded: 5697 samples, 65344 SNPs
2026-03-10 10:09:23 | INFO | __main__ | Fixed SNP subset: n=20000
2026-03-10 10:09:23 | INFO | __main__ | Shard 8/20 assigned 2/65 jobs (full=0, size=2)
2026-03-10 10:09:24 | INFO | __main__ | Target 6 (Indre Kvarøy): n_source=5341, n_target=356
2026-03-10 10:09:24 | INFO | __main__ | Training-set sizes: [50, 100, 250, 500, 1000, 1500, 2000, 2500, 3000, 3500, 4000, 4500]
2026-03-10 10:09:25 | INFO | __main__ | PEVmean-GA job 2/2 | trait=body_mass target=6 repeat=4/5 | full=False sizes=[1000, 4000]
2026-03-10 10:09:28 | INFO | src.training_set_optimization.ga_subset | GA gen   0/300 | best=18390.868226  gen_best=18390.868226  mean=18497.382693  cache=93
2026-03-10 10:09:48 | INFO | src.training_set_optimization.ga_subset | GA gen  15/300 | best=18141.766788  gen_best=18141.766788  mean=18182.297621  cache=743
2026-03-10 10:10:09 | INFO | src.training_set_optimization.ga_subset | GA gen  30/300 | best=18114.281948  gen_best=18114.281948  mean=18150.872053  cache=1397
2026-03-10 10:10:30 | INFO | src.training_set_optimization.ga_subset | GA gen  45/300 | best=18088.610224  gen_best=18088.610224  mean=18145.938303  cache=2067
2026-03-10 10:10:50 | INFO | src.training_set_optimization.ga_subset | GA gen  60/300 | best=18048.461052  gen_best=18048.461052  mean=18089.973504  cache=2733
2026-03-10 10:11:10 | INFO | src.training_set_optimization.ga_subset | GA gen  75/300 | best=18012.483882  gen_best=18012.483882  mean=18064.083170  cache=3391
2026-03-10 10:11:29 | INFO | src.training_set_optimization.ga_subset | GA gen  90/300 | best=17999.180532  gen_best=17999.180532  mean=18035.858266  cache=4041
2026-03-10 10:11:48 | INFO | src.training_set_optimization.ga_subset | GA gen 105/300 | best=17980.240596  gen_best=17980.240596  mean=18001.324290  cache=4695
2026-03-10 10:12:07 | INFO | src.training_set_optimization.ga_subset | GA gen 120/300 | best=17956.053595  gen_best=17956.053595  mean=17982.969819  cache=5340
2026-03-10 10:12:26 | INFO | src.training_set_optimization.ga_subset | GA gen 135/300 | best=17941.531848  gen_best=17941.531848  mean=17976.333537  cache=5984
2026-03-10 10:12:46 | INFO | src.training_set_optimization.ga_subset | GA gen 150/300 | best=17913.990293  gen_best=17913.990293  mean=17951.561752  cache=6657
2026-03-10 10:13:06 | INFO | src.training_set_optimization.ga_subset | GA gen 165/300 | best=17904.339363  gen_best=17904.339363  mean=17932.657880  cache=7317
2026-03-10 10:13:25 | INFO | src.training_set_optimization.ga_subset | GA gen 180/300 | best=17898.928625  gen_best=17898.928625  mean=17917.652050  cache=7964
2026-03-10 10:13:44 | INFO | src.training_set_optimization.ga_subset | GA gen 195/300 | best=17889.073435  gen_best=17889.073435  mean=17908.889612  cache=8601
2026-03-10 10:14:03 | INFO | src.training_set_optimization.ga_subset | GA gen 210/300 | best=17882.195311  gen_best=17882.195311  mean=17898.044873  cache=9258
2026-03-10 10:14:23 | INFO | src.training_set_optimization.ga_subset | GA gen 225/300 | best=17878.241291  gen_best=17878.241291  mean=17891.436595  cache=9913
2026-03-10 10:14:42 | INFO | src.training_set_optimization.ga_subset | GA gen 240/300 | best=17864.149412  gen_best=17864.149412  mean=17877.139418  cache=10562
2026-03-10 10:15:01 | INFO | src.training_set_optimization.ga_subset | GA gen 255/300 | best=17848.227695  gen_best=17848.227695  mean=17881.530020  cache=11223
2026-03-10 10:15:21 | INFO | src.training_set_optimization.ga_subset | GA gen 270/300 | best=17839.471916  gen_best=17839.471916  mean=17861.976537  cache=11875
2026-03-10 10:15:40 | INFO | src.training_set_optimization.ga_subset | GA gen 285/300 | best=17833.649759  gen_best=17833.649759  mean=17844.959885  cache=12529
2026-03-10 10:15:58 | INFO | src.training_set_optimization.ga_subset | GA gen 299/300 | best=17826.718007  gen_best=17826.718007  mean=17850.488471  cache=13129
2026-03-10 10:15:58 | INFO | src.training_set_optimization.ga_subset | GA finished: best fitness=17826.718007  evals=13129  time=392.5s
2026-03-10 10:15:59 | INFO | __main__ |   step 5/12 n_train=1000 PEVmean=17826.718007 corr=0.2187
2026-03-10 10:16:27 | INFO | src.training_set_optimization.ga_subset | GA gen   0/300 | best=16842.820921  gen_best=16842.820921  mean=16923.904408  cache=95
2026-03-10 10:19:50 | INFO | src.training_set_optimization.ga_subset | GA gen  15/300 | best=16779.521281  gen_best=16779.521281  mean=16842.086903  cache=758
2026-03-10 10:23:12 | INFO | src.training_set_optimization.ga_subset | GA gen  30/300 | best=16757.073547  gen_best=16757.073547  mean=16790.929014  cache=1429
2026-03-10 10:26:31 | INFO | src.training_set_optimization.ga_subset | GA gen  45/300 | best=16756.379829  gen_best=16756.379829  mean=16791.464835  cache=2090
2026-03-10 10:29:49 | INFO | src.training_set_optimization.ga_subset | GA gen  60/300 | best=16745.063009  gen_best=16745.063009  mean=16775.778989  cache=2745
2026-03-10 10:33:28 | INFO | src.training_set_optimization.ga_subset | GA gen  75/300 | best=16741.397719  gen_best=16741.397719  mean=16754.687572  cache=3407
2026-03-10 10:36:45 | INFO | src.training_set_optimization.ga_subset | GA gen  90/300 | best=16737.997732  gen_best=16737.997732  mean=16747.069340  cache=4055
2026-03-10 10:40:04 | INFO | src.training_set_optimization.ga_subset | GA gen 105/300 | best=16735.673701  gen_best=16735.673701  mean=16740.554404  cache=4714
2026-03-10 10:43:25 | INFO | src.training_set_optimization.ga_subset | GA gen 120/300 | best=16734.406788  gen_best=16734.406788  mean=16741.806923  cache=5368
2026-03-10 10:46:49 | INFO | src.training_set_optimization.ga_subset | GA gen 135/300 | best=16728.817040  gen_best=16728.817040  mean=16738.685403  cache=6030
2026-03-10 10:50:10 | INFO | src.training_set_optimization.ga_subset | GA gen 150/300 | best=16727.142399  gen_best=16727.142399  mean=16734.091431  cache=6691
2026-03-10 10:53:31 | INFO | src.training_set_optimization.ga_subset | GA gen 165/300 | best=16725.466809  gen_best=16725.466809  mean=16730.301816  cache=7344
2026-03-10 10:56:57 | INFO | src.training_set_optimization.ga_subset | GA gen 180/300 | best=16719.508567  gen_best=16719.508567  mean=16731.435163  cache=8019
2026-03-10 11:01:08 | INFO | src.training_set_optimization.ga_subset | GA gen 195/300 | best=16718.318708  gen_best=16718.318708  mean=16725.461916  cache=8665
2026-03-10 11:04:34 | INFO | src.training_set_optimization.ga_subset | GA gen 210/300 | best=16715.799946  gen_best=16715.799946  mean=16723.978285  cache=9327
2026-03-10 11:08:12 | INFO | src.training_set_optimization.ga_subset | GA gen 225/300 | best=16713.955140  gen_best=16713.955140  mean=16719.217927  cache=9987
2026-03-10 11:11:32 | INFO | src.training_set_optimization.ga_subset | GA gen 240/300 | best=16708.700537  gen_best=16708.700537  mean=16715.360552  cache=10637
2026-03-10 11:14:56 | INFO | src.training_set_optimization.ga_subset | GA gen 255/300 | best=16707.863399  gen_best=16707.863399  mean=16713.060001  cache=11276
2026-03-10 11:18:19 | INFO | src.training_set_optimization.ga_subset | GA gen 270/300 | best=16705.543852  gen_best=16705.543852  mean=16716.534135  cache=11939
2026-03-10 11:22:39 | INFO | src.training_set_optimization.ga_subset | GA gen 285/300 | best=16704.245956  gen_best=16704.245956  mean=16707.939407  cache=12579
2026-03-10 11:25:48 | INFO | src.training_set_optimization.ga_subset | GA gen 299/300 | best=16701.565670  gen_best=16701.565670  mean=16709.852783  cache=13186
2026-03-10 11:25:48 | INFO | src.training_set_optimization.ga_subset | GA finished: best fitness=16701.565670  evals=13186  time=4189.9s
2026-03-10 11:25:54 | INFO | __main__ |   step 11/12 n_train=4000 PEVmean=16701.565670 corr=0.3162
2026-03-10 11:25:57 | INFO | __main__ |   random baseline order 0 done
2026-03-10 11:25:59 | INFO | __main__ |   random baseline order 1 done
2026-03-10 11:26:00 | INFO | __main__ |   random baseline order 2 done
2026-03-10 11:26:02 | INFO | __main__ |   random baseline order 3 done
2026-03-10 11:26:04 | INFO | __main__ |   random baseline order 4 done
2026-03-10 11:26:04 | INFO | __main__ | Summary saved to outputs/pevmean_ga3/shards/shard_008/body_mass/pevmean_ga_summary.csv
2026-03-10 11:26:04 | INFO | __main__ | PEVmean-GA experiment complete for trait 'body_mass'. Output: outputs/pevmean_ga3/shards/shard_008/body_mass
