2026-03-10 15:20:29 | INFO | __main__ | GA config: GAConfig(pop_size=50, n_generations=300, n_elite=2, tournament_k=3, crossover_prob=0.9, mutation_prob=0.35, n_swaps_per_mut=2, seed=14, verbose=True, stagnation_limit=15)
2026-03-10 15:20:29 | INFO | __main__ | Shard 17/20 enabled; using weighted job distribution across (target, repeat, n_train).
2026-03-10 15:20:29 | INFO | __main__ | Loading data for trait 'body_mass'
2026-03-10 15:20:29 | INFO | src.data | Loading data from NPZ: Data/npz/snp_body_mass_ALL.npz
2026-03-10 15:20:37 | INFO | __main__ | Loaded: 5697 samples, 65344 SNPs
2026-03-10 15:20:37 | INFO | __main__ | Fixed SNP subset: n=20000
2026-03-10 15:20:37 | INFO | __main__ | Shard 17/20 assigned 3/65 jobs (full=0, size=3)
2026-03-10 15:20:37 | INFO | __main__ | Target 4 (Gjerøy): n_source=5139, n_target=558
2026-03-10 15:20:37 | INFO | __main__ | Training-set sizes: [50, 100, 250, 500, 1000, 1500, 2000, 2500, 3000, 3500, 4000, 4500]
2026-03-10 15:20:39 | INFO | __main__ | PEVmean-GA job 3/3 | trait=body_mass target=4 repeat=3/5 | full=False sizes=[1500, 2500, 3000]
2026-03-10 15:20:43 | INFO | src.training_set_optimization.ga_subset | GA gen   0/300 | best=18310.947776  gen_best=18310.947776  mean=18352.325776  cache=94
2026-03-10 15:21:13 | INFO | src.training_set_optimization.ga_subset | GA gen  15/300 | best=18193.119900  gen_best=18193.119900  mean=18231.247775  cache=748
2026-03-10 15:21:42 | INFO | src.training_set_optimization.ga_subset | GA gen  30/300 | best=18178.239733  gen_best=18178.239733  mean=18204.437980  cache=1400
2026-03-10 15:22:12 | INFO | src.training_set_optimization.ga_subset | GA gen  45/300 | best=18169.381096  gen_best=18169.381096  mean=18181.962501  cache=2049
2026-03-10 15:22:41 | INFO | src.training_set_optimization.ga_subset | GA gen  60/300 | best=18163.763479  gen_best=18163.763479  mean=18178.177230  cache=2692
2026-03-10 15:23:10 | INFO | src.training_set_optimization.ga_subset | GA gen  75/300 | best=18157.599948  gen_best=18157.599948  mean=18173.838881  cache=3340
2026-03-10 15:23:40 | INFO | src.training_set_optimization.ga_subset | GA gen  90/300 | best=18153.472670  gen_best=18153.472670  mean=18160.556978  cache=3998
2026-03-10 15:24:10 | INFO | src.training_set_optimization.ga_subset | GA gen 105/300 | best=18145.116365  gen_best=18145.116365  mean=18156.148229  cache=4655
2026-03-10 15:24:39 | INFO | src.training_set_optimization.ga_subset | GA gen 120/300 | best=18139.033087  gen_best=18139.033087  mean=18147.660232  cache=5304
2026-03-10 15:25:09 | INFO | src.training_set_optimization.ga_subset | GA gen 135/300 | best=18132.420091  gen_best=18132.420091  mean=18139.772718  cache=5971
2026-03-10 15:25:39 | INFO | src.training_set_optimization.ga_subset | GA gen 150/300 | best=18127.382554  gen_best=18127.382554  mean=18144.149394  cache=6627
2026-03-10 15:26:09 | INFO | src.training_set_optimization.ga_subset | GA gen 165/300 | best=18118.793051  gen_best=18118.793051  mean=18127.301885  cache=7286
2026-03-10 15:26:37 | INFO | src.training_set_optimization.ga_subset | GA gen 180/300 | best=18107.529334  gen_best=18107.529334  mean=18120.735775  cache=7924
2026-03-10 15:27:07 | INFO | src.training_set_optimization.ga_subset | GA gen 195/300 | best=18103.808956  gen_best=18103.808956  mean=18110.600124  cache=8571
2026-03-10 15:27:37 | INFO | src.training_set_optimization.ga_subset | GA gen 210/300 | best=18099.916272  gen_best=18099.916272  mean=18116.116389  cache=9234
2026-03-10 15:28:06 | INFO | src.training_set_optimization.ga_subset | GA gen 225/300 | best=18091.354338  gen_best=18091.354338  mean=18101.204597  cache=9874
2026-03-10 15:28:36 | INFO | src.training_set_optimization.ga_subset | GA gen 240/300 | best=18089.584376  gen_best=18089.584376  mean=18101.712177  cache=10535
2026-03-10 15:29:06 | INFO | src.training_set_optimization.ga_subset | GA gen 255/300 | best=18083.968951  gen_best=18083.968951  mean=18094.232151  cache=11198
2026-03-10 15:29:35 | INFO | src.training_set_optimization.ga_subset | GA gen 270/300 | best=18078.494346  gen_best=18078.494346  mean=18093.537795  cache=11829
2026-03-10 15:30:05 | INFO | src.training_set_optimization.ga_subset | GA gen 285/300 | best=18074.585034  gen_best=18074.585034  mean=18081.068938  cache=12497
2026-03-10 15:30:32 | INFO | src.training_set_optimization.ga_subset | GA gen 299/300 | best=18065.524746  gen_best=18065.524746  mean=18076.824201  cache=13102
2026-03-10 15:30:32 | INFO | src.training_set_optimization.ga_subset | GA finished: best fitness=18065.524746  evals=13102  time=593.4s
2026-03-10 15:30:33 | INFO | __main__ |   step 6/12 n_train=1500 PEVmean=18065.524746 corr=0.1129
2026-03-10 15:30:43 | INFO | src.training_set_optimization.ga_subset | GA gen   0/300 | best=17839.029521  gen_best=17839.029521  mean=17909.010619  cache=92
2026-03-10 15:31:54 | INFO | src.training_set_optimization.ga_subset | GA gen  15/300 | best=17778.830957  gen_best=17778.830957  mean=17805.561167  cache=748
2026-03-10 15:33:06 | INFO | src.training_set_optimization.ga_subset | GA gen  30/300 | best=17764.161433  gen_best=17764.161433  mean=17785.000432  cache=1411
2026-03-10 15:34:16 | INFO | src.training_set_optimization.ga_subset | GA gen  45/300 | best=17757.872363  gen_best=17757.872363  mean=17771.376439  cache=2054
2026-03-10 15:35:26 | INFO | src.training_set_optimization.ga_subset | GA gen  60/300 | best=17755.189956  gen_best=17755.189956  mean=17759.086316  cache=2698
2026-03-10 15:36:37 | INFO | src.training_set_optimization.ga_subset | GA gen  75/300 | best=17749.139858  gen_best=17749.139858  mean=17761.477673  cache=3348
2026-03-10 15:37:47 | INFO | src.training_set_optimization.ga_subset | GA gen  90/300 | best=17740.927928  gen_best=17740.927928  mean=17749.408041  cache=3994
2026-03-10 15:38:55 | INFO | src.training_set_optimization.ga_subset | GA gen 105/300 | best=17735.912714  gen_best=17735.912714  mean=17740.924686  cache=4620
2026-03-10 15:40:07 | INFO | src.training_set_optimization.ga_subset | GA gen 120/300 | best=17733.022089  gen_best=17733.022089  mean=17742.429033  cache=5281
2026-03-10 15:41:17 | INFO | src.training_set_optimization.ga_subset | GA gen 135/300 | best=17727.445903  gen_best=17727.445903  mean=17732.781298  cache=5916
2026-03-10 15:42:28 | INFO | src.training_set_optimization.ga_subset | GA gen 150/300 | best=17722.259232  gen_best=17722.259232  mean=17738.771435  cache=6574
2026-03-10 15:43:41 | INFO | src.training_set_optimization.ga_subset | GA gen 165/300 | best=17718.219600  gen_best=17718.219600  mean=17728.430055  cache=7248
2026-03-10 15:44:50 | INFO | src.training_set_optimization.ga_subset | GA gen 180/300 | best=17715.407376  gen_best=17715.407376  mean=17722.474024  cache=7910
2026-03-10 15:45:59 | INFO | src.training_set_optimization.ga_subset | GA gen 195/300 | best=17712.193345  gen_best=17712.193345  mean=17722.969808  cache=8552
2026-03-10 15:47:11 | INFO | src.training_set_optimization.ga_subset | GA gen 210/300 | best=17710.379123  gen_best=17710.379123  mean=17716.555325  cache=9208
2026-03-10 15:48:24 | INFO | src.training_set_optimization.ga_subset | GA gen 225/300 | best=17706.620640  gen_best=17706.620640  mean=17722.207457  cache=9882
2026-03-10 15:49:34 | INFO | src.training_set_optimization.ga_subset | GA gen 240/300 | best=17702.747494  gen_best=17702.747494  mean=17710.090129  cache=10521
2026-03-10 15:50:45 | INFO | src.training_set_optimization.ga_subset | GA gen 255/300 | best=17699.901573  gen_best=17699.901573  mean=17715.719256  cache=11167
2026-03-10 15:51:56 | INFO | src.training_set_optimization.ga_subset | GA gen 270/300 | best=17697.147539  gen_best=17697.147539  mean=17701.812174  cache=11821
2026-03-10 15:53:09 | INFO | src.training_set_optimization.ga_subset | GA gen 285/300 | best=17695.636157  gen_best=17695.636157  mean=17702.792359  cache=12487
2026-03-10 15:54:16 | INFO | src.training_set_optimization.ga_subset | GA gen 299/300 | best=17694.604419  gen_best=17694.604419  mean=17699.776043  cache=13094
2026-03-10 15:54:16 | INFO | src.training_set_optimization.ga_subset | GA finished: best fitness=17694.604419  evals=13094  time=1423.2s
2026-03-10 15:54:17 | INFO | __main__ |   step 8/12 n_train=2500 PEVmean=17694.604419 corr=0.1197
2026-03-10 15:54:32 | INFO | src.training_set_optimization.ga_subset | GA gen   0/300 | best=17664.979549  gen_best=17664.979549  mean=17717.865242  cache=97
2026-03-10 15:56:14 | INFO | src.training_set_optimization.ga_subset | GA gen  15/300 | best=17614.357560  gen_best=17614.357560  mean=17643.247350  cache=750
2026-03-10 15:57:54 | INFO | src.training_set_optimization.ga_subset | GA gen  30/300 | best=17598.016133  gen_best=17598.016133  mean=17609.929906  cache=1403
2026-03-10 15:59:35 | INFO | src.training_set_optimization.ga_subset | GA gen  45/300 | best=17591.751761  gen_best=17591.751761  mean=17595.932590  cache=2054
2026-03-10 16:01:16 | INFO | src.training_set_optimization.ga_subset | GA gen  60/300 | best=17587.900116  gen_best=17587.900116  mean=17593.339337  cache=2708
2026-03-10 16:02:57 | INFO | src.training_set_optimization.ga_subset | GA gen  75/300 | best=17579.424556  gen_best=17579.424556  mean=17584.497048  cache=3363
2026-03-10 16:04:41 | INFO | src.training_set_optimization.ga_subset | GA gen  90/300 | best=17574.834795  gen_best=17574.834795  mean=17584.558120  cache=4031
2026-03-10 16:06:23 | INFO | src.training_set_optimization.ga_subset | GA gen 105/300 | best=17571.598564  gen_best=17571.598564  mean=17575.971617  cache=4691
2026-03-10 16:08:04 | INFO | src.training_set_optimization.ga_subset | GA gen 120/300 | best=17567.029932  gen_best=17567.029932  mean=17576.320381  cache=5346
2026-03-10 16:09:45 | INFO | src.training_set_optimization.ga_subset | GA gen 135/300 | best=17557.912890  gen_best=17557.912890  mean=17565.579119  cache=5996
2026-03-10 16:11:25 | INFO | src.training_set_optimization.ga_subset | GA gen 150/300 | best=17556.755812  gen_best=17556.755812  mean=17563.365679  cache=6643
2026-03-10 16:13:04 | INFO | src.training_set_optimization.ga_subset | GA gen 165/300 | best=17551.858392  gen_best=17551.858392  mean=17558.071697  cache=7289
2026-03-10 16:14:46 | INFO | src.training_set_optimization.ga_subset | GA gen 180/300 | best=17550.796218  gen_best=17550.796218  mean=17557.762518  cache=7947
2026-03-10 16:16:27 | INFO | src.training_set_optimization.ga_subset | GA gen 195/300 | best=17548.718346  gen_best=17548.718346  mean=17555.196968  cache=8597
2026-03-10 16:18:09 | INFO | src.training_set_optimization.ga_subset | GA gen 210/300 | best=17547.703969  gen_best=17547.703969  mean=17551.202393  cache=9260
2026-03-10 16:19:49 | INFO | src.training_set_optimization.ga_subset | GA gen 225/300 | best=17546.721781  gen_best=17546.721781  mean=17550.971234  cache=9904
2026-03-10 16:21:28 | INFO | src.training_set_optimization.ga_subset | GA gen 240/300 | best=17545.357541  gen_best=17545.357541  mean=17550.777595  cache=10549
2026-03-10 16:23:10 | INFO | src.training_set_optimization.ga_subset | GA gen 255/300 | best=17544.344949  gen_best=17544.344949  mean=17546.970385  cache=11208
2026-03-10 16:24:52 | INFO | src.training_set_optimization.ga_subset | GA gen 270/300 | best=17541.453397  gen_best=17541.453397  mean=17549.772350  cache=11868
2026-03-10 16:26:33 | INFO | src.training_set_optimization.ga_subset | GA gen 285/300 | best=17538.967406  gen_best=17538.967406  mean=17542.364182  cache=12518
2026-03-10 16:28:08 | INFO | src.training_set_optimization.ga_subset | GA gen 299/300 | best=17537.905041  gen_best=17537.905041  mean=17547.467942  cache=13138
2026-03-10 16:28:08 | INFO | src.training_set_optimization.ga_subset | GA finished: best fitness=17537.905041  evals=13138  time=2031.0s
2026-03-10 16:28:10 | INFO | __main__ |   step 9/12 n_train=3000 PEVmean=17537.905041 corr=0.1029
2026-03-10 16:28:15 | INFO | __main__ |   random baseline order 0 done
2026-03-10 16:28:18 | INFO | __main__ |   random baseline order 1 done
2026-03-10 16:28:22 | INFO | __main__ |   random baseline order 2 done
2026-03-10 16:28:24 | INFO | __main__ |   random baseline order 3 done
2026-03-10 16:28:27 | INFO | __main__ |   random baseline order 4 done
2026-03-10 16:28:27 | INFO | __main__ | Summary saved to outputs/pevmean_ga4/shards/shard_017/body_mass/pevmean_ga_summary.csv
2026-03-10 16:28:27 | INFO | __main__ | PEVmean-GA experiment complete for trait 'body_mass'. Output: outputs/pevmean_ga4/shards/shard_017/body_mass
