2026-03-06 11:36:43 | INFO | __main__ | GA config: GAConfig(pop_size=50, n_generations=100, n_elite=2, tournament_k=3, crossover_prob=0.9, mutation_prob=0.3, n_swaps_per_mut=2, seed=14, verbose=True, stagnation_limit=20)
2026-03-06 11:36:43 | INFO | __main__ | Shard 18/20 assigned repeat=4, n_train_size=2000
2026-03-06 11:36:43 | INFO | __main__ | Loading data for trait 'body_mass'
2026-03-06 11:36:43 | INFO | src.data | Loading data from NPZ: Data/npz/snp_body_mass_ALL.npz
2026-03-06 11:36:51 | INFO | __main__ | Loaded: 5697 samples, 65344 SNPs
2026-03-06 11:36:51 | INFO | __main__ | Fixed SNP subset: n=20000
2026-03-06 11:36:51 | INFO | __main__ | Target 3 (Selvær): n_source=5503, n_target=194
2026-03-06 11:36:51 | INFO | __main__ | Training-set sizes: [2000]
2026-03-06 11:36:53 | INFO | __main__ | PEVmean-GA 1/5 | trait=body_mass target=3 repeat=5/5
2026-03-06 11:36:59 | INFO | src.training_set_optimization.ga_subset | GA gen   0/100 | best=18069.931066  gen_best=18069.931066  mean=18208.817289  cache=95
2026-03-06 11:37:13 | INFO | src.training_set_optimization.ga_subset | GA gen   5/100 | best=18009.430439  gen_best=18009.430439  mean=18074.507475  cache=320
2026-03-06 11:37:28 | INFO | src.training_set_optimization.ga_subset | GA gen  10/100 | best=17931.967065  gen_best=17931.967065  mean=18032.177107  cache=544
2026-03-06 11:37:42 | INFO | src.training_set_optimization.ga_subset | GA gen  15/100 | best=17894.842341  gen_best=17894.842341  mean=17958.128275  cache=759
2026-03-06 11:37:55 | INFO | src.training_set_optimization.ga_subset | GA gen  20/100 | best=17834.143863  gen_best=17834.143863  mean=17911.626059  cache=973
2026-03-06 11:38:09 | INFO | src.training_set_optimization.ga_subset | GA gen  25/100 | best=17827.232654  gen_best=17827.232654  mean=17871.954908  cache=1194
2026-03-06 11:38:23 | INFO | src.training_set_optimization.ga_subset | GA gen  30/100 | best=17813.580497  gen_best=17813.580497  mean=17856.432023  cache=1413
2026-03-06 11:38:37 | INFO | src.training_set_optimization.ga_subset | GA gen  35/100 | best=17802.377995  gen_best=17802.377995  mean=17852.624573  cache=1625
2026-03-06 11:38:51 | INFO | src.training_set_optimization.ga_subset | GA gen  40/100 | best=17791.244350  gen_best=17791.244350  mean=17830.423455  cache=1844
2026-03-06 11:39:05 | INFO | src.training_set_optimization.ga_subset | GA gen  45/100 | best=17777.424113  gen_best=17777.424113  mean=17820.390173  cache=2058
2026-03-06 11:39:18 | INFO | src.training_set_optimization.ga_subset | GA gen  50/100 | best=17756.022355  gen_best=17756.022355  mean=17774.626189  cache=2264
2026-03-06 11:39:32 | INFO | src.training_set_optimization.ga_subset | GA gen  55/100 | best=17743.741508  gen_best=17743.741508  mean=17777.774708  cache=2481
2026-03-06 11:39:46 | INFO | src.training_set_optimization.ga_subset | GA gen  60/100 | best=17735.154574  gen_best=17735.154574  mean=17785.281894  cache=2700
2026-03-06 11:39:59 | INFO | src.training_set_optimization.ga_subset | GA gen  65/100 | best=17727.553405  gen_best=17727.553405  mean=17772.137333  cache=2909
2026-03-06 11:40:14 | INFO | src.training_set_optimization.ga_subset | GA gen  70/100 | best=17723.040887  gen_best=17723.040887  mean=17731.820403  cache=3138
2026-03-06 11:40:27 | INFO | src.training_set_optimization.ga_subset | GA gen  75/100 | best=17717.826710  gen_best=17717.826710  mean=17729.660985  cache=3348
2026-03-06 11:40:41 | INFO | src.training_set_optimization.ga_subset | GA gen  80/100 | best=17714.901141  gen_best=17714.901141  mean=17732.856146  cache=3564
2026-03-06 11:40:55 | INFO | src.training_set_optimization.ga_subset | GA gen  85/100 | best=17712.101022  gen_best=17712.101022  mean=17731.629259  cache=3785
2026-03-06 11:41:09 | INFO | src.training_set_optimization.ga_subset | GA gen  90/100 | best=17711.361610  gen_best=17711.361610  mean=17737.437180  cache=3999
2026-03-06 11:41:24 | INFO | src.training_set_optimization.ga_subset | GA gen  95/100 | best=17708.042469  gen_best=17708.042469  mean=17737.869078  cache=4228
2026-03-06 11:41:35 | INFO | src.training_set_optimization.ga_subset | GA gen  99/100 | best=17706.429603  gen_best=17706.429603  mean=17735.224096  cache=4396
2026-03-06 11:41:35 | INFO | src.training_set_optimization.ga_subset | GA finished: best fitness=17706.429603  evals=4396  time=281.5s
2026-03-06 11:41:35 | INFO | __main__ |   step 1/1 n_train=2000 PEVmean=17706.429603 corr=0.2031
2026-03-06 11:41:36 | INFO | __main__ |   random baseline order 0 done
2026-03-06 11:41:36 | INFO | __main__ |   random baseline order 1 done
2026-03-06 11:41:38 | INFO | __main__ |   random baseline order 2 done
2026-03-06 11:41:38 | INFO | __main__ |   random baseline order 3 done
2026-03-06 11:41:39 | INFO | __main__ |   random baseline order 4 done
2026-03-06 11:41:39 | INFO | __main__ | Summary saved to outputs/pevmean_ga/shards/shard_018/body_mass/pevmean_ga_summary.csv
2026-03-06 11:41:39 | INFO | __main__ | PEVmean-GA experiment complete for trait 'body_mass'. Output: outputs/pevmean_ga/shards/shard_018/body_mass
