2026-03-10 10:09:13 | INFO | __main__ | GA config: GAConfig(pop_size=50, n_generations=300, n_elite=2, tournament_k=3, crossover_prob=0.9, mutation_prob=0.35, n_swaps_per_mut=2, seed=14, verbose=True, stagnation_limit=15)
2026-03-10 10:09:13 | INFO | __main__ | Shard 9/20 enabled; using weighted job distribution across (target, repeat, n_train).
2026-03-10 10:09:13 | INFO | __main__ | Loading data for trait 'body_mass'
2026-03-10 10:09:13 | INFO | src.data | Loading data from NPZ: Data/npz/snp_body_mass_ALL.npz
2026-03-10 10:09:26 | INFO | __main__ | Loaded: 5697 samples, 65344 SNPs
2026-03-10 10:09:26 | INFO | __main__ | Fixed SNP subset: n=20000
2026-03-10 10:09:26 | INFO | __main__ | Shard 9/20 assigned 2/65 jobs (full=0, size=2)
2026-03-10 10:09:27 | INFO | __main__ | Target 6 (Indre Kvarøy): n_source=5341, n_target=356
2026-03-10 10:09:27 | INFO | __main__ | Training-set sizes: [50, 100, 250, 500, 1000, 1500, 2000, 2500, 3000, 3500, 4000, 4500]
2026-03-10 10:09:30 | INFO | __main__ | PEVmean-GA job 2/2 | trait=body_mass target=6 repeat=5/5 | full=False sizes=[1000, 4000]
2026-03-10 10:09:33 | INFO | src.training_set_optimization.ga_subset | GA gen   0/300 | best=18411.677059  gen_best=18411.677059  mean=18513.573968  cache=90
2026-03-10 10:09:55 | INFO | src.training_set_optimization.ga_subset | GA gen  15/300 | best=18172.503199  gen_best=18172.503199  mean=18237.069207  cache=729
2026-03-10 10:10:17 | INFO | src.training_set_optimization.ga_subset | GA gen  30/300 | best=18135.491229  gen_best=18135.491229  mean=18188.305041  cache=1370
2026-03-10 10:10:41 | INFO | src.training_set_optimization.ga_subset | GA gen  45/300 | best=18109.275665  gen_best=18109.275665  mean=18129.046926  cache=2032
2026-03-10 10:11:03 | INFO | src.training_set_optimization.ga_subset | GA gen  60/300 | best=18075.344425  gen_best=18075.344425  mean=18090.808158  cache=2687
2026-03-10 10:11:26 | INFO | src.training_set_optimization.ga_subset | GA gen  75/300 | best=18062.981979  gen_best=18062.981979  mean=18094.210624  cache=3344
2026-03-10 10:11:49 | INFO | src.training_set_optimization.ga_subset | GA gen  90/300 | best=18039.625985  gen_best=18039.625985  mean=18056.082209  cache=4005
2026-03-10 10:12:12 | INFO | src.training_set_optimization.ga_subset | GA gen 105/300 | best=18019.349941  gen_best=18019.349941  mean=18058.967085  cache=4655
2026-03-10 10:12:35 | INFO | src.training_set_optimization.ga_subset | GA gen 120/300 | best=18011.824643  gen_best=18011.824643  mean=18025.409924  cache=5309
2026-03-10 10:12:58 | INFO | src.training_set_optimization.ga_subset | GA gen 135/300 | best=17996.368676  gen_best=17996.368676  mean=18007.506795  cache=5972
2026-03-10 10:13:21 | INFO | src.training_set_optimization.ga_subset | GA gen 150/300 | best=17972.182167  gen_best=17972.182167  mean=17995.400102  cache=6622
2026-03-10 10:13:44 | INFO | src.training_set_optimization.ga_subset | GA gen 165/300 | best=17959.590901  gen_best=17959.590901  mean=17979.333749  cache=7271
2026-03-10 10:14:07 | INFO | src.training_set_optimization.ga_subset | GA gen 180/300 | best=17928.586824  gen_best=17928.586824  mean=17961.002139  cache=7918
2026-03-10 10:14:30 | INFO | src.training_set_optimization.ga_subset | GA gen 195/300 | best=17916.086558  gen_best=17916.086558  mean=17934.989872  cache=8581
2026-03-10 10:14:53 | INFO | src.training_set_optimization.ga_subset | GA gen 210/300 | best=17908.898379  gen_best=17908.898379  mean=17924.290039  cache=9244
2026-03-10 10:15:16 | INFO | src.training_set_optimization.ga_subset | GA gen 225/300 | best=17906.923494  gen_best=17906.923494  mean=17940.050773  cache=9900
2026-03-10 10:15:39 | INFO | src.training_set_optimization.ga_subset | GA gen 240/300 | best=17898.986890  gen_best=17898.986890  mean=17910.441852  cache=10547
2026-03-10 10:16:02 | INFO | src.training_set_optimization.ga_subset | GA gen 255/300 | best=17890.764962  gen_best=17890.764962  mean=17904.834733  cache=11201
2026-03-10 10:16:26 | INFO | src.training_set_optimization.ga_subset | GA gen 270/300 | best=17878.845560  gen_best=17878.845560  mean=17899.377157  cache=11877
2026-03-10 10:16:49 | INFO | src.training_set_optimization.ga_subset | GA gen 285/300 | best=17868.184230  gen_best=17868.184230  mean=17892.023749  cache=12536
2026-03-10 10:17:10 | INFO | src.training_set_optimization.ga_subset | GA gen 299/300 | best=17850.998806  gen_best=17850.998806  mean=17870.679164  cache=13134
2026-03-10 10:17:10 | INFO | src.training_set_optimization.ga_subset | GA finished: best fitness=17850.998806  evals=13134  time=460.0s
2026-03-10 10:17:10 | INFO | __main__ |   step 5/12 n_train=1000 PEVmean=17850.998806 corr=0.1804
2026-03-10 10:17:50 | INFO | src.training_set_optimization.ga_subset | GA gen   0/300 | best=16858.880717  gen_best=16858.880717  mean=16918.878651  cache=93
2026-03-10 10:22:33 | INFO | src.training_set_optimization.ga_subset | GA gen  15/300 | best=16795.442767  gen_best=16795.442767  mean=16857.750137  cache=754
2026-03-10 10:27:09 | INFO | src.training_set_optimization.ga_subset | GA gen  30/300 | best=16762.460946  gen_best=16762.460946  mean=16792.927487  cache=1397
2026-03-10 10:31:51 | INFO | src.training_set_optimization.ga_subset | GA gen  45/300 | best=16757.910428  gen_best=16757.910428  mean=16779.985914  cache=2054
2026-03-10 10:36:37 | INFO | src.training_set_optimization.ga_subset | GA gen  60/300 | best=16751.603888  gen_best=16751.603888  mean=16757.450091  cache=2702
2026-03-10 10:41:16 | INFO | src.training_set_optimization.ga_subset | GA gen  75/300 | best=16747.495602  gen_best=16747.495602  mean=16757.028493  cache=3357
2026-03-10 10:45:54 | INFO | src.training_set_optimization.ga_subset | GA gen  90/300 | best=16739.775803  gen_best=16739.775803  mean=16758.465383  cache=4007
2026-03-10 10:50:34 | INFO | src.training_set_optimization.ga_subset | GA gen 105/300 | best=16735.638650  gen_best=16735.638650  mean=16748.619068  cache=4658
2026-03-10 10:55:12 | INFO | src.training_set_optimization.ga_subset | GA gen 120/300 | best=16733.203707  gen_best=16733.203707  mean=16752.227024  cache=5311
2026-03-10 11:00:15 | INFO | src.training_set_optimization.ga_subset | GA gen 135/300 | best=16730.580991  gen_best=16730.580991  mean=16749.324026  cache=5979
2026-03-10 11:04:57 | INFO | src.training_set_optimization.ga_subset | GA gen 150/300 | best=16729.123309  gen_best=16729.123309  mean=16734.858433  cache=6633
2026-03-10 11:09:42 | INFO | src.training_set_optimization.ga_subset | GA gen 165/300 | best=16725.864788  gen_best=16725.864788  mean=16732.937248  cache=7275
2026-03-10 11:14:43 | INFO | src.training_set_optimization.ga_subset | GA gen 180/300 | best=16723.762732  gen_best=16723.762732  mean=16727.531445  cache=7916
2026-03-10 11:19:36 | INFO | src.training_set_optimization.ga_subset | GA gen 195/300 | best=16721.108058  gen_best=16721.108058  mean=16734.451259  cache=8571
2026-03-10 11:24:14 | INFO | src.training_set_optimization.ga_subset | GA gen 210/300 | best=16716.511504  gen_best=16716.511504  mean=16722.124007  cache=9223
2026-03-10 11:29:02 | INFO | src.training_set_optimization.ga_subset | GA gen 225/300 | best=16715.111108  gen_best=16715.111108  mean=16723.083603  cache=9878
2026-03-10 11:33:41 | INFO | src.training_set_optimization.ga_subset | GA gen 240/300 | best=16714.006373  gen_best=16714.006373  mean=16723.095441  cache=10528
2026-03-10 11:38:15 | INFO | src.training_set_optimization.ga_subset | GA gen 255/300 | best=16711.440963  gen_best=16711.440963  mean=16722.300894  cache=11170
2026-03-10 11:42:46 | INFO | src.training_set_optimization.ga_subset | GA gen 270/300 | best=16709.902565  gen_best=16709.902565  mean=16713.411388  cache=11804
2026-03-10 11:47:20 | INFO | src.training_set_optimization.ga_subset | GA gen 285/300 | best=16706.038773  gen_best=16706.038773  mean=16716.277903  cache=12443
2026-03-10 11:51:42 | INFO | src.training_set_optimization.ga_subset | GA gen 299/300 | best=16703.337213  gen_best=16703.337213  mean=16711.572701  cache=13056
2026-03-10 11:51:42 | INFO | src.training_set_optimization.ga_subset | GA finished: best fitness=16703.337213  evals=13056  time=5671.4s
2026-03-10 11:51:47 | INFO | __main__ |   step 11/12 n_train=4000 PEVmean=16703.337213 corr=0.3322
2026-03-10 11:51:50 | INFO | __main__ |   random baseline order 0 done
2026-03-10 11:51:52 | INFO | __main__ |   random baseline order 1 done
2026-03-10 11:51:55 | INFO | __main__ |   random baseline order 2 done
2026-03-10 11:51:57 | INFO | __main__ |   random baseline order 3 done
2026-03-10 11:51:59 | INFO | __main__ |   random baseline order 4 done
2026-03-10 11:51:59 | INFO | __main__ | Summary saved to outputs/pevmean_ga3/shards/shard_009/body_mass/pevmean_ga_summary.csv
2026-03-10 11:51:59 | INFO | __main__ | PEVmean-GA experiment complete for trait 'body_mass'. Output: outputs/pevmean_ga3/shards/shard_009/body_mass
