2026-03-06 11:36:43 | INFO | __main__ | GA config: GAConfig(pop_size=50, n_generations=100, n_elite=2, tournament_k=3, crossover_prob=0.9, mutation_prob=0.3, n_swaps_per_mut=2, seed=14, verbose=True, stagnation_limit=20)
2026-03-06 11:36:43 | INFO | __main__ | Shard 1/20 assigned repeat=0, n_train_size=1000
2026-03-06 11:36:43 | INFO | __main__ | Loading data for trait 'body_mass'
2026-03-06 11:36:43 | INFO | src.data | Loading data from NPZ: Data/npz/snp_body_mass_ALL.npz
2026-03-06 11:36:51 | INFO | __main__ | Loaded: 5697 samples, 65344 SNPs
2026-03-06 11:36:51 | INFO | __main__ | Fixed SNP subset: n=20000
2026-03-06 11:36:51 | INFO | __main__ | Target 3 (Selvær): n_source=5503, n_target=194
2026-03-06 11:36:51 | INFO | __main__ | Training-set sizes: [1000]
2026-03-06 11:36:53 | INFO | __main__ | PEVmean-GA 1/5 | trait=body_mass target=3 repeat=1/5
2026-03-06 11:36:55 | INFO | src.training_set_optimization.ga_subset | GA gen   0/100 | best=18810.920438  gen_best=18810.920438  mean=18910.998414  cache=95
2026-03-06 11:36:59 | INFO | src.training_set_optimization.ga_subset | GA gen   5/100 | best=18707.000236  gen_best=18707.000236  mean=18766.782354  cache=312
2026-03-06 11:37:04 | INFO | src.training_set_optimization.ga_subset | GA gen  10/100 | best=18546.872068  gen_best=18546.872068  mean=18641.316487  cache=523
2026-03-06 11:37:09 | INFO | src.training_set_optimization.ga_subset | GA gen  15/100 | best=18500.752805  gen_best=18500.752805  mean=18572.749528  cache=735
2026-03-06 11:37:13 | INFO | src.training_set_optimization.ga_subset | GA gen  20/100 | best=18439.356341  gen_best=18439.356341  mean=18534.773023  cache=958
2026-03-06 11:37:18 | INFO | src.training_set_optimization.ga_subset | GA gen  25/100 | best=18422.348012  gen_best=18422.348012  mean=18486.348242  cache=1166
2026-03-06 11:37:22 | INFO | src.training_set_optimization.ga_subset | GA gen  30/100 | best=18382.163854  gen_best=18382.163854  mean=18450.709587  cache=1381
2026-03-06 11:37:27 | INFO | src.training_set_optimization.ga_subset | GA gen  35/100 | best=18362.449330  gen_best=18362.449330  mean=18425.646445  cache=1597
2026-03-06 11:37:32 | INFO | src.training_set_optimization.ga_subset | GA gen  40/100 | best=18327.372139  gen_best=18327.372139  mean=18396.727641  cache=1814
2026-03-06 11:37:36 | INFO | src.training_set_optimization.ga_subset | GA gen  45/100 | best=18300.617545  gen_best=18300.617545  mean=18385.414983  cache=2038
2026-03-06 11:37:41 | INFO | src.training_set_optimization.ga_subset | GA gen  50/100 | best=18290.551326  gen_best=18290.551326  mean=18360.962371  cache=2256
2026-03-06 11:37:46 | INFO | src.training_set_optimization.ga_subset | GA gen  55/100 | best=18280.488284  gen_best=18280.488284  mean=18312.393400  cache=2466
2026-03-06 11:37:50 | INFO | src.training_set_optimization.ga_subset | GA gen  60/100 | best=18276.209646  gen_best=18276.209646  mean=18309.247961  cache=2685
2026-03-06 11:37:55 | INFO | src.training_set_optimization.ga_subset | GA gen  65/100 | best=18270.815348  gen_best=18270.815348  mean=18308.450695  cache=2905
2026-03-06 11:38:00 | INFO | src.training_set_optimization.ga_subset | GA gen  70/100 | best=18266.821965  gen_best=18266.821965  mean=18306.955629  cache=3120
2026-03-06 11:38:04 | INFO | src.training_set_optimization.ga_subset | GA gen  75/100 | best=18262.407801  gen_best=18262.407801  mean=18309.194491  cache=3339
2026-03-06 11:38:09 | INFO | src.training_set_optimization.ga_subset | GA gen  80/100 | best=18261.060111  gen_best=18261.060111  mean=18307.148623  cache=3561
2026-03-06 11:38:14 | INFO | src.training_set_optimization.ga_subset | GA gen  85/100 | best=18248.420973  gen_best=18248.420973  mean=18287.573157  cache=3776
2026-03-06 11:38:18 | INFO | src.training_set_optimization.ga_subset | GA gen  90/100 | best=18247.946808  gen_best=18247.946808  mean=18286.989328  cache=3980
2026-03-06 11:38:22 | INFO | src.training_set_optimization.ga_subset | GA gen  95/100 | best=18240.165754  gen_best=18240.165754  mean=18253.976181  cache=4188
2026-03-06 11:38:26 | INFO | src.training_set_optimization.ga_subset | GA gen  99/100 | best=18233.994316  gen_best=18233.994316  mean=18253.363186  cache=4357
2026-03-06 11:38:26 | INFO | src.training_set_optimization.ga_subset | GA finished: best fitness=18233.994316  evals=4357  time=93.3s
2026-03-06 11:38:26 | INFO | __main__ |   step 1/1 n_train=1000 PEVmean=18233.994316 corr=0.1231
2026-03-06 11:38:27 | INFO | __main__ |   random baseline order 0 done
2026-03-06 11:38:27 | INFO | __main__ |   random baseline order 1 done
2026-03-06 11:38:27 | INFO | __main__ |   random baseline order 2 done
2026-03-06 11:38:28 | INFO | __main__ |   random baseline order 3 done
2026-03-06 11:38:28 | INFO | __main__ |   random baseline order 4 done
2026-03-06 11:38:28 | INFO | __main__ | Summary saved to outputs/pevmean_ga/shards/shard_001/body_mass/pevmean_ga_summary.csv
2026-03-06 11:38:28 | INFO | __main__ | PEVmean-GA experiment complete for trait 'body_mass'. Output: outputs/pevmean_ga/shards/shard_001/body_mass
