2026-03-10 14:12:41 | INFO | __main__ | GA config: GAConfig(pop_size=50, n_generations=300, n_elite=2, tournament_k=3, crossover_prob=0.9, mutation_prob=0.35, n_swaps_per_mut=2, seed=14, verbose=True, stagnation_limit=15)
2026-03-10 14:12:41 | INFO | __main__ | Shard 8/20 enabled; using weighted job distribution across (target, repeat, n_train).
2026-03-10 14:12:41 | INFO | __main__ | Loading data for trait 'body_mass'
2026-03-10 14:12:41 | INFO | src.data | Loading data from NPZ: Data/npz/snp_body_mass_ALL.npz
2026-03-10 14:12:49 | INFO | __main__ | Loaded: 5697 samples, 65344 SNPs
2026-03-10 14:12:49 | INFO | __main__ | Fixed SNP subset: n=20000
2026-03-10 14:12:49 | INFO | __main__ | Shard 8/20 assigned 2/65 jobs (full=0, size=2)
2026-03-10 14:12:49 | INFO | __main__ | Target 4 (Gjerøy): n_source=5139, n_target=558
2026-03-10 14:12:49 | INFO | __main__ | Training-set sizes: [50, 100, 250, 500, 1000, 1500, 2000, 2500, 3000, 3500, 4000, 4500]
2026-03-10 14:12:51 | INFO | __main__ | PEVmean-GA job 2/2 | trait=body_mass target=4 repeat=4/5 | full=False sizes=[1000, 4000]
2026-03-10 14:12:54 | INFO | src.training_set_optimization.ga_subset | GA gen   0/300 | best=18525.186206  gen_best=18525.186206  mean=18599.893717  cache=95
2026-03-10 14:13:11 | INFO | src.training_set_optimization.ga_subset | GA gen  15/300 | best=18422.840908  gen_best=18422.840908  mean=18460.112737  cache=761
2026-03-10 14:13:29 | INFO | src.training_set_optimization.ga_subset | GA gen  30/300 | best=18390.720406  gen_best=18390.720406  mean=18418.221258  cache=1401
2026-03-10 14:13:46 | INFO | src.training_set_optimization.ga_subset | GA gen  45/300 | best=18387.565371  gen_best=18387.565371  mean=18402.037207  cache=2058
2026-03-10 14:14:04 | INFO | src.training_set_optimization.ga_subset | GA gen  60/300 | best=18377.176632  gen_best=18377.176632  mean=18385.867293  cache=2718
2026-03-10 14:14:21 | INFO | src.training_set_optimization.ga_subset | GA gen  75/300 | best=18370.533103  gen_best=18370.533103  mean=18385.526964  cache=3384
2026-03-10 14:14:38 | INFO | src.training_set_optimization.ga_subset | GA gen  90/300 | best=18353.983792  gen_best=18353.983792  mean=18375.077029  cache=4040
2026-03-10 14:14:54 | INFO | src.training_set_optimization.ga_subset | GA gen 105/300 | best=18348.944939  gen_best=18348.944939  mean=18361.284877  cache=4692
2026-03-10 14:15:11 | INFO | src.training_set_optimization.ga_subset | GA gen 120/300 | best=18344.433507  gen_best=18344.433507  mean=18363.119972  cache=5343
2026-03-10 14:15:28 | INFO | src.training_set_optimization.ga_subset | GA gen 135/300 | best=18343.144936  gen_best=18343.144936  mean=18360.153385  cache=5997
2026-03-10 14:15:44 | INFO | src.training_set_optimization.ga_subset | GA gen 150/300 | best=18335.274931  gen_best=18335.274931  mean=18349.540418  cache=6658
2026-03-10 14:16:01 | INFO | src.training_set_optimization.ga_subset | GA gen 165/300 | best=18327.996429  gen_best=18327.996429  mean=18336.191388  cache=7298
2026-03-10 14:16:17 | INFO | src.training_set_optimization.ga_subset | GA gen 180/300 | best=18323.803716  gen_best=18323.803716  mean=18338.756885  cache=7943
2026-03-10 14:16:34 | INFO | src.training_set_optimization.ga_subset | GA gen 195/300 | best=18312.313254  gen_best=18312.313254  mean=18327.186134  cache=8591
2026-03-10 14:16:50 | INFO | src.training_set_optimization.ga_subset | GA gen 210/300 | best=18304.322541  gen_best=18304.322541  mean=18317.623032  cache=9244
2026-03-10 14:17:07 | INFO | src.training_set_optimization.ga_subset | GA gen 225/300 | best=18298.074570  gen_best=18298.074570  mean=18310.871181  cache=9897
2026-03-10 14:17:24 | INFO | src.training_set_optimization.ga_subset | GA gen 240/300 | best=18294.985178  gen_best=18294.985178  mean=18311.279920  cache=10546
2026-03-10 14:17:40 | INFO | src.training_set_optimization.ga_subset | GA gen 255/300 | best=18287.238819  gen_best=18287.238819  mean=18296.032284  cache=11182
2026-03-10 14:17:57 | INFO | src.training_set_optimization.ga_subset | GA gen 270/300 | best=18286.373852  gen_best=18286.373852  mean=18298.756987  cache=11832
2026-03-10 14:18:13 | INFO | src.training_set_optimization.ga_subset | GA gen 285/300 | best=18285.416364  gen_best=18285.416364  mean=18298.673096  cache=12480
2026-03-10 14:18:29 | INFO | src.training_set_optimization.ga_subset | GA gen 299/300 | best=18277.589879  gen_best=18277.589879  mean=18285.771509  cache=13088
2026-03-10 14:18:29 | INFO | src.training_set_optimization.ga_subset | GA finished: best fitness=18277.589879  evals=13088  time=337.5s
2026-03-10 14:18:29 | INFO | __main__ |   step 5/12 n_train=1000 PEVmean=18277.589879 corr=0.1237
2026-03-10 14:18:55 | INFO | src.training_set_optimization.ga_subset | GA gen   0/300 | best=17344.883582  gen_best=17344.883582  mean=17367.065418  cache=95
2026-03-10 14:21:56 | INFO | src.training_set_optimization.ga_subset | GA gen  15/300 | best=17316.293451  gen_best=17316.293451  mean=17345.888465  cache=766
2026-03-10 14:24:51 | INFO | src.training_set_optimization.ga_subset | GA gen  30/300 | best=17307.912473  gen_best=17307.912473  mean=17319.602864  cache=1413
2026-03-10 14:27:47 | INFO | src.training_set_optimization.ga_subset | GA gen  45/300 | best=17299.440331  gen_best=17299.440331  mean=17317.896355  cache=2063
2026-03-10 14:30:42 | INFO | src.training_set_optimization.ga_subset | GA gen  60/300 | best=17294.147640  gen_best=17294.147640  mean=17299.517526  cache=2711
2026-03-10 14:33:43 | INFO | src.training_set_optimization.ga_subset | GA gen  75/300 | best=17290.704452  gen_best=17290.704452  mean=17297.611341  cache=3377
2026-03-10 14:36:41 | INFO | src.training_set_optimization.ga_subset | GA gen  90/300 | best=17289.388003  gen_best=17289.388003  mean=17292.403844  cache=4036
2026-03-10 14:39:37 | INFO | src.training_set_optimization.ga_subset | GA gen 105/300 | best=17286.706973  gen_best=17286.706973  mean=17288.330995  cache=4688
2026-03-10 14:42:33 | INFO | src.training_set_optimization.ga_subset | GA gen 120/300 | best=17285.410927  gen_best=17285.410927  mean=17290.276220  cache=5343
2026-03-10 14:45:30 | INFO | src.training_set_optimization.ga_subset | GA gen 135/300 | best=17282.489374  gen_best=17282.489374  mean=17288.264774  cache=5999
2026-03-10 14:48:27 | INFO | src.training_set_optimization.ga_subset | GA gen 150/300 | best=17280.641692  gen_best=17280.641692  mean=17283.783524  cache=6653
2026-03-10 14:51:25 | INFO | src.training_set_optimization.ga_subset | GA gen 165/300 | best=17277.530859  gen_best=17277.530859  mean=17284.593652  cache=7313
2026-03-10 14:54:24 | INFO | src.training_set_optimization.ga_subset | GA gen 180/300 | best=17276.163993  gen_best=17276.163993  mean=17280.109255  cache=7975
2026-03-10 14:57:22 | INFO | src.training_set_optimization.ga_subset | GA gen 195/300 | best=17275.761806  gen_best=17275.761806  mean=17279.011111  cache=8630
2026-03-10 15:00:18 | INFO | src.training_set_optimization.ga_subset | GA gen 210/300 | best=17273.614991  gen_best=17273.614991  mean=17276.130429  cache=9281
2026-03-10 15:03:23 | INFO | src.training_set_optimization.ga_subset | GA gen 225/300 | best=17272.604849  gen_best=17272.604849  mean=17280.594575  cache=9932
2026-03-10 15:06:33 | INFO | src.training_set_optimization.ga_subset | GA gen 240/300 | best=17271.031870  gen_best=17271.031870  mean=17276.006183  cache=10602
2026-03-10 15:09:36 | INFO | src.training_set_optimization.ga_subset | GA gen 255/300 | best=17269.455709  gen_best=17269.455709  mean=17274.365055  cache=11256
2026-03-10 15:12:35 | INFO | src.training_set_optimization.ga_subset | GA gen 270/300 | best=17268.319240  gen_best=17268.319240  mean=17269.357956  cache=11889
2026-03-10 15:15:38 | INFO | src.training_set_optimization.ga_subset | GA gen 285/300 | best=17267.367151  gen_best=17267.367151  mean=17270.417345  cache=12534
2026-03-10 15:18:32 | INFO | src.training_set_optimization.ga_subset | GA gen 299/300 | best=17265.993641  gen_best=17265.993641  mean=17272.179962  cache=13142
2026-03-10 15:18:32 | INFO | src.training_set_optimization.ga_subset | GA finished: best fitness=17265.993641  evals=13142  time=3603.2s
2026-03-10 15:18:34 | INFO | __main__ |   step 11/12 n_train=4000 PEVmean=17265.993641 corr=0.0924
2026-03-10 15:18:36 | INFO | __main__ |   random baseline order 0 done
2026-03-10 15:18:38 | INFO | __main__ |   random baseline order 1 done
2026-03-10 15:18:39 | INFO | __main__ |   random baseline order 2 done
2026-03-10 15:18:41 | INFO | __main__ |   random baseline order 3 done
2026-03-10 15:18:42 | INFO | __main__ |   random baseline order 4 done
2026-03-10 15:18:43 | INFO | __main__ | Summary saved to outputs/pevmean_ga4/shards/shard_008/body_mass/pevmean_ga_summary.csv
2026-03-10 15:18:43 | INFO | __main__ | PEVmean-GA experiment complete for trait 'body_mass'. Output: outputs/pevmean_ga4/shards/shard_008/body_mass
