2026-03-10 10:09:13 | INFO | __main__ | GA config: GAConfig(pop_size=50, n_generations=300, n_elite=2, tournament_k=3, crossover_prob=0.9, mutation_prob=0.35, n_swaps_per_mut=2, seed=14, verbose=True, stagnation_limit=15)
2026-03-10 10:09:13 | INFO | __main__ | Shard 14/20 enabled; using weighted job distribution across (target, repeat, n_train).
2026-03-10 10:09:13 | INFO | __main__ | Loading data for trait 'body_mass'
2026-03-10 10:09:13 | INFO | src.data | Loading data from NPZ: Data/npz/snp_body_mass_ALL.npz
2026-03-10 10:09:26 | INFO | __main__ | Loaded: 5697 samples, 65344 SNPs
2026-03-10 10:09:26 | INFO | __main__ | Fixed SNP subset: n=20000
2026-03-10 10:09:26 | INFO | __main__ | Shard 14/20 assigned 7/65 jobs (full=1, size=6)
2026-03-10 10:09:27 | INFO | __main__ | Target 6 (Indre Kvarøy): n_source=5341, n_target=356
2026-03-10 10:09:27 | INFO | __main__ | Training-set sizes: [50, 100, 250, 500, 1000, 1500, 2000, 2500, 3000, 3500, 4000, 4500]
2026-03-10 10:09:30 | INFO | __main__ | PEVmean-GA job 7/7 | trait=body_mass target=6 repeat=5/5 | full=True sizes=[50, 100, 250, 500, 2000, 3500]
2026-03-10 10:09:33 | INFO | src.training_set_optimization.ga_subset | GA gen   0/300 | best=19299.003441  gen_best=19299.003441  mean=19339.552134  cache=91
2026-03-10 10:09:34 | INFO | src.training_set_optimization.ga_subset | GA gen  15/300 | best=19140.816051  gen_best=19140.816051  mean=19199.665524  cache=742
2026-03-10 10:09:34 | INFO | src.training_set_optimization.ga_subset | GA gen  30/300 | best=19109.302567  gen_best=19109.302567  mean=19147.800492  cache=1417
2026-03-10 10:09:35 | INFO | src.training_set_optimization.ga_subset | GA gen  45/300 | best=19085.591987  gen_best=19085.591987  mean=19123.124365  cache=2083
2026-03-10 10:09:36 | INFO | src.training_set_optimization.ga_subset | GA gen  60/300 | best=19024.212754  gen_best=19024.212754  mean=19093.101907  cache=2749
2026-03-10 10:09:36 | INFO | src.training_set_optimization.ga_subset | GA gen  75/300 | best=18986.035666  gen_best=18986.035666  mean=19038.532936  cache=3388
2026-03-10 10:09:37 | INFO | src.training_set_optimization.ga_subset | GA gen  90/300 | best=18953.120375  gen_best=18953.120375  mean=19006.804281  cache=4046
2026-03-10 10:09:37 | INFO | src.training_set_optimization.ga_subset | GA gen 105/300 | best=18937.467971  gen_best=18937.467971  mean=18984.948476  cache=4700
2026-03-10 10:09:38 | INFO | src.training_set_optimization.ga_subset | GA gen 120/300 | best=18930.650973  gen_best=18930.650973  mean=18971.191464  cache=5356
2026-03-10 10:09:38 | INFO | src.training_set_optimization.ga_subset | GA gen 135/300 | best=18909.351268  gen_best=18909.351268  mean=18964.937468  cache=5999
2026-03-10 10:09:39 | INFO | src.training_set_optimization.ga_subset | GA gen 150/300 | best=18893.245556  gen_best=18893.245556  mean=18924.066377  cache=6637
2026-03-10 10:09:39 | INFO | src.training_set_optimization.ga_subset | GA gen 165/300 | best=18869.703120  gen_best=18869.703120  mean=18895.932785  cache=7253
2026-03-10 10:09:39 | INFO | src.training_set_optimization.ga_subset | GA gen 180/300 | best=18868.682501  gen_best=18868.682501  mean=18943.390060  cache=7909
2026-03-10 10:09:40 | INFO | src.training_set_optimization.ga_subset | GA gen 195/300 | best=18856.767910  gen_best=18856.767910  mean=18896.331478  cache=8537
2026-03-10 10:09:40 | INFO | src.training_set_optimization.ga_subset | GA gen 210/300 | best=18843.201957  gen_best=18843.201957  mean=18887.634619  cache=9175
2026-03-10 10:09:41 | INFO | src.training_set_optimization.ga_subset | GA gen 225/300 | best=18832.661389  gen_best=18832.661389  mean=18863.917816  cache=9820
2026-03-10 10:09:42 | INFO | src.training_set_optimization.ga_subset | GA gen 240/300 | best=18825.324540  gen_best=18825.324540  mean=18885.759528  cache=10488
2026-03-10 10:09:42 | INFO | src.training_set_optimization.ga_subset | GA gen 255/300 | best=18821.546949  gen_best=18821.546949  mean=18872.189613  cache=11143
2026-03-10 10:09:43 | INFO | src.training_set_optimization.ga_subset | GA gen 270/300 | best=18818.958532  gen_best=18818.958532  mean=18849.581961  cache=11776
2026-03-10 10:09:43 | INFO | src.training_set_optimization.ga_subset | GA gen 285/300 | best=18817.311486  gen_best=18817.311486  mean=18842.582248  cache=12417
2026-03-10 10:09:43 | INFO | src.training_set_optimization.ga_subset | GA gen 299/300 | best=18812.388057  gen_best=18812.388057  mean=18837.804617  cache=12993
2026-03-10 10:09:43 | INFO | src.training_set_optimization.ga_subset | GA finished: best fitness=18812.388057  evals=12993  time=10.3s
2026-03-10 10:09:44 | INFO | __main__ |   step 1/12 n_train=50 PEVmean=18812.388057 corr=0.0511
2026-03-10 10:09:44 | INFO | src.training_set_optimization.ga_subset | GA gen   0/300 | best=19197.920953  gen_best=19197.920953  mean=19282.972508  cache=94
2026-03-10 10:09:45 | INFO | src.training_set_optimization.ga_subset | GA gen  15/300 | best=19012.772136  gen_best=19012.772136  mean=19076.434432  cache=759
2026-03-10 10:09:46 | INFO | src.training_set_optimization.ga_subset | GA gen  30/300 | best=18982.496535  gen_best=18982.496535  mean=19034.015606  cache=1416
2026-03-10 10:09:46 | INFO | src.training_set_optimization.ga_subset | GA gen  45/300 | best=18965.224287  gen_best=18965.224287  mean=19007.499471  cache=2069
2026-03-10 10:09:47 | INFO | src.training_set_optimization.ga_subset | GA gen  60/300 | best=18939.052226  gen_best=18939.052226  mean=18983.053031  cache=2729
2026-03-10 10:09:48 | INFO | src.training_set_optimization.ga_subset | GA gen  75/300 | best=18931.946031  gen_best=18931.946031  mean=18975.373414  cache=3354
2026-03-10 10:09:48 | INFO | src.training_set_optimization.ga_subset | GA gen  90/300 | best=18901.631039  gen_best=18901.631039  mean=18947.361922  cache=4005
2026-03-10 10:09:49 | INFO | src.training_set_optimization.ga_subset | GA gen 105/300 | best=18893.931684  gen_best=18893.931684  mean=18940.822368  cache=4662
2026-03-10 10:09:50 | INFO | src.training_set_optimization.ga_subset | GA gen 120/300 | best=18885.214804  gen_best=18885.214804  mean=18918.023799  cache=5305
2026-03-10 10:09:51 | INFO | src.training_set_optimization.ga_subset | GA gen 135/300 | best=18858.633178  gen_best=18858.633178  mean=18880.728301  cache=5934
2026-03-10 10:09:51 | INFO | src.training_set_optimization.ga_subset | GA gen 150/300 | best=18844.246031  gen_best=18844.246031  mean=18877.350146  cache=6577
2026-03-10 10:09:52 | INFO | src.training_set_optimization.ga_subset | GA gen 165/300 | best=18819.342268  gen_best=18819.342268  mean=18847.856695  cache=7230
2026-03-10 10:09:53 | INFO | src.training_set_optimization.ga_subset | GA gen 180/300 | best=18818.936075  gen_best=18818.936075  mean=18853.902835  cache=7887
2026-03-10 10:09:54 | INFO | src.training_set_optimization.ga_subset | GA gen 195/300 | best=18777.976311  gen_best=18777.976311  mean=18824.611524  cache=8516
2026-03-10 10:09:54 | INFO | src.training_set_optimization.ga_subset | GA gen 210/300 | best=18774.910524  gen_best=18774.910524  mean=18804.617543  cache=9159
2026-03-10 10:09:55 | INFO | src.training_set_optimization.ga_subset | GA gen 225/300 | best=18749.648001  gen_best=18749.648001  mean=18790.840579  cache=9800
2026-03-10 10:09:56 | INFO | src.training_set_optimization.ga_subset | GA gen 240/300 | best=18723.846768  gen_best=18723.846768  mean=18760.269435  cache=10451
2026-03-10 10:09:56 | INFO | src.training_set_optimization.ga_subset | GA gen 255/300 | best=18720.355275  gen_best=18720.355275  mean=18770.241978  cache=11092
2026-03-10 10:09:57 | INFO | src.training_set_optimization.ga_subset | GA gen 270/300 | best=18716.329082  gen_best=18716.329082  mean=18742.020950  cache=11732
2026-03-10 10:09:58 | INFO | src.training_set_optimization.ga_subset | GA gen 285/300 | best=18700.936071  gen_best=18700.936071  mean=18724.898850  cache=12386
2026-03-10 10:09:58 | INFO | src.training_set_optimization.ga_subset | GA gen 299/300 | best=18700.724098  gen_best=18700.724098  mean=18731.873806  cache=12986
2026-03-10 10:09:58 | INFO | src.training_set_optimization.ga_subset | GA finished: best fitness=18700.724098  evals=12986  time=15.0s
2026-03-10 10:09:59 | INFO | __main__ |   step 2/12 n_train=100 PEVmean=18700.724098 corr=0.0884
2026-03-10 10:09:59 | INFO | src.training_set_optimization.ga_subset | GA gen   0/300 | best=19042.821717  gen_best=19042.821717  mean=19124.236140  cache=95
2026-03-10 10:10:01 | INFO | src.training_set_optimization.ga_subset | GA gen  15/300 | best=18789.110903  gen_best=18789.110903  mean=18851.015072  cache=736
2026-03-10 10:10:03 | INFO | src.training_set_optimization.ga_subset | GA gen  30/300 | best=18736.383915  gen_best=18736.383915  mean=18802.632501  cache=1394
2026-03-10 10:10:05 | INFO | src.training_set_optimization.ga_subset | GA gen  45/300 | best=18705.691592  gen_best=18705.691592  mean=18734.519161  cache=2042
2026-03-10 10:10:07 | INFO | src.training_set_optimization.ga_subset | GA gen  60/300 | best=18676.580493  gen_best=18676.580493  mean=18724.766757  cache=2696
2026-03-10 10:10:09 | INFO | src.training_set_optimization.ga_subset | GA gen  75/300 | best=18651.514056  gen_best=18651.514056  mean=18705.191588  cache=3345
2026-03-10 10:10:11 | INFO | src.training_set_optimization.ga_subset | GA gen  90/300 | best=18631.080261  gen_best=18631.080261  mean=18692.596167  cache=3994
2026-03-10 10:10:13 | INFO | src.training_set_optimization.ga_subset | GA gen 105/300 | best=18619.368219  gen_best=18619.368219  mean=18647.510566  cache=4635
2026-03-10 10:10:15 | INFO | src.training_set_optimization.ga_subset | GA gen 120/300 | best=18613.299197  gen_best=18613.299197  mean=18640.820011  cache=5288
2026-03-10 10:10:16 | INFO | src.training_set_optimization.ga_subset | GA gen 135/300 | best=18599.537042  gen_best=18599.537042  mean=18640.028697  cache=5937
2026-03-10 10:10:18 | INFO | src.training_set_optimization.ga_subset | GA gen 150/300 | best=18568.166025  gen_best=18568.166025  mean=18612.629532  cache=6590
2026-03-10 10:10:20 | INFO | src.training_set_optimization.ga_subset | GA gen 165/300 | best=18562.346267  gen_best=18562.346267  mean=18605.761904  cache=7245
2026-03-10 10:10:22 | INFO | src.training_set_optimization.ga_subset | GA gen 180/300 | best=18553.999444  gen_best=18553.999444  mean=18570.992167  cache=7884
2026-03-10 10:10:24 | INFO | src.training_set_optimization.ga_subset | GA gen 195/300 | best=18544.781343  gen_best=18544.781343  mean=18582.575843  cache=8551
2026-03-10 10:10:26 | INFO | src.training_set_optimization.ga_subset | GA gen 210/300 | best=18524.877366  gen_best=18524.877366  mean=18558.655637  cache=9192
2026-03-10 10:10:28 | INFO | src.training_set_optimization.ga_subset | GA gen 225/300 | best=18508.467657  gen_best=18508.467657  mean=18549.172755  cache=9860
2026-03-10 10:10:30 | INFO | src.training_set_optimization.ga_subset | GA gen 240/300 | best=18502.230802  gen_best=18502.230802  mean=18530.585253  cache=10511
2026-03-10 10:10:32 | INFO | src.training_set_optimization.ga_subset | GA gen 255/300 | best=18482.524156  gen_best=18482.524156  mean=18516.583569  cache=11159
2026-03-10 10:10:33 | INFO | src.training_set_optimization.ga_subset | GA gen 270/300 | best=18461.514341  gen_best=18461.514341  mean=18498.550274  cache=11798
2026-03-10 10:10:35 | INFO | src.training_set_optimization.ga_subset | GA gen 285/300 | best=18433.646218  gen_best=18433.646218  mean=18477.546109  cache=12436
2026-03-10 10:10:37 | INFO | src.training_set_optimization.ga_subset | GA gen 299/300 | best=18431.632949  gen_best=18431.632949  mean=18463.882320  cache=13044
2026-03-10 10:10:37 | INFO | src.training_set_optimization.ga_subset | GA finished: best fitness=18431.632949  evals=13044  time=38.5s
2026-03-10 10:10:37 | INFO | __main__ |   step 3/12 n_train=250 PEVmean=18431.632949 corr=0.1864
2026-03-10 10:10:38 | INFO | src.training_set_optimization.ga_subset | GA gen   0/300 | best=18821.196718  gen_best=18821.196718  mean=18898.279769  cache=94
2026-03-10 10:10:44 | INFO | src.training_set_optimization.ga_subset | GA gen  15/300 | best=18544.424441  gen_best=18544.424441  mean=18627.061997  cache=744
2026-03-10 10:10:49 | INFO | src.training_set_optimization.ga_subset | GA gen  30/300 | best=18481.412458  gen_best=18481.412458  mean=18538.424082  cache=1415
2026-03-10 10:10:55 | INFO | src.training_set_optimization.ga_subset | GA gen  45/300 | best=18459.148438  gen_best=18459.148438  mean=18513.289289  cache=2088
2026-03-10 10:11:00 | INFO | src.training_set_optimization.ga_subset | GA gen  60/300 | best=18425.886211  gen_best=18425.886211  mean=18460.114482  cache=2749
2026-03-10 10:11:06 | INFO | src.training_set_optimization.ga_subset | GA gen  75/300 | best=18409.139672  gen_best=18409.139672  mean=18451.061305  cache=3404
2026-03-10 10:11:11 | INFO | src.training_set_optimization.ga_subset | GA gen  90/300 | best=18374.825420  gen_best=18374.825420  mean=18413.426853  cache=4043
2026-03-10 10:11:17 | INFO | src.training_set_optimization.ga_subset | GA gen 105/300 | best=18353.921084  gen_best=18353.921084  mean=18378.257882  cache=4699
2026-03-10 10:11:23 | INFO | src.training_set_optimization.ga_subset | GA gen 120/300 | best=18346.736500  gen_best=18346.736500  mean=18367.307171  cache=5347
2026-03-10 10:11:28 | INFO | src.training_set_optimization.ga_subset | GA gen 135/300 | best=18318.458169  gen_best=18318.458169  mean=18360.704496  cache=6008
2026-03-10 10:11:34 | INFO | src.training_set_optimization.ga_subset | GA gen 150/300 | best=18309.972079  gen_best=18309.972079  mean=18344.730455  cache=6652
2026-03-10 10:11:39 | INFO | src.training_set_optimization.ga_subset | GA gen 165/300 | best=18297.664033  gen_best=18297.664033  mean=18343.367793  cache=7301
2026-03-10 10:11:45 | INFO | src.training_set_optimization.ga_subset | GA gen 180/300 | best=18280.800292  gen_best=18280.800292  mean=18305.509887  cache=7939
2026-03-10 10:11:50 | INFO | src.training_set_optimization.ga_subset | GA gen 195/300 | best=18278.308964  gen_best=18278.308964  mean=18305.239776  cache=8597
2026-03-10 10:11:56 | INFO | src.training_set_optimization.ga_subset | GA gen 210/300 | best=18254.802158  gen_best=18254.802158  mean=18279.981190  cache=9233
2026-03-10 10:12:01 | INFO | src.training_set_optimization.ga_subset | GA gen 225/300 | best=18237.146602  gen_best=18237.146602  mean=18283.629161  cache=9883
2026-03-10 10:12:07 | INFO | src.training_set_optimization.ga_subset | GA gen 240/300 | best=18220.797729  gen_best=18220.797729  mean=18267.592374  cache=10547
2026-03-10 10:12:12 | INFO | src.training_set_optimization.ga_subset | GA gen 255/300 | best=18202.273902  gen_best=18202.273902  mean=18227.752853  cache=11198
2026-03-10 10:12:18 | INFO | src.training_set_optimization.ga_subset | GA gen 270/300 | best=18195.996355  gen_best=18195.996355  mean=18230.820543  cache=11856
2026-03-10 10:12:23 | INFO | src.training_set_optimization.ga_subset | GA gen 285/300 | best=18179.586180  gen_best=18179.586180  mean=18211.759876  cache=12509
2026-03-10 10:12:29 | INFO | src.training_set_optimization.ga_subset | GA gen 299/300 | best=18175.751941  gen_best=18175.751941  mean=18203.771801  cache=13133
2026-03-10 10:12:29 | INFO | src.training_set_optimization.ga_subset | GA finished: best fitness=18175.751941  evals=13133  time=111.3s
2026-03-10 10:12:29 | INFO | __main__ |   step 4/12 n_train=500 PEVmean=18175.751941 corr=0.1539
2026-03-10 10:12:40 | INFO | src.training_set_optimization.ga_subset | GA gen   0/300 | best=17768.059199  gen_best=17768.059199  mean=17880.489530  cache=94
2026-03-10 10:13:51 | INFO | src.training_set_optimization.ga_subset | GA gen  15/300 | best=17564.036682  gen_best=17564.036682  mean=17639.170039  cache=753
2026-03-10 10:15:03 | INFO | src.training_set_optimization.ga_subset | GA gen  30/300 | best=17531.126567  gen_best=17531.126567  mean=17595.356703  cache=1415
2026-03-10 10:16:12 | INFO | src.training_set_optimization.ga_subset | GA gen  45/300 | best=17476.938779  gen_best=17476.938779  mean=17530.014302  cache=2056
2026-03-10 10:17:25 | INFO | src.training_set_optimization.ga_subset | GA gen  60/300 | best=17464.539884  gen_best=17464.539884  mean=17476.607181  cache=2715
2026-03-10 10:18:40 | INFO | src.training_set_optimization.ga_subset | GA gen  75/300 | best=17459.920236  gen_best=17459.920236  mean=17465.132443  cache=3375
2026-03-10 10:19:56 | INFO | src.training_set_optimization.ga_subset | GA gen  90/300 | best=17446.375800  gen_best=17446.375800  mean=17463.113846  cache=4035
2026-03-10 10:21:10 | INFO | src.training_set_optimization.ga_subset | GA gen 105/300 | best=17437.492804  gen_best=17437.492804  mean=17453.353422  cache=4681
2026-03-10 10:22:24 | INFO | src.training_set_optimization.ga_subset | GA gen 120/300 | best=17426.107424  gen_best=17426.107424  mean=17444.933738  cache=5336
2026-03-10 10:23:39 | INFO | src.training_set_optimization.ga_subset | GA gen 135/300 | best=17418.603823  gen_best=17418.603823  mean=17445.966030  cache=5987
2026-03-10 10:24:54 | INFO | src.training_set_optimization.ga_subset | GA gen 150/300 | best=17413.690912  gen_best=17413.690912  mean=17424.606734  cache=6645
2026-03-10 10:26:08 | INFO | src.training_set_optimization.ga_subset | GA gen 165/300 | best=17405.925417  gen_best=17405.925417  mean=17413.889098  cache=7294
2026-03-10 10:27:23 | INFO | src.training_set_optimization.ga_subset | GA gen 180/300 | best=17399.955475  gen_best=17399.955475  mean=17423.084028  cache=7942
2026-03-10 10:28:38 | INFO | src.training_set_optimization.ga_subset | GA gen 195/300 | best=17393.815132  gen_best=17393.815132  mean=17403.636655  cache=8599
2026-03-10 10:29:53 | INFO | src.training_set_optimization.ga_subset | GA gen 210/300 | best=17387.569715  gen_best=17387.569715  mean=17410.656158  cache=9253
2026-03-10 10:31:07 | INFO | src.training_set_optimization.ga_subset | GA gen 225/300 | best=17380.208741  gen_best=17380.208741  mean=17395.748582  cache=9900
2026-03-10 10:32:22 | INFO | src.training_set_optimization.ga_subset | GA gen 240/300 | best=17371.205814  gen_best=17371.205814  mean=17385.618522  cache=10549
2026-03-10 10:33:39 | INFO | src.training_set_optimization.ga_subset | GA gen 255/300 | best=17367.176771  gen_best=17367.176771  mean=17380.151893  cache=11188
2026-03-10 10:34:53 | INFO | src.training_set_optimization.ga_subset | GA gen 270/300 | best=17360.227660  gen_best=17360.227660  mean=17368.879944  cache=11834
2026-03-10 10:36:07 | INFO | src.training_set_optimization.ga_subset | GA gen 285/300 | best=17354.950157  gen_best=17354.950157  mean=17363.921591  cache=12483
2026-03-10 10:37:18 | INFO | src.training_set_optimization.ga_subset | GA gen 299/300 | best=17346.364617  gen_best=17346.364617  mean=17357.233811  cache=13099
2026-03-10 10:37:18 | INFO | src.training_set_optimization.ga_subset | GA finished: best fitness=17346.364617  evals=13099  time=1488.6s
2026-03-10 10:37:19 | INFO | __main__ |   step 7/12 n_train=2000 PEVmean=17346.364617 corr=0.2733
2026-03-10 10:37:48 | INFO | src.training_set_optimization.ga_subset | GA gen   0/300 | best=17068.015999  gen_best=17068.015999  mean=17128.346673  cache=93
2026-03-10 10:41:20 | INFO | src.training_set_optimization.ga_subset | GA gen  15/300 | best=16950.831089  gen_best=16950.831089  mean=16996.632752  cache=760
2026-03-10 10:44:52 | INFO | src.training_set_optimization.ga_subset | GA gen  30/300 | best=16918.262473  gen_best=16918.262473  mean=16950.845844  cache=1423
2026-03-10 10:48:18 | INFO | src.training_set_optimization.ga_subset | GA gen  45/300 | best=16907.991707  gen_best=16907.991707  mean=16921.112930  cache=2068
2026-03-10 10:51:43 | INFO | src.training_set_optimization.ga_subset | GA gen  60/300 | best=16896.088576  gen_best=16896.088576  mean=16902.662370  cache=2705
2026-03-10 10:55:12 | INFO | src.training_set_optimization.ga_subset | GA gen  75/300 | best=16890.574259  gen_best=16890.574259  mean=16895.814922  cache=3356
2026-03-10 10:59:18 | INFO | src.training_set_optimization.ga_subset | GA gen  90/300 | best=16884.586028  gen_best=16884.586028  mean=16896.080686  cache=3996
2026-03-10 11:03:14 | INFO | src.training_set_optimization.ga_subset | GA gen 105/300 | best=16883.243938  gen_best=16883.243938  mean=16886.385496  cache=4653
2026-03-10 11:06:40 | INFO | src.training_set_optimization.ga_subset | GA gen 120/300 | best=16877.789537  gen_best=16877.789537  mean=16885.647497  cache=5301
2026-03-10 11:10:08 | INFO | src.training_set_optimization.ga_subset | GA gen 135/300 | best=16872.024877  gen_best=16872.024877  mean=16888.000286  cache=5956
2026-03-10 11:13:33 | INFO | src.training_set_optimization.ga_subset | GA gen 150/300 | best=16867.109501  gen_best=16867.109501  mean=16874.114204  cache=6602
2026-03-10 11:17:02 | INFO | src.training_set_optimization.ga_subset | GA gen 165/300 | best=16862.349411  gen_best=16862.349411  mean=16867.166336  cache=7241
2026-03-10 11:20:32 | INFO | src.training_set_optimization.ga_subset | GA gen 180/300 | best=16851.697074  gen_best=16851.697074  mean=16864.881747  cache=7905
2026-03-10 11:24:00 | INFO | src.training_set_optimization.ga_subset | GA gen 195/300 | best=16849.163934  gen_best=16849.163934  mean=16867.814990  cache=8553
2026-03-10 11:27:31 | INFO | src.training_set_optimization.ga_subset | GA gen 210/300 | best=16844.919416  gen_best=16844.919416  mean=16852.853356  cache=9209
2026-03-10 11:30:54 | INFO | src.training_set_optimization.ga_subset | GA gen 225/300 | best=16842.999555  gen_best=16842.999555  mean=16852.477964  cache=9849
2026-03-10 11:34:15 | INFO | src.training_set_optimization.ga_subset | GA gen 240/300 | best=16841.828141  gen_best=16841.828141  mean=16846.493039  cache=10490
2026-03-10 11:37:42 | INFO | src.training_set_optimization.ga_subset | GA gen 255/300 | best=16840.933974  gen_best=16840.933974  mean=16855.251605  cache=11148
2026-03-10 11:41:11 | INFO | src.training_set_optimization.ga_subset | GA gen 270/300 | best=16837.541161  gen_best=16837.541161  mean=16853.353585  cache=11806
2026-03-10 11:44:38 | INFO | src.training_set_optimization.ga_subset | GA gen 285/300 | best=16834.870739  gen_best=16834.870739  mean=16841.852851  cache=12451
2026-03-10 11:48:22 | INFO | src.training_set_optimization.ga_subset | GA gen 299/300 | best=16832.996614  gen_best=16832.996614  mean=16840.749537  cache=13076
2026-03-10 11:48:22 | INFO | src.training_set_optimization.ga_subset | GA finished: best fitness=16832.996614  evals=13076  time=4262.6s
2026-03-10 11:48:25 | INFO | __main__ |   step 10/12 n_train=3500 PEVmean=16832.996614 corr=0.2739
2026-03-10 11:48:29 | INFO | __main__ |   random baseline order 0 done
2026-03-10 11:48:31 | INFO | __main__ |   random baseline order 1 done
2026-03-10 11:48:34 | INFO | __main__ |   random baseline order 2 done
2026-03-10 11:48:38 | INFO | __main__ |   random baseline order 3 done
2026-03-10 11:48:41 | INFO | __main__ |   random baseline order 4 done
2026-03-10 11:48:41 | INFO | __main__ | Summary saved to outputs/pevmean_ga3/shards/shard_014/body_mass/pevmean_ga_summary.csv
2026-03-10 11:48:41 | INFO | __main__ | PEVmean-GA experiment complete for trait 'body_mass'. Output: outputs/pevmean_ga3/shards/shard_014/body_mass
