2026-03-09 14:10:13 | INFO | __main__ | GA config: GAConfig(pop_size=50, n_generations=300, n_elite=2, tournament_k=3, crossover_prob=0.9, mutation_prob=0.35, n_swaps_per_mut=2, seed=14, verbose=True, stagnation_limit=15)
2026-03-09 14:10:13 | INFO | __main__ | Shard 16/20 enabled; using weighted job distribution across (target, repeat, n_train).
2026-03-09 14:10:13 | INFO | __main__ | Loading data for trait 'body_mass'
2026-03-09 14:10:13 | INFO | src.data | Loading data from NPZ: Data/npz/snp_body_mass_ALL.npz
2026-03-09 14:10:23 | INFO | __main__ | Loaded: 5697 samples, 65344 SNPs
2026-03-09 14:10:23 | INFO | __main__ | Fixed SNP subset: n=20000
2026-03-09 14:10:23 | INFO | __main__ | Shard 16/20 assigned 3/65 jobs (full=0, size=3)
2026-03-09 14:10:24 | INFO | __main__ | Target 3 (Selvær): n_source=5503, n_target=194
2026-03-09 14:10:24 | INFO | __main__ | Training-set sizes: [50, 100, 250, 500, 1000, 1500, 2000, 2500, 3000, 3500, 4000, 4500]
2026-03-09 14:10:26 | INFO | __main__ | PEVmean-GA job 3/3 | trait=body_mass target=3 repeat=2/5 | full=False sizes=[1500, 2500, 3000]
2026-03-09 14:10:31 | INFO | src.training_set_optimization.ga_subset | GA gen   0/300 | best=18420.825106  gen_best=18420.825106  mean=18521.521183  cache=93
2026-03-09 14:11:07 | INFO | src.training_set_optimization.ga_subset | GA gen  15/300 | best=18137.684192  gen_best=18137.684192  mean=18233.204271  cache=737
2026-03-09 14:11:44 | INFO | src.training_set_optimization.ga_subset | GA gen  30/300 | best=18094.165984  gen_best=18094.165984  mean=18170.599932  cache=1394
2026-03-09 14:12:21 | INFO | src.training_set_optimization.ga_subset | GA gen  45/300 | best=18022.956332  gen_best=18022.956332  mean=18092.656052  cache=2056
2026-03-09 14:12:58 | INFO | src.training_set_optimization.ga_subset | GA gen  60/300 | best=17992.518742  gen_best=17992.518742  mean=18021.384927  cache=2705
2026-03-09 14:13:34 | INFO | src.training_set_optimization.ga_subset | GA gen  75/300 | best=17976.042337  gen_best=17976.042337  mean=18022.885798  cache=3353
2026-03-09 14:14:10 | INFO | src.training_set_optimization.ga_subset | GA gen  90/300 | best=17958.936044  gen_best=17958.936044  mean=17975.752933  cache=4009
2026-03-09 14:14:46 | INFO | src.training_set_optimization.ga_subset | GA gen 105/300 | best=17955.630832  gen_best=17955.630832  mean=17977.568028  cache=4675
2026-03-09 14:15:23 | INFO | src.training_set_optimization.ga_subset | GA gen 120/300 | best=17947.619765  gen_best=17947.619765  mean=17958.089262  cache=5332
2026-03-09 14:15:58 | INFO | src.training_set_optimization.ga_subset | GA gen 135/300 | best=17938.328555  gen_best=17938.328555  mean=17947.547094  cache=5982
2026-03-09 14:16:34 | INFO | src.training_set_optimization.ga_subset | GA gen 150/300 | best=17932.030426  gen_best=17932.030426  mean=17947.988826  cache=6635
2026-03-09 14:17:10 | INFO | src.training_set_optimization.ga_subset | GA gen 165/300 | best=17915.597674  gen_best=17915.597674  mean=17932.664447  cache=7285
2026-03-09 14:17:45 | INFO | src.training_set_optimization.ga_subset | GA gen 180/300 | best=17897.169040  gen_best=17897.169040  mean=17919.733431  cache=7923
2026-03-09 14:18:22 | INFO | src.training_set_optimization.ga_subset | GA gen 195/300 | best=17880.349328  gen_best=17880.349328  mean=17908.854275  cache=8592
2026-03-09 14:18:59 | INFO | src.training_set_optimization.ga_subset | GA gen 210/300 | best=17867.922152  gen_best=17867.922152  mean=17882.495387  cache=9241
2026-03-09 14:19:35 | INFO | src.training_set_optimization.ga_subset | GA gen 225/300 | best=17861.639401  gen_best=17861.639401  mean=17878.602538  cache=9900
2026-03-09 14:20:12 | INFO | src.training_set_optimization.ga_subset | GA gen 240/300 | best=17849.144934  gen_best=17849.144934  mean=17869.947289  cache=10560
2026-03-09 14:20:47 | INFO | src.training_set_optimization.ga_subset | GA gen 255/300 | best=17831.600112  gen_best=17831.600112  mean=17848.791368  cache=11190
2026-03-09 14:21:24 | INFO | src.training_set_optimization.ga_subset | GA gen 270/300 | best=17822.200549  gen_best=17822.200549  mean=17834.412527  cache=11857
2026-03-09 14:22:01 | INFO | src.training_set_optimization.ga_subset | GA gen 285/300 | best=17813.914584  gen_best=17813.914584  mean=17828.707827  cache=12524
2026-03-09 14:22:34 | INFO | src.training_set_optimization.ga_subset | GA gen 299/300 | best=17792.285497  gen_best=17792.285497  mean=17815.424059  cache=13125
2026-03-09 14:22:34 | INFO | src.training_set_optimization.ga_subset | GA finished: best fitness=17792.285497  evals=13125  time=728.5s
2026-03-09 14:22:35 | INFO | __main__ |   step 6/12 n_train=1500 PEVmean=17792.285497 corr=0.1420
2026-03-09 14:22:47 | INFO | src.training_set_optimization.ga_subset | GA gen   0/300 | best=17837.514597  gen_best=17837.514597  mean=17951.480040  cache=96
2026-03-09 14:24:07 | INFO | src.training_set_optimization.ga_subset | GA gen  15/300 | best=17631.197396  gen_best=17631.197396  mean=17676.735497  cache=741
2026-03-09 14:25:29 | INFO | src.training_set_optimization.ga_subset | GA gen  30/300 | best=17551.025687  gen_best=17551.025687  mean=17596.919002  cache=1402
2026-03-09 14:26:50 | INFO | src.training_set_optimization.ga_subset | GA gen  45/300 | best=17511.869086  gen_best=17511.869086  mean=17539.359820  cache=2044
2026-03-09 14:28:13 | INFO | src.training_set_optimization.ga_subset | GA gen  60/300 | best=17499.154829  gen_best=17499.154829  mean=17525.234442  cache=2705
2026-03-09 14:29:34 | INFO | src.training_set_optimization.ga_subset | GA gen  75/300 | best=17481.096305  gen_best=17481.096305  mean=17502.818501  cache=3354
2026-03-09 14:30:56 | INFO | src.training_set_optimization.ga_subset | GA gen  90/300 | best=17456.065448  gen_best=17456.065448  mean=17478.556048  cache=4012
2026-03-09 14:32:19 | INFO | src.training_set_optimization.ga_subset | GA gen 105/300 | best=17445.391763  gen_best=17445.391763  mean=17466.261573  cache=4679
2026-03-09 14:33:40 | INFO | src.training_set_optimization.ga_subset | GA gen 120/300 | best=17433.445433  gen_best=17433.445433  mean=17440.941008  cache=5329
2026-03-09 14:35:03 | INFO | src.training_set_optimization.ga_subset | GA gen 135/300 | best=17418.850467  gen_best=17418.850467  mean=17451.534046  cache=5997
2026-03-09 14:36:23 | INFO | src.training_set_optimization.ga_subset | GA gen 150/300 | best=17408.931402  gen_best=17408.931402  mean=17417.444862  cache=6652
2026-03-09 14:37:45 | INFO | src.training_set_optimization.ga_subset | GA gen 165/300 | best=17399.714731  gen_best=17399.714731  mean=17418.896293  cache=7309
2026-03-09 14:39:05 | INFO | src.training_set_optimization.ga_subset | GA gen 180/300 | best=17391.589858  gen_best=17391.589858  mean=17400.328713  cache=7954
2026-03-09 14:40:28 | INFO | src.training_set_optimization.ga_subset | GA gen 195/300 | best=17383.026634  gen_best=17383.026634  mean=17398.564464  cache=8624
2026-03-09 14:41:49 | INFO | src.training_set_optimization.ga_subset | GA gen 210/300 | best=17379.703414  gen_best=17379.703414  mean=17400.037544  cache=9273
2026-03-09 14:43:11 | INFO | src.training_set_optimization.ga_subset | GA gen 225/300 | best=17376.223040  gen_best=17376.223040  mean=17387.994128  cache=9922
2026-03-09 14:44:32 | INFO | src.training_set_optimization.ga_subset | GA gen 240/300 | best=17371.944299  gen_best=17371.944299  mean=17383.603673  cache=10558
2026-03-09 14:45:55 | INFO | src.training_set_optimization.ga_subset | GA gen 255/300 | best=17369.362162  gen_best=17369.362162  mean=17399.455462  cache=11209
2026-03-09 14:47:17 | INFO | src.training_set_optimization.ga_subset | GA gen 270/300 | best=17365.338626  gen_best=17365.338626  mean=17377.486152  cache=11860
2026-03-09 14:48:40 | INFO | src.training_set_optimization.ga_subset | GA gen 285/300 | best=17361.125808  gen_best=17361.125808  mean=17378.214224  cache=12512
2026-03-09 14:49:57 | INFO | src.training_set_optimization.ga_subset | GA gen 299/300 | best=17355.035332  gen_best=17355.035332  mean=17366.440419  cache=13118
2026-03-09 14:49:57 | INFO | src.training_set_optimization.ga_subset | GA finished: best fitness=17355.035332  evals=13118  time=1641.6s
2026-03-09 14:49:58 | INFO | __main__ |   step 8/12 n_train=2500 PEVmean=17355.035332 corr=0.2252
2026-03-09 14:50:14 | INFO | src.training_set_optimization.ga_subset | GA gen   0/300 | best=17604.153816  gen_best=17604.153816  mean=17670.239222  cache=90
2026-03-09 14:52:06 | INFO | src.training_set_optimization.ga_subset | GA gen  15/300 | best=17387.435592  gen_best=17387.435592  mean=17478.097798  cache=726
2026-03-09 14:54:02 | INFO | src.training_set_optimization.ga_subset | GA gen  30/300 | best=17339.693669  gen_best=17339.693669  mean=17380.939331  cache=1389
2026-03-09 14:55:58 | INFO | src.training_set_optimization.ga_subset | GA gen  45/300 | best=17338.970875  gen_best=17338.970875  mean=17359.477531  cache=2047
2026-03-09 14:57:53 | INFO | src.training_set_optimization.ga_subset | GA gen  60/300 | best=17304.953485  gen_best=17304.953485  mean=17322.528316  cache=2702
2026-03-09 14:59:48 | INFO | src.training_set_optimization.ga_subset | GA gen  75/300 | best=17296.793401  gen_best=17296.793401  mean=17324.566806  cache=3354
2026-03-09 15:01:44 | INFO | src.training_set_optimization.ga_subset | GA gen  90/300 | best=17279.018947  gen_best=17279.018947  mean=17304.444621  cache=4018
2026-03-09 15:03:37 | INFO | src.training_set_optimization.ga_subset | GA gen 105/300 | best=17274.548721  gen_best=17274.548721  mean=17284.931769  cache=4664
2026-03-09 15:05:44 | INFO | src.training_set_optimization.ga_subset | GA gen 120/300 | best=17261.867544  gen_best=17261.867544  mean=17275.540000  cache=5301
2026-03-09 15:07:38 | INFO | src.training_set_optimization.ga_subset | GA gen 135/300 | best=17252.639020  gen_best=17252.639020  mean=17267.819700  cache=5954
2026-03-09 15:09:32 | INFO | src.training_set_optimization.ga_subset | GA gen 150/300 | best=17242.366822  gen_best=17242.366822  mean=17267.143492  cache=6616
2026-03-09 15:11:27 | INFO | src.training_set_optimization.ga_subset | GA gen 165/300 | best=17238.540405  gen_best=17238.540405  mean=17250.134335  cache=7278
2026-03-09 15:13:22 | INFO | src.training_set_optimization.ga_subset | GA gen 180/300 | best=17229.004105  gen_best=17229.004105  mean=17250.912573  cache=7937
2026-03-09 15:15:16 | INFO | src.training_set_optimization.ga_subset | GA gen 195/300 | best=17221.941492  gen_best=17221.941492  mean=17252.443612  cache=8591
2026-03-09 15:17:09 | INFO | src.training_set_optimization.ga_subset | GA gen 210/300 | best=17217.371469  gen_best=17217.371469  mean=17240.365367  cache=9232
2026-03-09 15:19:05 | INFO | src.training_set_optimization.ga_subset | GA gen 225/300 | best=17216.016848  gen_best=17216.016848  mean=17221.423034  cache=9899
2026-03-09 15:20:59 | INFO | src.training_set_optimization.ga_subset | GA gen 240/300 | best=17209.120461  gen_best=17209.120461  mean=17228.796018  cache=10547
2026-03-09 15:22:53 | INFO | src.training_set_optimization.ga_subset | GA gen 255/300 | best=17207.080308  gen_best=17207.080308  mean=17225.644113  cache=11198
2026-03-09 15:24:47 | INFO | src.training_set_optimization.ga_subset | GA gen 270/300 | best=17201.907132  gen_best=17201.907132  mean=17212.978401  cache=11852
2026-03-09 15:26:43 | INFO | src.training_set_optimization.ga_subset | GA gen 285/300 | best=17197.464187  gen_best=17197.464187  mean=17207.792962  cache=12515
2026-03-09 15:28:31 | INFO | src.training_set_optimization.ga_subset | GA gen 299/300 | best=17193.893809  gen_best=17193.893809  mean=17199.849650  cache=13132
2026-03-09 15:28:31 | INFO | src.training_set_optimization.ga_subset | GA finished: best fitness=17193.893809  evals=13132  time=2312.3s
2026-03-09 15:28:33 | INFO | __main__ |   step 9/12 n_train=3000 PEVmean=17193.893809 corr=0.2215
2026-03-09 15:28:35 | INFO | __main__ |   random baseline order 0 done
2026-03-09 15:28:38 | INFO | __main__ |   random baseline order 1 done
2026-03-09 15:28:40 | INFO | __main__ |   random baseline order 2 done
2026-03-09 15:28:43 | INFO | __main__ |   random baseline order 3 done
2026-03-09 15:28:45 | INFO | __main__ |   random baseline order 4 done
2026-03-09 15:28:45 | INFO | __main__ | Summary saved to outputs/pevmean_ga2/shards/shard_016/body_mass/pevmean_ga_summary.csv
2026-03-09 15:28:45 | INFO | __main__ | PEVmean-GA experiment complete for trait 'body_mass'. Output: outputs/pevmean_ga2/shards/shard_016/body_mass
