2026-03-10 10:09:13 | INFO | __main__ | GA config: GAConfig(pop_size=50, n_generations=300, n_elite=2, tournament_k=3, crossover_prob=0.9, mutation_prob=0.35, n_swaps_per_mut=2, seed=14, verbose=True, stagnation_limit=15)
2026-03-10 10:09:13 | INFO | __main__ | Shard 16/20 enabled; using weighted job distribution across (target, repeat, n_train).
2026-03-10 10:09:13 | INFO | __main__ | Loading data for trait 'body_mass'
2026-03-10 10:09:13 | INFO | src.data | Loading data from NPZ: Data/npz/snp_body_mass_ALL.npz
2026-03-10 10:09:23 | INFO | __main__ | Loaded: 5697 samples, 65344 SNPs
2026-03-10 10:09:23 | INFO | __main__ | Fixed SNP subset: n=20000
2026-03-10 10:09:23 | INFO | __main__ | Shard 16/20 assigned 3/65 jobs (full=0, size=3)
2026-03-10 10:09:24 | INFO | __main__ | Target 6 (Indre Kvarøy): n_source=5341, n_target=356
2026-03-10 10:09:24 | INFO | __main__ | Training-set sizes: [50, 100, 250, 500, 1000, 1500, 2000, 2500, 3000, 3500, 4000, 4500]
2026-03-10 10:09:26 | INFO | __main__ | PEVmean-GA job 3/3 | trait=body_mass target=6 repeat=2/5 | full=False sizes=[1500, 2500, 3000]
2026-03-10 10:09:31 | INFO | src.training_set_optimization.ga_subset | GA gen   0/300 | best=18084.119772  gen_best=18084.119772  mean=18181.204613  cache=94
2026-03-10 10:10:13 | INFO | src.training_set_optimization.ga_subset | GA gen  15/300 | best=17858.464345  gen_best=17858.464345  mean=17930.374748  cache=773
2026-03-10 10:10:51 | INFO | src.training_set_optimization.ga_subset | GA gen  30/300 | best=17803.337944  gen_best=17803.337944  mean=17850.159100  cache=1415
2026-03-10 10:11:30 | INFO | src.training_set_optimization.ga_subset | GA gen  45/300 | best=17784.093712  gen_best=17784.093712  mean=17821.866219  cache=2079
2026-03-10 10:12:10 | INFO | src.training_set_optimization.ga_subset | GA gen  60/300 | best=17768.152301  gen_best=17768.152301  mean=17805.571200  cache=2732
2026-03-10 10:12:51 | INFO | src.training_set_optimization.ga_subset | GA gen  75/300 | best=17738.096453  gen_best=17738.096453  mean=17761.171217  cache=3390
2026-03-10 10:13:30 | INFO | src.training_set_optimization.ga_subset | GA gen  90/300 | best=17723.593139  gen_best=17723.593139  mean=17729.478888  cache=4034
2026-03-10 10:14:10 | INFO | src.training_set_optimization.ga_subset | GA gen 105/300 | best=17702.334542  gen_best=17702.334542  mean=17730.768290  cache=4701
2026-03-10 10:14:48 | INFO | src.training_set_optimization.ga_subset | GA gen 120/300 | best=17680.650107  gen_best=17680.650107  mean=17700.858391  cache=5344
2026-03-10 10:15:28 | INFO | src.training_set_optimization.ga_subset | GA gen 135/300 | best=17675.665469  gen_best=17675.665469  mean=17697.932362  cache=5994
2026-03-10 10:16:07 | INFO | src.training_set_optimization.ga_subset | GA gen 150/300 | best=17671.233953  gen_best=17671.233953  mean=17683.404096  cache=6649
2026-03-10 10:16:46 | INFO | src.training_set_optimization.ga_subset | GA gen 165/300 | best=17654.306210  gen_best=17654.306210  mean=17679.162508  cache=7295
2026-03-10 10:17:24 | INFO | src.training_set_optimization.ga_subset | GA gen 180/300 | best=17647.497752  gen_best=17647.497752  mean=17663.173407  cache=7936
2026-03-10 10:18:03 | INFO | src.training_set_optimization.ga_subset | GA gen 195/300 | best=17640.038896  gen_best=17640.038896  mean=17654.058753  cache=8585
2026-03-10 10:18:42 | INFO | src.training_set_optimization.ga_subset | GA gen 210/300 | best=17637.002686  gen_best=17637.002686  mean=17654.707882  cache=9245
2026-03-10 10:19:22 | INFO | src.training_set_optimization.ga_subset | GA gen 225/300 | best=17631.907451  gen_best=17631.907451  mean=17641.567836  cache=9909
2026-03-10 10:20:01 | INFO | src.training_set_optimization.ga_subset | GA gen 240/300 | best=17627.536393  gen_best=17627.536393  mean=17655.381510  cache=10562
2026-03-10 10:20:40 | INFO | src.training_set_optimization.ga_subset | GA gen 255/300 | best=17619.456126  gen_best=17619.456126  mean=17633.964908  cache=11209
2026-03-10 10:21:18 | INFO | src.training_set_optimization.ga_subset | GA gen 270/300 | best=17611.933224  gen_best=17611.933224  mean=17630.481049  cache=11857
2026-03-10 10:21:57 | INFO | src.training_set_optimization.ga_subset | GA gen 285/300 | best=17591.469991  gen_best=17591.469991  mean=17606.464976  cache=12507
2026-03-10 10:22:33 | INFO | src.training_set_optimization.ga_subset | GA gen 299/300 | best=17587.244159  gen_best=17587.244159  mean=17618.997871  cache=13107
2026-03-10 10:22:33 | INFO | src.training_set_optimization.ga_subset | GA finished: best fitness=17587.244159  evals=13107  time=787.1s
2026-03-10 10:22:34 | INFO | __main__ |   step 6/12 n_train=1500 PEVmean=17587.244159 corr=0.2606
2026-03-10 10:22:47 | INFO | src.training_set_optimization.ga_subset | GA gen   0/300 | best=17532.210174  gen_best=17532.210174  mean=17619.588823  cache=97
2026-03-10 10:24:14 | INFO | src.training_set_optimization.ga_subset | GA gen  15/300 | best=17370.817440  gen_best=17370.817440  mean=17398.425522  cache=747
2026-03-10 10:25:39 | INFO | src.training_set_optimization.ga_subset | GA gen  30/300 | best=17339.951352  gen_best=17339.951352  mean=17364.119874  cache=1381
2026-03-10 10:27:06 | INFO | src.training_set_optimization.ga_subset | GA gen  45/300 | best=17334.811580  gen_best=17334.811580  mean=17340.609806  cache=2027
2026-03-10 10:28:34 | INFO | src.training_set_optimization.ga_subset | GA gen  60/300 | best=17313.400813  gen_best=17313.400813  mean=17331.941804  cache=2682
2026-03-10 10:30:00 | INFO | src.training_set_optimization.ga_subset | GA gen  75/300 | best=17283.940083  gen_best=17283.940083  mean=17295.847643  cache=3321
2026-03-10 10:31:28 | INFO | src.training_set_optimization.ga_subset | GA gen  90/300 | best=17270.070124  gen_best=17270.070124  mean=17295.429317  cache=3982
2026-03-10 10:32:55 | INFO | src.training_set_optimization.ga_subset | GA gen 105/300 | best=17267.252975  gen_best=17267.252975  mean=17271.574191  cache=4631
2026-03-10 10:34:24 | INFO | src.training_set_optimization.ga_subset | GA gen 120/300 | best=17260.706730  gen_best=17260.706730  mean=17275.780477  cache=5292
2026-03-10 10:35:54 | INFO | src.training_set_optimization.ga_subset | GA gen 135/300 | best=17255.008645  gen_best=17255.008645  mean=17277.921005  cache=5951
2026-03-10 10:37:19 | INFO | src.training_set_optimization.ga_subset | GA gen 150/300 | best=17250.249263  gen_best=17250.249263  mean=17257.372415  cache=6588
2026-03-10 10:38:46 | INFO | src.training_set_optimization.ga_subset | GA gen 165/300 | best=17236.742420  gen_best=17236.742420  mean=17262.036615  cache=7237
2026-03-10 10:40:09 | INFO | src.training_set_optimization.ga_subset | GA gen 180/300 | best=17223.790629  gen_best=17223.790629  mean=17236.927057  cache=7862
2026-03-10 10:41:32 | INFO | src.training_set_optimization.ga_subset | GA gen 195/300 | best=17219.495216  gen_best=17219.495216  mean=17223.226317  cache=8502
2026-03-10 10:42:58 | INFO | src.training_set_optimization.ga_subset | GA gen 210/300 | best=17213.974316  gen_best=17213.974316  mean=17231.451384  cache=9145
2026-03-10 10:44:25 | INFO | src.training_set_optimization.ga_subset | GA gen 225/300 | best=17209.738838  gen_best=17209.738838  mean=17211.946186  cache=9793
2026-03-10 10:45:53 | INFO | src.training_set_optimization.ga_subset | GA gen 240/300 | best=17204.311273  gen_best=17204.311273  mean=17217.989237  cache=10440
2026-03-10 10:47:22 | INFO | src.training_set_optimization.ga_subset | GA gen 255/300 | best=17201.829956  gen_best=17201.829956  mean=17225.729831  cache=11081
2026-03-10 10:48:51 | INFO | src.training_set_optimization.ga_subset | GA gen 270/300 | best=17199.556956  gen_best=17199.556956  mean=17204.309684  cache=11734
2026-03-10 10:50:19 | INFO | src.training_set_optimization.ga_subset | GA gen 285/300 | best=17199.021849  gen_best=17199.021849  mean=17215.516878  cache=12386
2026-03-10 10:51:41 | INFO | src.training_set_optimization.ga_subset | GA gen 299/300 | best=17194.275067  gen_best=17194.275067  mean=17202.386311  cache=12992
2026-03-10 10:51:41 | INFO | src.training_set_optimization.ga_subset | GA finished: best fitness=17194.275067  evals=12992  time=1746.9s
2026-03-10 10:51:42 | INFO | __main__ |   step 8/12 n_train=2500 PEVmean=17194.275067 corr=0.2813
2026-03-10 10:52:00 | INFO | src.training_set_optimization.ga_subset | GA gen   0/300 | best=17235.777593  gen_best=17235.777593  mean=17353.044042  cache=93
2026-03-10 10:54:00 | INFO | src.training_set_optimization.ga_subset | GA gen  15/300 | best=17164.876118  gen_best=17164.876118  mean=17203.199312  cache=742
2026-03-10 10:56:01 | INFO | src.training_set_optimization.ga_subset | GA gen  30/300 | best=17125.456571  gen_best=17125.456571  mean=17159.613412  cache=1389
2026-03-10 10:58:03 | INFO | src.training_set_optimization.ga_subset | GA gen  45/300 | best=17113.769049  gen_best=17113.769049  mean=17144.994412  cache=2048
2026-03-10 11:00:03 | INFO | src.training_set_optimization.ga_subset | GA gen  60/300 | best=17108.004419  gen_best=17108.004419  mean=17114.829265  cache=2695
2026-03-10 11:02:07 | INFO | src.training_set_optimization.ga_subset | GA gen  75/300 | best=17097.240667  gen_best=17097.240667  mean=17108.003190  cache=3354
2026-03-10 11:04:07 | INFO | src.training_set_optimization.ga_subset | GA gen  90/300 | best=17080.531636  gen_best=17080.531636  mean=17097.744772  cache=3997
2026-03-10 11:06:09 | INFO | src.training_set_optimization.ga_subset | GA gen 105/300 | best=17065.564133  gen_best=17065.564133  mean=17090.110045  cache=4652
2026-03-10 11:08:11 | INFO | src.training_set_optimization.ga_subset | GA gen 120/300 | best=17060.009161  gen_best=17060.009161  mean=17085.417223  cache=5302
2026-03-10 11:10:15 | INFO | src.training_set_optimization.ga_subset | GA gen 135/300 | best=17049.988611  gen_best=17049.988611  mean=17059.960276  cache=5967
2026-03-10 11:12:17 | INFO | src.training_set_optimization.ga_subset | GA gen 150/300 | best=17041.020977  gen_best=17041.020977  mean=17064.053617  cache=6621
2026-03-10 11:14:22 | INFO | src.training_set_optimization.ga_subset | GA gen 165/300 | best=17034.127356  gen_best=17034.127356  mean=17045.531695  cache=7285
2026-03-10 11:16:23 | INFO | src.training_set_optimization.ga_subset | GA gen 180/300 | best=17021.551389  gen_best=17021.551389  mean=17040.663378  cache=7941
2026-03-10 11:18:20 | INFO | src.training_set_optimization.ga_subset | GA gen 195/300 | best=17018.706238  gen_best=17018.706238  mean=17026.178392  cache=8583
2026-03-10 11:20:21 | INFO | src.training_set_optimization.ga_subset | GA gen 210/300 | best=17015.714916  gen_best=17015.714916  mean=17019.631862  cache=9243
2026-03-10 11:22:22 | INFO | src.training_set_optimization.ga_subset | GA gen 225/300 | best=17012.310756  gen_best=17012.310756  mean=17028.965628  cache=9906
2026-03-10 11:24:20 | INFO | src.training_set_optimization.ga_subset | GA gen 240/300 | best=17008.687165  gen_best=17008.687165  mean=17026.083474  cache=10557
2026-03-10 11:26:22 | INFO | src.training_set_optimization.ga_subset | GA gen 255/300 | best=17005.599646  gen_best=17005.599646  mean=17015.193807  cache=11216
2026-03-10 11:28:19 | INFO | src.training_set_optimization.ga_subset | GA gen 270/300 | best=17002.413476  gen_best=17002.413476  mean=17009.827271  cache=11847
2026-03-10 11:30:17 | INFO | src.training_set_optimization.ga_subset | GA gen 285/300 | best=16998.564631  gen_best=16998.564631  mean=17009.395941  cache=12498
2026-03-10 11:32:09 | INFO | src.training_set_optimization.ga_subset | GA gen 299/300 | best=16993.531523  gen_best=16993.531523  mean=17000.336882  cache=13101
2026-03-10 11:32:09 | INFO | src.training_set_optimization.ga_subset | GA finished: best fitness=16993.531523  evals=13101  time=2426.9s
2026-03-10 11:32:13 | INFO | __main__ |   step 9/12 n_train=3000 PEVmean=16993.531523 corr=0.2623
2026-03-10 11:32:16 | INFO | __main__ |   random baseline order 0 done
2026-03-10 11:32:18 | INFO | __main__ |   random baseline order 1 done
2026-03-10 11:32:20 | INFO | __main__ |   random baseline order 2 done
2026-03-10 11:32:23 | INFO | __main__ |   random baseline order 3 done
2026-03-10 11:32:26 | INFO | __main__ |   random baseline order 4 done
2026-03-10 11:32:26 | INFO | __main__ | Summary saved to outputs/pevmean_ga3/shards/shard_016/body_mass/pevmean_ga_summary.csv
2026-03-10 11:32:26 | INFO | __main__ | PEVmean-GA experiment complete for trait 'body_mass'. Output: outputs/pevmean_ga3/shards/shard_016/body_mass
