2026-03-10 10:09:13 | INFO | __main__ | GA config: GAConfig(pop_size=50, n_generations=300, n_elite=2, tournament_k=3, crossover_prob=0.9, mutation_prob=0.35, n_swaps_per_mut=2, seed=14, verbose=True, stagnation_limit=15)
2026-03-10 10:09:13 | INFO | __main__ | Shard 3/20 enabled; using weighted job distribution across (target, repeat, n_train).
2026-03-10 10:09:13 | INFO | __main__ | Loading data for trait 'body_mass'
2026-03-10 10:09:13 | INFO | src.data | Loading data from NPZ: Data/npz/snp_body_mass_ALL.npz
2026-03-10 10:09:23 | INFO | __main__ | Loaded: 5697 samples, 65344 SNPs
2026-03-10 10:09:23 | INFO | __main__ | Fixed SNP subset: n=20000
2026-03-10 10:09:23 | INFO | __main__ | Shard 3/20 assigned 1/65 jobs (full=0, size=1)
2026-03-10 10:09:24 | INFO | __main__ | Target 6 (Indre Kvarøy): n_source=5341, n_target=356
2026-03-10 10:09:24 | INFO | __main__ | Training-set sizes: [50, 100, 250, 500, 1000, 1500, 2000, 2500, 3000, 3500, 4000, 4500]
2026-03-10 10:09:26 | INFO | __main__ | PEVmean-GA job 1/1 | trait=body_mass target=6 repeat=4/5 | full=False sizes=[4500]
2026-03-10 10:10:01 | INFO | src.training_set_optimization.ga_subset | GA gen   0/300 | best=16674.278273  gen_best=16674.278273  mean=16716.630554  cache=93
2026-03-10 10:14:09 | INFO | src.training_set_optimization.ga_subset | GA gen  15/300 | best=16631.603852  gen_best=16631.603852  mean=16674.111518  cache=749
2026-03-10 10:18:13 | INFO | src.training_set_optimization.ga_subset | GA gen  30/300 | best=16625.046220  gen_best=16625.046220  mean=16632.173921  cache=1393
2026-03-10 10:22:18 | INFO | src.training_set_optimization.ga_subset | GA gen  45/300 | best=16622.681457  gen_best=16622.681457  mean=16637.881456  cache=2047
2026-03-10 10:26:26 | INFO | src.training_set_optimization.ga_subset | GA gen  60/300 | best=16618.153261  gen_best=16618.153261  mean=16624.806684  cache=2704
2026-03-10 10:30:37 | INFO | src.training_set_optimization.ga_subset | GA gen  75/300 | best=16616.712681  gen_best=16616.712681  mean=16624.333233  cache=3366
2026-03-10 10:35:09 | INFO | src.training_set_optimization.ga_subset | GA gen  90/300 | best=16604.070576  gen_best=16604.070576  mean=16618.044309  cache=4018
2026-03-10 10:39:13 | INFO | src.training_set_optimization.ga_subset | GA gen 105/300 | best=16599.576823  gen_best=16599.576823  mean=16607.213636  cache=4665
2026-03-10 10:43:19 | INFO | src.training_set_optimization.ga_subset | GA gen 120/300 | best=16597.471886  gen_best=16597.471886  mean=16604.510186  cache=5322
2026-03-10 10:47:27 | INFO | src.training_set_optimization.ga_subset | GA gen 135/300 | best=16596.626894  gen_best=16596.626894  mean=16604.825343  cache=5986
2026-03-10 10:51:33 | INFO | src.training_set_optimization.ga_subset | GA gen 150/300 | best=16593.445333  gen_best=16593.445333  mean=16603.553828  cache=6638
2026-03-10 10:55:38 | INFO | src.training_set_optimization.ga_subset | GA gen 165/300 | best=16589.516020  gen_best=16589.516020  mean=16594.822291  cache=7293
2026-03-10 10:59:55 | INFO | src.training_set_optimization.ga_subset | GA gen 180/300 | best=16587.058370  gen_best=16587.058370  mean=16606.530576  cache=7937
2026-03-10 11:04:12 | INFO | src.training_set_optimization.ga_subset | GA gen 195/300 | best=16585.817419  gen_best=16585.817419  mean=16591.567187  cache=8588
2026-03-10 11:08:59 | INFO | src.training_set_optimization.ga_subset | GA gen 210/300 | best=16583.170915  gen_best=16583.170915  mean=16587.538002  cache=9251
2026-03-10 11:13:58 | INFO | src.training_set_optimization.ga_subset | GA gen 225/300 | best=16582.255084  gen_best=16582.255084  mean=16594.245387  cache=9907
2026-03-10 11:18:39 | INFO | src.training_set_optimization.ga_subset | GA gen 240/300 | best=16580.767670  gen_best=16580.767670  mean=16589.866377  cache=10565
2026-03-10 11:22:56 | INFO | src.training_set_optimization.ga_subset | GA gen 255/300 | best=16578.517289  gen_best=16578.517289  mean=16585.439576  cache=11222
2026-03-10 11:27:06 | INFO | src.training_set_optimization.ga_subset | GA gen 270/300 | best=16577.587720  gen_best=16577.587720  mean=16579.486442  cache=11878
2026-03-10 11:31:39 | INFO | src.training_set_optimization.ga_subset | GA gen 285/300 | best=16575.985096  gen_best=16575.985096  mean=16579.424012  cache=12537
2026-03-10 11:35:27 | INFO | src.training_set_optimization.ga_subset | GA gen 299/300 | best=16574.449466  gen_best=16574.449466  mean=16584.101562  cache=13143
2026-03-10 11:35:27 | INFO | src.training_set_optimization.ga_subset | GA finished: best fitness=16574.449466  evals=13143  time=5161.1s
2026-03-10 11:35:30 | INFO | __main__ |   step 12/12 n_train=4500 PEVmean=16574.449466 corr=0.2927
2026-03-10 11:35:32 | INFO | __main__ |   random baseline order 0 done
2026-03-10 11:35:33 | INFO | __main__ |   random baseline order 1 done
2026-03-10 11:35:35 | INFO | __main__ |   random baseline order 2 done
2026-03-10 11:35:37 | INFO | __main__ |   random baseline order 3 done
2026-03-10 11:35:39 | INFO | __main__ |   random baseline order 4 done
2026-03-10 11:35:39 | INFO | __main__ | Summary saved to outputs/pevmean_ga3/shards/shard_003/body_mass/pevmean_ga_summary.csv
2026-03-10 11:35:39 | INFO | __main__ | PEVmean-GA experiment complete for trait 'body_mass'. Output: outputs/pevmean_ga3/shards/shard_003/body_mass
