2026-03-10 14:50:52 | INFO | __main__ | GA config: GAConfig(pop_size=50, n_generations=300, n_elite=2, tournament_k=3, crossover_prob=0.9, mutation_prob=0.35, n_swaps_per_mut=2, seed=14, verbose=True, stagnation_limit=15)
2026-03-10 14:50:52 | INFO | __main__ | Shard 11/20 enabled; using weighted job distribution across (target, repeat, n_train).
2026-03-10 14:50:52 | INFO | __main__ | Loading data for trait 'body_mass'
2026-03-10 14:50:52 | INFO | src.data | Loading data from NPZ: Data/npz/snp_body_mass_ALL.npz
2026-03-10 14:51:00 | INFO | __main__ | Loaded: 5697 samples, 65344 SNPs
2026-03-10 14:51:00 | INFO | __main__ | Fixed SNP subset: n=20000
2026-03-10 14:51:00 | INFO | __main__ | Shard 11/20 assigned 7/65 jobs (full=1, size=6)
2026-03-10 14:51:00 | INFO | __main__ | Target 4 (Gjerøy): n_source=5139, n_target=558
2026-03-10 14:51:00 | INFO | __main__ | Training-set sizes: [50, 100, 250, 500, 1000, 1500, 2000, 2500, 3000, 3500, 4000, 4500]
2026-03-10 14:51:02 | INFO | __main__ | PEVmean-GA job 7/7 | trait=body_mass target=4 repeat=2/5 | full=True sizes=[50, 100, 250, 500, 2000, 3500]
2026-03-10 14:51:05 | INFO | src.training_set_optimization.ga_subset | GA gen   0/300 | best=19196.051851  gen_best=19196.051851  mean=19219.819755  cache=95
2026-03-10 14:51:05 | INFO | src.training_set_optimization.ga_subset | GA gen  15/300 | best=19104.190435  gen_best=19104.190435  mean=19128.264209  cache=757
2026-03-10 14:51:05 | INFO | src.training_set_optimization.ga_subset | GA gen  30/300 | best=19088.451218  gen_best=19088.451218  mean=19108.229175  cache=1406
2026-03-10 14:51:06 | INFO | src.training_set_optimization.ga_subset | GA gen  45/300 | best=19066.107933  gen_best=19066.107933  mean=19090.119068  cache=2063
2026-03-10 14:51:06 | INFO | src.training_set_optimization.ga_subset | GA gen  60/300 | best=19056.188034  gen_best=19056.188034  mean=19085.683869  cache=2711
2026-03-10 14:51:06 | INFO | src.training_set_optimization.ga_subset | GA gen  75/300 | best=19050.941339  gen_best=19050.941339  mean=19062.225115  cache=3344
2026-03-10 14:51:07 | INFO | src.training_set_optimization.ga_subset | GA gen  90/300 | best=19047.928547  gen_best=19047.928547  mean=19067.482061  cache=4000
2026-03-10 14:51:07 | INFO | src.training_set_optimization.ga_subset | GA gen 105/300 | best=19045.560126  gen_best=19045.560126  mean=19060.094414  cache=4649
2026-03-10 14:51:07 | INFO | src.training_set_optimization.ga_subset | GA gen 120/300 | best=19043.518026  gen_best=19043.518026  mean=19063.332805  cache=5287
2026-03-10 14:51:08 | INFO | src.training_set_optimization.ga_subset | GA gen 135/300 | best=19034.606393  gen_best=19034.606393  mean=19048.958603  cache=5955
2026-03-10 14:51:08 | INFO | src.training_set_optimization.ga_subset | GA gen 150/300 | best=19028.369181  gen_best=19028.369181  mean=19051.296954  cache=6624
2026-03-10 14:51:08 | INFO | src.training_set_optimization.ga_subset | GA gen 165/300 | best=19025.752853  gen_best=19025.752853  mean=19038.929367  cache=7270
2026-03-10 14:51:09 | INFO | src.training_set_optimization.ga_subset | GA gen 180/300 | best=19024.320653  gen_best=19024.320653  mean=19040.730883  cache=7912
2026-03-10 14:51:09 | INFO | src.training_set_optimization.ga_subset | GA gen 195/300 | best=19012.632053  gen_best=19012.632053  mean=19034.971889  cache=8553
2026-03-10 14:51:09 | INFO | src.training_set_optimization.ga_subset | GA gen 210/300 | best=19008.793438  gen_best=19008.793438  mean=19031.332234  cache=9223
2026-03-10 14:51:10 | INFO | src.training_set_optimization.ga_subset | GA gen 225/300 | best=18999.861888  gen_best=18999.861888  mean=19020.626699  cache=9865
2026-03-10 14:51:10 | INFO | src.training_set_optimization.ga_subset | GA gen 240/300 | best=18991.784382  gen_best=18991.784382  mean=19009.460183  cache=10518
2026-03-10 14:51:10 | INFO | src.training_set_optimization.ga_subset | GA early stop: no improvement for 15 generations (gen 247)
2026-03-10 14:51:10 | INFO | src.training_set_optimization.ga_subset | GA finished: best fitness=18991.784382  evals=10811  time=5.6s
2026-03-10 14:51:10 | INFO | __main__ |   step 1/12 n_train=50 PEVmean=18991.784382 corr=0.0077
2026-03-10 14:51:10 | INFO | src.training_set_optimization.ga_subset | GA gen   0/300 | best=19156.405546  gen_best=19156.405546  mean=19179.146983  cache=97
2026-03-10 14:51:11 | INFO | src.training_set_optimization.ga_subset | GA gen  15/300 | best=19063.551545  gen_best=19063.551545  mean=19091.432302  cache=751
2026-03-10 14:51:12 | INFO | src.training_set_optimization.ga_subset | GA gen  30/300 | best=19046.856072  gen_best=19046.856072  mean=19071.875082  cache=1399
2026-03-10 14:51:12 | INFO | src.training_set_optimization.ga_subset | GA gen  45/300 | best=19034.168154  gen_best=19034.168154  mean=19056.185350  cache=2063
2026-03-10 14:51:13 | INFO | src.training_set_optimization.ga_subset | GA gen  60/300 | best=19030.214433  gen_best=19030.214433  mean=19044.973936  cache=2704
2026-03-10 14:51:13 | INFO | src.training_set_optimization.ga_subset | GA gen  75/300 | best=19022.627150  gen_best=19022.627150  mean=19039.958276  cache=3348
2026-03-10 14:51:14 | INFO | src.training_set_optimization.ga_subset | GA gen  90/300 | best=19009.278199  gen_best=19009.278199  mean=19034.374715  cache=4002
2026-03-10 14:51:14 | INFO | src.training_set_optimization.ga_subset | GA gen 105/300 | best=19004.145226  gen_best=19004.145226  mean=19022.808313  cache=4657
2026-03-10 14:51:15 | INFO | src.training_set_optimization.ga_subset | GA gen 120/300 | best=18980.660902  gen_best=18980.660902  mean=19003.479960  cache=5301
2026-03-10 14:51:15 | INFO | src.training_set_optimization.ga_subset | GA gen 135/300 | best=18975.662505  gen_best=18975.662505  mean=18999.280136  cache=5944
2026-03-10 14:51:16 | INFO | src.training_set_optimization.ga_subset | GA gen 150/300 | best=18964.419446  gen_best=18964.419446  mean=18986.942315  cache=6590
2026-03-10 14:51:16 | INFO | src.training_set_optimization.ga_subset | GA gen 165/300 | best=18954.646569  gen_best=18954.646569  mean=18974.415128  cache=7230
2026-03-10 14:51:17 | INFO | src.training_set_optimization.ga_subset | GA gen 180/300 | best=18952.493688  gen_best=18952.493688  mean=18965.439596  cache=7885
2026-03-10 14:51:18 | INFO | src.training_set_optimization.ga_subset | GA gen 195/300 | best=18946.666837  gen_best=18946.666837  mean=18969.992488  cache=8543
2026-03-10 14:51:18 | INFO | src.training_set_optimization.ga_subset | GA gen 210/300 | best=18940.894248  gen_best=18940.894248  mean=18967.749231  cache=9196
2026-03-10 14:51:19 | INFO | src.training_set_optimization.ga_subset | GA gen 225/300 | best=18940.347572  gen_best=18940.347572  mean=18956.052248  cache=9854
2026-03-10 14:51:19 | INFO | src.training_set_optimization.ga_subset | GA gen 240/300 | best=18931.602020  gen_best=18931.602020  mean=18952.270744  cache=10495
2026-03-10 14:51:20 | INFO | src.training_set_optimization.ga_subset | GA gen 255/300 | best=18923.188940  gen_best=18923.188940  mean=18946.208577  cache=11148
2026-03-10 14:51:20 | INFO | src.training_set_optimization.ga_subset | GA gen 270/300 | best=18918.809667  gen_best=18918.809667  mean=18937.391220  cache=11802
2026-03-10 14:51:21 | INFO | src.training_set_optimization.ga_subset | GA gen 285/300 | best=18917.348606  gen_best=18917.348606  mean=18939.592447  cache=12443
2026-03-10 14:51:21 | INFO | src.training_set_optimization.ga_subset | GA gen 299/300 | best=18912.982998  gen_best=18912.982998  mean=18934.952167  cache=13059
2026-03-10 14:51:21 | INFO | src.training_set_optimization.ga_subset | GA finished: best fitness=18912.982998  evals=13059  time=11.0s
2026-03-10 14:51:21 | INFO | __main__ |   step 2/12 n_train=100 PEVmean=18912.982998 corr=0.1326
2026-03-10 14:51:22 | INFO | src.training_set_optimization.ga_subset | GA gen   0/300 | best=19023.584238  gen_best=19023.584238  mean=19062.972512  cache=92
2026-03-10 14:51:23 | INFO | src.training_set_optimization.ga_subset | GA gen  15/300 | best=18878.702108  gen_best=18878.702108  mean=18913.053835  cache=740
2026-03-10 14:51:25 | INFO | src.training_set_optimization.ga_subset | GA gen  30/300 | best=18859.948980  gen_best=18859.948980  mean=18883.642315  cache=1386
2026-03-10 14:51:26 | INFO | src.training_set_optimization.ga_subset | GA gen  45/300 | best=18854.923384  gen_best=18854.923384  mean=18869.360476  cache=2045
2026-03-10 14:51:28 | INFO | src.training_set_optimization.ga_subset | GA gen  60/300 | best=18849.282925  gen_best=18849.282925  mean=18868.938531  cache=2703
2026-03-10 14:51:30 | INFO | src.training_set_optimization.ga_subset | GA gen  75/300 | best=18842.110358  gen_best=18842.110358  mean=18859.177434  cache=3355
2026-03-10 14:51:31 | INFO | src.training_set_optimization.ga_subset | GA gen  90/300 | best=18826.763439  gen_best=18826.763439  mean=18848.727682  cache=4013
2026-03-10 14:51:33 | INFO | src.training_set_optimization.ga_subset | GA gen 105/300 | best=18823.097115  gen_best=18823.097115  mean=18835.650931  cache=4664
2026-03-10 14:51:34 | INFO | src.training_set_optimization.ga_subset | GA gen 120/300 | best=18816.906977  gen_best=18816.906977  mean=18837.090217  cache=5321
2026-03-10 14:51:36 | INFO | src.training_set_optimization.ga_subset | GA gen 135/300 | best=18809.984629  gen_best=18809.984629  mean=18835.013306  cache=5970
2026-03-10 14:51:38 | INFO | src.training_set_optimization.ga_subset | GA gen 150/300 | best=18786.332316  gen_best=18786.332316  mean=18808.274971  cache=6614
2026-03-10 14:51:39 | INFO | src.training_set_optimization.ga_subset | GA gen 165/300 | best=18778.046094  gen_best=18778.046094  mean=18804.386570  cache=7281
2026-03-10 14:51:41 | INFO | src.training_set_optimization.ga_subset | GA gen 180/300 | best=18774.541892  gen_best=18774.541892  mean=18787.573595  cache=7923
2026-03-10 14:51:43 | INFO | src.training_set_optimization.ga_subset | GA gen 195/300 | best=18769.255372  gen_best=18769.255372  mean=18786.781409  cache=8573
2026-03-10 14:51:44 | INFO | src.training_set_optimization.ga_subset | GA gen 210/300 | best=18763.561969  gen_best=18763.561969  mean=18781.550803  cache=9222
2026-03-10 14:51:46 | INFO | src.training_set_optimization.ga_subset | GA gen 225/300 | best=18755.774445  gen_best=18755.774445  mean=18768.035782  cache=9859
2026-03-10 14:51:48 | INFO | src.training_set_optimization.ga_subset | GA gen 240/300 | best=18746.433016  gen_best=18746.433016  mean=18772.363387  cache=10526
2026-03-10 14:51:49 | INFO | src.training_set_optimization.ga_subset | GA gen 255/300 | best=18741.705403  gen_best=18741.705403  mean=18750.521254  cache=11157
2026-03-10 14:51:51 | INFO | src.training_set_optimization.ga_subset | GA gen 270/300 | best=18737.444762  gen_best=18737.444762  mean=18754.213977  cache=11826
2026-03-10 14:51:52 | INFO | src.training_set_optimization.ga_subset | GA gen 285/300 | best=18732.873344  gen_best=18732.873344  mean=18747.784833  cache=12487
2026-03-10 14:51:54 | INFO | src.training_set_optimization.ga_subset | GA gen 299/300 | best=18728.556837  gen_best=18728.556837  mean=18743.652594  cache=13081
2026-03-10 14:51:54 | INFO | src.training_set_optimization.ga_subset | GA finished: best fitness=18728.556837  evals=13081  time=32.5s
2026-03-10 14:51:54 | INFO | __main__ |   step 3/12 n_train=250 PEVmean=18728.556837 corr=0.1441
2026-03-10 14:51:55 | INFO | src.training_set_optimization.ga_subset | GA gen   0/300 | best=18845.191705  gen_best=18845.191705  mean=18889.422150  cache=94
2026-03-10 14:51:59 | INFO | src.training_set_optimization.ga_subset | GA gen  15/300 | best=18708.272168  gen_best=18708.272168  mean=18744.423864  cache=750
2026-03-10 14:52:04 | INFO | src.training_set_optimization.ga_subset | GA gen  30/300 | best=18666.039090  gen_best=18666.039090  mean=18698.009893  cache=1415
2026-03-10 14:52:08 | INFO | src.training_set_optimization.ga_subset | GA gen  45/300 | best=18651.185690  gen_best=18651.185690  mean=18678.371130  cache=2059
2026-03-10 14:52:12 | INFO | src.training_set_optimization.ga_subset | GA gen  60/300 | best=18641.527743  gen_best=18641.527743  mean=18666.412606  cache=2719
2026-03-10 14:52:16 | INFO | src.training_set_optimization.ga_subset | GA gen  75/300 | best=18629.839822  gen_best=18629.839822  mean=18642.564297  cache=3363
2026-03-10 14:52:20 | INFO | src.training_set_optimization.ga_subset | GA gen  90/300 | best=18623.311411  gen_best=18623.311411  mean=18645.433112  cache=4022
2026-03-10 14:52:25 | INFO | src.training_set_optimization.ga_subset | GA gen 105/300 | best=18615.283215  gen_best=18615.283215  mean=18639.108836  cache=4687
2026-03-10 14:52:29 | INFO | src.training_set_optimization.ga_subset | GA gen 120/300 | best=18609.791203  gen_best=18609.791203  mean=18622.277173  cache=5336
2026-03-10 14:52:33 | INFO | src.training_set_optimization.ga_subset | GA gen 135/300 | best=18597.610732  gen_best=18597.610732  mean=18618.945540  cache=5995
2026-03-10 14:52:37 | INFO | src.training_set_optimization.ga_subset | GA gen 150/300 | best=18591.554853  gen_best=18591.554853  mean=18607.229906  cache=6637
2026-03-10 14:52:41 | INFO | src.training_set_optimization.ga_subset | GA gen 165/300 | best=18586.291201  gen_best=18586.291201  mean=18600.341176  cache=7296
2026-03-10 14:52:45 | INFO | src.training_set_optimization.ga_subset | GA gen 180/300 | best=18579.404482  gen_best=18579.404482  mean=18591.328275  cache=7948
2026-03-10 14:52:50 | INFO | src.training_set_optimization.ga_subset | GA gen 195/300 | best=18575.951583  gen_best=18575.951583  mean=18589.304776  cache=8601
2026-03-10 14:52:54 | INFO | src.training_set_optimization.ga_subset | GA gen 210/300 | best=18568.151380  gen_best=18568.151380  mean=18584.129555  cache=9258
2026-03-10 14:52:59 | INFO | src.training_set_optimization.ga_subset | GA gen 225/300 | best=18562.575830  gen_best=18562.575830  mean=18569.164407  cache=9895
2026-03-10 14:53:03 | INFO | src.training_set_optimization.ga_subset | GA gen 240/300 | best=18560.979714  gen_best=18560.979714  mean=18568.888442  cache=10544
2026-03-10 14:53:08 | INFO | src.training_set_optimization.ga_subset | GA gen 255/300 | best=18556.840533  gen_best=18556.840533  mean=18565.984718  cache=11196
2026-03-10 14:53:12 | INFO | src.training_set_optimization.ga_subset | GA gen 270/300 | best=18551.547640  gen_best=18551.547640  mean=18559.914666  cache=11838
2026-03-10 14:53:17 | INFO | src.training_set_optimization.ga_subset | GA gen 285/300 | best=18551.269128  gen_best=18551.269128  mean=18562.770865  cache=12504
2026-03-10 14:53:21 | INFO | src.training_set_optimization.ga_subset | GA gen 299/300 | best=18545.274140  gen_best=18545.274140  mean=18554.540130  cache=13092
2026-03-10 14:53:21 | INFO | src.training_set_optimization.ga_subset | GA finished: best fitness=18545.274140  evals=13092  time=86.5s
2026-03-10 14:53:21 | INFO | __main__ |   step 4/12 n_train=500 PEVmean=18545.274140 corr=0.1452
2026-03-10 14:53:28 | INFO | src.training_set_optimization.ga_subset | GA gen   0/300 | best=18079.239186  gen_best=18079.239186  mean=18121.778619  cache=93
2026-03-10 14:54:18 | INFO | src.training_set_optimization.ga_subset | GA gen  15/300 | best=17987.026416  gen_best=17987.026416  mean=18018.176440  cache=767
2026-03-10 14:55:07 | INFO | src.training_set_optimization.ga_subset | GA gen  30/300 | best=17951.357099  gen_best=17951.357099  mean=17988.611440  cache=1429
2026-03-10 14:55:54 | INFO | src.training_set_optimization.ga_subset | GA gen  45/300 | best=17935.516168  gen_best=17935.516168  mean=17957.764667  cache=2074
2026-03-10 14:56:44 | INFO | src.training_set_optimization.ga_subset | GA gen  60/300 | best=17918.874940  gen_best=17918.874940  mean=17945.412502  cache=2742
2026-03-10 14:57:34 | INFO | src.training_set_optimization.ga_subset | GA gen  75/300 | best=17916.174422  gen_best=17916.174422  mean=17942.238331  cache=3399
2026-03-10 14:58:25 | INFO | src.training_set_optimization.ga_subset | GA gen  90/300 | best=17911.133318  gen_best=17911.133318  mean=17926.715466  cache=4064
2026-03-10 14:59:16 | INFO | src.training_set_optimization.ga_subset | GA gen 105/300 | best=17905.884261  gen_best=17905.884261  mean=17917.080300  cache=4724
2026-03-10 15:00:06 | INFO | src.training_set_optimization.ga_subset | GA gen 120/300 | best=17903.318045  gen_best=17903.318045  mean=17908.704510  cache=5374
2026-03-10 15:00:58 | INFO | src.training_set_optimization.ga_subset | GA gen 135/300 | best=17900.032955  gen_best=17900.032955  mean=17910.964827  cache=6030
2026-03-10 15:01:48 | INFO | src.training_set_optimization.ga_subset | GA gen 150/300 | best=17898.097624  gen_best=17898.097624  mean=17911.729575  cache=6687
2026-03-10 15:02:39 | INFO | src.training_set_optimization.ga_subset | GA gen 165/300 | best=17895.216163  gen_best=17895.216163  mean=17902.452226  cache=7344
2026-03-10 15:03:29 | INFO | src.training_set_optimization.ga_subset | GA gen 180/300 | best=17890.968325  gen_best=17890.968325  mean=17894.539540  cache=7994
2026-03-10 15:04:18 | INFO | src.training_set_optimization.ga_subset | GA gen 195/300 | best=17886.801399  gen_best=17886.801399  mean=17889.763766  cache=8640
2026-03-10 15:05:09 | INFO | src.training_set_optimization.ga_subset | GA gen 210/300 | best=17880.946318  gen_best=17880.946318  mean=17889.905151  cache=9296
2026-03-10 15:05:58 | INFO | src.training_set_optimization.ga_subset | GA gen 225/300 | best=17875.373735  gen_best=17875.373735  mean=17883.843189  cache=9945
2026-03-10 15:06:48 | INFO | src.training_set_optimization.ga_subset | GA gen 240/300 | best=17871.228042  gen_best=17871.228042  mean=17880.130490  cache=10600
2026-03-10 15:07:38 | INFO | src.training_set_optimization.ga_subset | GA gen 255/300 | best=17868.448405  gen_best=17868.448405  mean=17874.597222  cache=11245
2026-03-10 15:08:27 | INFO | src.training_set_optimization.ga_subset | GA gen 270/300 | best=17866.699027  gen_best=17866.699027  mean=17874.217484  cache=11886
2026-03-10 15:09:17 | INFO | src.training_set_optimization.ga_subset | GA gen 285/300 | best=17862.812334  gen_best=17862.812334  mean=17867.873188  cache=12536
2026-03-10 15:10:04 | INFO | src.training_set_optimization.ga_subset | GA gen 299/300 | best=17859.827889  gen_best=17859.827889  mean=17870.128934  cache=13156
2026-03-10 15:10:04 | INFO | src.training_set_optimization.ga_subset | GA finished: best fitness=17859.827889  evals=13156  time=1003.6s
2026-03-10 15:10:05 | INFO | __main__ |   step 7/12 n_train=2000 PEVmean=17859.827889 corr=0.1413
2026-03-10 15:10:25 | INFO | src.training_set_optimization.ga_subset | GA gen   0/300 | best=17501.808795  gen_best=17501.808795  mean=17535.092281  cache=95
2026-03-10 15:12:46 | INFO | src.training_set_optimization.ga_subset | GA gen  15/300 | best=17467.109182  gen_best=17467.109182  mean=17504.668113  cache=763
2026-03-10 15:15:04 | INFO | src.training_set_optimization.ga_subset | GA gen  30/300 | best=17455.922147  gen_best=17455.922147  mean=17483.197864  cache=1416
2026-03-10 15:17:24 | INFO | src.training_set_optimization.ga_subset | GA gen  45/300 | best=17436.347816  gen_best=17436.347816  mean=17458.859180  cache=2076
2026-03-10 15:19:42 | INFO | src.training_set_optimization.ga_subset | GA gen  60/300 | best=17428.602509  gen_best=17428.602509  mean=17446.598245  cache=2728
2026-03-10 15:21:58 | INFO | src.training_set_optimization.ga_subset | GA gen  75/300 | best=17424.366766  gen_best=17424.366766  mean=17428.007986  cache=3369
2026-03-10 15:24:10 | INFO | src.training_set_optimization.ga_subset | GA gen  90/300 | best=17422.876711  gen_best=17422.876711  mean=17430.329360  cache=4017
2026-03-10 15:26:22 | INFO | src.training_set_optimization.ga_subset | GA gen 105/300 | best=17420.251911  gen_best=17420.251911  mean=17428.004515  cache=4670
2026-03-10 15:28:34 | INFO | src.training_set_optimization.ga_subset | GA gen 120/300 | best=17414.565619  gen_best=17414.565619  mean=17426.975640  cache=5315
2026-03-10 15:30:50 | INFO | src.training_set_optimization.ga_subset | GA gen 135/300 | best=17411.153098  gen_best=17411.153098  mean=17416.239960  cache=5963
2026-03-10 15:33:06 | INFO | src.training_set_optimization.ga_subset | GA gen 150/300 | best=17408.349302  gen_best=17408.349302  mean=17410.234676  cache=6604
2026-03-10 15:35:28 | INFO | src.training_set_optimization.ga_subset | GA gen 165/300 | best=17406.444234  gen_best=17406.444234  mean=17413.821530  cache=7267
2026-03-10 15:37:54 | INFO | src.training_set_optimization.ga_subset | GA gen 180/300 | best=17404.844018  gen_best=17404.844018  mean=17413.609141  cache=7928
2026-03-10 15:40:15 | INFO | src.training_set_optimization.ga_subset | GA gen 195/300 | best=17403.447564  gen_best=17403.447564  mean=17407.687236  cache=8571
2026-03-10 15:42:37 | INFO | src.training_set_optimization.ga_subset | GA gen 210/300 | best=17402.407500  gen_best=17402.407500  mean=17410.232937  cache=9216
2026-03-10 15:45:00 | INFO | src.training_set_optimization.ga_subset | GA gen 225/300 | best=17400.195924  gen_best=17400.195924  mean=17403.011568  cache=9857
2026-03-10 15:47:23 | INFO | src.training_set_optimization.ga_subset | GA gen 240/300 | best=17398.788493  gen_best=17398.788493  mean=17405.950566  cache=10510
2026-03-10 15:49:46 | INFO | src.training_set_optimization.ga_subset | GA gen 255/300 | best=17397.396982  gen_best=17397.396982  mean=17403.125647  cache=11154
2026-03-10 15:52:12 | INFO | src.training_set_optimization.ga_subset | GA gen 270/300 | best=17396.421986  gen_best=17396.421986  mean=17399.427998  cache=11817
2026-03-10 15:54:38 | INFO | src.training_set_optimization.ga_subset | GA gen 285/300 | best=17394.592190  gen_best=17394.592190  mean=17398.571684  cache=12475
2026-03-10 15:56:53 | INFO | src.training_set_optimization.ga_subset | GA gen 299/300 | best=17393.825929  gen_best=17393.825929  mean=17399.039893  cache=13090
2026-03-10 15:56:53 | INFO | src.training_set_optimization.ga_subset | GA finished: best fitness=17393.825929  evals=13090  time=2807.4s
2026-03-10 15:56:55 | INFO | __main__ |   step 10/12 n_train=3500 PEVmean=17393.825929 corr=0.0893
2026-03-10 15:56:57 | INFO | __main__ |   random baseline order 0 done
2026-03-10 15:57:02 | INFO | __main__ |   random baseline order 1 done
2026-03-10 15:57:04 | INFO | __main__ |   random baseline order 2 done
2026-03-10 15:57:06 | INFO | __main__ |   random baseline order 3 done
2026-03-10 15:57:09 | INFO | __main__ |   random baseline order 4 done
2026-03-10 15:57:09 | INFO | __main__ | Summary saved to outputs/pevmean_ga4/shards/shard_011/body_mass/pevmean_ga_summary.csv
2026-03-10 15:57:09 | INFO | __main__ | PEVmean-GA experiment complete for trait 'body_mass'. Output: outputs/pevmean_ga4/shards/shard_011/body_mass
