2026-03-06 11:36:43 | INFO | __main__ | GA config: GAConfig(pop_size=50, n_generations=100, n_elite=2, tournament_k=3, crossover_prob=0.9, mutation_prob=0.3, n_swaps_per_mut=2, seed=14, verbose=True, stagnation_limit=20)
2026-03-06 11:36:43 | INFO | __main__ | Shard 11/20 assigned repeat=2, n_train_size=3000
2026-03-06 11:36:43 | INFO | __main__ | Loading data for trait 'body_mass'
2026-03-06 11:36:43 | INFO | src.data | Loading data from NPZ: Data/npz/snp_body_mass_ALL.npz
2026-03-06 11:36:52 | INFO | __main__ | Loaded: 5697 samples, 65344 SNPs
2026-03-06 11:36:52 | INFO | __main__ | Fixed SNP subset: n=20000
2026-03-06 11:36:52 | INFO | __main__ | Target 3 (Selvær): n_source=5503, n_target=194
2026-03-06 11:36:52 | INFO | __main__ | Training-set sizes: [3000]
2026-03-06 11:36:53 | INFO | __main__ | PEVmean-GA 1/5 | trait=body_mass target=3 repeat=3/5
2026-03-06 11:37:05 | INFO | src.training_set_optimization.ga_subset | GA gen   0/100 | best=17573.657602  gen_best=17573.657602  mean=17675.658913  cache=92
2026-03-06 11:37:32 | INFO | src.training_set_optimization.ga_subset | GA gen   5/100 | best=17482.344486  gen_best=17482.344486  mean=17573.715320  cache=311
2026-03-06 11:37:58 | INFO | src.training_set_optimization.ga_subset | GA gen  10/100 | best=17439.348671  gen_best=17439.348671  mean=17499.479263  cache=520
2026-03-06 11:38:25 | INFO | src.training_set_optimization.ga_subset | GA gen  15/100 | best=17429.356678  gen_best=17429.356678  mean=17495.110603  cache=739
2026-03-06 11:38:52 | INFO | src.training_set_optimization.ga_subset | GA gen  20/100 | best=17388.748004  gen_best=17388.748004  mean=17446.615440  cache=958
2026-03-06 11:39:19 | INFO | src.training_set_optimization.ga_subset | GA gen  25/100 | best=17378.438823  gen_best=17378.438823  mean=17427.016917  cache=1177
2026-03-06 11:39:47 | INFO | src.training_set_optimization.ga_subset | GA gen  30/100 | best=17378.109094  gen_best=17378.109094  mean=17433.600767  cache=1401
2026-03-06 11:40:12 | INFO | src.training_set_optimization.ga_subset | GA gen  35/100 | best=17360.352527  gen_best=17360.352527  mean=17407.637749  cache=1604
2026-03-06 11:40:39 | INFO | src.training_set_optimization.ga_subset | GA gen  40/100 | best=17358.528806  gen_best=17358.528806  mean=17403.926807  cache=1822
2026-03-06 11:41:06 | INFO | src.training_set_optimization.ga_subset | GA gen  45/100 | best=17344.752016  gen_best=17344.752016  mean=17392.682714  cache=2043
2026-03-06 11:41:32 | INFO | src.training_set_optimization.ga_subset | GA gen  50/100 | best=17341.964336  gen_best=17341.964336  mean=17376.924000  cache=2250
2026-03-06 11:41:59 | INFO | src.training_set_optimization.ga_subset | GA gen  55/100 | best=17334.674158  gen_best=17334.674158  mean=17367.567101  cache=2473
2026-03-06 11:42:26 | INFO | src.training_set_optimization.ga_subset | GA gen  60/100 | best=17333.078686  gen_best=17333.078686  mean=17359.237607  cache=2688
2026-03-06 11:42:53 | INFO | src.training_set_optimization.ga_subset | GA gen  65/100 | best=17320.213075  gen_best=17320.213075  mean=17338.425427  cache=2910
2026-03-06 11:43:19 | INFO | src.training_set_optimization.ga_subset | GA gen  70/100 | best=17318.452145  gen_best=17318.452145  mean=17340.498034  cache=3121
2026-03-06 11:43:45 | INFO | src.training_set_optimization.ga_subset | GA gen  75/100 | best=17311.863904  gen_best=17311.863904  mean=17351.294957  cache=3338
2026-03-06 11:44:12 | INFO | src.training_set_optimization.ga_subset | GA gen  80/100 | best=17311.092908  gen_best=17311.092908  mean=17341.273224  cache=3555
2026-03-06 11:44:38 | INFO | src.training_set_optimization.ga_subset | GA gen  85/100 | best=17307.649093  gen_best=17307.649093  mean=17337.794559  cache=3772
2026-03-06 11:45:04 | INFO | src.training_set_optimization.ga_subset | GA gen  90/100 | best=17302.724101  gen_best=17302.724101  mean=17332.710350  cache=3985
2026-03-06 11:45:32 | INFO | src.training_set_optimization.ga_subset | GA gen  95/100 | best=17299.826219  gen_best=17299.826219  mean=17316.967462  cache=4207
2026-03-06 11:45:53 | INFO | src.training_set_optimization.ga_subset | GA gen  99/100 | best=17299.826219  gen_best=17299.826219  mean=17319.965481  cache=4379
2026-03-06 11:45:53 | INFO | src.training_set_optimization.ga_subset | GA finished: best fitness=17299.826219  evals=4379  time=539.3s
2026-03-06 11:45:54 | INFO | __main__ |   step 1/1 n_train=3000 PEVmean=17299.826219 corr=0.2457
2026-03-06 11:45:55 | INFO | __main__ |   random baseline order 0 done
2026-03-06 11:45:55 | INFO | __main__ |   random baseline order 1 done
2026-03-06 11:45:56 | INFO | __main__ |   random baseline order 2 done
2026-03-06 11:45:57 | INFO | __main__ |   random baseline order 3 done
2026-03-06 11:45:58 | INFO | __main__ |   random baseline order 4 done
2026-03-06 11:45:58 | INFO | __main__ | Summary saved to outputs/pevmean_ga/shards/shard_011/body_mass/pevmean_ga_summary.csv
2026-03-06 11:45:58 | INFO | __main__ | PEVmean-GA experiment complete for trait 'body_mass'. Output: outputs/pevmean_ga/shards/shard_011/body_mass
