2026-03-10 10:09:13 | INFO | __main__ | GA config: GAConfig(pop_size=50, n_generations=300, n_elite=2, tournament_k=3, crossover_prob=0.9, mutation_prob=0.35, n_swaps_per_mut=2, seed=14, verbose=True, stagnation_limit=15)
2026-03-10 10:09:13 | INFO | __main__ | Shard 1/20 enabled; using weighted job distribution across (target, repeat, n_train).
2026-03-10 10:09:13 | INFO | __main__ | Loading data for trait 'body_mass'
2026-03-10 10:09:13 | INFO | src.data | Loading data from NPZ: Data/npz/snp_body_mass_ALL.npz
2026-03-10 10:09:22 | INFO | __main__ | Loaded: 5697 samples, 65344 SNPs
2026-03-10 10:09:22 | INFO | __main__ | Fixed SNP subset: n=20000
2026-03-10 10:09:22 | INFO | __main__ | Shard 1/20 assigned 1/65 jobs (full=0, size=1)
2026-03-10 10:09:22 | INFO | __main__ | Target 6 (Indre Kvarøy): n_source=5341, n_target=356
2026-03-10 10:09:22 | INFO | __main__ | Training-set sizes: [50, 100, 250, 500, 1000, 1500, 2000, 2500, 3000, 3500, 4000, 4500]
2026-03-10 10:09:24 | INFO | __main__ | PEVmean-GA job 1/1 | trait=body_mass target=6 repeat=2/5 | full=False sizes=[4500]
2026-03-10 10:09:52 | INFO | src.training_set_optimization.ga_subset | GA gen   0/300 | best=16662.734856  gen_best=16662.734856  mean=16717.067762  cache=94
2026-03-10 10:13:09 | INFO | src.training_set_optimization.ga_subset | GA gen  15/300 | best=16638.690052  gen_best=16638.690052  mean=16656.041833  cache=754
2026-03-10 10:16:21 | INFO | src.training_set_optimization.ga_subset | GA gen  30/300 | best=16629.988061  gen_best=16629.988061  mean=16641.235481  cache=1396
2026-03-10 10:19:37 | INFO | src.training_set_optimization.ga_subset | GA gen  45/300 | best=16625.050955  gen_best=16625.050955  mean=16642.558843  cache=2053
2026-03-10 10:22:55 | INFO | src.training_set_optimization.ga_subset | GA gen  60/300 | best=16623.350717  gen_best=16623.350717  mean=16634.274774  cache=2718
2026-03-10 10:26:11 | INFO | src.training_set_optimization.ga_subset | GA gen  75/300 | best=16614.726190  gen_best=16614.726190  mean=16623.267084  cache=3372
2026-03-10 10:29:26 | INFO | src.training_set_optimization.ga_subset | GA gen  90/300 | best=16611.456762  gen_best=16611.456762  mean=16617.268025  cache=4026
2026-03-10 10:32:46 | INFO | src.training_set_optimization.ga_subset | GA gen 105/300 | best=16603.379714  gen_best=16603.379714  mean=16625.796490  cache=4691
2026-03-10 10:36:03 | INFO | src.training_set_optimization.ga_subset | GA gen 120/300 | best=16599.203701  gen_best=16599.203701  mean=16607.704065  cache=5347
2026-03-10 10:39:15 | INFO | src.training_set_optimization.ga_subset | GA gen 135/300 | best=16594.117574  gen_best=16594.117574  mean=16608.450291  cache=5983
2026-03-10 10:42:34 | INFO | src.training_set_optimization.ga_subset | GA gen 150/300 | best=16591.862185  gen_best=16591.862185  mean=16600.198206  cache=6647
2026-03-10 10:45:51 | INFO | src.training_set_optimization.ga_subset | GA gen 165/300 | best=16591.371953  gen_best=16591.371953  mean=16607.385399  cache=7302
2026-03-10 10:49:07 | INFO | src.training_set_optimization.ga_subset | GA gen 180/300 | best=16589.590638  gen_best=16589.590638  mean=16601.264247  cache=7957
2026-03-10 10:52:22 | INFO | src.training_set_optimization.ga_subset | GA gen 195/300 | best=16587.196341  gen_best=16587.196341  mean=16605.224047  cache=8606
2026-03-10 10:55:43 | INFO | src.training_set_optimization.ga_subset | GA gen 210/300 | best=16585.565183  gen_best=16585.565183  mean=16589.076930  cache=9272
2026-03-10 10:58:56 | INFO | src.training_set_optimization.ga_subset | GA gen 225/300 | best=16584.706495  gen_best=16584.706495  mean=16592.753103  cache=9916
2026-03-10 11:02:15 | INFO | src.training_set_optimization.ga_subset | GA gen 240/300 | best=16583.633052  gen_best=16583.633052  mean=16591.810224  cache=10577
2026-03-10 11:05:35 | INFO | src.training_set_optimization.ga_subset | GA gen 255/300 | best=16581.633163  gen_best=16581.633163  mean=16588.087599  cache=11244
2026-03-10 11:08:53 | INFO | src.training_set_optimization.ga_subset | GA gen 270/300 | best=16581.359370  gen_best=16581.359370  mean=16584.507855  cache=11902
2026-03-10 11:12:10 | INFO | src.training_set_optimization.ga_subset | GA gen 285/300 | best=16578.484717  gen_best=16578.484717  mean=16589.353621  cache=12557
2026-03-10 11:15:13 | INFO | src.training_set_optimization.ga_subset | GA gen 299/300 | best=16577.089001  gen_best=16577.089001  mean=16582.539639  cache=13169
2026-03-10 11:15:13 | INFO | src.training_set_optimization.ga_subset | GA finished: best fitness=16577.089001  evals=13169  time=3949.9s
2026-03-10 11:15:16 | INFO | __main__ |   step 12/12 n_train=4500 PEVmean=16577.089001 corr=0.3136
2026-03-10 11:15:18 | INFO | __main__ |   random baseline order 0 done
2026-03-10 11:15:19 | INFO | __main__ |   random baseline order 1 done
2026-03-10 11:15:20 | INFO | __main__ |   random baseline order 2 done
2026-03-10 11:15:22 | INFO | __main__ |   random baseline order 3 done
2026-03-10 11:15:23 | INFO | __main__ |   random baseline order 4 done
2026-03-10 11:15:24 | INFO | __main__ | Summary saved to outputs/pevmean_ga3/shards/shard_001/body_mass/pevmean_ga_summary.csv
2026-03-10 11:15:24 | INFO | __main__ | PEVmean-GA experiment complete for trait 'body_mass'. Output: outputs/pevmean_ga3/shards/shard_001/body_mass
