2026-03-06 11:36:43 | INFO | __main__ | GA config: GAConfig(pop_size=50, n_generations=100, n_elite=2, tournament_k=3, crossover_prob=0.9, mutation_prob=0.3, n_swaps_per_mut=2, seed=14, verbose=True, stagnation_limit=20)
2026-03-06 11:36:43 | INFO | __main__ | Shard 3/20 assigned repeat=0, n_train_size=3000
2026-03-06 11:36:43 | INFO | __main__ | Loading data for trait 'body_mass'
2026-03-06 11:36:43 | INFO | src.data | Loading data from NPZ: Data/npz/snp_body_mass_ALL.npz
2026-03-06 11:36:51 | INFO | __main__ | Loaded: 5697 samples, 65344 SNPs
2026-03-06 11:36:51 | INFO | __main__ | Fixed SNP subset: n=20000
2026-03-06 11:36:51 | INFO | __main__ | Target 3 (Selvær): n_source=5503, n_target=194
2026-03-06 11:36:51 | INFO | __main__ | Training-set sizes: [3000]
2026-03-06 11:36:53 | INFO | __main__ | PEVmean-GA 1/5 | trait=body_mass target=3 repeat=1/5
2026-03-06 11:37:05 | INFO | src.training_set_optimization.ga_subset | GA gen   0/100 | best=17581.085100  gen_best=17581.085100  mean=17665.648023  cache=92
2026-03-06 11:37:33 | INFO | src.training_set_optimization.ga_subset | GA gen   5/100 | best=17462.454827  gen_best=17462.454827  mean=17554.376904  cache=304
2026-03-06 11:38:02 | INFO | src.training_set_optimization.ga_subset | GA gen  10/100 | best=17438.814716  gen_best=17438.814716  mean=17517.904220  cache=527
2026-03-06 11:38:29 | INFO | src.training_set_optimization.ga_subset | GA gen  15/100 | best=17389.597626  gen_best=17389.597626  mean=17468.406193  cache=740
2026-03-06 11:38:58 | INFO | src.training_set_optimization.ga_subset | GA gen  20/100 | best=17378.894063  gen_best=17378.894063  mean=17425.669203  cache=959
2026-03-06 11:39:25 | INFO | src.training_set_optimization.ga_subset | GA gen  25/100 | best=17365.495646  gen_best=17365.495646  mean=17408.749698  cache=1168
2026-03-06 11:39:53 | INFO | src.training_set_optimization.ga_subset | GA gen  30/100 | best=17357.966916  gen_best=17357.966916  mean=17392.098917  cache=1385
2026-03-06 11:40:20 | INFO | src.training_set_optimization.ga_subset | GA gen  35/100 | best=17340.328510  gen_best=17340.328510  mean=17374.386023  cache=1598
2026-03-06 11:40:48 | INFO | src.training_set_optimization.ga_subset | GA gen  40/100 | best=17329.820176  gen_best=17329.820176  mean=17384.775917  cache=1817
2026-03-06 11:41:17 | INFO | src.training_set_optimization.ga_subset | GA gen  45/100 | best=17329.288008  gen_best=17329.288008  mean=17367.759459  cache=2038
2026-03-06 11:41:44 | INFO | src.training_set_optimization.ga_subset | GA gen  50/100 | best=17325.594331  gen_best=17325.594331  mean=17362.725574  cache=2253
2026-03-06 11:42:12 | INFO | src.training_set_optimization.ga_subset | GA gen  55/100 | best=17316.987427  gen_best=17316.987427  mean=17344.356733  cache=2473
2026-03-06 11:42:41 | INFO | src.training_set_optimization.ga_subset | GA gen  60/100 | best=17316.987427  gen_best=17316.987427  mean=17351.928553  cache=2692
2026-03-06 11:43:08 | INFO | src.training_set_optimization.ga_subset | GA gen  65/100 | best=17312.320457  gen_best=17312.320457  mean=17340.871627  cache=2902
2026-03-06 11:43:36 | INFO | src.training_set_optimization.ga_subset | GA gen  70/100 | best=17307.072775  gen_best=17307.072775  mean=17316.998347  cache=3119
2026-03-06 11:44:03 | INFO | src.training_set_optimization.ga_subset | GA gen  75/100 | best=17307.072775  gen_best=17307.072775  mean=17317.907612  cache=3331
2026-03-06 11:44:29 | INFO | src.training_set_optimization.ga_subset | GA gen  80/100 | best=17302.203258  gen_best=17302.203258  mean=17316.222237  cache=3529
2026-03-06 11:44:57 | INFO | src.training_set_optimization.ga_subset | GA gen  85/100 | best=17300.733029  gen_best=17300.733029  mean=17327.679046  cache=3743
2026-03-06 11:45:25 | INFO | src.training_set_optimization.ga_subset | GA gen  90/100 | best=17294.357508  gen_best=17294.357508  mean=17302.587740  cache=3967
2026-03-06 11:45:52 | INFO | src.training_set_optimization.ga_subset | GA gen  95/100 | best=17290.843941  gen_best=17290.843941  mean=17299.640700  cache=4176
2026-03-06 11:46:15 | INFO | src.training_set_optimization.ga_subset | GA gen  99/100 | best=17279.793630  gen_best=17279.793630  mean=17292.377507  cache=4349
2026-03-06 11:46:15 | INFO | src.training_set_optimization.ga_subset | GA finished: best fitness=17279.793630  evals=4349  time=561.7s
2026-03-06 11:46:16 | INFO | __main__ |   step 1/1 n_train=3000 PEVmean=17279.793630 corr=0.2042
2026-03-06 11:46:19 | INFO | __main__ |   random baseline order 0 done
2026-03-06 11:46:22 | INFO | __main__ |   random baseline order 1 done
2026-03-06 11:46:23 | INFO | __main__ |   random baseline order 2 done
2026-03-06 11:46:24 | INFO | __main__ |   random baseline order 3 done
2026-03-06 11:46:25 | INFO | __main__ |   random baseline order 4 done
2026-03-06 11:46:25 | INFO | __main__ | Summary saved to outputs/pevmean_ga/shards/shard_003/body_mass/pevmean_ga_summary.csv
2026-03-06 11:46:25 | INFO | __main__ | PEVmean-GA experiment complete for trait 'body_mass'. Output: outputs/pevmean_ga/shards/shard_003/body_mass
