2026-03-10 10:09:13 | INFO | __main__ | GA config: GAConfig(pop_size=50, n_generations=300, n_elite=2, tournament_k=3, crossover_prob=0.9, mutation_prob=0.35, n_swaps_per_mut=2, seed=14, verbose=True, stagnation_limit=15)
2026-03-10 10:09:13 | INFO | __main__ | Shard 2/20 enabled; using weighted job distribution across (target, repeat, n_train).
2026-03-10 10:09:13 | INFO | __main__ | Loading data for trait 'body_mass'
2026-03-10 10:09:13 | INFO | src.data | Loading data from NPZ: Data/npz/snp_body_mass_ALL.npz
2026-03-10 10:09:25 | INFO | __main__ | Loaded: 5697 samples, 65344 SNPs
2026-03-10 10:09:25 | INFO | __main__ | Fixed SNP subset: n=20000
2026-03-10 10:09:25 | INFO | __main__ | Shard 2/20 assigned 1/65 jobs (full=0, size=1)
2026-03-10 10:09:25 | INFO | __main__ | Target 6 (Indre Kvarøy): n_source=5341, n_target=356
2026-03-10 10:09:25 | INFO | __main__ | Training-set sizes: [50, 100, 250, 500, 1000, 1500, 2000, 2500, 3000, 3500, 4000, 4500]
2026-03-10 10:09:27 | INFO | __main__ | PEVmean-GA job 1/1 | trait=body_mass target=6 repeat=3/5 | full=False sizes=[4500]
2026-03-10 10:10:04 | INFO | src.training_set_optimization.ga_subset | GA gen   0/300 | best=16656.988044  gen_best=16656.988044  mean=16705.385357  cache=96
2026-03-10 10:14:13 | INFO | src.training_set_optimization.ga_subset | GA gen  15/300 | best=16640.623202  gen_best=16640.623202  mean=16668.580578  cache=731
2026-03-10 10:18:25 | INFO | src.training_set_optimization.ga_subset | GA gen  30/300 | best=16629.171159  gen_best=16629.171159  mean=16654.615222  cache=1377
2026-03-10 10:22:48 | INFO | src.training_set_optimization.ga_subset | GA gen  45/300 | best=16619.888145  gen_best=16619.888145  mean=16652.062383  cache=2050
2026-03-10 10:27:04 | INFO | src.training_set_optimization.ga_subset | GA gen  60/300 | best=16611.844583  gen_best=16611.844583  mean=16629.555351  cache=2705
2026-03-10 10:31:16 | INFO | src.training_set_optimization.ga_subset | GA gen  75/300 | best=16608.990508  gen_best=16608.990508  mean=16626.747832  cache=3355
2026-03-10 10:35:27 | INFO | src.training_set_optimization.ga_subset | GA gen  90/300 | best=16605.896858  gen_best=16605.896858  mean=16616.089413  cache=3997
2026-03-10 10:39:46 | INFO | src.training_set_optimization.ga_subset | GA gen 105/300 | best=16600.786752  gen_best=16600.786752  mean=16616.087968  cache=4657
2026-03-10 10:43:56 | INFO | src.training_set_optimization.ga_subset | GA gen 120/300 | best=16598.334625  gen_best=16598.334625  mean=16603.719175  cache=5298
2026-03-10 10:48:12 | INFO | src.training_set_optimization.ga_subset | GA gen 135/300 | best=16597.173661  gen_best=16597.173661  mean=16601.142138  cache=5952
2026-03-10 10:52:30 | INFO | src.training_set_optimization.ga_subset | GA gen 150/300 | best=16594.291973  gen_best=16594.291973  mean=16598.433784  cache=6612
2026-03-10 10:56:45 | INFO | src.training_set_optimization.ga_subset | GA gen 165/300 | best=16593.166578  gen_best=16593.166578  mean=16605.698787  cache=7265
2026-03-10 11:00:58 | INFO | src.training_set_optimization.ga_subset | GA gen 180/300 | best=16589.603980  gen_best=16589.603980  mean=16599.718539  cache=7913
2026-03-10 11:05:09 | INFO | src.training_set_optimization.ga_subset | GA gen 195/300 | best=16585.851667  gen_best=16585.851667  mean=16590.822352  cache=8555
2026-03-10 11:09:24 | INFO | src.training_set_optimization.ga_subset | GA gen 210/300 | best=16584.432227  gen_best=16584.432227  mean=16593.628785  cache=9208
2026-03-10 11:13:40 | INFO | src.training_set_optimization.ga_subset | GA gen 225/300 | best=16583.592210  gen_best=16583.592210  mean=16588.483996  cache=9860
2026-03-10 11:17:59 | INFO | src.training_set_optimization.ga_subset | GA gen 240/300 | best=16582.990730  gen_best=16582.990730  mean=16586.666477  cache=10519
2026-03-10 11:22:14 | INFO | src.training_set_optimization.ga_subset | GA gen 255/300 | best=16581.374946  gen_best=16581.374946  mean=16587.769005  cache=11169
2026-03-10 11:26:30 | INFO | src.training_set_optimization.ga_subset | GA gen 270/300 | best=16580.312890  gen_best=16580.312890  mean=16592.088631  cache=11822
2026-03-10 11:30:38 | INFO | src.training_set_optimization.ga_subset | GA gen 285/300 | best=16578.955907  gen_best=16578.955907  mean=16582.903776  cache=12460
2026-03-10 11:34:30 | INFO | src.training_set_optimization.ga_subset | GA gen 299/300 | best=16577.952999  gen_best=16577.952999  mean=16580.884399  cache=13056
2026-03-10 11:34:30 | INFO | src.training_set_optimization.ga_subset | GA finished: best fitness=16577.952999  evals=13056  time=5103.3s
2026-03-10 11:34:33 | INFO | __main__ |   step 12/12 n_train=4500 PEVmean=16577.952999 corr=0.3002
2026-03-10 11:34:35 | INFO | __main__ |   random baseline order 0 done
2026-03-10 11:34:37 | INFO | __main__ |   random baseline order 1 done
2026-03-10 11:34:39 | INFO | __main__ |   random baseline order 2 done
2026-03-10 11:34:41 | INFO | __main__ |   random baseline order 3 done
2026-03-10 11:34:43 | INFO | __main__ |   random baseline order 4 done
2026-03-10 11:34:43 | INFO | __main__ | Summary saved to outputs/pevmean_ga3/shards/shard_002/body_mass/pevmean_ga_summary.csv
2026-03-10 11:34:43 | INFO | __main__ | PEVmean-GA experiment complete for trait 'body_mass'. Output: outputs/pevmean_ga3/shards/shard_002/body_mass
