2026-03-10 10:09:13 | INFO | __main__ | GA config: GAConfig(pop_size=50, n_generations=300, n_elite=2, tournament_k=3, crossover_prob=0.9, mutation_prob=0.35, n_swaps_per_mut=2, seed=14, verbose=True, stagnation_limit=15)
2026-03-10 10:09:13 | INFO | __main__ | Shard 4/20 enabled; using weighted job distribution across (target, repeat, n_train).
2026-03-10 10:09:13 | INFO | __main__ | Loading data for trait 'body_mass'
2026-03-10 10:09:13 | INFO | src.data | Loading data from NPZ: Data/npz/snp_body_mass_ALL.npz
2026-03-10 10:09:25 | INFO | __main__ | Loaded: 5697 samples, 65344 SNPs
2026-03-10 10:09:25 | INFO | __main__ | Fixed SNP subset: n=20000
2026-03-10 10:09:25 | INFO | __main__ | Shard 4/20 assigned 1/65 jobs (full=0, size=1)
2026-03-10 10:09:25 | INFO | __main__ | Target 6 (Indre Kvarøy): n_source=5341, n_target=356
2026-03-10 10:09:25 | INFO | __main__ | Training-set sizes: [50, 100, 250, 500, 1000, 1500, 2000, 2500, 3000, 3500, 4000, 4500]
2026-03-10 10:09:27 | INFO | __main__ | PEVmean-GA job 1/1 | trait=body_mass target=6 repeat=5/5 | full=False sizes=[4500]
2026-03-10 10:10:04 | INFO | src.training_set_optimization.ga_subset | GA gen   0/300 | best=16666.489768  gen_best=16666.489768  mean=16721.086553  cache=93
2026-03-10 10:14:24 | INFO | src.training_set_optimization.ga_subset | GA gen  15/300 | best=16632.873149  gen_best=16632.873149  mean=16649.346716  cache=744
2026-03-10 10:18:44 | INFO | src.training_set_optimization.ga_subset | GA gen  30/300 | best=16625.743952  gen_best=16625.743952  mean=16648.401319  cache=1400
2026-03-10 10:22:59 | INFO | src.training_set_optimization.ga_subset | GA gen  45/300 | best=16621.699830  gen_best=16621.699830  mean=16625.905343  cache=2042
2026-03-10 10:27:16 | INFO | src.training_set_optimization.ga_subset | GA gen  60/300 | best=16613.617751  gen_best=16613.617751  mean=16618.748278  cache=2687
2026-03-10 10:31:42 | INFO | src.training_set_optimization.ga_subset | GA gen  75/300 | best=16608.518283  gen_best=16608.518283  mean=16618.937779  cache=3354
2026-03-10 10:36:04 | INFO | src.training_set_optimization.ga_subset | GA gen  90/300 | best=16605.625281  gen_best=16605.625281  mean=16610.065781  cache=4004
2026-03-10 10:40:29 | INFO | src.training_set_optimization.ga_subset | GA gen 105/300 | best=16604.070914  gen_best=16604.070914  mean=16616.539201  cache=4665
2026-03-10 10:44:50 | INFO | src.training_set_optimization.ga_subset | GA gen 120/300 | best=16603.320610  gen_best=16603.320610  mean=16606.178104  cache=5318
2026-03-10 10:49:10 | INFO | src.training_set_optimization.ga_subset | GA gen 135/300 | best=16598.652097  gen_best=16598.652097  mean=16603.832063  cache=5975
2026-03-10 10:53:34 | INFO | src.training_set_optimization.ga_subset | GA gen 150/300 | best=16597.382089  gen_best=16597.382089  mean=16614.742686  cache=6643
2026-03-10 10:58:28 | INFO | src.training_set_optimization.ga_subset | GA gen 165/300 | best=16595.494718  gen_best=16595.494718  mean=16614.946962  cache=7313
2026-03-10 11:02:44 | INFO | src.training_set_optimization.ga_subset | GA gen 180/300 | best=16592.050407  gen_best=16592.050407  mean=16597.418376  cache=7958
2026-03-10 11:07:02 | INFO | src.training_set_optimization.ga_subset | GA gen 195/300 | best=16589.106322  gen_best=16589.106322  mean=16597.567197  cache=8610
2026-03-10 11:11:24 | INFO | src.training_set_optimization.ga_subset | GA gen 210/300 | best=16587.077865  gen_best=16587.077865  mean=16601.042215  cache=9270
2026-03-10 11:15:54 | INFO | src.training_set_optimization.ga_subset | GA gen 225/300 | best=16586.383177  gen_best=16586.383177  mean=16590.282047  cache=9919
2026-03-10 11:20:16 | INFO | src.training_set_optimization.ga_subset | GA gen 240/300 | best=16585.292266  gen_best=16585.292266  mean=16600.624542  cache=10578
2026-03-10 11:24:32 | INFO | src.training_set_optimization.ga_subset | GA gen 255/300 | best=16585.142524  gen_best=16585.142524  mean=16597.209257  cache=11223
2026-03-10 11:28:57 | INFO | src.training_set_optimization.ga_subset | GA gen 270/300 | best=16584.172021  gen_best=16584.172021  mean=16593.935631  cache=11889
2026-03-10 11:33:13 | INFO | src.training_set_optimization.ga_subset | GA gen 285/300 | best=16583.779552  gen_best=16583.779552  mean=16588.461571  cache=12532
2026-03-10 11:37:19 | INFO | src.training_set_optimization.ga_subset | GA gen 299/300 | best=16581.963520  gen_best=16581.963520  mean=16589.739467  cache=13151
2026-03-10 11:37:19 | INFO | src.training_set_optimization.ga_subset | GA finished: best fitness=16581.963520  evals=13151  time=5271.7s
2026-03-10 11:37:22 | INFO | __main__ |   step 12/12 n_train=4500 PEVmean=16581.963520 corr=0.3145
2026-03-10 11:37:24 | INFO | __main__ |   random baseline order 0 done
2026-03-10 11:37:26 | INFO | __main__ |   random baseline order 1 done
2026-03-10 11:37:32 | INFO | __main__ |   random baseline order 2 done
2026-03-10 11:37:39 | INFO | __main__ |   random baseline order 3 done
2026-03-10 11:37:45 | INFO | __main__ |   random baseline order 4 done
2026-03-10 11:37:45 | INFO | __main__ | Summary saved to outputs/pevmean_ga3/shards/shard_004/body_mass/pevmean_ga_summary.csv
2026-03-10 11:37:45 | INFO | __main__ | PEVmean-GA experiment complete for trait 'body_mass'. Output: outputs/pevmean_ga3/shards/shard_004/body_mass
