2026-05-19 10:53:12 | INFO | __main__ | GA config: GAConfig(pop_size=100, n_generations=200, n_elite=2, tournament_k=5, crossover_prob=0.9, mutation_prob=0.3, n_swaps_per_mut=2, seed=14, verbose=False, stagnation_limit=20)
2026-05-19 10:53:12 | INFO | __main__ | Parallel fitness eval enabled: n_jobs=4, min_n_train=1000
2026-05-19 10:53:12 | INFO | __main__ | Kernel dtype: float32
2026-05-19 10:53:12 | INFO | __main__ | Shard 0/10 enabled; using weighted job distribution across (target, repeat, n_train).
2026-05-19 10:53:12 | INFO | __main__ | Loading data for trait 'body_mass'
2026-05-19 10:53:12 | INFO | src.data | Loading data from NPZ: Data/npz/snp_body_mass_ALL.npz
2026-05-19 10:53:21 | INFO | __main__ | Loaded: 5697 samples, 65344 SNPs
2026-05-19 10:53:21 | INFO | __main__ | Shard 0/10 assigned 68/825 jobs (full=0, size=68)
2026-05-19 10:53:21 | INFO | __main__ | Target 0 (Nesøy): n_source=5578, n_target=119
2026-05-19 10:53:21 | INFO | __main__ | Training-set sizes: [100, 500, 1000, 1500, 2000, 2500, 3000, 3500, 4000, 4500]
2026-05-19 10:53:25 | INFO | __main__ | PEVmean-GA job 5/68 | trait=body_mass target=0 repeat=1/5 | full=False sizes=[500, 1500, 2000, 3000, 4500]
2026-05-19 10:54:17 | INFO | src.training_set_optimization.ga_subset | GA finished: best fitness=56758.500000  evals=17781  time=51.7s
2026-05-19 10:54:17 | INFO | __main__ |   step 2/10 n_train=500 PEVmean=56758.500000 corr=0.1246
2026-05-19 14:37:05 | INFO | src.training_set_optimization.ga_subset | GA finished: best fitness=54523.671875  evals=17852  time=13368.0s
2026-05-19 14:37:07 | INFO | __main__ |   step 4/10 n_train=1500 PEVmean=54523.671875 corr=0.1166
2026-05-19 19:48:17 | INFO | src.training_set_optimization.ga_subset | GA finished: best fitness=53623.601562  evals=17831  time=18670.7s
2026-05-19 19:48:19 | INFO | __main__ |   step 5/10 n_train=2000 PEVmean=53623.601562 corr=0.2437
2026-05-20 04:47:49 | INFO | src.training_set_optimization.ga_subset | GA finished: best fitness=52442.042969  evals=17834  time=32369.8s
2026-05-20 04:47:53 | INFO | __main__ |   step 7/10 n_train=3000 PEVmean=52442.042969 corr=0.2171
[2026-05-20T11:08:29.990] error: *** JOB 24527995 ON idun-04-08 CANCELLED AT 2026-05-20T11:08:29 DUE to SIGNAL Terminated ***
