2026-03-10 10:09:13 | INFO | __main__ | GA config: GAConfig(pop_size=50, n_generations=300, n_elite=2, tournament_k=3, crossover_prob=0.9, mutation_prob=0.35, n_swaps_per_mut=2, seed=14, verbose=True, stagnation_limit=15)
2026-03-10 10:09:13 | INFO | __main__ | Shard 0/20 enabled; using weighted job distribution across (target, repeat, n_train).
2026-03-10 10:09:13 | INFO | __main__ | Loading data for trait 'body_mass'
2026-03-10 10:09:13 | INFO | src.data | Loading data from NPZ: Data/npz/snp_body_mass_ALL.npz
2026-03-10 10:09:22 | INFO | __main__ | Loaded: 5697 samples, 65344 SNPs
2026-03-10 10:09:22 | INFO | __main__ | Fixed SNP subset: n=20000
2026-03-10 10:09:22 | INFO | __main__ | Shard 0/20 assigned 1/65 jobs (full=0, size=1)
2026-03-10 10:09:22 | INFO | __main__ | Target 6 (Indre Kvarøy): n_source=5341, n_target=356
2026-03-10 10:09:22 | INFO | __main__ | Training-set sizes: [50, 100, 250, 500, 1000, 1500, 2000, 2500, 3000, 3500, 4000, 4500]
2026-03-10 10:09:24 | INFO | __main__ | PEVmean-GA job 1/1 | trait=body_mass target=6 repeat=1/5 | full=False sizes=[4500]
2026-03-10 10:09:55 | INFO | src.training_set_optimization.ga_subset | GA gen   0/300 | best=16667.567082  gen_best=16667.567082  mean=16713.471096  cache=97
2026-03-10 10:13:25 | INFO | src.training_set_optimization.ga_subset | GA gen  15/300 | best=16629.475068  gen_best=16629.475068  mean=16664.176570  cache=745
2026-03-10 10:16:59 | INFO | src.training_set_optimization.ga_subset | GA gen  30/300 | best=16617.997425  gen_best=16617.997425  mean=16638.622938  cache=1388
2026-03-10 10:20:55 | INFO | src.training_set_optimization.ga_subset | GA gen  45/300 | best=16609.200081  gen_best=16609.200081  mean=16615.482929  cache=2048
2026-03-10 10:24:46 | INFO | src.training_set_optimization.ga_subset | GA gen  60/300 | best=16605.614894  gen_best=16605.614894  mean=16614.220337  cache=2711
2026-03-10 10:28:44 | INFO | src.training_set_optimization.ga_subset | GA gen  75/300 | best=16601.276864  gen_best=16601.276864  mean=16606.893426  cache=3390
2026-03-10 10:32:16 | INFO | src.training_set_optimization.ga_subset | GA gen  90/300 | best=16597.960490  gen_best=16597.960490  mean=16609.456189  cache=4037
2026-03-10 10:35:42 | INFO | src.training_set_optimization.ga_subset | GA gen 105/300 | best=16596.313077  gen_best=16596.313077  mean=16600.455926  cache=4678
2026-03-10 10:39:12 | INFO | src.training_set_optimization.ga_subset | GA gen 120/300 | best=16593.685514  gen_best=16593.685514  mean=16598.679780  cache=5327
2026-03-10 10:42:42 | INFO | src.training_set_optimization.ga_subset | GA gen 135/300 | best=16590.584999  gen_best=16590.584999  mean=16599.225291  cache=5977
2026-03-10 10:46:14 | INFO | src.training_set_optimization.ga_subset | GA gen 150/300 | best=16589.577384  gen_best=16589.577384  mean=16594.349025  cache=6633
2026-03-10 10:49:45 | INFO | src.training_set_optimization.ga_subset | GA gen 165/300 | best=16586.902166  gen_best=16586.902166  mean=16597.123970  cache=7290
2026-03-10 10:53:16 | INFO | src.training_set_optimization.ga_subset | GA gen 180/300 | best=16584.415037  gen_best=16584.415037  mean=16593.691696  cache=7945
2026-03-10 10:56:46 | INFO | src.training_set_optimization.ga_subset | GA gen 195/300 | best=16583.526873  gen_best=16583.526873  mean=16590.367602  cache=8597
2026-03-10 11:00:14 | INFO | src.training_set_optimization.ga_subset | GA gen 210/300 | best=16582.022221  gen_best=16582.022221  mean=16589.491008  cache=9245
2026-03-10 11:03:45 | INFO | src.training_set_optimization.ga_subset | GA gen 225/300 | best=16580.122637  gen_best=16580.122637  mean=16588.225156  cache=9902
2026-03-10 11:07:14 | INFO | src.training_set_optimization.ga_subset | GA gen 240/300 | best=16579.306145  gen_best=16579.306145  mean=16587.327566  cache=10550
2026-03-10 11:10:43 | INFO | src.training_set_optimization.ga_subset | GA gen 255/300 | best=16576.462410  gen_best=16576.462410  mean=16580.637319  cache=11196
2026-03-10 11:14:17 | INFO | src.training_set_optimization.ga_subset | GA gen 270/300 | best=16575.366204  gen_best=16575.366204  mean=16578.953698  cache=11855
2026-03-10 11:17:47 | INFO | src.training_set_optimization.ga_subset | GA gen 285/300 | best=16574.260820  gen_best=16574.260820  mean=16578.521636  cache=12513
2026-03-10 11:21:00 | INFO | src.training_set_optimization.ga_subset | GA gen 299/300 | best=16573.707298  gen_best=16573.707298  mean=16576.550450  cache=13122
2026-03-10 11:21:00 | INFO | src.training_set_optimization.ga_subset | GA finished: best fitness=16573.707298  evals=13122  time=4296.3s
2026-03-10 11:21:03 | INFO | __main__ |   step 12/12 n_train=4500 PEVmean=16573.707298 corr=0.3280
2026-03-10 11:21:08 | INFO | __main__ |   random baseline order 0 done
2026-03-10 11:21:09 | INFO | __main__ |   random baseline order 1 done
2026-03-10 11:21:11 | INFO | __main__ |   random baseline order 2 done
2026-03-10 11:21:12 | INFO | __main__ |   random baseline order 3 done
2026-03-10 11:21:14 | INFO | __main__ |   random baseline order 4 done
2026-03-10 11:21:14 | INFO | __main__ | Summary saved to outputs/pevmean_ga3/shards/shard_000/body_mass/pevmean_ga_summary.csv
2026-03-10 11:21:14 | INFO | __main__ | PEVmean-GA experiment complete for trait 'body_mass'. Output: outputs/pevmean_ga3/shards/shard_000/body_mass
