2026-03-10 10:09:13 | INFO | __main__ | GA config: GAConfig(pop_size=50, n_generations=300, n_elite=2, tournament_k=3, crossover_prob=0.9, mutation_prob=0.35, n_swaps_per_mut=2, seed=14, verbose=True, stagnation_limit=15)
2026-03-10 10:09:13 | INFO | __main__ | Shard 11/20 enabled; using weighted job distribution across (target, repeat, n_train).
2026-03-10 10:09:13 | INFO | __main__ | Loading data for trait 'body_mass'
2026-03-10 10:09:13 | INFO | src.data | Loading data from NPZ: Data/npz/snp_body_mass_ALL.npz
2026-03-10 10:09:23 | INFO | __main__ | Loaded: 5697 samples, 65344 SNPs
2026-03-10 10:09:23 | INFO | __main__ | Fixed SNP subset: n=20000
2026-03-10 10:09:23 | INFO | __main__ | Shard 11/20 assigned 7/65 jobs (full=1, size=6)
2026-03-10 10:09:23 | INFO | __main__ | Target 6 (Indre Kvarøy): n_source=5341, n_target=356
2026-03-10 10:09:23 | INFO | __main__ | Training-set sizes: [50, 100, 250, 500, 1000, 1500, 2000, 2500, 3000, 3500, 4000, 4500]
2026-03-10 10:09:25 | INFO | __main__ | PEVmean-GA job 7/7 | trait=body_mass target=6 repeat=2/5 | full=True sizes=[50, 100, 250, 500, 2000, 3500]
2026-03-10 10:09:29 | INFO | src.training_set_optimization.ga_subset | GA gen   0/300 | best=19288.170570  gen_best=19288.170570  mean=19345.119132  cache=92
2026-03-10 10:09:29 | INFO | src.training_set_optimization.ga_subset | GA gen  15/300 | best=19083.772494  gen_best=19083.772494  mean=19166.475843  cache=750
2026-03-10 10:09:30 | INFO | src.training_set_optimization.ga_subset | GA gen  30/300 | best=19040.426203  gen_best=19040.426203  mean=19109.757195  cache=1419
2026-03-10 10:09:30 | INFO | src.training_set_optimization.ga_subset | GA gen  45/300 | best=19031.957659  gen_best=19031.957659  mean=19065.986587  cache=2057
2026-03-10 10:09:30 | INFO | src.training_set_optimization.ga_subset | GA gen  60/300 | best=19022.372558  gen_best=19022.372558  mean=19060.571759  cache=2698
2026-03-10 10:09:31 | INFO | src.training_set_optimization.ga_subset | GA gen  75/300 | best=19005.696588  gen_best=19005.696588  mean=19043.914989  cache=3347
2026-03-10 10:09:31 | INFO | src.training_set_optimization.ga_subset | GA gen  90/300 | best=18986.766108  gen_best=18986.766108  mean=19052.403649  cache=4001
2026-03-10 10:09:32 | INFO | src.training_set_optimization.ga_subset | GA gen 105/300 | best=18978.004532  gen_best=18978.004532  mean=19029.801005  cache=4664
2026-03-10 10:09:32 | INFO | src.training_set_optimization.ga_subset | GA gen 120/300 | best=18965.276770  gen_best=18965.276770  mean=19011.311058  cache=5305
2026-03-10 10:09:32 | INFO | src.training_set_optimization.ga_subset | GA gen 135/300 | best=18956.007711  gen_best=18956.007711  mean=18997.883019  cache=5958
2026-03-10 10:09:33 | INFO | src.training_set_optimization.ga_subset | GA gen 150/300 | best=18948.691235  gen_best=18948.691235  mean=18995.900893  cache=6616
2026-03-10 10:09:33 | INFO | src.training_set_optimization.ga_subset | GA gen 165/300 | best=18928.031735  gen_best=18928.031735  mean=18993.392475  cache=7290
2026-03-10 10:09:34 | INFO | src.training_set_optimization.ga_subset | GA gen 180/300 | best=18925.656691  gen_best=18925.656691  mean=18965.822948  cache=7946
2026-03-10 10:09:34 | INFO | src.training_set_optimization.ga_subset | GA gen 195/300 | best=18903.239197  gen_best=18903.239197  mean=18957.250770  cache=8600
2026-03-10 10:09:34 | INFO | src.training_set_optimization.ga_subset | GA gen 210/300 | best=18901.872044  gen_best=18901.872044  mean=18943.898592  cache=9254
2026-03-10 10:09:35 | INFO | src.training_set_optimization.ga_subset | GA gen 225/300 | best=18898.770503  gen_best=18898.770503  mean=18945.649205  cache=9899
2026-03-10 10:09:35 | INFO | src.training_set_optimization.ga_subset | GA gen 240/300 | best=18893.678546  gen_best=18893.678546  mean=18933.025348  cache=10550
2026-03-10 10:09:36 | INFO | src.training_set_optimization.ga_subset | GA gen 255/300 | best=18888.524323  gen_best=18888.524323  mean=18928.509426  cache=11185
2026-03-10 10:09:36 | INFO | src.training_set_optimization.ga_subset | GA gen 270/300 | best=18882.786539  gen_best=18882.786539  mean=18924.492425  cache=11808
2026-03-10 10:09:36 | INFO | src.training_set_optimization.ga_subset | GA gen 285/300 | best=18870.907609  gen_best=18870.907609  mean=18896.113713  cache=12453
2026-03-10 10:09:37 | INFO | src.training_set_optimization.ga_subset | GA gen 299/300 | best=18862.292546  gen_best=18862.292546  mean=18902.626187  cache=13064
2026-03-10 10:09:37 | INFO | src.training_set_optimization.ga_subset | GA finished: best fitness=18862.292546  evals=13064  time=8.3s
2026-03-10 10:09:37 | INFO | __main__ |   step 1/12 n_train=50 PEVmean=18862.292546 corr=-0.0427
2026-03-10 10:09:37 | INFO | src.training_set_optimization.ga_subset | GA gen   0/300 | best=19211.236811  gen_best=19211.236811  mean=19278.939017  cache=94
2026-03-10 10:09:38 | INFO | src.training_set_optimization.ga_subset | GA gen  15/300 | best=18979.851152  gen_best=18979.851152  mean=19046.376625  cache=758
2026-03-10 10:09:39 | INFO | src.training_set_optimization.ga_subset | GA gen  30/300 | best=18934.813764  gen_best=18934.813764  mean=18971.316207  cache=1401
2026-03-10 10:09:39 | INFO | src.training_set_optimization.ga_subset | GA gen  45/300 | best=18919.779259  gen_best=18919.779259  mean=18965.461079  cache=2052
2026-03-10 10:09:40 | INFO | src.training_set_optimization.ga_subset | GA gen  60/300 | best=18893.482762  gen_best=18893.482762  mean=18957.348172  cache=2712
2026-03-10 10:09:41 | INFO | src.training_set_optimization.ga_subset | GA gen  75/300 | best=18872.062529  gen_best=18872.062529  mean=18926.235828  cache=3370
2026-03-10 10:09:41 | INFO | src.training_set_optimization.ga_subset | GA gen  90/300 | best=18860.647945  gen_best=18860.647945  mean=18892.212267  cache=4027
2026-03-10 10:09:42 | INFO | src.training_set_optimization.ga_subset | GA gen 105/300 | best=18848.552554  gen_best=18848.552554  mean=18876.081969  cache=4666
2026-03-10 10:09:42 | INFO | src.training_set_optimization.ga_subset | GA gen 120/300 | best=18832.989873  gen_best=18832.989873  mean=18865.021264  cache=5312
2026-03-10 10:09:43 | INFO | src.training_set_optimization.ga_subset | GA gen 135/300 | best=18806.187504  gen_best=18806.187504  mean=18844.532560  cache=5960
2026-03-10 10:09:44 | INFO | src.training_set_optimization.ga_subset | GA gen 150/300 | best=18803.948474  gen_best=18803.948474  mean=18839.699433  cache=6615
2026-03-10 10:09:44 | INFO | src.training_set_optimization.ga_subset | GA gen 165/300 | best=18779.413337  gen_best=18779.413337  mean=18815.250606  cache=7264
2026-03-10 10:09:45 | INFO | src.training_set_optimization.ga_subset | GA gen 180/300 | best=18775.944267  gen_best=18775.944267  mean=18834.927045  cache=7923
2026-03-10 10:09:46 | INFO | src.training_set_optimization.ga_subset | GA gen 195/300 | best=18772.069923  gen_best=18772.069923  mean=18818.439256  cache=8589
2026-03-10 10:09:46 | INFO | src.training_set_optimization.ga_subset | GA gen 210/300 | best=18764.221235  gen_best=18764.221235  mean=18806.995475  cache=9243
2026-03-10 10:09:47 | INFO | src.training_set_optimization.ga_subset | GA gen 225/300 | best=18744.734959  gen_best=18744.734959  mean=18792.955075  cache=9899
2026-03-10 10:09:47 | INFO | src.training_set_optimization.ga_subset | GA gen 240/300 | best=18743.557704  gen_best=18743.557704  mean=18777.147190  cache=10534
2026-03-10 10:09:48 | INFO | src.training_set_optimization.ga_subset | GA gen 255/300 | best=18740.187799  gen_best=18740.187799  mean=18786.009680  cache=11179
2026-03-10 10:09:49 | INFO | src.training_set_optimization.ga_subset | GA gen 270/300 | best=18732.438683  gen_best=18732.438683  mean=18773.925907  cache=11848
2026-03-10 10:09:49 | INFO | src.training_set_optimization.ga_subset | GA gen 285/300 | best=18724.182020  gen_best=18724.182020  mean=18754.281695  cache=12498
2026-03-10 10:09:50 | INFO | src.training_set_optimization.ga_subset | GA gen 299/300 | best=18691.241035  gen_best=18691.241035  mean=18744.493103  cache=13098
2026-03-10 10:09:50 | INFO | src.training_set_optimization.ga_subset | GA finished: best fitness=18691.241035  evals=13098  time=13.0s
2026-03-10 10:09:50 | INFO | __main__ |   step 2/12 n_train=100 PEVmean=18691.241035 corr=0.0856
2026-03-10 10:09:50 | INFO | src.training_set_optimization.ga_subset | GA gen   0/300 | best=19062.971732  gen_best=19062.971732  mean=19139.295438  cache=94
2026-03-10 10:09:53 | INFO | src.training_set_optimization.ga_subset | GA gen  15/300 | best=18793.222350  gen_best=18793.222350  mean=18865.624521  cache=736
2026-03-10 10:09:55 | INFO | src.training_set_optimization.ga_subset | GA gen  30/300 | best=18725.518123  gen_best=18725.518123  mean=18793.338167  cache=1403
2026-03-10 10:09:57 | INFO | src.training_set_optimization.ga_subset | GA gen  45/300 | best=18671.496141  gen_best=18671.496141  mean=18737.635170  cache=2056
2026-03-10 10:09:59 | INFO | src.training_set_optimization.ga_subset | GA gen  60/300 | best=18642.643646  gen_best=18642.643646  mean=18680.276206  cache=2693
2026-03-10 10:10:01 | INFO | src.training_set_optimization.ga_subset | GA gen  75/300 | best=18626.341304  gen_best=18626.341304  mean=18663.981760  cache=3342
2026-03-10 10:10:03 | INFO | src.training_set_optimization.ga_subset | GA gen  90/300 | best=18593.456722  gen_best=18593.456722  mean=18634.338632  cache=3992
2026-03-10 10:10:05 | INFO | src.training_set_optimization.ga_subset | GA gen 105/300 | best=18576.683178  gen_best=18576.683178  mean=18623.347842  cache=4651
2026-03-10 10:10:07 | INFO | src.training_set_optimization.ga_subset | GA gen 120/300 | best=18571.187549  gen_best=18571.187549  mean=18588.166438  cache=5288
2026-03-10 10:10:09 | INFO | src.training_set_optimization.ga_subset | GA gen 135/300 | best=18548.439185  gen_best=18548.439185  mean=18580.864946  cache=5937
2026-03-10 10:10:11 | INFO | src.training_set_optimization.ga_subset | GA gen 150/300 | best=18532.710795  gen_best=18532.710795  mean=18578.435733  cache=6584
2026-03-10 10:10:13 | INFO | src.training_set_optimization.ga_subset | GA gen 165/300 | best=18517.314832  gen_best=18517.314832  mean=18573.713070  cache=7239
2026-03-10 10:10:15 | INFO | src.training_set_optimization.ga_subset | GA gen 180/300 | best=18497.908230  gen_best=18497.908230  mean=18531.504617  cache=7884
2026-03-10 10:10:17 | INFO | src.training_set_optimization.ga_subset | GA gen 195/300 | best=18483.559293  gen_best=18483.559293  mean=18532.197180  cache=8540
2026-03-10 10:10:19 | INFO | src.training_set_optimization.ga_subset | GA gen 210/300 | best=18455.736029  gen_best=18455.736029  mean=18519.004622  cache=9194
2026-03-10 10:10:21 | INFO | src.training_set_optimization.ga_subset | GA gen 225/300 | best=18437.415599  gen_best=18437.415599  mean=18452.074807  cache=9840
2026-03-10 10:10:23 | INFO | src.training_set_optimization.ga_subset | GA gen 240/300 | best=18435.035688  gen_best=18435.035688  mean=18472.835993  cache=10497
2026-03-10 10:10:25 | INFO | src.training_set_optimization.ga_subset | GA gen 255/300 | best=18429.793536  gen_best=18429.793536  mean=18454.470895  cache=11133
2026-03-10 10:10:27 | INFO | src.training_set_optimization.ga_subset | GA gen 270/300 | best=18421.610112  gen_best=18421.610112  mean=18463.776835  cache=11798
2026-03-10 10:10:29 | INFO | src.training_set_optimization.ga_subset | GA gen 285/300 | best=18413.338126  gen_best=18413.338126  mean=18463.467785  cache=12460
2026-03-10 10:10:31 | INFO | src.training_set_optimization.ga_subset | GA gen 299/300 | best=18396.986552  gen_best=18396.986552  mean=18440.115291  cache=13076
2026-03-10 10:10:31 | INFO | src.training_set_optimization.ga_subset | GA finished: best fitness=18396.986552  evals=13076  time=41.0s
2026-03-10 10:10:31 | INFO | __main__ |   step 3/12 n_train=250 PEVmean=18396.986552 corr=0.1206
2026-03-10 10:10:32 | INFO | src.training_set_optimization.ga_subset | GA gen   0/300 | best=18798.562742  gen_best=18798.562742  mean=18901.812669  cache=95
2026-03-10 10:10:38 | INFO | src.training_set_optimization.ga_subset | GA gen  15/300 | best=18528.800600  gen_best=18528.800600  mean=18627.271196  cache=767
2026-03-10 10:10:43 | INFO | src.training_set_optimization.ga_subset | GA gen  30/300 | best=18454.411046  gen_best=18454.411046  mean=18512.642726  cache=1411
2026-03-10 10:10:49 | INFO | src.training_set_optimization.ga_subset | GA gen  45/300 | best=18411.637911  gen_best=18411.637911  mean=18463.136790  cache=2082
2026-03-10 10:10:55 | INFO | src.training_set_optimization.ga_subset | GA gen  60/300 | best=18399.888899  gen_best=18399.888899  mean=18433.010804  cache=2735
2026-03-10 10:11:01 | INFO | src.training_set_optimization.ga_subset | GA gen  75/300 | best=18372.161029  gen_best=18372.161029  mean=18419.780202  cache=3387
2026-03-10 10:11:06 | INFO | src.training_set_optimization.ga_subset | GA gen  90/300 | best=18355.449428  gen_best=18355.449428  mean=18387.799978  cache=4028
2026-03-10 10:11:12 | INFO | src.training_set_optimization.ga_subset | GA gen 105/300 | best=18336.189740  gen_best=18336.189740  mean=18376.776810  cache=4683
2026-03-10 10:11:17 | INFO | src.training_set_optimization.ga_subset | GA gen 120/300 | best=18325.570597  gen_best=18325.570597  mean=18350.777994  cache=5323
2026-03-10 10:11:23 | INFO | src.training_set_optimization.ga_subset | GA gen 135/300 | best=18309.952724  gen_best=18309.952724  mean=18329.239835  cache=5976
2026-03-10 10:11:29 | INFO | src.training_set_optimization.ga_subset | GA gen 150/300 | best=18306.272981  gen_best=18306.272981  mean=18339.872936  cache=6636
2026-03-10 10:11:34 | INFO | src.training_set_optimization.ga_subset | GA gen 165/300 | best=18301.679417  gen_best=18301.679417  mean=18336.345815  cache=7291
2026-03-10 10:11:40 | INFO | src.training_set_optimization.ga_subset | GA gen 180/300 | best=18291.836909  gen_best=18291.836909  mean=18316.445009  cache=7934
2026-03-10 10:11:46 | INFO | src.training_set_optimization.ga_subset | GA gen 195/300 | best=18269.064507  gen_best=18269.064507  mean=18295.626425  cache=8584
2026-03-10 10:11:51 | INFO | src.training_set_optimization.ga_subset | GA gen 210/300 | best=18251.222023  gen_best=18251.222023  mean=18290.509229  cache=9228
2026-03-10 10:11:57 | INFO | src.training_set_optimization.ga_subset | GA gen 225/300 | best=18245.196806  gen_best=18245.196806  mean=18290.232578  cache=9894
2026-03-10 10:12:03 | INFO | src.training_set_optimization.ga_subset | GA gen 240/300 | best=18228.503869  gen_best=18228.503869  mean=18269.676121  cache=10568
2026-03-10 10:12:08 | INFO | src.training_set_optimization.ga_subset | GA gen 255/300 | best=18220.688765  gen_best=18220.688765  mean=18272.635076  cache=11227
2026-03-10 10:12:14 | INFO | src.training_set_optimization.ga_subset | GA gen 270/300 | best=18217.958946  gen_best=18217.958946  mean=18256.998544  cache=11876
2026-03-10 10:12:20 | INFO | src.training_set_optimization.ga_subset | GA gen 285/300 | best=18206.200199  gen_best=18206.200199  mean=18233.032391  cache=12528
2026-03-10 10:12:25 | INFO | src.training_set_optimization.ga_subset | GA gen 299/300 | best=18185.676993  gen_best=18185.676993  mean=18227.410921  cache=13143
2026-03-10 10:12:25 | INFO | src.training_set_optimization.ga_subset | GA finished: best fitness=18185.676993  evals=13143  time=113.7s
2026-03-10 10:12:25 | INFO | __main__ |   step 4/12 n_train=500 PEVmean=18185.676993 corr=0.1733
2026-03-10 10:12:33 | INFO | src.training_set_optimization.ga_subset | GA gen   0/300 | best=17779.884134  gen_best=17779.884134  mean=17869.628716  cache=93
2026-03-10 10:13:28 | INFO | src.training_set_optimization.ga_subset | GA gen  15/300 | best=17612.212841  gen_best=17612.212841  mean=17632.591874  cache=757
2026-03-10 10:14:23 | INFO | src.training_set_optimization.ga_subset | GA gen  30/300 | best=17584.888283  gen_best=17584.888283  mean=17618.673448  cache=1422
2026-03-10 10:15:16 | INFO | src.training_set_optimization.ga_subset | GA gen  45/300 | best=17572.155919  gen_best=17572.155919  mean=17596.787340  cache=2056
2026-03-10 10:16:11 | INFO | src.training_set_optimization.ga_subset | GA gen  60/300 | best=17562.804145  gen_best=17562.804145  mean=17596.487114  cache=2712
2026-03-10 10:17:09 | INFO | src.training_set_optimization.ga_subset | GA gen  75/300 | best=17535.676610  gen_best=17535.676610  mean=17576.003021  cache=3382
2026-03-10 10:18:06 | INFO | src.training_set_optimization.ga_subset | GA gen  90/300 | best=17512.517003  gen_best=17512.517003  mean=17522.445236  cache=4034
2026-03-10 10:19:05 | INFO | src.training_set_optimization.ga_subset | GA gen 105/300 | best=17485.715151  gen_best=17485.715151  mean=17510.816173  cache=4710
2026-03-10 10:20:01 | INFO | src.training_set_optimization.ga_subset | GA gen 120/300 | best=17472.743352  gen_best=17472.743352  mean=17486.747185  cache=5348
2026-03-10 10:20:59 | INFO | src.training_set_optimization.ga_subset | GA gen 135/300 | best=17467.213528  gen_best=17467.213528  mean=17484.259113  cache=6011
2026-03-10 10:21:56 | INFO | src.training_set_optimization.ga_subset | GA gen 150/300 | best=17447.485788  gen_best=17447.485788  mean=17467.403351  cache=6660
2026-03-10 10:22:54 | INFO | src.training_set_optimization.ga_subset | GA gen 165/300 | best=17443.252125  gen_best=17443.252125  mean=17452.653683  cache=7322
2026-03-10 10:23:51 | INFO | src.training_set_optimization.ga_subset | GA gen 180/300 | best=17434.096773  gen_best=17434.096773  mean=17456.709054  cache=7977
2026-03-10 10:24:48 | INFO | src.training_set_optimization.ga_subset | GA gen 195/300 | best=17430.539853  gen_best=17430.539853  mean=17446.896836  cache=8627
2026-03-10 10:25:45 | INFO | src.training_set_optimization.ga_subset | GA gen 210/300 | best=17424.681040  gen_best=17424.681040  mean=17436.429331  cache=9280
2026-03-10 10:26:41 | INFO | src.training_set_optimization.ga_subset | GA gen 225/300 | best=17416.101388  gen_best=17416.101388  mean=17420.535618  cache=9928
2026-03-10 10:27:38 | INFO | src.training_set_optimization.ga_subset | GA gen 240/300 | best=17413.048305  gen_best=17413.048305  mean=17434.572906  cache=10579
2026-03-10 10:28:36 | INFO | src.training_set_optimization.ga_subset | GA gen 255/300 | best=17409.706632  gen_best=17409.706632  mean=17419.702254  cache=11243
2026-03-10 10:29:34 | INFO | src.training_set_optimization.ga_subset | GA gen 270/300 | best=17402.604108  gen_best=17402.604108  mean=17423.194197  cache=11900
2026-03-10 10:30:31 | INFO | src.training_set_optimization.ga_subset | GA gen 285/300 | best=17397.298987  gen_best=17397.298987  mean=17409.579833  cache=12556
2026-03-10 10:31:24 | INFO | src.training_set_optimization.ga_subset | GA gen 299/300 | best=17394.282388  gen_best=17394.282388  mean=17410.721667  cache=13164
2026-03-10 10:31:24 | INFO | src.training_set_optimization.ga_subset | GA finished: best fitness=17394.282388  evals=13164  time=1138.7s
2026-03-10 10:31:25 | INFO | __main__ |   step 7/12 n_train=2000 PEVmean=17394.282388 corr=0.2471
2026-03-10 10:31:47 | INFO | src.training_set_optimization.ga_subset | GA gen   0/300 | best=17038.807911  gen_best=17038.807911  mean=17124.515660  cache=93
2026-03-10 10:34:20 | INFO | src.training_set_optimization.ga_subset | GA gen  15/300 | best=16949.769067  gen_best=16949.769067  mean=16994.281727  cache=737
2026-03-10 10:37:00 | INFO | src.training_set_optimization.ga_subset | GA gen  30/300 | best=16933.779663  gen_best=16933.779663  mean=16958.909573  cache=1390
2026-03-10 10:39:35 | INFO | src.training_set_optimization.ga_subset | GA gen  45/300 | best=16925.965768  gen_best=16925.965768  mean=16931.803093  cache=2035
2026-03-10 10:42:10 | INFO | src.training_set_optimization.ga_subset | GA gen  60/300 | best=16917.123463  gen_best=16917.123463  mean=16925.450941  cache=2676
2026-03-10 10:44:44 | INFO | src.training_set_optimization.ga_subset | GA gen  75/300 | best=16911.191883  gen_best=16911.191883  mean=16923.812523  cache=3338
2026-03-10 10:47:19 | INFO | src.training_set_optimization.ga_subset | GA gen  90/300 | best=16903.582714  gen_best=16903.582714  mean=16925.883715  cache=3998
2026-03-10 10:49:48 | INFO | src.training_set_optimization.ga_subset | GA gen 105/300 | best=16901.683036  gen_best=16901.683036  mean=16906.024551  cache=4640
2026-03-10 10:52:20 | INFO | src.training_set_optimization.ga_subset | GA gen 120/300 | best=16899.572197  gen_best=16899.572197  mean=16910.673503  cache=5303
2026-03-10 10:54:54 | INFO | src.training_set_optimization.ga_subset | GA gen 135/300 | best=16890.200061  gen_best=16890.200061  mean=16906.661733  cache=5949
2026-03-10 10:57:31 | INFO | src.training_set_optimization.ga_subset | GA gen 150/300 | best=16888.596240  gen_best=16888.596240  mean=16896.494538  cache=6608
2026-03-10 11:00:04 | INFO | src.training_set_optimization.ga_subset | GA gen 165/300 | best=16881.957101  gen_best=16881.957101  mean=16892.040095  cache=7260
2026-03-10 11:02:36 | INFO | src.training_set_optimization.ga_subset | GA gen 180/300 | best=16880.488819  gen_best=16880.488819  mean=16886.632661  cache=7916
2026-03-10 11:05:07 | INFO | src.training_set_optimization.ga_subset | GA gen 195/300 | best=16879.150018  gen_best=16879.150018  mean=16892.000695  cache=8567
2026-03-10 11:07:38 | INFO | src.training_set_optimization.ga_subset | GA gen 210/300 | best=16875.814823  gen_best=16875.814823  mean=16882.797937  cache=9218
2026-03-10 11:10:10 | INFO | src.training_set_optimization.ga_subset | GA gen 225/300 | best=16873.347770  gen_best=16873.347770  mean=16877.918823  cache=9869
2026-03-10 11:12:39 | INFO | src.training_set_optimization.ga_subset | GA gen 240/300 | best=16872.101172  gen_best=16872.101172  mean=16891.302214  cache=10517
2026-03-10 11:15:15 | INFO | src.training_set_optimization.ga_subset | GA gen 255/300 | best=16870.061101  gen_best=16870.061101  mean=16887.365293  cache=11184
2026-03-10 11:17:48 | INFO | src.training_set_optimization.ga_subset | GA gen 270/300 | best=16866.951923  gen_best=16866.951923  mean=16874.876206  cache=11837
2026-03-10 11:20:24 | INFO | src.training_set_optimization.ga_subset | GA gen 285/300 | best=16864.456819  gen_best=16864.456819  mean=16874.121799  cache=12489
2026-03-10 11:22:46 | INFO | src.training_set_optimization.ga_subset | GA gen 299/300 | best=16861.621038  gen_best=16861.621038  mean=16864.630874  cache=13089
2026-03-10 11:22:46 | INFO | src.training_set_optimization.ga_subset | GA finished: best fitness=16861.621038  evals=13089  time=3081.0s
2026-03-10 11:22:49 | INFO | __main__ |   step 10/12 n_train=3500 PEVmean=16861.621038 corr=0.2751
2026-03-10 11:22:51 | INFO | __main__ |   random baseline order 0 done
2026-03-10 11:22:54 | INFO | __main__ |   random baseline order 1 done
2026-03-10 11:22:56 | INFO | __main__ |   random baseline order 2 done
2026-03-10 11:22:58 | INFO | __main__ |   random baseline order 3 done
2026-03-10 11:23:01 | INFO | __main__ |   random baseline order 4 done
2026-03-10 11:23:01 | INFO | __main__ | Summary saved to outputs/pevmean_ga3/shards/shard_011/body_mass/pevmean_ga_summary.csv
2026-03-10 11:23:01 | INFO | __main__ | PEVmean-GA experiment complete for trait 'body_mass'. Output: outputs/pevmean_ga3/shards/shard_011/body_mass
