2026-03-09 14:10:13 | INFO | __main__ | GA config: GAConfig(pop_size=50, n_generations=300, n_elite=2, tournament_k=3, crossover_prob=0.9, mutation_prob=0.35, n_swaps_per_mut=2, seed=14, verbose=True, stagnation_limit=15)
2026-03-09 14:10:13 | INFO | __main__ | Shard 17/20 enabled; using weighted job distribution across (target, repeat, n_train).
2026-03-09 14:10:13 | INFO | __main__ | Loading data for trait 'body_mass'
2026-03-09 14:10:13 | INFO | src.data | Loading data from NPZ: Data/npz/snp_body_mass_ALL.npz
2026-03-09 14:10:24 | INFO | __main__ | Loaded: 5697 samples, 65344 SNPs
2026-03-09 14:10:24 | INFO | __main__ | Fixed SNP subset: n=20000
2026-03-09 14:10:24 | INFO | __main__ | Shard 17/20 assigned 3/65 jobs (full=0, size=3)
2026-03-09 14:10:24 | INFO | __main__ | Target 3 (Selvær): n_source=5503, n_target=194
2026-03-09 14:10:24 | INFO | __main__ | Training-set sizes: [50, 100, 250, 500, 1000, 1500, 2000, 2500, 3000, 3500, 4000, 4500]
2026-03-09 14:10:26 | INFO | __main__ | PEVmean-GA job 3/3 | trait=body_mass target=3 repeat=3/5 | full=False sizes=[1500, 2500, 3000]
2026-03-09 14:10:31 | INFO | src.training_set_optimization.ga_subset | GA gen   0/300 | best=18393.479487  gen_best=18393.479487  mean=18517.583408  cache=97
2026-03-09 14:11:07 | INFO | src.training_set_optimization.ga_subset | GA gen  15/300 | best=18179.719123  gen_best=18179.719123  mean=18275.620761  cache=749
2026-03-09 14:11:43 | INFO | src.training_set_optimization.ga_subset | GA gen  30/300 | best=18101.636526  gen_best=18101.636526  mean=18179.946777  cache=1411
2026-03-09 14:12:19 | INFO | src.training_set_optimization.ga_subset | GA gen  45/300 | best=18067.374762  gen_best=18067.374762  mean=18122.075026  cache=2076
2026-03-09 14:12:54 | INFO | src.training_set_optimization.ga_subset | GA gen  60/300 | best=18047.646263  gen_best=18047.646263  mean=18093.735344  cache=2719
2026-03-09 14:13:29 | INFO | src.training_set_optimization.ga_subset | GA gen  75/300 | best=18020.670600  gen_best=18020.670600  mean=18055.776873  cache=3360
2026-03-09 14:14:04 | INFO | src.training_set_optimization.ga_subset | GA gen  90/300 | best=18007.182591  gen_best=18007.182591  mean=18040.144543  cache=4009
2026-03-09 14:14:40 | INFO | src.training_set_optimization.ga_subset | GA gen 105/300 | best=17978.368455  gen_best=17978.368455  mean=18010.708880  cache=4671
2026-03-09 14:15:16 | INFO | src.training_set_optimization.ga_subset | GA gen 120/300 | best=17954.856259  gen_best=17954.856259  mean=17990.529329  cache=5316
2026-03-09 14:15:51 | INFO | src.training_set_optimization.ga_subset | GA gen 135/300 | best=17934.883991  gen_best=17934.883991  mean=17956.525554  cache=5965
2026-03-09 14:16:28 | INFO | src.training_set_optimization.ga_subset | GA gen 150/300 | best=17924.496578  gen_best=17924.496578  mean=17954.600805  cache=6636
2026-03-09 14:17:04 | INFO | src.training_set_optimization.ga_subset | GA gen 165/300 | best=17913.546061  gen_best=17913.546061  mean=17936.918783  cache=7294
2026-03-09 14:17:39 | INFO | src.training_set_optimization.ga_subset | GA gen 180/300 | best=17898.195414  gen_best=17898.195414  mean=17913.477810  cache=7934
2026-03-09 14:18:14 | INFO | src.training_set_optimization.ga_subset | GA gen 195/300 | best=17877.492181  gen_best=17877.492181  mean=17901.016926  cache=8581
2026-03-09 14:18:50 | INFO | src.training_set_optimization.ga_subset | GA gen 210/300 | best=17864.992466  gen_best=17864.992466  mean=17882.367611  cache=9243
2026-03-09 14:19:26 | INFO | src.training_set_optimization.ga_subset | GA gen 225/300 | best=17845.996696  gen_best=17845.996696  mean=17857.296094  cache=9898
2026-03-09 14:20:02 | INFO | src.training_set_optimization.ga_subset | GA gen 240/300 | best=17839.703871  gen_best=17839.703871  mean=17867.848640  cache=10551
2026-03-09 14:20:37 | INFO | src.training_set_optimization.ga_subset | GA gen 255/300 | best=17823.885939  gen_best=17823.885939  mean=17850.060782  cache=11194
2026-03-09 14:21:13 | INFO | src.training_set_optimization.ga_subset | GA gen 270/300 | best=17807.565099  gen_best=17807.565099  mean=17844.684397  cache=11861
2026-03-09 14:21:49 | INFO | src.training_set_optimization.ga_subset | GA gen 285/300 | best=17801.848556  gen_best=17801.848556  mean=17839.098925  cache=12513
2026-03-09 14:22:21 | INFO | src.training_set_optimization.ga_subset | GA gen 299/300 | best=17797.854092  gen_best=17797.854092  mean=17816.792674  cache=13102
2026-03-09 14:22:21 | INFO | src.training_set_optimization.ga_subset | GA finished: best fitness=17797.854092  evals=13102  time=714.8s
2026-03-09 14:22:22 | INFO | __main__ |   step 6/12 n_train=1500 PEVmean=17797.854092 corr=0.1662
2026-03-09 14:22:33 | INFO | src.training_set_optimization.ga_subset | GA gen   0/300 | best=17858.109027  gen_best=17858.109027  mean=17930.140859  cache=92
2026-03-09 14:23:53 | INFO | src.training_set_optimization.ga_subset | GA gen  15/300 | best=17652.167179  gen_best=17652.167179  mean=17718.971886  cache=748
2026-03-09 14:25:10 | INFO | src.training_set_optimization.ga_subset | GA gen  30/300 | best=17566.546875  gen_best=17566.546875  mean=17579.293103  cache=1381
2026-03-09 14:26:30 | INFO | src.training_set_optimization.ga_subset | GA gen  45/300 | best=17509.926889  gen_best=17509.926889  mean=17545.837066  cache=2035
2026-03-09 14:27:49 | INFO | src.training_set_optimization.ga_subset | GA gen  60/300 | best=17493.983871  gen_best=17493.983871  mean=17537.075512  cache=2678
2026-03-09 14:29:10 | INFO | src.training_set_optimization.ga_subset | GA gen  75/300 | best=17468.024958  gen_best=17468.024958  mean=17485.656701  cache=3342
2026-03-09 14:30:30 | INFO | src.training_set_optimization.ga_subset | GA gen  90/300 | best=17459.571094  gen_best=17459.571094  mean=17484.127454  cache=3999
2026-03-09 14:31:49 | INFO | src.training_set_optimization.ga_subset | GA gen 105/300 | best=17451.674205  gen_best=17451.674205  mean=17469.036343  cache=4647
2026-03-09 14:33:07 | INFO | src.training_set_optimization.ga_subset | GA gen 120/300 | best=17448.714181  gen_best=17448.714181  mean=17475.461577  cache=5294
2026-03-09 14:34:27 | INFO | src.training_set_optimization.ga_subset | GA gen 135/300 | best=17426.660966  gen_best=17426.660966  mean=17461.713192  cache=5943
2026-03-09 14:35:46 | INFO | src.training_set_optimization.ga_subset | GA gen 150/300 | best=17415.693151  gen_best=17415.693151  mean=17427.461928  cache=6595
2026-03-09 14:37:04 | INFO | src.training_set_optimization.ga_subset | GA gen 165/300 | best=17410.205903  gen_best=17410.205903  mean=17425.385034  cache=7238
2026-03-09 14:38:22 | INFO | src.training_set_optimization.ga_subset | GA gen 180/300 | best=17402.458112  gen_best=17402.458112  mean=17420.311670  cache=7881
2026-03-09 14:39:42 | INFO | src.training_set_optimization.ga_subset | GA gen 195/300 | best=17400.624747  gen_best=17400.624747  mean=17426.220539  cache=8537
2026-03-09 14:41:00 | INFO | src.training_set_optimization.ga_subset | GA gen 210/300 | best=17386.433122  gen_best=17386.433122  mean=17403.704963  cache=9178
2026-03-09 14:42:18 | INFO | src.training_set_optimization.ga_subset | GA gen 225/300 | best=17377.691325  gen_best=17377.691325  mean=17399.216231  cache=9824
2026-03-09 14:43:38 | INFO | src.training_set_optimization.ga_subset | GA gen 240/300 | best=17373.108045  gen_best=17373.108045  mean=17393.197999  cache=10478
2026-03-09 14:45:01 | INFO | src.training_set_optimization.ga_subset | GA gen 255/300 | best=17372.829444  gen_best=17372.829444  mean=17404.272262  cache=11150
2026-03-09 14:46:23 | INFO | src.training_set_optimization.ga_subset | GA gen 270/300 | best=17364.835160  gen_best=17364.835160  mean=17377.919206  cache=11814
2026-03-09 14:47:45 | INFO | src.training_set_optimization.ga_subset | GA gen 285/300 | best=17359.914113  gen_best=17359.914113  mean=17371.223410  cache=12479
2026-03-09 14:49:02 | INFO | src.training_set_optimization.ga_subset | GA gen 299/300 | best=17357.912313  gen_best=17357.912313  mean=17379.752402  cache=13094
2026-03-09 14:49:02 | INFO | src.training_set_optimization.ga_subset | GA finished: best fitness=17357.912313  evals=13094  time=1600.0s
2026-03-09 14:49:03 | INFO | __main__ |   step 8/12 n_train=2500 PEVmean=17357.912313 corr=0.1937
2026-03-09 14:49:22 | INFO | src.training_set_optimization.ga_subset | GA gen   0/300 | best=17551.918690  gen_best=17551.918690  mean=17670.393142  cache=96
2026-03-09 14:51:14 | INFO | src.training_set_optimization.ga_subset | GA gen  15/300 | best=17437.529295  gen_best=17437.529295  mean=17515.836426  cache=752
2026-03-09 14:53:07 | INFO | src.training_set_optimization.ga_subset | GA gen  30/300 | best=17360.411599  gen_best=17360.411599  mean=17424.805561  cache=1407
2026-03-09 14:54:58 | INFO | src.training_set_optimization.ga_subset | GA gen  45/300 | best=17323.294538  gen_best=17323.294538  mean=17351.313480  cache=2057
2026-03-09 14:56:51 | INFO | src.training_set_optimization.ga_subset | GA gen  60/300 | best=17309.229902  gen_best=17309.229902  mean=17335.145450  cache=2711
2026-03-09 14:58:43 | INFO | src.training_set_optimization.ga_subset | GA gen  75/300 | best=17295.774471  gen_best=17295.774471  mean=17307.948680  cache=3363
2026-03-09 15:00:45 | INFO | src.training_set_optimization.ga_subset | GA gen  90/300 | best=17291.587954  gen_best=17291.587954  mean=17307.863663  cache=4009
2026-03-09 15:02:59 | INFO | src.training_set_optimization.ga_subset | GA gen 105/300 | best=17284.655287  gen_best=17284.655287  mean=17304.794104  cache=4662
2026-03-09 15:06:36 | INFO | src.training_set_optimization.ga_subset | GA gen 120/300 | best=17277.978962  gen_best=17277.978962  mean=17290.643731  cache=5312
2026-03-09 15:08:31 | INFO | src.training_set_optimization.ga_subset | GA gen 135/300 | best=17264.012393  gen_best=17264.012393  mean=17283.295794  cache=5965
2026-03-09 15:10:24 | INFO | src.training_set_optimization.ga_subset | GA gen 150/300 | best=17260.253780  gen_best=17260.253780  mean=17280.202548  cache=6619
2026-03-09 15:12:14 | INFO | src.training_set_optimization.ga_subset | GA gen 165/300 | best=17251.271445  gen_best=17251.271445  mean=17261.053165  cache=7262
2026-03-09 15:14:09 | INFO | src.training_set_optimization.ga_subset | GA gen 180/300 | best=17244.003414  gen_best=17244.003414  mean=17258.888109  cache=7929
2026-03-09 15:15:59 | INFO | src.training_set_optimization.ga_subset | GA gen 195/300 | best=17238.334251  gen_best=17238.334251  mean=17250.780816  cache=8565
2026-03-09 15:17:52 | INFO | src.training_set_optimization.ga_subset | GA gen 210/300 | best=17224.080061  gen_best=17224.080061  mean=17235.373853  cache=9216
2026-03-09 15:19:45 | INFO | src.training_set_optimization.ga_subset | GA gen 225/300 | best=17217.455324  gen_best=17217.455324  mean=17246.378621  cache=9871
2026-03-09 15:21:38 | INFO | src.training_set_optimization.ga_subset | GA gen 240/300 | best=17213.012668  gen_best=17213.012668  mean=17227.090259  cache=10527
2026-03-09 15:23:30 | INFO | src.training_set_optimization.ga_subset | GA gen 255/300 | best=17210.265935  gen_best=17210.265935  mean=17217.185625  cache=11177
2026-03-09 15:25:22 | INFO | src.training_set_optimization.ga_subset | GA gen 270/300 | best=17203.996937  gen_best=17203.996937  mean=17224.449257  cache=11833
2026-03-09 15:27:12 | INFO | src.training_set_optimization.ga_subset | GA gen 285/300 | best=17200.114739  gen_best=17200.114739  mean=17208.200105  cache=12471
2026-03-09 15:28:56 | INFO | src.training_set_optimization.ga_subset | GA gen 299/300 | best=17199.161026  gen_best=17199.161026  mean=17208.132010  cache=13078
2026-03-09 15:28:56 | INFO | src.training_set_optimization.ga_subset | GA finished: best fitness=17199.161026  evals=13078  time=2393.0s
2026-03-09 15:28:59 | INFO | __main__ |   step 9/12 n_train=3000 PEVmean=17199.161026 corr=0.2199
2026-03-09 15:29:01 | INFO | __main__ |   random baseline order 0 done
2026-03-09 15:29:04 | INFO | __main__ |   random baseline order 1 done
2026-03-09 15:29:06 | INFO | __main__ |   random baseline order 2 done
2026-03-09 15:29:09 | INFO | __main__ |   random baseline order 3 done
2026-03-09 15:29:11 | INFO | __main__ |   random baseline order 4 done
2026-03-09 15:29:11 | INFO | __main__ | Summary saved to outputs/pevmean_ga2/shards/shard_017/body_mass/pevmean_ga_summary.csv
2026-03-09 15:29:11 | INFO | __main__ | PEVmean-GA experiment complete for trait 'body_mass'. Output: outputs/pevmean_ga2/shards/shard_017/body_mass
