2026-03-10 12:59:22 | INFO | __main__ | GA config: GAConfig(pop_size=50, n_generations=300, n_elite=2, tournament_k=3, crossover_prob=0.9, mutation_prob=0.35, n_swaps_per_mut=2, seed=14, verbose=True, stagnation_limit=15)
2026-03-10 12:59:22 | INFO | __main__ | Shard 1/20 enabled; using weighted job distribution across (target, repeat, n_train).
2026-03-10 12:59:22 | INFO | __main__ | Loading data for trait 'body_mass'
2026-03-10 12:59:22 | INFO | src.data | Loading data from NPZ: Data/npz/snp_body_mass_ALL.npz
2026-03-10 12:59:30 | INFO | __main__ | Loaded: 5697 samples, 65344 SNPs
2026-03-10 12:59:30 | INFO | __main__ | Fixed SNP subset: n=20000
2026-03-10 12:59:30 | INFO | __main__ | Shard 1/20 assigned 1/65 jobs (full=0, size=1)
2026-03-10 12:59:30 | INFO | __main__ | Target 4 (Gjerøy): n_source=5139, n_target=558
2026-03-10 12:59:30 | INFO | __main__ | Training-set sizes: [50, 100, 250, 500, 1000, 1500, 2000, 2500, 3000, 3500, 4000, 4500]
2026-03-10 12:59:32 | INFO | __main__ | PEVmean-GA job 1/1 | trait=body_mass target=4 repeat=2/5 | full=False sizes=[4500]
2026-03-10 13:00:01 | INFO | src.training_set_optimization.ga_subset | GA gen   0/300 | best=17187.790259  gen_best=17187.790259  mean=17205.084131  cache=86
2026-03-10 13:03:36 | INFO | src.training_set_optimization.ga_subset | GA gen  15/300 | best=17168.046904  gen_best=17168.046904  mean=17170.479389  cache=728
2026-03-10 13:07:10 | INFO | src.training_set_optimization.ga_subset | GA gen  30/300 | best=17166.918142  gen_best=17166.918142  mean=17173.094989  cache=1380
2026-03-10 13:10:42 | INFO | src.training_set_optimization.ga_subset | GA gen  45/300 | best=17163.979286  gen_best=17163.979286  mean=17169.278141  cache=2029
2026-03-10 13:14:18 | INFO | src.training_set_optimization.ga_subset | GA gen  60/300 | best=17161.610728  gen_best=17161.610728  mean=17165.491382  cache=2688
2026-03-10 13:17:57 | INFO | src.training_set_optimization.ga_subset | GA gen  75/300 | best=17159.840366  gen_best=17159.840366  mean=17166.999152  cache=3359
2026-03-10 13:21:32 | INFO | src.training_set_optimization.ga_subset | GA gen  90/300 | best=17158.165711  gen_best=17158.165711  mean=17162.976484  cache=4017
2026-03-10 13:25:05 | INFO | src.training_set_optimization.ga_subset | GA gen 105/300 | best=17156.073091  gen_best=17156.073091  mean=17162.760138  cache=4671
2026-03-10 13:28:47 | INFO | src.training_set_optimization.ga_subset | GA gen 120/300 | best=17154.540863  gen_best=17154.540863  mean=17157.240592  cache=5335
2026-03-10 13:32:26 | INFO | src.training_set_optimization.ga_subset | GA gen 135/300 | best=17153.137148  gen_best=17153.137148  mean=17155.115256  cache=5984
2026-03-10 13:36:03 | INFO | src.training_set_optimization.ga_subset | GA gen 150/300 | best=17151.618576  gen_best=17151.618576  mean=17156.350401  cache=6632
2026-03-10 13:39:43 | INFO | src.training_set_optimization.ga_subset | GA gen 165/300 | best=17150.368382  gen_best=17150.368382  mean=17153.786499  cache=7288
2026-03-10 13:43:29 | INFO | src.training_set_optimization.ga_subset | GA gen 180/300 | best=17149.058550  gen_best=17149.058550  mean=17151.890361  cache=7957
2026-03-10 13:47:08 | INFO | src.training_set_optimization.ga_subset | GA gen 195/300 | best=17147.582632  gen_best=17147.582632  mean=17152.915982  cache=8609
2026-03-10 13:50:48 | INFO | src.training_set_optimization.ga_subset | GA gen 210/300 | best=17146.891492  gen_best=17146.891492  mean=17149.473053  cache=9251
2026-03-10 13:54:27 | INFO | src.training_set_optimization.ga_subset | GA gen 225/300 | best=17146.865559  gen_best=17146.865559  mean=17149.966236  cache=9890
2026-03-10 13:58:11 | INFO | src.training_set_optimization.ga_subset | GA gen 240/300 | best=17145.606596  gen_best=17145.606596  mean=17149.816388  cache=10545
2026-03-10 14:01:54 | INFO | src.training_set_optimization.ga_subset | GA gen 255/300 | best=17145.293497  gen_best=17145.293497  mean=17146.964909  cache=11202
2026-03-10 14:05:31 | INFO | src.training_set_optimization.ga_subset | GA gen 270/300 | best=17144.852725  gen_best=17144.852725  mean=17147.628547  cache=11853
2026-03-10 14:09:06 | INFO | src.training_set_optimization.ga_subset | GA gen 285/300 | best=17144.529711  gen_best=17144.529711  mean=17145.848953  cache=12495
2026-03-10 14:12:32 | INFO | src.training_set_optimization.ga_subset | GA gen 299/300 | best=17144.106611  gen_best=17144.106611  mean=17147.453503  cache=13115
2026-03-10 14:12:32 | INFO | src.training_set_optimization.ga_subset | GA finished: best fitness=17144.106611  evals=13115  time=4380.5s
2026-03-10 14:12:35 | INFO | __main__ |   step 12/12 n_train=4500 PEVmean=17144.106611 corr=0.1101
2026-03-10 14:12:37 | INFO | __main__ |   random baseline order 0 done
2026-03-10 14:12:42 | INFO | __main__ |   random baseline order 1 done
2026-03-10 14:12:44 | INFO | __main__ |   random baseline order 2 done
2026-03-10 14:12:46 | INFO | __main__ |   random baseline order 3 done
2026-03-10 14:12:47 | INFO | __main__ |   random baseline order 4 done
2026-03-10 14:12:47 | INFO | __main__ | Summary saved to outputs/pevmean_ga4/shards/shard_001/body_mass/pevmean_ga_summary.csv
2026-03-10 14:12:47 | INFO | __main__ | PEVmean-GA experiment complete for trait 'body_mass'. Output: outputs/pevmean_ga4/shards/shard_001/body_mass
