2026-03-10 15:19:22 | INFO | __main__ | GA config: GAConfig(pop_size=50, n_generations=300, n_elite=2, tournament_k=3, crossover_prob=0.9, mutation_prob=0.35, n_swaps_per_mut=2, seed=14, verbose=True, stagnation_limit=15)
2026-03-10 15:19:22 | INFO | __main__ | Shard 15/20 enabled; using weighted job distribution across (target, repeat, n_train).
2026-03-10 15:19:22 | INFO | __main__ | Loading data for trait 'body_mass'
2026-03-10 15:19:22 | INFO | src.data | Loading data from NPZ: Data/npz/snp_body_mass_ALL.npz
2026-03-10 15:19:31 | INFO | __main__ | Loaded: 5697 samples, 65344 SNPs
2026-03-10 15:19:31 | INFO | __main__ | Fixed SNP subset: n=20000
2026-03-10 15:19:31 | INFO | __main__ | Shard 15/20 assigned 3/65 jobs (full=0, size=3)
2026-03-10 15:19:31 | INFO | __main__ | Target 4 (Gjerøy): n_source=5139, n_target=558
2026-03-10 15:19:31 | INFO | __main__ | Training-set sizes: [50, 100, 250, 500, 1000, 1500, 2000, 2500, 3000, 3500, 4000, 4500]
2026-03-10 15:19:33 | INFO | __main__ | PEVmean-GA job 3/3 | trait=body_mass target=4 repeat=1/5 | full=False sizes=[1500, 2500, 3000]
2026-03-10 15:19:37 | INFO | src.training_set_optimization.ga_subset | GA gen   0/300 | best=18263.034143  gen_best=18263.034143  mean=18335.035788  cache=96
2026-03-10 15:20:08 | INFO | src.training_set_optimization.ga_subset | GA gen  15/300 | best=18183.566675  gen_best=18183.566675  mean=18222.820737  cache=748
2026-03-10 15:20:39 | INFO | src.training_set_optimization.ga_subset | GA gen  30/300 | best=18150.923668  gen_best=18150.923668  mean=18171.454464  cache=1402
2026-03-10 15:21:09 | INFO | src.training_set_optimization.ga_subset | GA gen  45/300 | best=18136.741883  gen_best=18136.741883  mean=18141.981331  cache=2044
2026-03-10 15:21:40 | INFO | src.training_set_optimization.ga_subset | GA gen  60/300 | best=18129.042386  gen_best=18129.042386  mean=18134.224467  cache=2694
2026-03-10 15:22:11 | INFO | src.training_set_optimization.ga_subset | GA gen  75/300 | best=18124.024998  gen_best=18124.024998  mean=18134.975194  cache=3358
2026-03-10 15:22:42 | INFO | src.training_set_optimization.ga_subset | GA gen  90/300 | best=18119.490318  gen_best=18119.490318  mean=18136.339622  cache=4018
2026-03-10 15:23:12 | INFO | src.training_set_optimization.ga_subset | GA gen 105/300 | best=18116.907828  gen_best=18116.907828  mean=18124.734044  cache=4655
2026-03-10 15:23:42 | INFO | src.training_set_optimization.ga_subset | GA gen 120/300 | best=18111.397174  gen_best=18111.397174  mean=18123.328154  cache=5311
2026-03-10 15:24:12 | INFO | src.training_set_optimization.ga_subset | GA gen 135/300 | best=18099.336904  gen_best=18099.336904  mean=18112.757979  cache=5963
2026-03-10 15:24:42 | INFO | src.training_set_optimization.ga_subset | GA gen 150/300 | best=18093.743896  gen_best=18093.743896  mean=18106.972665  cache=6620
2026-03-10 15:25:12 | INFO | src.training_set_optimization.ga_subset | GA gen 165/300 | best=18089.770951  gen_best=18089.770951  mean=18101.145968  cache=7278
2026-03-10 15:25:42 | INFO | src.training_set_optimization.ga_subset | GA gen 180/300 | best=18088.798855  gen_best=18088.798855  mean=18098.486156  cache=7923
2026-03-10 15:26:13 | INFO | src.training_set_optimization.ga_subset | GA gen 195/300 | best=18087.068100  gen_best=18087.068100  mean=18101.246067  cache=8587
2026-03-10 15:26:43 | INFO | src.training_set_optimization.ga_subset | GA gen 210/300 | best=18081.846994  gen_best=18081.846994  mean=18090.575067  cache=9240
2026-03-10 15:27:13 | INFO | src.training_set_optimization.ga_subset | GA gen 225/300 | best=18076.067064  gen_best=18076.067064  mean=18091.819734  cache=9895
2026-03-10 15:27:43 | INFO | src.training_set_optimization.ga_subset | GA gen 240/300 | best=18071.928077  gen_best=18071.928077  mean=18080.731323  cache=10559
2026-03-10 15:28:13 | INFO | src.training_set_optimization.ga_subset | GA gen 255/300 | best=18071.552162  gen_best=18071.552162  mean=18077.168179  cache=11205
2026-03-10 15:28:43 | INFO | src.training_set_optimization.ga_subset | GA gen 270/300 | best=18065.298747  gen_best=18065.298747  mean=18075.285731  cache=11868
2026-03-10 15:29:13 | INFO | src.training_set_optimization.ga_subset | GA gen 285/300 | best=18064.106323  gen_best=18064.106323  mean=18071.436130  cache=12519
2026-03-10 15:29:41 | INFO | src.training_set_optimization.ga_subset | GA gen 299/300 | best=18062.959792  gen_best=18062.959792  mean=18070.903444  cache=13123
2026-03-10 15:29:41 | INFO | src.training_set_optimization.ga_subset | GA finished: best fitness=18062.959792  evals=13123  time=608.4s
2026-03-10 15:29:42 | INFO | __main__ |   step 6/12 n_train=1500 PEVmean=18062.959792 corr=0.1424
2026-03-10 15:29:52 | INFO | src.training_set_optimization.ga_subset | GA gen   0/300 | best=17861.226442  gen_best=17861.226442  mean=17903.128006  cache=93
2026-03-10 15:31:04 | INFO | src.training_set_optimization.ga_subset | GA gen  15/300 | best=17792.411219  gen_best=17792.411219  mean=17810.913007  cache=733
2026-03-10 15:32:19 | INFO | src.training_set_optimization.ga_subset | GA gen  30/300 | best=17770.570119  gen_best=17770.570119  mean=17780.785190  cache=1403
2026-03-10 15:33:31 | INFO | src.training_set_optimization.ga_subset | GA gen  45/300 | best=17760.891977  gen_best=17760.891977  mean=17777.881187  cache=2053
2026-03-10 15:34:44 | INFO | src.training_set_optimization.ga_subset | GA gen  60/300 | best=17754.190269  gen_best=17754.190269  mean=17765.525184  cache=2707
2026-03-10 15:35:56 | INFO | src.training_set_optimization.ga_subset | GA gen  75/300 | best=17749.844157  gen_best=17749.844157  mean=17753.485287  cache=3350
2026-03-10 15:37:05 | INFO | src.training_set_optimization.ga_subset | GA gen  90/300 | best=17743.081564  gen_best=17743.081564  mean=17750.608737  cache=3976
2026-03-10 15:38:18 | INFO | src.training_set_optimization.ga_subset | GA gen 105/300 | best=17738.896608  gen_best=17738.896608  mean=17749.759062  cache=4634
2026-03-10 15:39:29 | INFO | src.training_set_optimization.ga_subset | GA gen 120/300 | best=17734.857093  gen_best=17734.857093  mean=17741.656908  cache=5283
2026-03-10 15:40:43 | INFO | src.training_set_optimization.ga_subset | GA gen 135/300 | best=17734.648738  gen_best=17734.648738  mean=17745.916247  cache=5946
2026-03-10 15:41:55 | INFO | src.training_set_optimization.ga_subset | GA gen 150/300 | best=17728.545301  gen_best=17728.545301  mean=17738.052532  cache=6597
2026-03-10 15:43:05 | INFO | src.training_set_optimization.ga_subset | GA gen 165/300 | best=17726.269394  gen_best=17726.269394  mean=17734.966516  cache=7231
2026-03-10 15:44:16 | INFO | src.training_set_optimization.ga_subset | GA gen 180/300 | best=17722.357636  gen_best=17722.357636  mean=17727.794304  cache=7890
2026-03-10 15:45:26 | INFO | src.training_set_optimization.ga_subset | GA gen 195/300 | best=17717.586928  gen_best=17717.586928  mean=17724.642487  cache=8545
2026-03-10 15:46:37 | INFO | src.training_set_optimization.ga_subset | GA gen 210/300 | best=17714.423780  gen_best=17714.423780  mean=17720.040606  cache=9198
2026-03-10 15:47:49 | INFO | src.training_set_optimization.ga_subset | GA gen 225/300 | best=17712.116908  gen_best=17712.116908  mean=17719.467729  cache=9850
2026-03-10 15:49:01 | INFO | src.training_set_optimization.ga_subset | GA gen 240/300 | best=17709.564746  gen_best=17709.564746  mean=17715.089802  cache=10506
2026-03-10 15:50:15 | INFO | src.training_set_optimization.ga_subset | GA gen 255/300 | best=17707.763830  gen_best=17707.763830  mean=17716.820417  cache=11171
2026-03-10 15:51:27 | INFO | src.training_set_optimization.ga_subset | GA gen 270/300 | best=17703.454905  gen_best=17703.454905  mean=17713.174992  cache=11824
2026-03-10 15:52:37 | INFO | src.training_set_optimization.ga_subset | GA gen 285/300 | best=17700.666887  gen_best=17700.666887  mean=17705.685531  cache=12470
2026-03-10 15:53:44 | INFO | src.training_set_optimization.ga_subset | GA gen 299/300 | best=17700.216096  gen_best=17700.216096  mean=17713.883655  cache=13082
2026-03-10 15:53:44 | INFO | src.training_set_optimization.ga_subset | GA finished: best fitness=17700.216096  evals=13082  time=1442.7s
2026-03-10 15:53:46 | INFO | __main__ |   step 8/12 n_train=2500 PEVmean=17700.216096 corr=0.0973
2026-03-10 15:54:00 | INFO | src.training_set_optimization.ga_subset | GA gen   0/300 | best=17671.493615  gen_best=17671.493615  mean=17715.674306  cache=93
2026-03-10 15:55:42 | INFO | src.training_set_optimization.ga_subset | GA gen  15/300 | best=17620.775061  gen_best=17620.775061  mean=17654.559333  cache=748
2026-03-10 15:57:24 | INFO | src.training_set_optimization.ga_subset | GA gen  30/300 | best=17601.880673  gen_best=17601.880673  mean=17619.984441  cache=1406
2026-03-10 15:59:05 | INFO | src.training_set_optimization.ga_subset | GA gen  45/300 | best=17592.963949  gen_best=17592.963949  mean=17601.796399  cache=2051
2026-03-10 16:00:44 | INFO | src.training_set_optimization.ga_subset | GA gen  60/300 | best=17585.931918  gen_best=17585.931918  mean=17589.893917  cache=2686
2026-03-10 16:02:24 | INFO | src.training_set_optimization.ga_subset | GA gen  75/300 | best=17584.689307  gen_best=17584.689307  mean=17594.552147  cache=3325
2026-03-10 16:04:05 | INFO | src.training_set_optimization.ga_subset | GA gen  90/300 | best=17581.130236  gen_best=17581.130236  mean=17589.115878  cache=3983
2026-03-10 16:05:47 | INFO | src.training_set_optimization.ga_subset | GA gen 105/300 | best=17576.984184  gen_best=17576.984184  mean=17585.927164  cache=4643
2026-03-10 16:07:29 | INFO | src.training_set_optimization.ga_subset | GA gen 120/300 | best=17573.867470  gen_best=17573.867470  mean=17576.969245  cache=5302
2026-03-10 16:09:09 | INFO | src.training_set_optimization.ga_subset | GA gen 135/300 | best=17569.688209  gen_best=17569.688209  mean=17580.601505  cache=5948
2026-03-10 16:10:51 | INFO | src.training_set_optimization.ga_subset | GA gen 150/300 | best=17565.278478  gen_best=17565.278478  mean=17575.042454  cache=6604
2026-03-10 16:12:33 | INFO | src.training_set_optimization.ga_subset | GA gen 165/300 | best=17563.010632  gen_best=17563.010632  mean=17570.608959  cache=7258
2026-03-10 16:14:15 | INFO | src.training_set_optimization.ga_subset | GA gen 180/300 | best=17559.948494  gen_best=17559.948494  mean=17565.828787  cache=7910
2026-03-10 16:15:58 | INFO | src.training_set_optimization.ga_subset | GA gen 195/300 | best=17556.547280  gen_best=17556.547280  mean=17560.369029  cache=8563
2026-03-10 16:17:39 | INFO | src.training_set_optimization.ga_subset | GA gen 210/300 | best=17554.854483  gen_best=17554.854483  mean=17560.882762  cache=9206
2026-03-10 16:19:19 | INFO | src.training_set_optimization.ga_subset | GA gen 225/300 | best=17552.280697  gen_best=17552.280697  mean=17556.200516  cache=9854
2026-03-10 16:21:00 | INFO | src.training_set_optimization.ga_subset | GA gen 240/300 | best=17548.441188  gen_best=17548.441188  mean=17555.088691  cache=10507
2026-03-10 16:22:39 | INFO | src.training_set_optimization.ga_subset | GA gen 255/300 | best=17547.095088  gen_best=17547.095088  mean=17555.890017  cache=11158
2026-03-10 16:24:21 | INFO | src.training_set_optimization.ga_subset | GA gen 270/300 | best=17543.778694  gen_best=17543.778694  mean=17550.603384  cache=11814
2026-03-10 16:26:03 | INFO | src.training_set_optimization.ga_subset | GA gen 285/300 | best=17542.891594  gen_best=17542.891594  mean=17548.577619  cache=12468
2026-03-10 16:27:37 | INFO | src.training_set_optimization.ga_subset | GA gen 299/300 | best=17540.983922  gen_best=17540.983922  mean=17548.988806  cache=13073
2026-03-10 16:27:37 | INFO | src.training_set_optimization.ga_subset | GA finished: best fitness=17540.983922  evals=13073  time=2031.2s
2026-03-10 16:27:39 | INFO | __main__ |   step 9/12 n_train=3000 PEVmean=17540.983922 corr=0.1106
2026-03-10 16:27:41 | INFO | __main__ |   random baseline order 0 done
2026-03-10 16:27:43 | INFO | __main__ |   random baseline order 1 done
2026-03-10 16:27:45 | INFO | __main__ |   random baseline order 2 done
2026-03-10 16:27:47 | INFO | __main__ |   random baseline order 3 done
2026-03-10 16:27:50 | INFO | __main__ |   random baseline order 4 done
2026-03-10 16:27:50 | INFO | __main__ | Summary saved to outputs/pevmean_ga4/shards/shard_015/body_mass/pevmean_ga_summary.csv
2026-03-10 16:27:50 | INFO | __main__ | PEVmean-GA experiment complete for trait 'body_mass'. Output: outputs/pevmean_ga4/shards/shard_015/body_mass
