2026-03-06 11:36:43 | INFO | __main__ | GA config: GAConfig(pop_size=50, n_generations=100, n_elite=2, tournament_k=3, crossover_prob=0.9, mutation_prob=0.3, n_swaps_per_mut=2, seed=14, verbose=True, stagnation_limit=20)
2026-03-06 11:36:43 | INFO | __main__ | Shard 5/20 assigned repeat=1, n_train_size=1000
2026-03-06 11:36:43 | INFO | __main__ | Loading data for trait 'body_mass'
2026-03-06 11:36:43 | INFO | src.data | Loading data from NPZ: Data/npz/snp_body_mass_ALL.npz
2026-03-06 11:36:51 | INFO | __main__ | Loaded: 5697 samples, 65344 SNPs
2026-03-06 11:36:51 | INFO | __main__ | Fixed SNP subset: n=20000
2026-03-06 11:36:51 | INFO | __main__ | Target 3 (Selvær): n_source=5503, n_target=194
2026-03-06 11:36:51 | INFO | __main__ | Training-set sizes: [1000]
2026-03-06 11:36:53 | INFO | __main__ | PEVmean-GA 1/5 | trait=body_mass target=3 repeat=2/5
2026-03-06 11:36:55 | INFO | src.training_set_optimization.ga_subset | GA gen   0/100 | best=18821.139207  gen_best=18821.139207  mean=18908.293765  cache=95
2026-03-06 11:36:59 | INFO | src.training_set_optimization.ga_subset | GA gen   5/100 | best=18650.891123  gen_best=18650.891123  mean=18742.542225  cache=304
2026-03-06 11:37:03 | INFO | src.training_set_optimization.ga_subset | GA gen  10/100 | best=18564.345291  gen_best=18564.345291  mean=18658.981583  cache=513
2026-03-06 11:37:08 | INFO | src.training_set_optimization.ga_subset | GA gen  15/100 | best=18508.884876  gen_best=18508.884876  mean=18600.834873  cache=731
2026-03-06 11:37:12 | INFO | src.training_set_optimization.ga_subset | GA gen  20/100 | best=18457.144928  gen_best=18457.144928  mean=18538.036365  cache=935
2026-03-06 11:37:17 | INFO | src.training_set_optimization.ga_subset | GA gen  25/100 | best=18453.556676  gen_best=18453.556676  mean=18463.736887  cache=1145
2026-03-06 11:37:21 | INFO | src.training_set_optimization.ga_subset | GA gen  30/100 | best=18444.520646  gen_best=18444.520646  mean=18464.166057  cache=1362
2026-03-06 11:37:26 | INFO | src.training_set_optimization.ga_subset | GA gen  35/100 | best=18419.442894  gen_best=18419.442894  mean=18454.930326  cache=1579
2026-03-06 11:37:30 | INFO | src.training_set_optimization.ga_subset | GA gen  40/100 | best=18410.622871  gen_best=18410.622871  mean=18435.226389  cache=1791
2026-03-06 11:37:35 | INFO | src.training_set_optimization.ga_subset | GA gen  45/100 | best=18391.880289  gen_best=18391.880289  mean=18423.075765  cache=1999
2026-03-06 11:37:39 | INFO | src.training_set_optimization.ga_subset | GA gen  50/100 | best=18376.795408  gen_best=18376.795408  mean=18414.766800  cache=2225
2026-03-06 11:37:44 | INFO | src.training_set_optimization.ga_subset | GA gen  55/100 | best=18365.687863  gen_best=18365.687863  mean=18404.908786  cache=2444
2026-03-06 11:37:48 | INFO | src.training_set_optimization.ga_subset | GA gen  60/100 | best=18355.151716  gen_best=18355.151716  mean=18391.711647  cache=2661
2026-03-06 11:37:53 | INFO | src.training_set_optimization.ga_subset | GA gen  65/100 | best=18350.793916  gen_best=18350.793916  mean=18360.284141  cache=2882
2026-03-06 11:37:58 | INFO | src.training_set_optimization.ga_subset | GA gen  70/100 | best=18345.880852  gen_best=18345.880852  mean=18362.270269  cache=3101
2026-03-06 11:38:02 | INFO | src.training_set_optimization.ga_subset | GA gen  75/100 | best=18328.870935  gen_best=18328.870935  mean=18363.186512  cache=3322
2026-03-06 11:38:07 | INFO | src.training_set_optimization.ga_subset | GA gen  80/100 | best=18321.518116  gen_best=18321.518116  mean=18361.297553  cache=3539
2026-03-06 11:38:11 | INFO | src.training_set_optimization.ga_subset | GA gen  85/100 | best=18313.384616  gen_best=18313.384616  mean=18351.008600  cache=3756
2026-03-06 11:38:16 | INFO | src.training_set_optimization.ga_subset | GA gen  90/100 | best=18311.804462  gen_best=18311.804462  mean=18336.159938  cache=3966
2026-03-06 11:38:20 | INFO | src.training_set_optimization.ga_subset | GA gen  95/100 | best=18300.509168  gen_best=18300.509168  mean=18333.352149  cache=4183
2026-03-06 11:38:24 | INFO | src.training_set_optimization.ga_subset | GA gen  99/100 | best=18298.728729  gen_best=18298.728729  mean=18339.880930  cache=4358
2026-03-06 11:38:24 | INFO | src.training_set_optimization.ga_subset | GA finished: best fitness=18298.728729  evals=4358  time=90.8s
2026-03-06 11:38:24 | INFO | __main__ |   step 1/1 n_train=1000 PEVmean=18298.728729 corr=0.2726
2026-03-06 11:38:25 | INFO | __main__ |   random baseline order 0 done
2026-03-06 11:38:25 | INFO | __main__ |   random baseline order 1 done
2026-03-06 11:38:25 | INFO | __main__ |   random baseline order 2 done
2026-03-06 11:38:26 | INFO | __main__ |   random baseline order 3 done
2026-03-06 11:38:26 | INFO | __main__ |   random baseline order 4 done
2026-03-06 11:38:26 | INFO | __main__ | Summary saved to outputs/pevmean_ga/shards/shard_005/body_mass/pevmean_ga_summary.csv
2026-03-06 11:38:26 | INFO | __main__ | PEVmean-GA experiment complete for trait 'body_mass'. Output: outputs/pevmean_ga/shards/shard_005/body_mass
