2026-03-10 14:56:02 | INFO | __main__ | GA config: GAConfig(pop_size=50, n_generations=300, n_elite=2, tournament_k=3, crossover_prob=0.9, mutation_prob=0.35, n_swaps_per_mut=2, seed=14, verbose=True, stagnation_limit=15)
2026-03-10 14:56:02 | INFO | __main__ | Shard 12/20 enabled; using weighted job distribution across (target, repeat, n_train).
2026-03-10 14:56:02 | INFO | __main__ | Loading data for trait 'body_mass'
2026-03-10 14:56:02 | INFO | src.data | Loading data from NPZ: Data/npz/snp_body_mass_ALL.npz
2026-03-10 14:56:13 | INFO | __main__ | Loaded: 5697 samples, 65344 SNPs
2026-03-10 14:56:13 | INFO | __main__ | Fixed SNP subset: n=20000
2026-03-10 14:56:13 | INFO | __main__ | Shard 12/20 assigned 7/65 jobs (full=1, size=6)
2026-03-10 14:56:14 | INFO | __main__ | Target 4 (Gjerøy): n_source=5139, n_target=558
2026-03-10 14:56:14 | INFO | __main__ | Training-set sizes: [50, 100, 250, 500, 1000, 1500, 2000, 2500, 3000, 3500, 4000, 4500]
2026-03-10 14:56:16 | INFO | __main__ | PEVmean-GA job 7/7 | trait=body_mass target=4 repeat=3/5 | full=True sizes=[50, 100, 250, 500, 2000, 3500]
2026-03-10 14:56:18 | INFO | src.training_set_optimization.ga_subset | GA gen   0/300 | best=19183.258569  gen_best=19183.258569  mean=19218.471435  cache=93
2026-03-10 14:56:19 | INFO | src.training_set_optimization.ga_subset | GA gen  15/300 | best=19106.980801  gen_best=19106.980801  mean=19133.690524  cache=755
2026-03-10 14:56:20 | INFO | src.training_set_optimization.ga_subset | GA gen  30/300 | best=19085.238458  gen_best=19085.238458  mean=19111.004404  cache=1408
2026-03-10 14:56:20 | INFO | src.training_set_optimization.ga_subset | GA gen  45/300 | best=19065.577024  gen_best=19065.577024  mean=19084.722659  cache=2047
2026-03-10 14:56:21 | INFO | src.training_set_optimization.ga_subset | GA gen  60/300 | best=19061.673688  gen_best=19061.673688  mean=19081.381556  cache=2692
2026-03-10 14:56:21 | INFO | src.training_set_optimization.ga_subset | GA gen  75/300 | best=19053.000369  gen_best=19053.000369  mean=19074.471986  cache=3345
2026-03-10 14:56:22 | INFO | src.training_set_optimization.ga_subset | GA gen  90/300 | best=19038.278756  gen_best=19038.278756  mean=19062.104708  cache=3988
2026-03-10 14:56:22 | INFO | src.training_set_optimization.ga_subset | GA gen 105/300 | best=19030.015342  gen_best=19030.015342  mean=19057.810734  cache=4630
2026-03-10 14:56:23 | INFO | src.training_set_optimization.ga_subset | GA gen 120/300 | best=19025.163998  gen_best=19025.163998  mean=19046.066741  cache=5279
2026-03-10 14:56:23 | INFO | src.training_set_optimization.ga_subset | GA gen 135/300 | best=19018.868650  gen_best=19018.868650  mean=19040.095314  cache=5926
2026-03-10 14:56:24 | INFO | src.training_set_optimization.ga_subset | GA gen 150/300 | best=19018.100593  gen_best=19018.100593  mean=19030.601228  cache=6547
2026-03-10 14:56:25 | INFO | src.training_set_optimization.ga_subset | GA gen 165/300 | best=19015.936936  gen_best=19015.936936  mean=19042.208666  cache=7180
2026-03-10 14:56:25 | INFO | src.training_set_optimization.ga_subset | GA gen 180/300 | best=19014.649301  gen_best=19014.649301  mean=19035.912811  cache=7838
2026-03-10 14:56:26 | INFO | src.training_set_optimization.ga_subset | GA gen 195/300 | best=18991.868836  gen_best=18991.868836  mean=19014.335243  cache=8483
2026-03-10 14:56:26 | INFO | src.training_set_optimization.ga_subset | GA gen 210/300 | best=18982.884429  gen_best=18982.884429  mean=19008.458116  cache=9140
2026-03-10 14:56:27 | INFO | src.training_set_optimization.ga_subset | GA gen 225/300 | best=18978.310344  gen_best=18978.310344  mean=19004.017960  cache=9794
2026-03-10 14:56:27 | INFO | src.training_set_optimization.ga_subset | GA gen 240/300 | best=18971.397266  gen_best=18971.397266  mean=18984.596153  cache=10406
2026-03-10 14:56:28 | INFO | src.training_set_optimization.ga_subset | GA gen 255/300 | best=18967.632834  gen_best=18967.632834  mean=18981.024486  cache=11002
2026-03-10 14:56:29 | INFO | src.training_set_optimization.ga_subset | GA gen 270/300 | best=18962.895901  gen_best=18962.895901  mean=18984.248284  cache=11648
2026-03-10 14:56:29 | INFO | src.training_set_optimization.ga_subset | GA gen 285/300 | best=18953.454565  gen_best=18953.454565  mean=18987.070280  cache=12306
2026-03-10 14:56:29 | INFO | src.training_set_optimization.ga_subset | GA early stop: no improvement for 15 generations (gen 291)
2026-03-10 14:56:29 | INFO | src.training_set_optimization.ga_subset | GA finished: best fitness=18953.454565  evals=12570  time=11.1s
2026-03-10 14:56:29 | INFO | __main__ |   step 1/12 n_train=50 PEVmean=18953.454565 corr=0.1126
2026-03-10 14:56:30 | INFO | src.training_set_optimization.ga_subset | GA gen   0/300 | best=19144.953918  gen_best=19144.953918  mean=19179.164566  cache=96
2026-03-10 14:56:31 | INFO | src.training_set_optimization.ga_subset | GA gen  15/300 | best=19060.910771  gen_best=19060.910771  mean=19083.708958  cache=745
2026-03-10 14:56:32 | INFO | src.training_set_optimization.ga_subset | GA gen  30/300 | best=19038.934587  gen_best=19038.934587  mean=19059.568068  cache=1393
2026-03-10 14:56:32 | INFO | src.training_set_optimization.ga_subset | GA gen  45/300 | best=19009.610003  gen_best=19009.610003  mean=19033.899681  cache=2052
2026-03-10 14:56:33 | INFO | src.training_set_optimization.ga_subset | GA gen  60/300 | best=19007.028473  gen_best=19007.028473  mean=19015.488632  cache=2704
2026-03-10 14:56:34 | INFO | src.training_set_optimization.ga_subset | GA gen  75/300 | best=18983.963982  gen_best=18983.963982  mean=19005.204449  cache=3368
2026-03-10 14:56:35 | INFO | src.training_set_optimization.ga_subset | GA gen  90/300 | best=18958.319864  gen_best=18958.319864  mean=18981.997780  cache=4026
2026-03-10 14:56:36 | INFO | src.training_set_optimization.ga_subset | GA gen 105/300 | best=18947.015948  gen_best=18947.015948  mean=18972.133068  cache=4692
2026-03-10 14:56:37 | INFO | src.training_set_optimization.ga_subset | GA gen 120/300 | best=18945.105712  gen_best=18945.105712  mean=18955.223869  cache=5341
2026-03-10 14:56:38 | INFO | src.training_set_optimization.ga_subset | GA gen 135/300 | best=18936.810156  gen_best=18936.810156  mean=18957.063254  cache=5990
2026-03-10 14:56:39 | INFO | src.training_set_optimization.ga_subset | GA early stop: no improvement for 15 generations (gen 148)
2026-03-10 14:56:39 | INFO | src.training_set_optimization.ga_subset | GA finished: best fitness=18936.810156  evals=6554  time=9.5s
2026-03-10 14:56:39 | INFO | __main__ |   step 2/12 n_train=100 PEVmean=18936.810156 corr=0.0149
2026-03-10 14:56:40 | INFO | src.training_set_optimization.ga_subset | GA gen   0/300 | best=19026.299834  gen_best=19026.299834  mean=19063.328129  cache=94
2026-03-10 14:56:42 | INFO | src.training_set_optimization.ga_subset | GA gen  15/300 | best=18882.173329  gen_best=18882.173329  mean=18921.358568  cache=746
2026-03-10 14:56:44 | INFO | src.training_set_optimization.ga_subset | GA gen  30/300 | best=18861.791981  gen_best=18861.791981  mean=18890.795322  cache=1402
2026-03-10 14:56:47 | INFO | src.training_set_optimization.ga_subset | GA gen  45/300 | best=18851.355450  gen_best=18851.355450  mean=18871.580520  cache=2064
2026-03-10 14:56:49 | INFO | src.training_set_optimization.ga_subset | GA gen  60/300 | best=18843.081084  gen_best=18843.081084  mean=18859.569470  cache=2710
2026-03-10 14:56:51 | INFO | src.training_set_optimization.ga_subset | GA gen  75/300 | best=18833.248061  gen_best=18833.248061  mean=18853.104614  cache=3370
2026-03-10 14:56:54 | INFO | src.training_set_optimization.ga_subset | GA gen  90/300 | best=18822.992589  gen_best=18822.992589  mean=18845.640941  cache=4028
2026-03-10 14:56:56 | INFO | src.training_set_optimization.ga_subset | GA gen 105/300 | best=18804.877589  gen_best=18804.877589  mean=18836.857643  cache=4691
2026-03-10 14:56:58 | INFO | src.training_set_optimization.ga_subset | GA gen 120/300 | best=18793.785097  gen_best=18793.785097  mean=18816.154497  cache=5343
2026-03-10 14:57:01 | INFO | src.training_set_optimization.ga_subset | GA gen 135/300 | best=18783.723330  gen_best=18783.723330  mean=18799.159912  cache=5996
2026-03-10 14:57:03 | INFO | src.training_set_optimization.ga_subset | GA gen 150/300 | best=18779.820672  gen_best=18779.820672  mean=18792.771427  cache=6635
2026-03-10 14:57:05 | INFO | src.training_set_optimization.ga_subset | GA gen 165/300 | best=18773.438098  gen_best=18773.438098  mean=18793.989214  cache=7304
2026-03-10 14:57:08 | INFO | src.training_set_optimization.ga_subset | GA gen 180/300 | best=18772.006892  gen_best=18772.006892  mean=18792.247782  cache=7951
2026-03-10 14:57:10 | INFO | src.training_set_optimization.ga_subset | GA gen 195/300 | best=18764.038963  gen_best=18764.038963  mean=18780.958387  cache=8603
2026-03-10 14:57:13 | INFO | src.training_set_optimization.ga_subset | GA gen 210/300 | best=18759.007865  gen_best=18759.007865  mean=18778.529953  cache=9262
2026-03-10 14:57:15 | INFO | src.training_set_optimization.ga_subset | GA gen 225/300 | best=18757.383014  gen_best=18757.383014  mean=18781.582209  cache=9924
2026-03-10 14:57:17 | INFO | src.training_set_optimization.ga_subset | GA gen 240/300 | best=18749.976291  gen_best=18749.976291  mean=18777.390718  cache=10574
2026-03-10 14:57:19 | INFO | src.training_set_optimization.ga_subset | GA gen 255/300 | best=18744.411414  gen_best=18744.411414  mean=18770.680147  cache=11236
2026-03-10 14:57:22 | INFO | src.training_set_optimization.ga_subset | GA gen 270/300 | best=18737.598906  gen_best=18737.598906  mean=18761.861996  cache=11897
2026-03-10 14:57:24 | INFO | src.training_set_optimization.ga_subset | GA gen 285/300 | best=18736.308855  gen_best=18736.308855  mean=18759.708544  cache=12558
2026-03-10 14:57:26 | INFO | src.training_set_optimization.ga_subset | GA gen 299/300 | best=18728.403060  gen_best=18728.403060  mean=18738.942122  cache=13144
2026-03-10 14:57:26 | INFO | src.training_set_optimization.ga_subset | GA finished: best fitness=18728.403060  evals=13144  time=47.2s
2026-03-10 14:57:26 | INFO | __main__ |   step 3/12 n_train=250 PEVmean=18728.403060 corr=0.0932
2026-03-10 14:57:28 | INFO | src.training_set_optimization.ga_subset | GA gen   0/300 | best=18840.788603  gen_best=18840.788603  mean=18884.664843  cache=93
2026-03-10 14:57:34 | INFO | src.training_set_optimization.ga_subset | GA gen  15/300 | best=18728.418546  gen_best=18728.418546  mean=18774.847465  cache=744
2026-03-10 14:57:40 | INFO | src.training_set_optimization.ga_subset | GA gen  30/300 | best=18708.086812  gen_best=18708.086812  mean=18728.931095  cache=1397
2026-03-10 14:57:46 | INFO | src.training_set_optimization.ga_subset | GA gen  45/300 | best=18687.412737  gen_best=18687.412737  mean=18712.454174  cache=2053
2026-03-10 14:57:52 | INFO | src.training_set_optimization.ga_subset | GA gen  60/300 | best=18679.454918  gen_best=18679.454918  mean=18692.314980  cache=2696
2026-03-10 14:57:58 | INFO | src.training_set_optimization.ga_subset | GA gen  75/300 | best=18666.756137  gen_best=18666.756137  mean=18677.370125  cache=3356
2026-03-10 14:58:04 | INFO | src.training_set_optimization.ga_subset | GA gen  90/300 | best=18651.946373  gen_best=18651.946373  mean=18661.764449  cache=3988
2026-03-10 14:58:10 | INFO | src.training_set_optimization.ga_subset | GA gen 105/300 | best=18642.692930  gen_best=18642.692930  mean=18664.780634  cache=4639
2026-03-10 14:58:17 | INFO | src.training_set_optimization.ga_subset | GA gen 120/300 | best=18637.599888  gen_best=18637.599888  mean=18654.520060  cache=5304
2026-03-10 14:58:23 | INFO | src.training_set_optimization.ga_subset | GA gen 135/300 | best=18629.635913  gen_best=18629.635913  mean=18652.007642  cache=5966
2026-03-10 14:58:29 | INFO | src.training_set_optimization.ga_subset | GA gen 150/300 | best=18617.839107  gen_best=18617.839107  mean=18631.155595  cache=6590
2026-03-10 14:58:35 | INFO | src.training_set_optimization.ga_subset | GA gen 165/300 | best=18612.202569  gen_best=18612.202569  mean=18634.171657  cache=7236
2026-03-10 14:58:41 | INFO | src.training_set_optimization.ga_subset | GA gen 180/300 | best=18599.680286  gen_best=18599.680286  mean=18614.910602  cache=7880
2026-03-10 14:58:47 | INFO | src.training_set_optimization.ga_subset | GA gen 195/300 | best=18589.284951  gen_best=18589.284951  mean=18608.524697  cache=8534
2026-03-10 14:58:53 | INFO | src.training_set_optimization.ga_subset | GA gen 210/300 | best=18584.529978  gen_best=18584.529978  mean=18598.285261  cache=9192
2026-03-10 14:58:59 | INFO | src.training_set_optimization.ga_subset | GA gen 225/300 | best=18580.590050  gen_best=18580.590050  mean=18588.210842  cache=9846
2026-03-10 14:59:05 | INFO | src.training_set_optimization.ga_subset | GA gen 240/300 | best=18568.451002  gen_best=18568.451002  mean=18585.269378  cache=10511
2026-03-10 14:59:11 | INFO | src.training_set_optimization.ga_subset | GA gen 255/300 | best=18562.579398  gen_best=18562.579398  mean=18574.299061  cache=11166
2026-03-10 14:59:18 | INFO | src.training_set_optimization.ga_subset | GA gen 270/300 | best=18560.931538  gen_best=18560.931538  mean=18583.054128  cache=11818
2026-03-10 14:59:24 | INFO | src.training_set_optimization.ga_subset | GA gen 285/300 | best=18556.845499  gen_best=18556.845499  mean=18568.761581  cache=12476
2026-03-10 14:59:29 | INFO | src.training_set_optimization.ga_subset | GA gen 299/300 | best=18553.935215  gen_best=18553.935215  mean=18561.614302  cache=13084
2026-03-10 14:59:29 | INFO | src.training_set_optimization.ga_subset | GA finished: best fitness=18553.935215  evals=13084  time=123.0s
2026-03-10 14:59:30 | INFO | __main__ |   step 4/12 n_train=500 PEVmean=18553.935215 corr=0.0852
2026-03-10 14:59:38 | INFO | src.training_set_optimization.ga_subset | GA gen   0/300 | best=18073.866154  gen_best=18073.866154  mean=18123.815870  cache=92
2026-03-10 15:00:40 | INFO | src.training_set_optimization.ga_subset | GA gen  15/300 | best=17991.287627  gen_best=17991.287627  mean=18015.349439  cache=757
2026-03-10 15:01:41 | INFO | src.training_set_optimization.ga_subset | GA gen  30/300 | best=17952.369676  gen_best=17952.369676  mean=17990.313811  cache=1415
2026-03-10 15:02:44 | INFO | src.training_set_optimization.ga_subset | GA gen  45/300 | best=17940.145728  gen_best=17940.145728  mean=17960.170106  cache=2086
2026-03-10 15:03:45 | INFO | src.training_set_optimization.ga_subset | GA gen  60/300 | best=17939.197382  gen_best=17939.197382  mean=17946.588864  cache=2731
2026-03-10 15:04:46 | INFO | src.training_set_optimization.ga_subset | GA gen  75/300 | best=17931.147271  gen_best=17931.147271  mean=17945.807143  cache=3367
2026-03-10 15:05:49 | INFO | src.training_set_optimization.ga_subset | GA gen  90/300 | best=17922.585443  gen_best=17922.585443  mean=17931.493522  cache=4019
2026-03-10 15:06:51 | INFO | src.training_set_optimization.ga_subset | GA gen 105/300 | best=17916.383083  gen_best=17916.383083  mean=17931.735050  cache=4664
2026-03-10 15:07:55 | INFO | src.training_set_optimization.ga_subset | GA gen 120/300 | best=17911.741378  gen_best=17911.741378  mean=17921.818220  cache=5329
2026-03-10 15:08:59 | INFO | src.training_set_optimization.ga_subset | GA gen 135/300 | best=17904.451277  gen_best=17904.451277  mean=17910.010979  cache=5996
2026-03-10 15:10:01 | INFO | src.training_set_optimization.ga_subset | GA gen 150/300 | best=17902.067657  gen_best=17902.067657  mean=17909.087488  cache=6642
2026-03-10 15:11:05 | INFO | src.training_set_optimization.ga_subset | GA gen 165/300 | best=17898.919448  gen_best=17898.919448  mean=17909.964883  cache=7303
2026-03-10 15:12:08 | INFO | src.training_set_optimization.ga_subset | GA gen 180/300 | best=17898.131396  gen_best=17898.131396  mean=17909.478231  cache=7963
2026-03-10 15:13:11 | INFO | src.training_set_optimization.ga_subset | GA gen 195/300 | best=17893.411401  gen_best=17893.411401  mean=17901.159666  cache=8617
2026-03-10 15:14:14 | INFO | src.training_set_optimization.ga_subset | GA gen 210/300 | best=17889.510947  gen_best=17889.510947  mean=17898.664118  cache=9272
2026-03-10 15:15:14 | INFO | src.training_set_optimization.ga_subset | GA gen 225/300 | best=17886.014909  gen_best=17886.014909  mean=17890.175759  cache=9906
2026-03-10 15:16:16 | INFO | src.training_set_optimization.ga_subset | GA gen 240/300 | best=17884.330754  gen_best=17884.330754  mean=17890.763529  cache=10546
2026-03-10 15:17:20 | INFO | src.training_set_optimization.ga_subset | GA gen 255/300 | best=17878.550459  gen_best=17878.550459  mean=17888.755395  cache=11218
2026-03-10 15:18:22 | INFO | src.training_set_optimization.ga_subset | GA gen 270/300 | best=17873.772804  gen_best=17873.772804  mean=17880.584015  cache=11860
2026-03-10 15:19:27 | INFO | src.training_set_optimization.ga_subset | GA gen 285/300 | best=17870.768107  gen_best=17870.768107  mean=17879.407433  cache=12533
2026-03-10 15:20:27 | INFO | src.training_set_optimization.ga_subset | GA gen 299/300 | best=17866.246007  gen_best=17866.246007  mean=17875.257868  cache=13153
2026-03-10 15:20:27 | INFO | src.training_set_optimization.ga_subset | GA finished: best fitness=17866.246007  evals=13153  time=1257.0s
2026-03-10 15:20:28 | INFO | __main__ |   step 7/12 n_train=2000 PEVmean=17866.246007 corr=0.1546
2026-03-10 15:20:53 | INFO | src.training_set_optimization.ga_subset | GA gen   0/300 | best=17487.914794  gen_best=17487.914794  mean=17530.221238  cache=96
2026-03-10 15:23:47 | INFO | src.training_set_optimization.ga_subset | GA gen  15/300 | best=17453.456579  gen_best=17453.456579  mean=17486.016613  cache=744
2026-03-10 15:26:41 | INFO | src.training_set_optimization.ga_subset | GA gen  30/300 | best=17446.995488  gen_best=17446.995488  mean=17464.623850  cache=1396
2026-03-10 15:29:34 | INFO | src.training_set_optimization.ga_subset | GA gen  45/300 | best=17438.495970  gen_best=17438.495970  mean=17452.409582  cache=2037
2026-03-10 15:32:30 | INFO | src.training_set_optimization.ga_subset | GA gen  60/300 | best=17434.065225  gen_best=17434.065225  mean=17440.457917  cache=2694
2026-03-10 15:35:23 | INFO | src.training_set_optimization.ga_subset | GA gen  75/300 | best=17430.803306  gen_best=17430.803306  mean=17433.096534  cache=3338
2026-03-10 15:38:16 | INFO | src.training_set_optimization.ga_subset | GA gen  90/300 | best=17421.565698  gen_best=17421.565698  mean=17429.587447  cache=3986
2026-03-10 15:41:02 | INFO | src.training_set_optimization.ga_subset | GA gen 105/300 | best=17420.091621  gen_best=17420.091621  mean=17424.871567  cache=4640
2026-03-10 15:43:51 | INFO | src.training_set_optimization.ga_subset | GA gen 120/300 | best=17417.227946  gen_best=17417.227946  mean=17422.905324  cache=5294
2026-03-10 15:46:43 | INFO | src.training_set_optimization.ga_subset | GA gen 135/300 | best=17414.347672  gen_best=17414.347672  mean=17420.223290  cache=5939
2026-03-10 15:49:36 | INFO | src.training_set_optimization.ga_subset | GA gen 150/300 | best=17411.184486  gen_best=17411.184486  mean=17416.657365  cache=6587
2026-03-10 15:52:27 | INFO | src.training_set_optimization.ga_subset | GA gen 165/300 | best=17410.335719  gen_best=17410.335719  mean=17412.432735  cache=7220
2026-03-10 15:55:23 | INFO | src.training_set_optimization.ga_subset | GA gen 180/300 | best=17408.388765  gen_best=17408.388765  mean=17413.525543  cache=7876
2026-03-10 15:58:18 | INFO | src.training_set_optimization.ga_subset | GA gen 195/300 | best=17406.028825  gen_best=17406.028825  mean=17412.724558  cache=8530
2026-03-10 16:01:16 | INFO | src.training_set_optimization.ga_subset | GA gen 210/300 | best=17405.677911  gen_best=17405.677911  mean=17408.817962  cache=9191
2026-03-10 16:04:12 | INFO | src.training_set_optimization.ga_subset | GA gen 225/300 | best=17403.134593  gen_best=17403.134593  mean=17409.826125  cache=9847
2026-03-10 16:07:06 | INFO | src.training_set_optimization.ga_subset | GA gen 240/300 | best=17401.149106  gen_best=17401.149106  mean=17408.266135  cache=10494
2026-03-10 16:10:03 | INFO | src.training_set_optimization.ga_subset | GA gen 255/300 | best=17399.413485  gen_best=17399.413485  mean=17405.483283  cache=11152
2026-03-10 16:12:57 | INFO | src.training_set_optimization.ga_subset | GA gen 270/300 | best=17398.207803  gen_best=17398.207803  mean=17402.910003  cache=11798
2026-03-10 16:15:51 | INFO | src.training_set_optimization.ga_subset | GA gen 285/300 | best=17396.546223  gen_best=17396.546223  mean=17400.793449  cache=12445
2026-03-10 16:18:28 | INFO | src.training_set_optimization.ga_subset | GA gen 299/300 | best=17395.925698  gen_best=17395.925698  mean=17398.120164  cache=13032
2026-03-10 16:18:28 | INFO | src.training_set_optimization.ga_subset | GA finished: best fitness=17395.925698  evals=13032  time=3480.5s
2026-03-10 16:18:30 | INFO | __main__ |   step 10/12 n_train=3500 PEVmean=17395.925698 corr=0.1206
2026-03-10 16:18:33 | INFO | __main__ |   random baseline order 0 done
2026-03-10 16:18:35 | INFO | __main__ |   random baseline order 1 done
2026-03-10 16:18:38 | INFO | __main__ |   random baseline order 2 done
2026-03-10 16:18:40 | INFO | __main__ |   random baseline order 3 done
2026-03-10 16:18:43 | INFO | __main__ |   random baseline order 4 done
2026-03-10 16:18:43 | INFO | __main__ | Summary saved to outputs/pevmean_ga4/shards/shard_012/body_mass/pevmean_ga_summary.csv
2026-03-10 16:18:43 | INFO | __main__ | PEVmean-GA experiment complete for trait 'body_mass'. Output: outputs/pevmean_ga4/shards/shard_012/body_mass
