2026-03-09 13:49:01 | INFO | __main__ | GA config: GAConfig(pop_size=50, n_generations=300, n_elite=2, tournament_k=3, crossover_prob=0.9, mutation_prob=0.35, n_swaps_per_mut=2, seed=14, verbose=True, stagnation_limit=15)
2026-03-09 13:49:01 | INFO | __main__ | Shard 5/20 enabled; using weighted job distribution across (target, repeat, n_train).
2026-03-09 13:49:01 | INFO | __main__ | Loading data for trait 'body_mass'
2026-03-09 13:49:01 | INFO | src.data | Loading data from NPZ: Data/npz/snp_body_mass_ALL.npz
2026-03-09 13:49:11 | INFO | __main__ | Loaded: 5697 samples, 65344 SNPs
2026-03-09 13:49:11 | INFO | __main__ | Fixed SNP subset: n=20000
2026-03-09 13:49:11 | INFO | __main__ | Shard 5/20 assigned 2/65 jobs (full=0, size=2)
2026-03-09 13:49:11 | INFO | __main__ | Target 3 (Selvær): n_source=5503, n_target=194
2026-03-09 13:49:11 | INFO | __main__ | Training-set sizes: [50, 100, 250, 500, 1000, 1500, 2000, 2500, 3000, 3500, 4000, 4500]
2026-03-09 13:49:13 | INFO | __main__ | PEVmean-GA job 2/2 | trait=body_mass target=3 repeat=1/5 | full=False sizes=[1000, 4000]
2026-03-09 13:49:15 | INFO | src.training_set_optimization.ga_subset | GA gen   0/300 | best=18793.801355  gen_best=18793.801355  mean=18903.883607  cache=90
2026-03-09 13:49:34 | INFO | src.training_set_optimization.ga_subset | GA gen  15/300 | best=18515.171829  gen_best=18515.171829  mean=18605.943782  cache=759
2026-03-09 13:49:53 | INFO | src.training_set_optimization.ga_subset | GA gen  30/300 | best=18406.210919  gen_best=18406.210919  mean=18486.897049  cache=1433
2026-03-09 13:50:11 | INFO | src.training_set_optimization.ga_subset | GA gen  45/300 | best=18385.387815  gen_best=18385.387815  mean=18416.551553  cache=2089
2026-03-09 13:50:29 | INFO | src.training_set_optimization.ga_subset | GA gen  60/300 | best=18355.767367  gen_best=18355.767367  mean=18408.936406  cache=2745
2026-03-09 13:50:48 | INFO | src.training_set_optimization.ga_subset | GA gen  75/300 | best=18352.373922  gen_best=18352.373922  mean=18371.790205  cache=3401
2026-03-09 13:51:06 | INFO | src.training_set_optimization.ga_subset | GA gen  90/300 | best=18329.575800  gen_best=18329.575800  mean=18357.253664  cache=4049
2026-03-09 13:51:24 | INFO | src.training_set_optimization.ga_subset | GA gen 105/300 | best=18314.168439  gen_best=18314.168439  mean=18350.768735  cache=4703
2026-03-09 13:51:42 | INFO | src.training_set_optimization.ga_subset | GA gen 120/300 | best=18294.800281  gen_best=18294.800281  mean=18321.996612  cache=5360
2026-03-09 13:52:00 | INFO | src.training_set_optimization.ga_subset | GA gen 135/300 | best=18269.175136  gen_best=18269.175136  mean=18306.004421  cache=6021
2026-03-09 13:52:18 | INFO | src.training_set_optimization.ga_subset | GA gen 150/300 | best=18249.135558  gen_best=18249.135558  mean=18288.363800  cache=6668
2026-03-09 13:52:35 | INFO | src.training_set_optimization.ga_subset | GA gen 165/300 | best=18232.640896  gen_best=18232.640896  mean=18263.267090  cache=7317
2026-03-09 13:52:53 | INFO | src.training_set_optimization.ga_subset | GA gen 180/300 | best=18223.081190  gen_best=18223.081190  mean=18256.460940  cache=7963
2026-03-09 13:53:10 | INFO | src.training_set_optimization.ga_subset | GA gen 195/300 | best=18199.216009  gen_best=18199.216009  mean=18233.566558  cache=8614
2026-03-09 13:53:28 | INFO | src.training_set_optimization.ga_subset | GA gen 210/300 | best=18188.366744  gen_best=18188.366744  mean=18222.781576  cache=9268
2026-03-09 13:53:45 | INFO | src.training_set_optimization.ga_subset | GA gen 225/300 | best=18173.428728  gen_best=18173.428728  mean=18182.630827  cache=9912
2026-03-09 13:54:03 | INFO | src.training_set_optimization.ga_subset | GA gen 240/300 | best=18165.001285  gen_best=18165.001285  mean=18184.454430  cache=10575
2026-03-09 13:54:20 | INFO | src.training_set_optimization.ga_subset | GA gen 255/300 | best=18140.951520  gen_best=18140.951520  mean=18188.976424  cache=11234
2026-03-09 13:54:38 | INFO | src.training_set_optimization.ga_subset | GA gen 270/300 | best=18115.609834  gen_best=18115.609834  mean=18137.750449  cache=11876
2026-03-09 13:54:55 | INFO | src.training_set_optimization.ga_subset | GA gen 285/300 | best=18108.422207  gen_best=18108.422207  mean=18126.984484  cache=12513
2026-03-09 13:55:11 | INFO | src.training_set_optimization.ga_subset | GA gen 299/300 | best=18096.182478  gen_best=18096.182478  mean=18131.517859  cache=13117
2026-03-09 13:55:11 | INFO | src.training_set_optimization.ga_subset | GA finished: best fitness=18096.182478  evals=13117  time=358.1s
2026-03-09 13:55:12 | INFO | __main__ |   step 5/12 n_train=1000 PEVmean=18096.182478 corr=0.2008
2026-03-09 13:55:38 | INFO | src.training_set_optimization.ga_subset | GA gen   0/300 | best=17120.463814  gen_best=17120.463814  mean=17194.079055  cache=94
2026-03-09 13:58:41 | INFO | src.training_set_optimization.ga_subset | GA gen  15/300 | best=17025.319654  gen_best=17025.319654  mean=17094.012172  cache=742
2026-03-09 14:01:48 | INFO | src.training_set_optimization.ga_subset | GA gen  30/300 | best=16996.936403  gen_best=16996.936403  mean=17045.666570  cache=1401
2026-03-09 14:04:49 | INFO | src.training_set_optimization.ga_subset | GA gen  45/300 | best=16980.188874  gen_best=16980.188874  mean=17018.299397  cache=2041
2026-03-09 14:07:58 | INFO | src.training_set_optimization.ga_subset | GA gen  60/300 | best=16965.465417  gen_best=16965.465417  mean=16981.714163  cache=2708
2026-03-09 14:11:01 | INFO | src.training_set_optimization.ga_subset | GA gen  75/300 | best=16953.371277  gen_best=16953.371277  mean=16963.675829  cache=3346
2026-03-09 14:14:07 | INFO | src.training_set_optimization.ga_subset | GA gen  90/300 | best=16944.798786  gen_best=16944.798786  mean=16955.780154  cache=3996
2026-03-09 14:17:11 | INFO | src.training_set_optimization.ga_subset | GA gen 105/300 | best=16943.637482  gen_best=16943.637482  mean=16948.833968  cache=4641
2026-03-09 14:20:15 | INFO | src.training_set_optimization.ga_subset | GA gen 120/300 | best=16938.529923  gen_best=16938.529923  mean=16951.675291  cache=5285
2026-03-09 14:23:16 | INFO | src.training_set_optimization.ga_subset | GA gen 135/300 | best=16929.369311  gen_best=16929.369311  mean=16935.473741  cache=5918
2026-03-09 14:26:25 | INFO | src.training_set_optimization.ga_subset | GA gen 150/300 | best=16922.312166  gen_best=16922.312166  mean=16941.409550  cache=6578
2026-03-09 14:29:33 | INFO | src.training_set_optimization.ga_subset | GA gen 165/300 | best=16918.503826  gen_best=16918.503826  mean=16930.055521  cache=7226
2026-03-09 14:32:38 | INFO | src.training_set_optimization.ga_subset | GA gen 180/300 | best=16914.224806  gen_best=16914.224806  mean=16917.724815  cache=7872
2026-03-09 14:35:42 | INFO | src.training_set_optimization.ga_subset | GA gen 195/300 | best=16912.159402  gen_best=16912.159402  mean=16916.264594  cache=8515
2026-03-09 14:38:50 | INFO | src.training_set_optimization.ga_subset | GA gen 210/300 | best=16908.253520  gen_best=16908.253520  mean=16927.720359  cache=9172
2026-03-09 14:41:55 | INFO | src.training_set_optimization.ga_subset | GA gen 225/300 | best=16904.563588  gen_best=16904.563588  mean=16913.284555  cache=9819
2026-03-09 14:45:02 | INFO | src.training_set_optimization.ga_subset | GA gen 240/300 | best=16903.379355  gen_best=16903.379355  mean=16914.766775  cache=10472
2026-03-09 14:48:05 | INFO | src.training_set_optimization.ga_subset | GA gen 255/300 | best=16900.984964  gen_best=16900.984964  mean=16909.639058  cache=11111
2026-03-09 14:51:16 | INFO | src.training_set_optimization.ga_subset | GA gen 270/300 | best=16900.511859  gen_best=16900.511859  mean=16915.106019  cache=11778
2026-03-09 14:54:23 | INFO | src.training_set_optimization.ga_subset | GA gen 285/300 | best=16897.218546  gen_best=16897.218546  mean=16904.219883  cache=12438
2026-03-09 14:57:19 | INFO | src.training_set_optimization.ga_subset | GA gen 299/300 | best=16896.581794  gen_best=16896.581794  mean=16908.486827  cache=13055
2026-03-09 14:57:19 | INFO | src.training_set_optimization.ga_subset | GA finished: best fitness=16896.581794  evals=13055  time=3727.0s
2026-03-09 14:57:21 | INFO | __main__ |   step 11/12 n_train=4000 PEVmean=16896.581794 corr=0.2341
2026-03-09 14:57:23 | INFO | __main__ |   random baseline order 0 done
2026-03-09 14:57:25 | INFO | __main__ |   random baseline order 1 done
2026-03-09 14:57:27 | INFO | __main__ |   random baseline order 2 done
2026-03-09 14:57:29 | INFO | __main__ |   random baseline order 3 done
2026-03-09 14:57:32 | INFO | __main__ |   random baseline order 4 done
2026-03-09 14:57:33 | INFO | __main__ | Summary saved to outputs/pevmean_ga2/shards/shard_005/body_mass/pevmean_ga_summary.csv
2026-03-09 14:57:33 | INFO | __main__ | PEVmean-GA experiment complete for trait 'body_mass'. Output: outputs/pevmean_ga2/shards/shard_005/body_mass
