2026-03-06 11:36:43 | INFO | __main__ | GA config: GAConfig(pop_size=50, n_generations=100, n_elite=2, tournament_k=3, crossover_prob=0.9, mutation_prob=0.3, n_swaps_per_mut=2, seed=14, verbose=True, stagnation_limit=20)
2026-03-06 11:36:43 | INFO | __main__ | Shard 10/20 assigned repeat=2, n_train_size=2000
2026-03-06 11:36:43 | INFO | __main__ | Loading data for trait 'body_mass'
2026-03-06 11:36:43 | INFO | src.data | Loading data from NPZ: Data/npz/snp_body_mass_ALL.npz
2026-03-06 11:36:52 | INFO | __main__ | Loaded: 5697 samples, 65344 SNPs
2026-03-06 11:36:52 | INFO | __main__ | Fixed SNP subset: n=20000
2026-03-06 11:36:52 | INFO | __main__ | Target 3 (Selvær): n_source=5503, n_target=194
2026-03-06 11:36:52 | INFO | __main__ | Training-set sizes: [2000]
2026-03-06 11:36:54 | INFO | __main__ | PEVmean-GA 1/5 | trait=body_mass target=3 repeat=3/5
2026-03-06 11:37:00 | INFO | src.training_set_optimization.ga_subset | GA gen   0/100 | best=18163.197118  gen_best=18163.197118  mean=18229.123182  cache=92
2026-03-06 11:37:14 | INFO | src.training_set_optimization.ga_subset | GA gen   5/100 | best=17995.753280  gen_best=17995.753280  mean=18083.089469  cache=305
2026-03-06 11:37:29 | INFO | src.training_set_optimization.ga_subset | GA gen  10/100 | best=17893.171324  gen_best=17893.171324  mean=18010.354941  cache=525
2026-03-06 11:37:44 | INFO | src.training_set_optimization.ga_subset | GA gen  15/100 | best=17865.927537  gen_best=17865.927537  mean=17949.758507  cache=749
2026-03-06 11:37:58 | INFO | src.training_set_optimization.ga_subset | GA gen  20/100 | best=17831.729136  gen_best=17831.729136  mean=17919.233701  cache=958
2026-03-06 11:38:12 | INFO | src.training_set_optimization.ga_subset | GA gen  25/100 | best=17813.365677  gen_best=17813.365677  mean=17859.680345  cache=1173
2026-03-06 11:38:26 | INFO | src.training_set_optimization.ga_subset | GA gen  30/100 | best=17799.003981  gen_best=17799.003981  mean=17844.310861  cache=1387
2026-03-06 11:38:39 | INFO | src.training_set_optimization.ga_subset | GA gen  35/100 | best=17784.558900  gen_best=17784.558900  mean=17826.735842  cache=1597
2026-03-06 11:38:53 | INFO | src.training_set_optimization.ga_subset | GA gen  40/100 | best=17769.511534  gen_best=17769.511534  mean=17821.314706  cache=1815
2026-03-06 11:39:06 | INFO | src.training_set_optimization.ga_subset | GA gen  45/100 | best=17769.227298  gen_best=17769.227298  mean=17804.242889  cache=2021
2026-03-06 11:39:19 | INFO | src.training_set_optimization.ga_subset | GA gen  50/100 | best=17753.961318  gen_best=17753.961318  mean=17785.756704  cache=2233
2026-03-06 11:39:32 | INFO | src.training_set_optimization.ga_subset | GA gen  55/100 | best=17742.363100  gen_best=17742.363100  mean=17784.133363  cache=2449
2026-03-06 11:39:46 | INFO | src.training_set_optimization.ga_subset | GA gen  60/100 | best=17724.039396  gen_best=17724.039396  mean=17780.267969  cache=2670
2026-03-06 11:40:00 | INFO | src.training_set_optimization.ga_subset | GA gen  65/100 | best=17721.475774  gen_best=17721.475774  mean=17772.745368  cache=2886
2026-03-06 11:40:13 | INFO | src.training_set_optimization.ga_subset | GA gen  70/100 | best=17718.856741  gen_best=17718.856741  mean=17727.381831  cache=3100
2026-03-06 11:40:26 | INFO | src.training_set_optimization.ga_subset | GA gen  75/100 | best=17717.050947  gen_best=17717.050947  mean=17737.958465  cache=3312
2026-03-06 11:40:40 | INFO | src.training_set_optimization.ga_subset | GA gen  80/100 | best=17714.734024  gen_best=17714.734024  mean=17738.842002  cache=3525
2026-03-06 11:40:53 | INFO | src.training_set_optimization.ga_subset | GA gen  85/100 | best=17713.685030  gen_best=17713.685030  mean=17736.854846  cache=3742
2026-03-06 11:41:07 | INFO | src.training_set_optimization.ga_subset | GA gen  90/100 | best=17708.831402  gen_best=17708.831402  mean=17744.506521  cache=3960
2026-03-06 11:41:20 | INFO | src.training_set_optimization.ga_subset | GA gen  95/100 | best=17703.819270  gen_best=17703.819270  mean=17750.020451  cache=4180
2026-03-06 11:41:31 | INFO | src.training_set_optimization.ga_subset | GA gen  99/100 | best=17703.761628  gen_best=17703.761628  mean=17742.157132  cache=4349
2026-03-06 11:41:31 | INFO | src.training_set_optimization.ga_subset | GA finished: best fitness=17703.761628  evals=4349  time=277.2s
2026-03-06 11:41:31 | INFO | __main__ |   step 1/1 n_train=2000 PEVmean=17703.761628 corr=0.1864
2026-03-06 11:41:32 | INFO | __main__ |   random baseline order 0 done
2026-03-06 11:41:33 | INFO | __main__ |   random baseline order 1 done
2026-03-06 11:41:33 | INFO | __main__ |   random baseline order 2 done
2026-03-06 11:41:34 | INFO | __main__ |   random baseline order 3 done
2026-03-06 11:41:35 | INFO | __main__ |   random baseline order 4 done
2026-03-06 11:41:35 | INFO | __main__ | Summary saved to outputs/pevmean_ga/shards/shard_010/body_mass/pevmean_ga_summary.csv
2026-03-06 11:41:35 | INFO | __main__ | PEVmean-GA experiment complete for trait 'body_mass'. Output: outputs/pevmean_ga/shards/shard_010/body_mass
