2026-03-09 14:10:07 | INFO | __main__ | GA config: GAConfig(pop_size=50, n_generations=300, n_elite=2, tournament_k=3, crossover_prob=0.9, mutation_prob=0.35, n_swaps_per_mut=2, seed=14, verbose=True, stagnation_limit=15)
2026-03-09 14:10:07 | INFO | __main__ | Shard 12/20 enabled; using weighted job distribution across (target, repeat, n_train).
2026-03-09 14:10:07 | INFO | __main__ | Loading data for trait 'body_mass'
2026-03-09 14:10:07 | INFO | src.data | Loading data from NPZ: Data/npz/snp_body_mass_ALL.npz
2026-03-09 14:10:17 | INFO | __main__ | Loaded: 5697 samples, 65344 SNPs
2026-03-09 14:10:17 | INFO | __main__ | Fixed SNP subset: n=20000
2026-03-09 14:10:17 | INFO | __main__ | Shard 12/20 assigned 7/65 jobs (full=1, size=6)
2026-03-09 14:10:17 | INFO | __main__ | Target 3 (Selvær): n_source=5503, n_target=194
2026-03-09 14:10:17 | INFO | __main__ | Training-set sizes: [50, 100, 250, 500, 1000, 1500, 2000, 2500, 3000, 3500, 4000, 4500]
2026-03-09 14:10:19 | INFO | __main__ | PEVmean-GA job 7/7 | trait=body_mass target=3 repeat=3/5 | full=True sizes=[50, 100, 250, 500, 2000, 3500]
2026-03-09 14:10:22 | INFO | src.training_set_optimization.ga_subset | GA gen   0/300 | best=19759.979528  gen_best=19759.979528  mean=19805.195173  cache=94
2026-03-09 14:10:22 | INFO | src.training_set_optimization.ga_subset | GA gen  15/300 | best=19625.174887  gen_best=19625.174887  mean=19671.657842  cache=749
2026-03-09 14:10:23 | INFO | src.training_set_optimization.ga_subset | GA gen  30/300 | best=19554.359164  gen_best=19554.359164  mean=19602.271286  cache=1402
2026-03-09 14:10:23 | INFO | src.training_set_optimization.ga_subset | GA gen  45/300 | best=19489.941383  gen_best=19489.941383  mean=19536.572963  cache=2055
2026-03-09 14:10:23 | INFO | src.training_set_optimization.ga_subset | GA gen  60/300 | best=19462.004034  gen_best=19462.004034  mean=19517.046428  cache=2708
2026-03-09 14:10:24 | INFO | src.training_set_optimization.ga_subset | GA gen  75/300 | best=19412.089463  gen_best=19412.089463  mean=19480.706862  cache=3358
2026-03-09 14:10:24 | INFO | src.training_set_optimization.ga_subset | GA gen  90/300 | best=19381.257131  gen_best=19381.257131  mean=19430.417216  cache=4010
2026-03-09 14:10:24 | INFO | src.training_set_optimization.ga_subset | GA gen 105/300 | best=19350.623261  gen_best=19350.623261  mean=19410.580993  cache=4649
2026-03-09 14:10:25 | INFO | src.training_set_optimization.ga_subset | GA gen 120/300 | best=19331.128711  gen_best=19331.128711  mean=19369.082800  cache=5295
2026-03-09 14:10:25 | INFO | src.training_set_optimization.ga_subset | GA gen 135/300 | best=19321.973211  gen_best=19321.973211  mean=19363.029625  cache=5956
2026-03-09 14:10:26 | INFO | src.training_set_optimization.ga_subset | GA gen 150/300 | best=19311.098719  gen_best=19311.098719  mean=19336.038506  cache=6575
2026-03-09 14:10:26 | INFO | src.training_set_optimization.ga_subset | GA gen 165/300 | best=19304.090742  gen_best=19304.090742  mean=19341.010686  cache=7216
2026-03-09 14:10:26 | INFO | src.training_set_optimization.ga_subset | GA gen 180/300 | best=19296.862373  gen_best=19296.862373  mean=19334.160427  cache=7833
2026-03-09 14:10:27 | INFO | src.training_set_optimization.ga_subset | GA gen 195/300 | best=19288.069286  gen_best=19288.069286  mean=19326.769052  cache=8472
2026-03-09 14:10:27 | INFO | src.training_set_optimization.ga_subset | GA gen 210/300 | best=19274.349338  gen_best=19274.349338  mean=19311.949799  cache=9105
2026-03-09 14:10:27 | INFO | src.training_set_optimization.ga_subset | GA gen 225/300 | best=19265.076819  gen_best=19265.076819  mean=19294.536389  cache=9730
2026-03-09 14:10:28 | INFO | src.training_set_optimization.ga_subset | GA gen 240/300 | best=19261.676045  gen_best=19261.676045  mean=19276.757105  cache=10329
2026-03-09 14:10:28 | INFO | src.training_set_optimization.ga_subset | GA gen 255/300 | best=19249.183969  gen_best=19249.183969  mean=19285.754709  cache=10825
2026-03-09 14:10:28 | INFO | src.training_set_optimization.ga_subset | GA gen 270/300 | best=19248.152903  gen_best=19248.152903  mean=19269.929175  cache=11411
2026-03-09 14:10:29 | INFO | src.training_set_optimization.ga_subset | GA gen 285/300 | best=19243.213539  gen_best=19243.213539  mean=19261.973589  cache=11995
2026-03-09 14:10:29 | INFO | src.training_set_optimization.ga_subset | GA gen 299/300 | best=19232.452881  gen_best=19232.452881  mean=19275.358415  cache=12562
2026-03-09 14:10:29 | INFO | src.training_set_optimization.ga_subset | GA finished: best fitness=19232.452881  evals=12562  time=7.3s
2026-03-09 14:10:29 | INFO | __main__ |   step 1/12 n_train=50 PEVmean=19232.452881 corr=0.1671
2026-03-09 14:10:29 | INFO | src.training_set_optimization.ga_subset | GA gen   0/300 | best=19669.972715  gen_best=19669.972715  mean=19741.634835  cache=90
2026-03-09 14:10:30 | INFO | src.training_set_optimization.ga_subset | GA gen  15/300 | best=19399.325383  gen_best=19399.325383  mean=19478.898884  cache=749
2026-03-09 14:10:30 | INFO | src.training_set_optimization.ga_subset | GA gen  30/300 | best=19368.446986  gen_best=19368.446986  mean=19424.925844  cache=1397
2026-03-09 14:10:31 | INFO | src.training_set_optimization.ga_subset | GA gen  45/300 | best=19322.565450  gen_best=19322.565450  mean=19370.770441  cache=2053
2026-03-09 14:10:32 | INFO | src.training_set_optimization.ga_subset | GA gen  60/300 | best=19294.701797  gen_best=19294.701797  mean=19354.234560  cache=2677
2026-03-09 14:10:32 | INFO | src.training_set_optimization.ga_subset | GA gen  75/300 | best=19271.562263  gen_best=19271.562263  mean=19302.433241  cache=3317
2026-03-09 14:10:33 | INFO | src.training_set_optimization.ga_subset | GA gen  90/300 | best=19231.388424  gen_best=19231.388424  mean=19282.312221  cache=3970
2026-03-09 14:10:33 | INFO | src.training_set_optimization.ga_subset | GA gen 105/300 | best=19214.108430  gen_best=19214.108430  mean=19253.182490  cache=4614
2026-03-09 14:10:34 | INFO | src.training_set_optimization.ga_subset | GA gen 120/300 | best=19146.428519  gen_best=19146.428519  mean=19191.070990  cache=5244
2026-03-09 14:10:34 | INFO | src.training_set_optimization.ga_subset | GA gen 135/300 | best=19125.083604  gen_best=19125.083604  mean=19179.640295  cache=5894
2026-03-09 14:10:35 | INFO | src.training_set_optimization.ga_subset | GA gen 150/300 | best=19110.917916  gen_best=19110.917916  mean=19181.654073  cache=6563
2026-03-09 14:10:35 | INFO | src.training_set_optimization.ga_subset | GA gen 165/300 | best=19106.891589  gen_best=19106.891589  mean=19127.033493  cache=7173
2026-03-09 14:10:36 | INFO | src.training_set_optimization.ga_subset | GA gen 180/300 | best=19085.392666  gen_best=19085.392666  mean=19121.541319  cache=7837
2026-03-09 14:10:36 | INFO | src.training_set_optimization.ga_subset | GA gen 195/300 | best=19072.416960  gen_best=19072.416960  mean=19111.416252  cache=8464
2026-03-09 14:10:37 | INFO | src.training_set_optimization.ga_subset | GA gen 210/300 | best=19058.012556  gen_best=19058.012556  mean=19090.601624  cache=9086
2026-03-09 14:10:37 | INFO | src.training_set_optimization.ga_subset | GA gen 225/300 | best=19046.560580  gen_best=19046.560580  mean=19072.214796  cache=9727
2026-03-09 14:10:38 | INFO | src.training_set_optimization.ga_subset | GA gen 240/300 | best=19043.821942  gen_best=19043.821942  mean=19083.245303  cache=10380
2026-03-09 14:10:39 | INFO | src.training_set_optimization.ga_subset | GA gen 255/300 | best=19040.597125  gen_best=19040.597125  mean=19092.385017  cache=11045
2026-03-09 14:10:39 | INFO | src.training_set_optimization.ga_subset | GA gen 270/300 | best=19030.001996  gen_best=19030.001996  mean=19067.709867  cache=11701
2026-03-09 14:10:40 | INFO | src.training_set_optimization.ga_subset | GA gen 285/300 | best=19027.870727  gen_best=19027.870727  mean=19071.140708  cache=12368
2026-03-09 14:10:40 | INFO | src.training_set_optimization.ga_subset | GA gen 299/300 | best=19014.414574  gen_best=19014.414574  mean=19048.012748  cache=12952
2026-03-09 14:10:40 | INFO | src.training_set_optimization.ga_subset | GA finished: best fitness=19014.414574  evals=12952  time=11.0s
2026-03-09 14:10:40 | INFO | __main__ |   step 2/12 n_train=100 PEVmean=19014.414574 corr=0.1663
2026-03-09 14:10:41 | INFO | src.training_set_optimization.ga_subset | GA gen   0/300 | best=19490.104398  gen_best=19490.104398  mean=19571.391355  cache=97
2026-03-09 14:10:43 | INFO | src.training_set_optimization.ga_subset | GA gen  15/300 | best=19265.309117  gen_best=19265.309117  mean=19326.083778  cache=755
2026-03-09 14:10:44 | INFO | src.training_set_optimization.ga_subset | GA gen  30/300 | best=19168.326426  gen_best=19168.326426  mean=19228.254592  cache=1416
2026-03-09 14:10:46 | INFO | src.training_set_optimization.ga_subset | GA gen  45/300 | best=19141.837044  gen_best=19141.837044  mean=19189.598935  cache=2058
2026-03-09 14:10:48 | INFO | src.training_set_optimization.ga_subset | GA gen  60/300 | best=19108.009335  gen_best=19108.009335  mean=19147.182347  cache=2711
2026-03-09 14:10:49 | INFO | src.training_set_optimization.ga_subset | GA gen  75/300 | best=19045.653967  gen_best=19045.653967  mean=19100.132894  cache=3340
2026-03-09 14:10:51 | INFO | src.training_set_optimization.ga_subset | GA gen  90/300 | best=19031.180020  gen_best=19031.180020  mean=19084.283444  cache=4004
2026-03-09 14:10:52 | INFO | src.training_set_optimization.ga_subset | GA gen 105/300 | best=19019.030001  gen_best=19019.030001  mean=19060.696144  cache=4660
2026-03-09 14:10:54 | INFO | src.training_set_optimization.ga_subset | GA gen 120/300 | best=18990.084001  gen_best=18990.084001  mean=19048.099207  cache=5324
2026-03-09 14:10:55 | INFO | src.training_set_optimization.ga_subset | GA gen 135/300 | best=18971.074843  gen_best=18971.074843  mean=19013.464881  cache=5973
2026-03-09 14:10:57 | INFO | src.training_set_optimization.ga_subset | GA gen 150/300 | best=18953.929756  gen_best=18953.929756  mean=18992.267999  cache=6617
2026-03-09 14:10:59 | INFO | src.training_set_optimization.ga_subset | GA gen 165/300 | best=18918.306532  gen_best=18918.306532  mean=18955.176045  cache=7278
2026-03-09 14:11:00 | INFO | src.training_set_optimization.ga_subset | GA gen 180/300 | best=18912.597093  gen_best=18912.597093  mean=18948.682667  cache=7934
2026-03-09 14:11:02 | INFO | src.training_set_optimization.ga_subset | GA gen 195/300 | best=18871.572289  gen_best=18871.572289  mean=18909.927246  cache=8579
2026-03-09 14:11:03 | INFO | src.training_set_optimization.ga_subset | GA gen 210/300 | best=18844.321196  gen_best=18844.321196  mean=18874.108681  cache=9223
2026-03-09 14:11:05 | INFO | src.training_set_optimization.ga_subset | GA gen 225/300 | best=18826.516178  gen_best=18826.516178  mean=18844.658095  cache=9881
2026-03-09 14:11:06 | INFO | src.training_set_optimization.ga_subset | GA gen 240/300 | best=18795.814257  gen_best=18795.814257  mean=18841.862949  cache=10538
2026-03-09 14:11:08 | INFO | src.training_set_optimization.ga_subset | GA gen 255/300 | best=18782.236685  gen_best=18782.236685  mean=18818.431482  cache=11208
2026-03-09 14:11:10 | INFO | src.training_set_optimization.ga_subset | GA gen 270/300 | best=18765.179843  gen_best=18765.179843  mean=18810.087598  cache=11867
2026-03-09 14:11:11 | INFO | src.training_set_optimization.ga_subset | GA gen 285/300 | best=18758.000943  gen_best=18758.000943  mean=18779.938196  cache=12512
2026-03-09 14:11:13 | INFO | src.training_set_optimization.ga_subset | GA gen 299/300 | best=18751.632051  gen_best=18751.632051  mean=18790.589414  cache=13114
2026-03-09 14:11:13 | INFO | src.training_set_optimization.ga_subset | GA finished: best fitness=18751.632051  evals=13114  time=32.4s
2026-03-09 14:11:13 | INFO | __main__ |   step 3/12 n_train=250 PEVmean=18751.632051 corr=0.2694
2026-03-09 14:11:14 | INFO | src.training_set_optimization.ga_subset | GA gen   0/300 | best=19224.041227  gen_best=19224.041227  mean=19326.329801  cache=90
2026-03-09 14:11:19 | INFO | src.training_set_optimization.ga_subset | GA gen  15/300 | best=18941.553490  gen_best=18941.553490  mean=19026.568171  cache=752
2026-03-09 14:11:24 | INFO | src.training_set_optimization.ga_subset | GA gen  30/300 | best=18846.788677  gen_best=18846.788677  mean=18927.322687  cache=1418
2026-03-09 14:11:29 | INFO | src.training_set_optimization.ga_subset | GA gen  45/300 | best=18805.115362  gen_best=18805.115362  mean=18873.203279  cache=2085
2026-03-09 14:11:35 | INFO | src.training_set_optimization.ga_subset | GA gen  60/300 | best=18769.591788  gen_best=18769.591788  mean=18801.158593  cache=2733
2026-03-09 14:11:40 | INFO | src.training_set_optimization.ga_subset | GA gen  75/300 | best=18746.897114  gen_best=18746.897114  mean=18799.914977  cache=3395
2026-03-09 14:11:43 | INFO | src.training_set_optimization.ga_subset | GA early stop: no improvement for 15 generations (gen 83)
2026-03-09 14:11:43 | INFO | src.training_set_optimization.ga_subset | GA finished: best fitness=18746.897114  evals=3751  time=29.9s
2026-03-09 14:11:43 | INFO | __main__ |   step 4/12 n_train=500 PEVmean=18746.897114 corr=0.1114
2026-03-09 14:11:50 | INFO | src.training_set_optimization.ga_subset | GA gen   0/300 | best=18152.256946  gen_best=18152.256946  mean=18244.183519  cache=94
2026-03-09 14:12:44 | INFO | src.training_set_optimization.ga_subset | GA gen  15/300 | best=17841.343957  gen_best=17841.343957  mean=17964.994192  cache=756
2026-03-09 14:13:38 | INFO | src.training_set_optimization.ga_subset | GA gen  30/300 | best=17796.042639  gen_best=17796.042639  mean=17835.686660  cache=1425
2026-03-09 14:14:30 | INFO | src.training_set_optimization.ga_subset | GA gen  45/300 | best=17775.854559  gen_best=17775.854559  mean=17813.631679  cache=2078
2026-03-09 14:15:21 | INFO | src.training_set_optimization.ga_subset | GA gen  60/300 | best=17749.852476  gen_best=17749.852476  mean=17771.413564  cache=2732
2026-03-09 14:16:13 | INFO | src.training_set_optimization.ga_subset | GA gen  75/300 | best=17730.719102  gen_best=17730.719102  mean=17752.144798  cache=3387
2026-03-09 14:17:05 | INFO | src.training_set_optimization.ga_subset | GA gen  90/300 | best=17720.818522  gen_best=17720.818522  mean=17769.091692  cache=4039
2026-03-09 14:17:57 | INFO | src.training_set_optimization.ga_subset | GA gen 105/300 | best=17706.803598  gen_best=17706.803598  mean=17716.381466  cache=4698
2026-03-09 14:18:49 | INFO | src.training_set_optimization.ga_subset | GA gen 120/300 | best=17690.652940  gen_best=17690.652940  mean=17723.966950  cache=5356
2026-03-09 14:19:41 | INFO | src.training_set_optimization.ga_subset | GA gen 135/300 | best=17685.681051  gen_best=17685.681051  mean=17721.949679  cache=6008
2026-03-09 14:20:32 | INFO | src.training_set_optimization.ga_subset | GA gen 150/300 | best=17673.642934  gen_best=17673.642934  mean=17689.807296  cache=6649
2026-03-09 14:21:24 | INFO | src.training_set_optimization.ga_subset | GA gen 165/300 | best=17670.525349  gen_best=17670.525349  mean=17688.647580  cache=7304
2026-03-09 14:22:17 | INFO | src.training_set_optimization.ga_subset | GA gen 180/300 | best=17668.024013  gen_best=17668.024013  mean=17675.532438  cache=7976
2026-03-09 14:23:10 | INFO | src.training_set_optimization.ga_subset | GA gen 195/300 | best=17665.698735  gen_best=17665.698735  mean=17691.082878  cache=8651
2026-03-09 14:24:03 | INFO | src.training_set_optimization.ga_subset | GA gen 210/300 | best=17663.416163  gen_best=17663.416163  mean=17680.269163  cache=9318
2026-03-09 14:24:55 | INFO | src.training_set_optimization.ga_subset | GA gen 225/300 | best=17645.026650  gen_best=17645.026650  mean=17682.613146  cache=9973
2026-03-09 14:25:47 | INFO | src.training_set_optimization.ga_subset | GA gen 240/300 | best=17632.819916  gen_best=17632.819916  mean=17644.820766  cache=10630
2026-03-09 14:26:39 | INFO | src.training_set_optimization.ga_subset | GA gen 255/300 | best=17625.072883  gen_best=17625.072883  mean=17649.247808  cache=11282
2026-03-09 14:27:30 | INFO | src.training_set_optimization.ga_subset | GA gen 270/300 | best=17616.154510  gen_best=17616.154510  mean=17631.646885  cache=11924
2026-03-09 14:28:22 | INFO | src.training_set_optimization.ga_subset | GA gen 285/300 | best=17608.689441  gen_best=17608.689441  mean=17623.119536  cache=12584
2026-03-09 14:29:10 | INFO | src.training_set_optimization.ga_subset | GA gen 299/300 | best=17593.193536  gen_best=17593.193536  mean=17615.247915  cache=13180
2026-03-09 14:29:10 | INFO | src.training_set_optimization.ga_subset | GA finished: best fitness=17593.193536  evals=13180  time=1046.7s
2026-03-09 14:29:11 | INFO | __main__ |   step 7/12 n_train=2000 PEVmean=17593.193536 corr=0.1898
2026-03-09 14:29:31 | INFO | src.training_set_optimization.ga_subset | GA gen   0/300 | best=17331.609265  gen_best=17331.609265  mean=17438.107867  cache=95
2026-03-09 14:31:49 | INFO | src.training_set_optimization.ga_subset | GA gen  15/300 | best=17244.125228  gen_best=17244.125228  mean=17301.370612  cache=746
2026-03-09 14:34:11 | INFO | src.training_set_optimization.ga_subset | GA gen  30/300 | best=17186.254857  gen_best=17186.254857  mean=17230.656720  cache=1410
2026-03-09 14:36:33 | INFO | src.training_set_optimization.ga_subset | GA gen  45/300 | best=17149.429185  gen_best=17149.429185  mean=17182.676760  cache=2075
2026-03-09 14:38:52 | INFO | src.training_set_optimization.ga_subset | GA gen  60/300 | best=17133.050076  gen_best=17133.050076  mean=17150.097028  cache=2732
2026-03-09 14:41:11 | INFO | src.training_set_optimization.ga_subset | GA gen  75/300 | best=17125.772371  gen_best=17125.772371  mean=17141.910950  cache=3387
2026-03-09 14:43:33 | INFO | src.training_set_optimization.ga_subset | GA gen  90/300 | best=17120.156577  gen_best=17120.156577  mean=17132.587620  cache=4054
2026-03-09 14:45:54 | INFO | src.training_set_optimization.ga_subset | GA gen 105/300 | best=17117.135856  gen_best=17117.135856  mean=17144.387253  cache=4714
2026-03-09 14:48:15 | INFO | src.training_set_optimization.ga_subset | GA gen 120/300 | best=17109.392035  gen_best=17109.392035  mean=17122.343129  cache=5381
2026-03-09 14:50:37 | INFO | src.training_set_optimization.ga_subset | GA gen 135/300 | best=17104.399149  gen_best=17104.399149  mean=17115.787179  cache=6028
2026-03-09 14:52:56 | INFO | src.training_set_optimization.ga_subset | GA gen 150/300 | best=17092.954449  gen_best=17092.954449  mean=17108.014362  cache=6683
2026-03-09 14:55:15 | INFO | src.training_set_optimization.ga_subset | GA gen 165/300 | best=17087.923614  gen_best=17087.923614  mean=17104.734659  cache=7340
2026-03-09 14:57:29 | INFO | src.training_set_optimization.ga_subset | GA gen 180/300 | best=17081.133901  gen_best=17081.133901  mean=17088.397724  cache=7971
2026-03-09 14:59:51 | INFO | src.training_set_optimization.ga_subset | GA gen 195/300 | best=17071.604286  gen_best=17071.604286  mean=17088.846200  cache=8637
2026-03-09 15:02:10 | INFO | src.training_set_optimization.ga_subset | GA gen 210/300 | best=17063.456022  gen_best=17063.456022  mean=17093.223299  cache=9298
2026-03-09 15:04:28 | INFO | src.training_set_optimization.ga_subset | GA gen 225/300 | best=17055.456297  gen_best=17055.456297  mean=17072.427191  cache=9954
2026-03-09 15:06:44 | INFO | src.training_set_optimization.ga_subset | GA gen 240/300 | best=17050.497426  gen_best=17050.497426  mean=17060.710168  cache=10599
2026-03-09 15:09:12 | INFO | src.training_set_optimization.ga_subset | GA gen 255/300 | best=17047.756078  gen_best=17047.756078  mean=17055.667110  cache=11252
2026-03-09 15:11:30 | INFO | src.training_set_optimization.ga_subset | GA gen 270/300 | best=17041.413265  gen_best=17041.413265  mean=17066.308122  cache=11908
2026-03-09 15:13:47 | INFO | src.training_set_optimization.ga_subset | GA gen 285/300 | best=17036.079941  gen_best=17036.079941  mean=17045.701989  cache=12563
2026-03-09 15:15:57 | INFO | src.training_set_optimization.ga_subset | GA gen 299/300 | best=17034.296455  gen_best=17034.296455  mean=17039.148692  cache=13179
2026-03-09 15:15:57 | INFO | src.training_set_optimization.ga_subset | GA finished: best fitness=17034.296455  evals=13179  time=2806.1s
2026-03-09 15:15:59 | INFO | __main__ |   step 10/12 n_train=3500 PEVmean=17034.296455 corr=0.2378
2026-03-09 15:16:04 | INFO | __main__ |   random baseline order 0 done
2026-03-09 15:16:09 | INFO | __main__ |   random baseline order 1 done
2026-03-09 15:16:11 | INFO | __main__ |   random baseline order 2 done
2026-03-09 15:16:14 | INFO | __main__ |   random baseline order 3 done
2026-03-09 15:16:17 | INFO | __main__ |   random baseline order 4 done
2026-03-09 15:16:17 | INFO | __main__ | Summary saved to outputs/pevmean_ga2/shards/shard_012/body_mass/pevmean_ga_summary.csv
2026-03-09 15:16:17 | INFO | __main__ | PEVmean-GA experiment complete for trait 'body_mass'. Output: outputs/pevmean_ga2/shards/shard_012/body_mass
