2026-03-06 11:36:43 | INFO | __main__ | GA config: GAConfig(pop_size=50, n_generations=100, n_elite=2, tournament_k=3, crossover_prob=0.9, mutation_prob=0.3, n_swaps_per_mut=2, seed=14, verbose=True, stagnation_limit=20)
2026-03-06 11:36:43 | INFO | __main__ | Shard 2/20 assigned repeat=0, n_train_size=2000
2026-03-06 11:36:43 | INFO | __main__ | Loading data for trait 'body_mass'
2026-03-06 11:36:43 | INFO | src.data | Loading data from NPZ: Data/npz/snp_body_mass_ALL.npz
2026-03-06 11:36:51 | INFO | __main__ | Loaded: 5697 samples, 65344 SNPs
2026-03-06 11:36:51 | INFO | __main__ | Fixed SNP subset: n=20000
2026-03-06 11:36:51 | INFO | __main__ | Target 3 (Selvær): n_source=5503, n_target=194
2026-03-06 11:36:51 | INFO | __main__ | Training-set sizes: [2000]
2026-03-06 11:36:53 | INFO | __main__ | PEVmean-GA 1/5 | trait=body_mass target=3 repeat=1/5
2026-03-06 11:36:59 | INFO | src.training_set_optimization.ga_subset | GA gen   0/100 | best=18126.375786  gen_best=18126.375786  mean=18223.577535  cache=95
2026-03-06 11:37:11 | INFO | src.training_set_optimization.ga_subset | GA gen   5/100 | best=18005.743039  gen_best=18005.743039  mean=18102.407490  cache=309
2026-03-06 11:37:24 | INFO | src.training_set_optimization.ga_subset | GA gen  10/100 | best=17929.019242  gen_best=17929.019242  mean=18030.555293  cache=522
2026-03-06 11:37:37 | INFO | src.training_set_optimization.ga_subset | GA gen  15/100 | best=17885.803765  gen_best=17885.803765  mean=17978.511330  cache=738
2026-03-06 11:37:50 | INFO | src.training_set_optimization.ga_subset | GA gen  20/100 | best=17838.959080  gen_best=17838.959080  mean=17918.503063  cache=953
2026-03-06 11:38:03 | INFO | src.training_set_optimization.ga_subset | GA gen  25/100 | best=17813.632213  gen_best=17813.632213  mean=17875.595096  cache=1170
2026-03-06 11:38:17 | INFO | src.training_set_optimization.ga_subset | GA gen  30/100 | best=17787.955240  gen_best=17787.955240  mean=17846.114564  cache=1389
2026-03-06 11:38:30 | INFO | src.training_set_optimization.ga_subset | GA gen  35/100 | best=17732.323484  gen_best=17732.323484  mean=17792.509311  cache=1615
2026-03-06 11:38:43 | INFO | src.training_set_optimization.ga_subset | GA gen  40/100 | best=17715.537344  gen_best=17715.537344  mean=17769.165525  cache=1831
2026-03-06 11:38:57 | INFO | src.training_set_optimization.ga_subset | GA gen  45/100 | best=17708.832104  gen_best=17708.832104  mean=17750.860676  cache=2052
2026-03-06 11:39:08 | INFO | src.training_set_optimization.ga_subset | GA gen  50/100 | best=17702.789285  gen_best=17702.789285  mean=17729.132301  cache=2247
2026-03-06 11:39:21 | INFO | src.training_set_optimization.ga_subset | GA gen  55/100 | best=17697.855951  gen_best=17697.855951  mean=17730.353659  cache=2461
2026-03-06 11:39:34 | INFO | src.training_set_optimization.ga_subset | GA gen  60/100 | best=17694.073004  gen_best=17694.073004  mean=17733.289473  cache=2674
2026-03-06 11:39:47 | INFO | src.training_set_optimization.ga_subset | GA gen  65/100 | best=17693.890432  gen_best=17693.890432  mean=17728.412574  cache=2888
2026-03-06 11:40:00 | INFO | src.training_set_optimization.ga_subset | GA gen  70/100 | best=17683.280193  gen_best=17683.280193  mean=17716.585228  cache=3104
2026-03-06 11:40:13 | INFO | src.training_set_optimization.ga_subset | GA gen  75/100 | best=17683.280193  gen_best=17683.280193  mean=17723.149133  cache=3317
2026-03-06 11:40:26 | INFO | src.training_set_optimization.ga_subset | GA gen  80/100 | best=17682.895415  gen_best=17682.895415  mean=17724.074635  cache=3533
2026-03-06 11:40:39 | INFO | src.training_set_optimization.ga_subset | GA gen  85/100 | best=17681.086812  gen_best=17681.086812  mean=17702.766054  cache=3749
2026-03-06 11:40:52 | INFO | src.training_set_optimization.ga_subset | GA gen  90/100 | best=17679.486042  gen_best=17679.486042  mean=17686.536512  cache=3967
2026-03-06 11:41:04 | INFO | src.training_set_optimization.ga_subset | GA gen  95/100 | best=17676.416569  gen_best=17676.416569  mean=17689.791781  cache=4166
2026-03-06 11:41:15 | INFO | src.training_set_optimization.ga_subset | GA gen  99/100 | best=17673.209724  gen_best=17673.209724  mean=17690.427477  cache=4344
2026-03-06 11:41:15 | INFO | src.training_set_optimization.ga_subset | GA finished: best fitness=17673.209724  evals=4344  time=262.3s
2026-03-06 11:41:16 | INFO | __main__ |   step 1/1 n_train=2000 PEVmean=17673.209724 corr=0.2248
2026-03-06 11:41:16 | INFO | __main__ |   random baseline order 0 done
2026-03-06 11:41:17 | INFO | __main__ |   random baseline order 1 done
2026-03-06 11:41:17 | INFO | __main__ |   random baseline order 2 done
2026-03-06 11:41:18 | INFO | __main__ |   random baseline order 3 done
2026-03-06 11:41:19 | INFO | __main__ |   random baseline order 4 done
2026-03-06 11:41:19 | INFO | __main__ | Summary saved to outputs/pevmean_ga/shards/shard_002/body_mass/pevmean_ga_summary.csv
2026-03-06 11:41:19 | INFO | __main__ | PEVmean-GA experiment complete for trait 'body_mass'. Output: outputs/pevmean_ga/shards/shard_002/body_mass
