2026-03-10 12:59:22 | INFO | __main__ | GA config: GAConfig(pop_size=50, n_generations=300, n_elite=2, tournament_k=3, crossover_prob=0.9, mutation_prob=0.35, n_swaps_per_mut=2, seed=14, verbose=True, stagnation_limit=15)
2026-03-10 12:59:22 | INFO | __main__ | Shard 2/20 enabled; using weighted job distribution across (target, repeat, n_train).
2026-03-10 12:59:22 | INFO | __main__ | Loading data for trait 'body_mass'
2026-03-10 12:59:22 | INFO | src.data | Loading data from NPZ: Data/npz/snp_body_mass_ALL.npz
2026-03-10 12:59:30 | INFO | __main__ | Loaded: 5697 samples, 65344 SNPs
2026-03-10 12:59:30 | INFO | __main__ | Fixed SNP subset: n=20000
2026-03-10 12:59:30 | INFO | __main__ | Shard 2/20 assigned 1/65 jobs (full=0, size=1)
2026-03-10 12:59:30 | INFO | __main__ | Target 4 (Gjerøy): n_source=5139, n_target=558
2026-03-10 12:59:30 | INFO | __main__ | Training-set sizes: [50, 100, 250, 500, 1000, 1500, 2000, 2500, 3000, 3500, 4000, 4500]
2026-03-10 12:59:32 | INFO | __main__ | PEVmean-GA job 1/1 | trait=body_mass target=4 repeat=3/5 | full=False sizes=[4500]
2026-03-10 13:00:04 | INFO | src.training_set_optimization.ga_subset | GA gen   0/300 | best=17186.527398  gen_best=17186.527398  mean=17204.853644  cache=96
2026-03-10 13:03:40 | INFO | src.training_set_optimization.ga_subset | GA gen  15/300 | best=17170.156862  gen_best=17170.156862  mean=17183.074034  cache=745
2026-03-10 13:07:21 | INFO | src.training_set_optimization.ga_subset | GA gen  30/300 | best=17166.400456  gen_best=17166.400456  mean=17172.972596  cache=1406
2026-03-10 13:11:02 | INFO | src.training_set_optimization.ga_subset | GA gen  45/300 | best=17163.444144  gen_best=17163.444144  mean=17169.675230  cache=2072
2026-03-10 13:14:36 | INFO | src.training_set_optimization.ga_subset | GA gen  60/300 | best=17161.573943  gen_best=17161.573943  mean=17163.725647  cache=2715
2026-03-10 13:18:10 | INFO | src.training_set_optimization.ga_subset | GA gen  75/300 | best=17160.065815  gen_best=17160.065815  mean=17161.252776  cache=3372
2026-03-10 13:21:39 | INFO | src.training_set_optimization.ga_subset | GA gen  90/300 | best=17157.303959  gen_best=17157.303959  mean=17162.738018  cache=4011
2026-03-10 13:25:03 | INFO | src.training_set_optimization.ga_subset | GA gen 105/300 | best=17155.836616  gen_best=17155.836616  mean=17163.629441  cache=4639
2026-03-10 13:28:33 | INFO | src.training_set_optimization.ga_subset | GA gen 120/300 | best=17153.683986  gen_best=17153.683986  mean=17157.312356  cache=5279
2026-03-10 13:32:12 | INFO | src.training_set_optimization.ga_subset | GA gen 135/300 | best=17153.178470  gen_best=17153.178470  mean=17155.587659  cache=5938
2026-03-10 13:35:42 | INFO | src.training_set_optimization.ga_subset | GA gen 150/300 | best=17152.375998  gen_best=17152.375998  mean=17155.448134  cache=6571
2026-03-10 13:39:16 | INFO | src.training_set_optimization.ga_subset | GA gen 165/300 | best=17150.660431  gen_best=17150.660431  mean=17152.692874  cache=7214
2026-03-10 13:42:52 | INFO | src.training_set_optimization.ga_subset | GA gen 180/300 | best=17149.698308  gen_best=17149.698308  mean=17153.602627  cache=7864
2026-03-10 13:46:22 | INFO | src.training_set_optimization.ga_subset | GA gen 195/300 | best=17149.147332  gen_best=17149.147332  mean=17151.077795  cache=8492
2026-03-10 13:50:02 | INFO | src.training_set_optimization.ga_subset | GA gen 210/300 | best=17148.105978  gen_best=17148.105978  mean=17150.700637  cache=9151
2026-03-10 13:53:39 | INFO | src.training_set_optimization.ga_subset | GA gen 225/300 | best=17147.288512  gen_best=17147.288512  mean=17151.063102  cache=9805
2026-03-10 13:57:15 | INFO | src.training_set_optimization.ga_subset | GA gen 240/300 | best=17146.630888  gen_best=17146.630888  mean=17148.809977  cache=10453
2026-03-10 14:00:51 | INFO | src.training_set_optimization.ga_subset | GA gen 255/300 | best=17145.827019  gen_best=17145.827019  mean=17148.548385  cache=11100
2026-03-10 14:04:29 | INFO | src.training_set_optimization.ga_subset | GA gen 270/300 | best=17144.856606  gen_best=17144.856606  mean=17147.295624  cache=11759
2026-03-10 14:08:01 | INFO | src.training_set_optimization.ga_subset | GA gen 285/300 | best=17144.328662  gen_best=17144.328662  mean=17145.970320  cache=12405
2026-03-10 14:11:25 | INFO | src.training_set_optimization.ga_subset | GA gen 299/300 | best=17144.010469  gen_best=17144.010469  mean=17146.552056  cache=13019
2026-03-10 14:11:25 | INFO | src.training_set_optimization.ga_subset | GA finished: best fitness=17144.010469  evals=13019  time=4313.4s
2026-03-10 14:11:28 | INFO | __main__ |   step 12/12 n_train=4500 PEVmean=17144.010469 corr=0.0799
2026-03-10 14:11:30 | INFO | __main__ |   random baseline order 0 done
2026-03-10 14:11:31 | INFO | __main__ |   random baseline order 1 done
2026-03-10 14:11:33 | INFO | __main__ |   random baseline order 2 done
2026-03-10 14:11:34 | INFO | __main__ |   random baseline order 3 done
2026-03-10 14:11:36 | INFO | __main__ |   random baseline order 4 done
2026-03-10 14:11:36 | INFO | __main__ | Summary saved to outputs/pevmean_ga4/shards/shard_002/body_mass/pevmean_ga_summary.csv
2026-03-10 14:11:36 | INFO | __main__ | PEVmean-GA experiment complete for trait 'body_mass'. Output: outputs/pevmean_ga4/shards/shard_002/body_mass
