2026-03-06 11:36:43 | INFO | __main__ | GA config: GAConfig(pop_size=50, n_generations=100, n_elite=2, tournament_k=3, crossover_prob=0.9, mutation_prob=0.3, n_swaps_per_mut=2, seed=14, verbose=True, stagnation_limit=20)
2026-03-06 11:36:43 | INFO | __main__ | Shard 15/20 assigned repeat=3, n_train_size=3000
2026-03-06 11:36:43 | INFO | __main__ | Loading data for trait 'body_mass'
2026-03-06 11:36:43 | INFO | src.data | Loading data from NPZ: Data/npz/snp_body_mass_ALL.npz
2026-03-06 11:36:51 | INFO | __main__ | Loaded: 5697 samples, 65344 SNPs
2026-03-06 11:36:51 | INFO | __main__ | Fixed SNP subset: n=20000
2026-03-06 11:36:51 | INFO | __main__ | Target 3 (Selvær): n_source=5503, n_target=194
2026-03-06 11:36:51 | INFO | __main__ | Training-set sizes: [3000]
2026-03-06 11:36:53 | INFO | __main__ | PEVmean-GA 1/5 | trait=body_mass target=3 repeat=4/5
2026-03-06 11:37:05 | INFO | src.training_set_optimization.ga_subset | GA gen   0/100 | best=17558.190377  gen_best=17558.190377  mean=17675.068410  cache=92
2026-03-06 11:37:35 | INFO | src.training_set_optimization.ga_subset | GA gen   5/100 | best=17494.500252  gen_best=17494.500252  mean=17572.622815  cache=315
2026-03-06 11:38:04 | INFO | src.training_set_optimization.ga_subset | GA gen  10/100 | best=17437.772422  gen_best=17437.772422  mean=17524.902955  cache=536
2026-03-06 11:38:33 | INFO | src.training_set_optimization.ga_subset | GA gen  15/100 | best=17414.262617  gen_best=17414.262617  mean=17491.744045  cache=757
2026-03-06 11:39:01 | INFO | src.training_set_optimization.ga_subset | GA gen  20/100 | best=17376.865843  gen_best=17376.865843  mean=17446.390690  cache=968
2026-03-06 11:39:31 | INFO | src.training_set_optimization.ga_subset | GA gen  25/100 | best=17367.724588  gen_best=17367.724588  mean=17411.259168  cache=1193
2026-03-06 11:39:59 | INFO | src.training_set_optimization.ga_subset | GA gen  30/100 | best=17331.742761  gen_best=17331.742761  mean=17375.390141  cache=1404
2026-03-06 11:40:27 | INFO | src.training_set_optimization.ga_subset | GA gen  35/100 | best=17310.850844  gen_best=17310.850844  mean=17355.609741  cache=1619
2026-03-06 11:40:56 | INFO | src.training_set_optimization.ga_subset | GA gen  40/100 | best=17303.852355  gen_best=17303.852355  mean=17348.285516  cache=1840
2026-03-06 11:41:24 | INFO | src.training_set_optimization.ga_subset | GA gen  45/100 | best=17301.464841  gen_best=17301.464841  mean=17357.368712  cache=2051
2026-03-06 11:41:52 | INFO | src.training_set_optimization.ga_subset | GA gen  50/100 | best=17296.962837  gen_best=17296.962837  mean=17333.338443  cache=2263
2026-03-06 11:42:22 | INFO | src.training_set_optimization.ga_subset | GA gen  55/100 | best=17285.329399  gen_best=17285.329399  mean=17318.752101  cache=2485
2026-03-06 11:42:52 | INFO | src.training_set_optimization.ga_subset | GA gen  60/100 | best=17274.187014  gen_best=17274.187014  mean=17315.062214  cache=2713
2026-03-06 11:43:21 | INFO | src.training_set_optimization.ga_subset | GA gen  65/100 | best=17270.411577  gen_best=17270.411577  mean=17308.760052  cache=2932
2026-03-06 11:43:50 | INFO | src.training_set_optimization.ga_subset | GA gen  70/100 | best=17262.654101  gen_best=17262.654101  mean=17280.565096  cache=3151
2026-03-06 11:44:19 | INFO | src.training_set_optimization.ga_subset | GA gen  75/100 | best=17258.500942  gen_best=17258.500942  mean=17280.425684  cache=3368
2026-03-06 11:44:48 | INFO | src.training_set_optimization.ga_subset | GA gen  80/100 | best=17257.654433  gen_best=17257.654433  mean=17289.842745  cache=3587
2026-03-06 11:45:17 | INFO | src.training_set_optimization.ga_subset | GA gen  85/100 | best=17257.654433  gen_best=17257.654433  mean=17290.950314  cache=3809
2026-03-06 11:45:47 | INFO | src.training_set_optimization.ga_subset | GA gen  90/100 | best=17255.041603  gen_best=17255.041603  mean=17292.627204  cache=4029
2026-03-06 11:46:15 | INFO | src.training_set_optimization.ga_subset | GA gen  95/100 | best=17254.565180  gen_best=17254.565180  mean=17287.685301  cache=4245
2026-03-06 11:46:38 | INFO | src.training_set_optimization.ga_subset | GA gen  99/100 | best=17247.266110  gen_best=17247.266110  mean=17255.698620  cache=4419
2026-03-06 11:46:38 | INFO | src.training_set_optimization.ga_subset | GA finished: best fitness=17247.266110  evals=4419  time=585.4s
2026-03-06 11:46:40 | INFO | __main__ |   step 1/1 n_train=3000 PEVmean=17247.266110 corr=0.1879
2026-03-06 11:46:41 | INFO | __main__ |   random baseline order 0 done
2026-03-06 11:46:41 | INFO | __main__ |   random baseline order 1 done
2026-03-06 11:46:42 | INFO | __main__ |   random baseline order 2 done
2026-03-06 11:46:43 | INFO | __main__ |   random baseline order 3 done
2026-03-06 11:46:44 | INFO | __main__ |   random baseline order 4 done
2026-03-06 11:46:44 | INFO | __main__ | Summary saved to outputs/pevmean_ga/shards/shard_015/body_mass/pevmean_ga_summary.csv
2026-03-06 11:46:44 | INFO | __main__ | PEVmean-GA experiment complete for trait 'body_mass'. Output: outputs/pevmean_ga/shards/shard_015/body_mass
