2026-03-09 14:10:08 | INFO | __main__ | GA config: GAConfig(pop_size=50, n_generations=300, n_elite=2, tournament_k=3, crossover_prob=0.9, mutation_prob=0.35, n_swaps_per_mut=2, seed=14, verbose=True, stagnation_limit=15)
2026-03-09 14:10:08 | INFO | __main__ | Shard 13/20 enabled; using weighted job distribution across (target, repeat, n_train).
2026-03-09 14:10:08 | INFO | __main__ | Loading data for trait 'body_mass'
2026-03-09 14:10:08 | INFO | src.data | Loading data from NPZ: Data/npz/snp_body_mass_ALL.npz
2026-03-09 14:10:18 | INFO | __main__ | Loaded: 5697 samples, 65344 SNPs
2026-03-09 14:10:18 | INFO | __main__ | Fixed SNP subset: n=20000
2026-03-09 14:10:18 | INFO | __main__ | Shard 13/20 assigned 7/65 jobs (full=1, size=6)
2026-03-09 14:10:18 | INFO | __main__ | Target 3 (Selvær): n_source=5503, n_target=194
2026-03-09 14:10:18 | INFO | __main__ | Training-set sizes: [50, 100, 250, 500, 1000, 1500, 2000, 2500, 3000, 3500, 4000, 4500]
2026-03-09 14:10:20 | INFO | __main__ | PEVmean-GA job 7/7 | trait=body_mass target=3 repeat=4/5 | full=True sizes=[50, 100, 250, 500, 2000, 3500]
2026-03-09 14:10:23 | INFO | src.training_set_optimization.ga_subset | GA gen   0/300 | best=19745.583497  gen_best=19745.583497  mean=19808.940979  cache=95
2026-03-09 14:10:23 | INFO | src.training_set_optimization.ga_subset | GA gen  15/300 | best=19620.927972  gen_best=19620.927972  mean=19666.285783  cache=749
2026-03-09 14:10:24 | INFO | src.training_set_optimization.ga_subset | GA gen  30/300 | best=19571.346408  gen_best=19571.346408  mean=19618.474233  cache=1402
2026-03-09 14:10:24 | INFO | src.training_set_optimization.ga_subset | GA gen  45/300 | best=19562.858432  gen_best=19562.858432  mean=19590.726891  cache=2044
2026-03-09 14:10:24 | INFO | src.training_set_optimization.ga_subset | GA gen  60/300 | best=19508.080570  gen_best=19508.080570  mean=19560.938456  cache=2695
2026-03-09 14:10:25 | INFO | src.training_set_optimization.ga_subset | GA gen  75/300 | best=19506.016732  gen_best=19506.016732  mean=19532.047650  cache=3352
2026-03-09 14:10:25 | INFO | src.training_set_optimization.ga_subset | GA gen  90/300 | best=19486.176602  gen_best=19486.176602  mean=19518.588979  cache=4001
2026-03-09 14:10:25 | INFO | src.training_set_optimization.ga_subset | GA gen 105/300 | best=19485.564432  gen_best=19485.564432  mean=19510.458264  cache=4655
2026-03-09 14:10:26 | INFO | src.training_set_optimization.ga_subset | GA gen 120/300 | best=19459.611133  gen_best=19459.611133  mean=19496.276020  cache=5329
2026-03-09 14:10:26 | INFO | src.training_set_optimization.ga_subset | GA gen 135/300 | best=19428.882833  gen_best=19428.882833  mean=19471.093815  cache=5964
2026-03-09 14:10:27 | INFO | src.training_set_optimization.ga_subset | GA gen 150/300 | best=19425.848295  gen_best=19425.848295  mean=19457.241940  cache=6598
2026-03-09 14:10:27 | INFO | src.training_set_optimization.ga_subset | GA gen 165/300 | best=19415.099614  gen_best=19415.099614  mean=19449.056909  cache=7233
2026-03-09 14:10:27 | INFO | src.training_set_optimization.ga_subset | GA gen 180/300 | best=19392.701972  gen_best=19392.701972  mean=19416.467912  cache=7864
2026-03-09 14:10:28 | INFO | src.training_set_optimization.ga_subset | GA gen 195/300 | best=19344.325200  gen_best=19344.325200  mean=19403.123879  cache=8522
2026-03-09 14:10:28 | INFO | src.training_set_optimization.ga_subset | GA gen 210/300 | best=19338.715891  gen_best=19338.715891  mean=19377.032468  cache=9165
2026-03-09 14:10:28 | INFO | src.training_set_optimization.ga_subset | GA gen 225/300 | best=19315.054351  gen_best=19315.054351  mean=19355.544220  cache=9814
2026-03-09 14:10:29 | INFO | src.training_set_optimization.ga_subset | GA gen 240/300 | best=19298.720927  gen_best=19298.720927  mean=19340.432361  cache=10463
2026-03-09 14:10:29 | INFO | src.training_set_optimization.ga_subset | GA gen 255/300 | best=19289.902465  gen_best=19289.902465  mean=19313.214595  cache=11096
2026-03-09 14:10:29 | INFO | src.training_set_optimization.ga_subset | GA gen 270/300 | best=19284.679044  gen_best=19284.679044  mean=19321.592147  cache=11712
2026-03-09 14:10:30 | INFO | src.training_set_optimization.ga_subset | GA gen 285/300 | best=19282.897014  gen_best=19282.897014  mean=19317.442878  cache=12363
2026-03-09 14:10:30 | INFO | src.training_set_optimization.ga_subset | GA gen 299/300 | best=19281.013345  gen_best=19281.013345  mean=19310.182560  cache=12969
2026-03-09 14:10:30 | INFO | src.training_set_optimization.ga_subset | GA finished: best fitness=19281.013345  evals=12969  time=7.4s
2026-03-09 14:10:30 | INFO | __main__ |   step 1/12 n_train=50 PEVmean=19281.013345 corr=0.1233
2026-03-09 14:10:30 | INFO | src.training_set_optimization.ga_subset | GA gen   0/300 | best=19674.015876  gen_best=19674.015876  mean=19741.341113  cache=97
2026-03-09 14:10:31 | INFO | src.training_set_optimization.ga_subset | GA gen  15/300 | best=19470.175260  gen_best=19470.175260  mean=19518.899982  cache=762
2026-03-09 14:10:31 | INFO | src.training_set_optimization.ga_subset | GA gen  30/300 | best=19399.146461  gen_best=19399.146461  mean=19462.737652  cache=1423
2026-03-09 14:10:32 | INFO | src.training_set_optimization.ga_subset | GA gen  45/300 | best=19351.533742  gen_best=19351.533742  mean=19408.704829  cache=2063
2026-03-09 14:10:33 | INFO | src.training_set_optimization.ga_subset | GA gen  60/300 | best=19296.106021  gen_best=19296.106021  mean=19381.953028  cache=2730
2026-03-09 14:10:33 | INFO | src.training_set_optimization.ga_subset | GA gen  75/300 | best=19287.068498  gen_best=19287.068498  mean=19341.489286  cache=3387
2026-03-09 14:10:34 | INFO | src.training_set_optimization.ga_subset | GA gen  90/300 | best=19241.276516  gen_best=19241.276516  mean=19261.916707  cache=4005
2026-03-09 14:10:34 | INFO | src.training_set_optimization.ga_subset | GA gen 105/300 | best=19222.892855  gen_best=19222.892855  mean=19262.379378  cache=4663
2026-03-09 14:10:35 | INFO | src.training_set_optimization.ga_subset | GA gen 120/300 | best=19193.596945  gen_best=19193.596945  mean=19249.624741  cache=5313
2026-03-09 14:10:35 | INFO | src.training_set_optimization.ga_subset | GA gen 135/300 | best=19178.325308  gen_best=19178.325308  mean=19215.170663  cache=5962
2026-03-09 14:10:36 | INFO | src.training_set_optimization.ga_subset | GA gen 150/300 | best=19162.019470  gen_best=19162.019470  mean=19184.488619  cache=6590
2026-03-09 14:10:36 | INFO | src.training_set_optimization.ga_subset | GA gen 165/300 | best=19141.216647  gen_best=19141.216647  mean=19198.975715  cache=7240
2026-03-09 14:10:37 | INFO | src.training_set_optimization.ga_subset | GA gen 180/300 | best=19132.699301  gen_best=19132.699301  mean=19194.270893  cache=7885
2026-03-09 14:10:37 | INFO | src.training_set_optimization.ga_subset | GA gen 195/300 | best=19126.218047  gen_best=19126.218047  mean=19159.996227  cache=8555
2026-03-09 14:10:38 | INFO | src.training_set_optimization.ga_subset | GA gen 210/300 | best=19100.994873  gen_best=19100.994873  mean=19146.778867  cache=9194
2026-03-09 14:10:39 | INFO | src.training_set_optimization.ga_subset | GA gen 225/300 | best=19065.699051  gen_best=19065.699051  mean=19102.385753  cache=9839
2026-03-09 14:10:39 | INFO | src.training_set_optimization.ga_subset | GA gen 240/300 | best=19049.651865  gen_best=19049.651865  mean=19106.884154  cache=10497
2026-03-09 14:10:40 | INFO | src.training_set_optimization.ga_subset | GA gen 255/300 | best=19046.963915  gen_best=19046.963915  mean=19074.371353  cache=11138
2026-03-09 14:10:40 | INFO | src.training_set_optimization.ga_subset | GA gen 270/300 | best=19038.316977  gen_best=19038.316977  mean=19058.471167  cache=11755
2026-03-09 14:10:41 | INFO | src.training_set_optimization.ga_subset | GA gen 285/300 | best=19024.680466  gen_best=19024.680466  mean=19068.486663  cache=12392
2026-03-09 14:10:41 | INFO | src.training_set_optimization.ga_subset | GA early stop: no improvement for 15 generations (gen 297)
2026-03-09 14:10:41 | INFO | src.training_set_optimization.ga_subset | GA finished: best fitness=19024.680466  evals=12916  time=10.9s
2026-03-09 14:10:41 | INFO | __main__ |   step 2/12 n_train=100 PEVmean=19024.680466 corr=0.1866
2026-03-09 14:10:42 | INFO | src.training_set_optimization.ga_subset | GA gen   0/300 | best=19471.961877  gen_best=19471.961877  mean=19570.482670  cache=93
2026-03-09 14:10:43 | INFO | src.training_set_optimization.ga_subset | GA gen  15/300 | best=19165.056510  gen_best=19165.056510  mean=19268.611111  cache=758
2026-03-09 14:10:45 | INFO | src.training_set_optimization.ga_subset | GA gen  30/300 | best=19057.168817  gen_best=19057.168817  mean=19114.226972  cache=1419
2026-03-09 14:10:46 | INFO | src.training_set_optimization.ga_subset | GA gen  45/300 | best=19016.662953  gen_best=19016.662953  mean=19065.195614  cache=2061
2026-03-09 14:10:48 | INFO | src.training_set_optimization.ga_subset | GA gen  60/300 | best=18996.066531  gen_best=18996.066531  mean=19025.967402  cache=2716
2026-03-09 14:10:49 | INFO | src.training_set_optimization.ga_subset | GA gen  75/300 | best=18968.392916  gen_best=18968.392916  mean=19016.429908  cache=3376
2026-03-09 14:10:51 | INFO | src.training_set_optimization.ga_subset | GA gen  90/300 | best=18923.730955  gen_best=18923.730955  mean=18991.732182  cache=4041
2026-03-09 14:10:52 | INFO | src.training_set_optimization.ga_subset | GA gen 105/300 | best=18906.382000  gen_best=18906.382000  mean=18957.071584  cache=4692
2026-03-09 14:10:54 | INFO | src.training_set_optimization.ga_subset | GA gen 120/300 | best=18880.917537  gen_best=18880.917537  mean=18943.790806  cache=5333
2026-03-09 14:10:55 | INFO | src.training_set_optimization.ga_subset | GA gen 135/300 | best=18846.354263  gen_best=18846.354263  mean=18892.212907  cache=5992
2026-03-09 14:10:57 | INFO | src.training_set_optimization.ga_subset | GA gen 150/300 | best=18827.124489  gen_best=18827.124489  mean=18859.090326  cache=6638
2026-03-09 14:10:58 | INFO | src.training_set_optimization.ga_subset | GA gen 165/300 | best=18808.128772  gen_best=18808.128772  mean=18837.927163  cache=7296
2026-03-09 14:11:00 | INFO | src.training_set_optimization.ga_subset | GA gen 180/300 | best=18802.066293  gen_best=18802.066293  mean=18843.383212  cache=7947
2026-03-09 14:11:01 | INFO | src.training_set_optimization.ga_subset | GA gen 195/300 | best=18799.214843  gen_best=18799.214843  mean=18829.467731  cache=8597
2026-03-09 14:11:03 | INFO | src.training_set_optimization.ga_subset | GA gen 210/300 | best=18783.129390  gen_best=18783.129390  mean=18812.364674  cache=9255
2026-03-09 14:11:05 | INFO | src.training_set_optimization.ga_subset | GA gen 225/300 | best=18779.570801  gen_best=18779.570801  mean=18822.254381  cache=9906
2026-03-09 14:11:06 | INFO | src.training_set_optimization.ga_subset | GA gen 240/300 | best=18768.946986  gen_best=18768.946986  mean=18817.145402  cache=10566
2026-03-09 14:11:08 | INFO | src.training_set_optimization.ga_subset | GA gen 255/300 | best=18761.263708  gen_best=18761.263708  mean=18807.487400  cache=11220
2026-03-09 14:11:09 | INFO | src.training_set_optimization.ga_subset | GA gen 270/300 | best=18756.605982  gen_best=18756.605982  mean=18804.418618  cache=11869
2026-03-09 14:11:11 | INFO | src.training_set_optimization.ga_subset | GA gen 285/300 | best=18732.884289  gen_best=18732.884289  mean=18769.986400  cache=12517
2026-03-09 14:11:12 | INFO | src.training_set_optimization.ga_subset | GA gen 299/300 | best=18719.066839  gen_best=18719.066839  mean=18759.471003  cache=13132
2026-03-09 14:11:12 | INFO | src.training_set_optimization.ga_subset | GA finished: best fitness=18719.066839  evals=13132  time=30.7s
2026-03-09 14:11:12 | INFO | __main__ |   step 3/12 n_train=250 PEVmean=18719.066839 corr=0.2011
2026-03-09 14:11:13 | INFO | src.training_set_optimization.ga_subset | GA gen   0/300 | best=19247.506627  gen_best=19247.506627  mean=19335.409542  cache=97
2026-03-09 14:11:18 | INFO | src.training_set_optimization.ga_subset | GA gen  15/300 | best=18946.531398  gen_best=18946.531398  mean=19033.001216  cache=751
2026-03-09 14:11:23 | INFO | src.training_set_optimization.ga_subset | GA gen  30/300 | best=18856.967726  gen_best=18856.967726  mean=18896.994143  cache=1406
2026-03-09 14:11:28 | INFO | src.training_set_optimization.ga_subset | GA gen  45/300 | best=18835.731227  gen_best=18835.731227  mean=18874.224336  cache=2046
2026-03-09 14:11:33 | INFO | src.training_set_optimization.ga_subset | GA gen  60/300 | best=18798.700378  gen_best=18798.700378  mean=18840.981632  cache=2709
2026-03-09 14:11:38 | INFO | src.training_set_optimization.ga_subset | GA gen  75/300 | best=18761.664600  gen_best=18761.664600  mean=18800.424046  cache=3372
2026-03-09 14:11:43 | INFO | src.training_set_optimization.ga_subset | GA gen  90/300 | best=18709.856957  gen_best=18709.856957  mean=18729.692828  cache=4018
2026-03-09 14:11:48 | INFO | src.training_set_optimization.ga_subset | GA gen 105/300 | best=18677.263200  gen_best=18677.263200  mean=18705.104506  cache=4678
2026-03-09 14:11:53 | INFO | src.training_set_optimization.ga_subset | GA gen 120/300 | best=18659.602532  gen_best=18659.602532  mean=18682.983787  cache=5347
2026-03-09 14:11:57 | INFO | src.training_set_optimization.ga_subset | GA gen 135/300 | best=18651.927106  gen_best=18651.927106  mean=18668.341686  cache=5986
2026-03-09 14:12:02 | INFO | src.training_set_optimization.ga_subset | GA gen 150/300 | best=18595.893534  gen_best=18595.893534  mean=18646.293422  cache=6625
2026-03-09 14:12:06 | INFO | src.training_set_optimization.ga_subset | GA gen 165/300 | best=18574.045347  gen_best=18574.045347  mean=18606.688264  cache=7267
2026-03-09 14:12:11 | INFO | src.training_set_optimization.ga_subset | GA gen 180/300 | best=18564.576820  gen_best=18564.576820  mean=18590.572504  cache=7913
2026-03-09 14:12:15 | INFO | src.training_set_optimization.ga_subset | GA gen 195/300 | best=18539.204096  gen_best=18539.204096  mean=18593.670929  cache=8560
2026-03-09 14:12:20 | INFO | src.training_set_optimization.ga_subset | GA gen 210/300 | best=18528.396399  gen_best=18528.396399  mean=18572.770490  cache=9211
2026-03-09 14:12:25 | INFO | src.training_set_optimization.ga_subset | GA gen 225/300 | best=18525.149327  gen_best=18525.149327  mean=18549.752456  cache=9850
2026-03-09 14:12:30 | INFO | src.training_set_optimization.ga_subset | GA gen 240/300 | best=18518.593140  gen_best=18518.593140  mean=18548.199699  cache=10502
2026-03-09 14:12:35 | INFO | src.training_set_optimization.ga_subset | GA gen 255/300 | best=18496.984267  gen_best=18496.984267  mean=18524.933454  cache=11158
2026-03-09 14:12:40 | INFO | src.training_set_optimization.ga_subset | GA gen 270/300 | best=18490.539784  gen_best=18490.539784  mean=18520.793126  cache=11808
2026-03-09 14:12:45 | INFO | src.training_set_optimization.ga_subset | GA gen 285/300 | best=18473.303343  gen_best=18473.303343  mean=18514.944691  cache=12454
2026-03-09 14:12:50 | INFO | src.training_set_optimization.ga_subset | GA gen 299/300 | best=18464.664733  gen_best=18464.664733  mean=18493.871008  cache=13046
2026-03-09 14:12:50 | INFO | src.training_set_optimization.ga_subset | GA finished: best fitness=18464.664733  evals=13046  time=98.0s
2026-03-09 14:12:50 | INFO | __main__ |   step 4/12 n_train=500 PEVmean=18464.664733 corr=0.2005
2026-03-09 14:12:57 | INFO | src.training_set_optimization.ga_subset | GA gen   0/300 | best=18120.332921  gen_best=18120.332921  mean=18232.080763  cache=92
2026-03-09 14:13:50 | INFO | src.training_set_optimization.ga_subset | GA gen  15/300 | best=17888.565436  gen_best=17888.565436  mean=17953.121975  cache=752
2026-03-09 14:14:39 | INFO | src.training_set_optimization.ga_subset | GA gen  30/300 | best=17843.331885  gen_best=17843.331885  mean=17864.683741  cache=1385
2026-03-09 14:15:31 | INFO | src.training_set_optimization.ga_subset | GA gen  45/300 | best=17829.286996  gen_best=17829.286996  mean=17854.760200  cache=2044
2026-03-09 14:16:23 | INFO | src.training_set_optimization.ga_subset | GA gen  60/300 | best=17800.113769  gen_best=17800.113769  mean=17823.310930  cache=2711
2026-03-09 14:17:15 | INFO | src.training_set_optimization.ga_subset | GA gen  75/300 | best=17782.654382  gen_best=17782.654382  mean=17799.490584  cache=3364
2026-03-09 14:18:09 | INFO | src.training_set_optimization.ga_subset | GA gen  90/300 | best=17759.385814  gen_best=17759.385814  mean=17789.701503  cache=4029
2026-03-09 14:19:03 | INFO | src.training_set_optimization.ga_subset | GA gen 105/300 | best=17743.788055  gen_best=17743.788055  mean=17785.000426  cache=4692
2026-03-09 14:19:56 | INFO | src.training_set_optimization.ga_subset | GA gen 120/300 | best=17739.614819  gen_best=17739.614819  mean=17773.108835  cache=5354
2026-03-09 14:20:50 | INFO | src.training_set_optimization.ga_subset | GA gen 135/300 | best=17717.320805  gen_best=17717.320805  mean=17769.001179  cache=6020
2026-03-09 14:21:43 | INFO | src.training_set_optimization.ga_subset | GA gen 150/300 | best=17710.889246  gen_best=17710.889246  mean=17740.132142  cache=6669
2026-03-09 14:22:35 | INFO | src.training_set_optimization.ga_subset | GA gen 165/300 | best=17688.280700  gen_best=17688.280700  mean=17709.963442  cache=7312
2026-03-09 14:23:26 | INFO | src.training_set_optimization.ga_subset | GA gen 180/300 | best=17677.568586  gen_best=17677.568586  mean=17710.960202  cache=7949
2026-03-09 14:24:19 | INFO | src.training_set_optimization.ga_subset | GA gen 195/300 | best=17644.205270  gen_best=17644.205270  mean=17667.033243  cache=8600
2026-03-09 14:25:12 | INFO | src.training_set_optimization.ga_subset | GA gen 210/300 | best=17633.723217  gen_best=17633.723217  mean=17655.412856  cache=9248
2026-03-09 14:26:05 | INFO | src.training_set_optimization.ga_subset | GA gen 225/300 | best=17621.288047  gen_best=17621.288047  mean=17642.973742  cache=9909
2026-03-09 14:26:58 | INFO | src.training_set_optimization.ga_subset | GA gen 240/300 | best=17610.934499  gen_best=17610.934499  mean=17643.309395  cache=10558
2026-03-09 14:27:50 | INFO | src.training_set_optimization.ga_subset | GA gen 255/300 | best=17605.523177  gen_best=17605.523177  mean=17628.232278  cache=11209
2026-03-09 14:28:44 | INFO | src.training_set_optimization.ga_subset | GA gen 270/300 | best=17594.748953  gen_best=17594.748953  mean=17622.446500  cache=11871
2026-03-09 14:29:37 | INFO | src.training_set_optimization.ga_subset | GA gen 285/300 | best=17580.667746  gen_best=17580.667746  mean=17608.865253  cache=12525
2026-03-09 14:30:28 | INFO | src.training_set_optimization.ga_subset | GA gen 299/300 | best=17570.504487  gen_best=17570.504487  mean=17584.614316  cache=13134
2026-03-09 14:30:28 | INFO | src.training_set_optimization.ga_subset | GA finished: best fitness=17570.504487  evals=13134  time=1057.9s
2026-03-09 14:30:29 | INFO | __main__ |   step 7/12 n_train=2000 PEVmean=17570.504487 corr=0.2210
2026-03-09 14:30:50 | INFO | src.training_set_optimization.ga_subset | GA gen   0/300 | best=17307.084668  gen_best=17307.084668  mean=17425.688015  cache=94
2026-03-09 14:33:08 | INFO | src.training_set_optimization.ga_subset | GA gen  15/300 | best=17212.975702  gen_best=17212.975702  mean=17246.107290  cache=729
2026-03-09 14:35:32 | INFO | src.training_set_optimization.ga_subset | GA gen  30/300 | best=17178.288682  gen_best=17178.288682  mean=17198.598821  cache=1385
2026-03-09 14:38:02 | INFO | src.training_set_optimization.ga_subset | GA gen  45/300 | best=17168.361167  gen_best=17168.361167  mean=17200.785712  cache=2045
2026-03-09 14:40:26 | INFO | src.training_set_optimization.ga_subset | GA gen  60/300 | best=17154.837057  gen_best=17154.837057  mean=17168.023941  cache=2703
2026-03-09 14:42:49 | INFO | src.training_set_optimization.ga_subset | GA gen  75/300 | best=17140.825388  gen_best=17140.825388  mean=17169.403162  cache=3352
2026-03-09 14:45:16 | INFO | src.training_set_optimization.ga_subset | GA gen  90/300 | best=17133.670279  gen_best=17133.670279  mean=17162.457094  cache=4015
2026-03-09 14:47:41 | INFO | src.training_set_optimization.ga_subset | GA gen 105/300 | best=17131.242266  gen_best=17131.242266  mean=17143.430880  cache=4676
2026-03-09 14:50:04 | INFO | src.training_set_optimization.ga_subset | GA gen 120/300 | best=17128.759387  gen_best=17128.759387  mean=17147.278085  cache=5326
2026-03-09 14:52:29 | INFO | src.training_set_optimization.ga_subset | GA gen 135/300 | best=17117.340370  gen_best=17117.340370  mean=17134.105179  cache=5986
2026-03-09 14:54:50 | INFO | src.training_set_optimization.ga_subset | GA gen 150/300 | best=17105.522141  gen_best=17105.522141  mean=17116.845800  cache=6623
2026-03-09 14:57:08 | INFO | src.training_set_optimization.ga_subset | GA gen 165/300 | best=17097.421251  gen_best=17097.421251  mean=17102.975231  cache=7253
2026-03-09 14:59:33 | INFO | src.training_set_optimization.ga_subset | GA gen 180/300 | best=17093.723732  gen_best=17093.723732  mean=17110.422483  cache=7910
2026-03-09 15:01:57 | INFO | src.training_set_optimization.ga_subset | GA gen 195/300 | best=17091.345452  gen_best=17091.345452  mean=17105.166006  cache=8564
2026-03-09 15:04:19 | INFO | src.training_set_optimization.ga_subset | GA gen 210/300 | best=17079.750017  gen_best=17079.750017  mean=17087.699759  cache=9215
2026-03-09 15:06:41 | INFO | src.training_set_optimization.ga_subset | GA gen 225/300 | best=17074.364486  gen_best=17074.364486  mean=17082.530351  cache=9873
2026-03-09 15:09:02 | INFO | src.training_set_optimization.ga_subset | GA gen 240/300 | best=17066.148544  gen_best=17066.148544  mean=17071.468729  cache=10527
2026-03-09 15:11:29 | INFO | src.training_set_optimization.ga_subset | GA gen 255/300 | best=17054.458901  gen_best=17054.458901  mean=17076.294856  cache=11190
2026-03-09 15:13:47 | INFO | src.training_set_optimization.ga_subset | GA gen 270/300 | best=17049.084756  gen_best=17049.084756  mean=17057.321754  cache=11830
2026-03-09 15:16:09 | INFO | src.training_set_optimization.ga_subset | GA gen 285/300 | best=17047.246610  gen_best=17047.246610  mean=17053.626761  cache=12496
2026-03-09 15:18:20 | INFO | src.training_set_optimization.ga_subset | GA gen 299/300 | best=17046.539764  gen_best=17046.539764  mean=17053.780156  cache=13106
2026-03-09 15:18:20 | INFO | src.training_set_optimization.ga_subset | GA finished: best fitness=17046.539764  evals=13106  time=2871.0s
2026-03-09 15:18:22 | INFO | __main__ |   step 10/12 n_train=3500 PEVmean=17046.539764 corr=0.2091
2026-03-09 15:18:24 | INFO | __main__ |   random baseline order 0 done
2026-03-09 15:18:26 | INFO | __main__ |   random baseline order 1 done
2026-03-09 15:18:30 | INFO | __main__ |   random baseline order 2 done
2026-03-09 15:18:32 | INFO | __main__ |   random baseline order 3 done
2026-03-09 15:18:34 | INFO | __main__ |   random baseline order 4 done
2026-03-09 15:18:34 | INFO | __main__ | Summary saved to outputs/pevmean_ga2/shards/shard_013/body_mass/pevmean_ga_summary.csv
2026-03-09 15:18:34 | INFO | __main__ | PEVmean-GA experiment complete for trait 'body_mass'. Output: outputs/pevmean_ga2/shards/shard_013/body_mass
