2026-03-09 13:43:42 | INFO | __main__ | GA config: GAConfig(pop_size=50, n_generations=300, n_elite=2, tournament_k=3, crossover_prob=0.9, mutation_prob=0.35, n_swaps_per_mut=2, seed=14, verbose=True, stagnation_limit=15)
2026-03-09 13:43:42 | INFO | __main__ | Shard 4/20 enabled; using weighted job distribution across (target, repeat, n_train).
2026-03-09 13:43:42 | INFO | __main__ | Loading data for trait 'body_mass'
2026-03-09 13:43:42 | INFO | src.data | Loading data from NPZ: Data/npz/snp_body_mass_ALL.npz
2026-03-09 13:43:52 | INFO | __main__ | Loaded: 5697 samples, 65344 SNPs
2026-03-09 13:43:52 | INFO | __main__ | Fixed SNP subset: n=20000
2026-03-09 13:43:52 | INFO | __main__ | Shard 4/20 assigned 1/65 jobs (full=0, size=1)
2026-03-09 13:43:52 | INFO | __main__ | Target 3 (Selvær): n_source=5503, n_target=194
2026-03-09 13:43:52 | INFO | __main__ | Training-set sizes: [50, 100, 250, 500, 1000, 1500, 2000, 2500, 3000, 3500, 4000, 4500]
2026-03-09 13:43:54 | INFO | __main__ | PEVmean-GA job 1/1 | trait=body_mass target=3 repeat=5/5 | full=False sizes=[4500]
2026-03-09 13:44:27 | INFO | src.training_set_optimization.ga_subset | GA gen   0/300 | best=16913.226067  gen_best=16913.226067  mean=16978.671091  cache=93
2026-03-09 13:48:16 | INFO | src.training_set_optimization.ga_subset | GA gen  15/300 | best=16848.154908  gen_best=16848.154908  mean=16883.842831  cache=747
2026-03-09 13:52:07 | INFO | src.training_set_optimization.ga_subset | GA gen  30/300 | best=16832.801576  gen_best=16832.801576  mean=16852.263374  cache=1406
2026-03-09 13:55:55 | INFO | src.training_set_optimization.ga_subset | GA gen  45/300 | best=16832.399331  gen_best=16832.399331  mean=16859.017001  cache=2060
2026-03-09 13:59:46 | INFO | src.training_set_optimization.ga_subset | GA gen  60/300 | best=16822.324961  gen_best=16822.324961  mean=16830.337803  cache=2723
2026-03-09 14:03:37 | INFO | src.training_set_optimization.ga_subset | GA gen  75/300 | best=16813.651289  gen_best=16813.651289  mean=16830.514004  cache=3387
2026-03-09 14:07:30 | INFO | src.training_set_optimization.ga_subset | GA gen  90/300 | best=16810.852676  gen_best=16810.852676  mean=16817.707670  cache=4056
2026-03-09 14:12:34 | INFO | src.training_set_optimization.ga_subset | GA gen 105/300 | best=16807.536666  gen_best=16807.536666  mean=16824.065873  cache=4711
2026-03-09 14:16:54 | INFO | src.training_set_optimization.ga_subset | GA gen 120/300 | best=16799.946368  gen_best=16799.946368  mean=16806.593655  cache=5364
2026-03-09 14:20:48 | INFO | src.training_set_optimization.ga_subset | GA gen 135/300 | best=16797.022176  gen_best=16797.022176  mean=16805.432908  cache=6029
2026-03-09 14:24:41 | INFO | src.training_set_optimization.ga_subset | GA gen 150/300 | best=16795.270777  gen_best=16795.270777  mean=16804.115882  cache=6686
2026-03-09 14:28:36 | INFO | src.training_set_optimization.ga_subset | GA gen 165/300 | best=16793.212565  gen_best=16793.212565  mean=16802.763702  cache=7352
2026-03-09 14:32:26 | INFO | src.training_set_optimization.ga_subset | GA gen 180/300 | best=16790.922236  gen_best=16790.922236  mean=16798.289662  cache=8003
2026-03-09 14:36:13 | INFO | src.training_set_optimization.ga_subset | GA gen 195/300 | best=16788.372429  gen_best=16788.372429  mean=16799.531387  cache=8650
2026-03-09 14:39:57 | INFO | src.training_set_optimization.ga_subset | GA gen 210/300 | best=16786.385421  gen_best=16786.385421  mean=16792.914255  cache=9286
2026-03-09 14:43:42 | INFO | src.training_set_optimization.ga_subset | GA gen 225/300 | best=16784.758859  gen_best=16784.758859  mean=16794.258712  cache=9925
2026-03-09 14:47:28 | INFO | src.training_set_optimization.ga_subset | GA gen 240/300 | best=16780.678346  gen_best=16780.678346  mean=16784.257488  cache=10569
2026-03-09 14:51:29 | INFO | src.training_set_optimization.ga_subset | GA gen 255/300 | best=16779.309110  gen_best=16779.309110  mean=16786.878951  cache=11228
2026-03-09 14:55:47 | INFO | src.training_set_optimization.ga_subset | GA gen 270/300 | best=16778.406640  gen_best=16778.406640  mean=16790.334129  cache=11896
2026-03-09 14:59:34 | INFO | src.training_set_optimization.ga_subset | GA gen 285/300 | best=16777.238961  gen_best=16777.238961  mean=16787.727568  cache=12538
2026-03-09 15:03:11 | INFO | src.training_set_optimization.ga_subset | GA gen 299/300 | best=16775.374823  gen_best=16775.374823  mean=16784.630301  cache=13151
2026-03-09 15:03:11 | INFO | src.training_set_optimization.ga_subset | GA finished: best fitness=16775.374823  evals=13151  time=4757.1s
2026-03-09 15:03:15 | INFO | __main__ |   step 12/12 n_train=4500 PEVmean=16775.374823 corr=0.1921
2026-03-09 15:03:17 | INFO | __main__ |   random baseline order 0 done
2026-03-09 15:03:19 | INFO | __main__ |   random baseline order 1 done
2026-03-09 15:03:20 | INFO | __main__ |   random baseline order 2 done
2026-03-09 15:03:22 | INFO | __main__ |   random baseline order 3 done
2026-03-09 15:03:24 | INFO | __main__ |   random baseline order 4 done
2026-03-09 15:03:24 | INFO | __main__ | Summary saved to outputs/pevmean_ga2/shards/shard_004/body_mass/pevmean_ga_summary.csv
2026-03-09 15:03:24 | INFO | __main__ | PEVmean-GA experiment complete for trait 'body_mass'. Output: outputs/pevmean_ga2/shards/shard_004/body_mass
