2026-03-10 10:09:13 | INFO | __main__ | GA config: GAConfig(pop_size=50, n_generations=300, n_elite=2, tournament_k=3, crossover_prob=0.9, mutation_prob=0.35, n_swaps_per_mut=2, seed=14, verbose=True, stagnation_limit=15)
2026-03-10 10:09:13 | INFO | __main__ | Shard 18/20 enabled; using weighted job distribution across (target, repeat, n_train).
2026-03-10 10:09:13 | INFO | __main__ | Loading data for trait 'body_mass'
2026-03-10 10:09:13 | INFO | src.data | Loading data from NPZ: Data/npz/snp_body_mass_ALL.npz
2026-03-10 10:09:23 | INFO | __main__ | Loaded: 5697 samples, 65344 SNPs
2026-03-10 10:09:23 | INFO | __main__ | Fixed SNP subset: n=20000
2026-03-10 10:09:23 | INFO | __main__ | Shard 18/20 assigned 3/65 jobs (full=0, size=3)
2026-03-10 10:09:24 | INFO | __main__ | Target 6 (Indre Kvarøy): n_source=5341, n_target=356
2026-03-10 10:09:24 | INFO | __main__ | Training-set sizes: [50, 100, 250, 500, 1000, 1500, 2000, 2500, 3000, 3500, 4000, 4500]
2026-03-10 10:09:26 | INFO | __main__ | PEVmean-GA job 3/3 | trait=body_mass target=6 repeat=4/5 | full=False sizes=[1500, 2500, 3000]
2026-03-10 10:09:31 | INFO | src.training_set_optimization.ga_subset | GA gen   0/300 | best=18093.149375  gen_best=18093.149375  mean=18169.605094  cache=90
2026-03-10 10:10:11 | INFO | src.training_set_optimization.ga_subset | GA gen  15/300 | best=17825.308301  gen_best=17825.308301  mean=17904.981013  cache=743
2026-03-10 10:10:48 | INFO | src.training_set_optimization.ga_subset | GA gen  30/300 | best=17770.069786  gen_best=17770.069786  mean=17842.198999  cache=1394
2026-03-10 10:11:26 | INFO | src.training_set_optimization.ga_subset | GA gen  45/300 | best=17757.307068  gen_best=17757.307068  mean=17809.110778  cache=2051
2026-03-10 10:12:04 | INFO | src.training_set_optimization.ga_subset | GA gen  60/300 | best=17743.396737  gen_best=17743.396737  mean=17771.389274  cache=2706
2026-03-10 10:12:42 | INFO | src.training_set_optimization.ga_subset | GA gen  75/300 | best=17730.230524  gen_best=17730.230524  mean=17757.380117  cache=3351
2026-03-10 10:13:20 | INFO | src.training_set_optimization.ga_subset | GA gen  90/300 | best=17722.636521  gen_best=17722.636521  mean=17747.443604  cache=4002
2026-03-10 10:13:57 | INFO | src.training_set_optimization.ga_subset | GA gen 105/300 | best=17714.332595  gen_best=17714.332595  mean=17735.877693  cache=4654
2026-03-10 10:14:35 | INFO | src.training_set_optimization.ga_subset | GA gen 120/300 | best=17705.506183  gen_best=17705.506183  mean=17723.019672  cache=5305
2026-03-10 10:15:13 | INFO | src.training_set_optimization.ga_subset | GA gen 135/300 | best=17692.867884  gen_best=17692.867884  mean=17711.655340  cache=5966
2026-03-10 10:15:51 | INFO | src.training_set_optimization.ga_subset | GA gen 150/300 | best=17690.433263  gen_best=17690.433263  mean=17726.764013  cache=6617
2026-03-10 10:16:29 | INFO | src.training_set_optimization.ga_subset | GA gen 165/300 | best=17680.755554  gen_best=17680.755554  mean=17704.145381  cache=7271
2026-03-10 10:17:07 | INFO | src.training_set_optimization.ga_subset | GA gen 180/300 | best=17659.059542  gen_best=17659.059542  mean=17680.589133  cache=7925
2026-03-10 10:17:46 | INFO | src.training_set_optimization.ga_subset | GA gen 195/300 | best=17634.379160  gen_best=17634.379160  mean=17653.425935  cache=8585
2026-03-10 10:18:24 | INFO | src.training_set_optimization.ga_subset | GA gen 210/300 | best=17625.815842  gen_best=17625.815842  mean=17667.217143  cache=9239
2026-03-10 10:19:01 | INFO | src.training_set_optimization.ga_subset | GA gen 225/300 | best=17618.242052  gen_best=17618.242052  mean=17632.155011  cache=9887
2026-03-10 10:19:39 | INFO | src.training_set_optimization.ga_subset | GA gen 240/300 | best=17612.449480  gen_best=17612.449480  mean=17627.406413  cache=10543
2026-03-10 10:20:17 | INFO | src.training_set_optimization.ga_subset | GA gen 255/300 | best=17607.252594  gen_best=17607.252594  mean=17622.837846  cache=11185
2026-03-10 10:20:54 | INFO | src.training_set_optimization.ga_subset | GA gen 270/300 | best=17603.261322  gen_best=17603.261322  mean=17626.461149  cache=11824
2026-03-10 10:21:31 | INFO | src.training_set_optimization.ga_subset | GA gen 285/300 | best=17584.085256  gen_best=17584.085256  mean=17602.805800  cache=12470
2026-03-10 10:22:07 | INFO | src.training_set_optimization.ga_subset | GA gen 299/300 | best=17578.686897  gen_best=17578.686897  mean=17603.771353  cache=13079
2026-03-10 10:22:07 | INFO | src.training_set_optimization.ga_subset | GA finished: best fitness=17578.686897  evals=13079  time=761.0s
2026-03-10 10:22:08 | INFO | __main__ |   step 6/12 n_train=1500 PEVmean=17578.686897 corr=0.2102
2026-03-10 10:22:20 | INFO | src.training_set_optimization.ga_subset | GA gen   0/300 | best=17540.385784  gen_best=17540.385784  mean=17612.297215  cache=93
2026-03-10 10:23:47 | INFO | src.training_set_optimization.ga_subset | GA gen  15/300 | best=17370.125126  gen_best=17370.125126  mean=17448.136081  cache=749
2026-03-10 10:25:15 | INFO | src.training_set_optimization.ga_subset | GA gen  30/300 | best=17322.831227  gen_best=17322.831227  mean=17360.344358  cache=1409
2026-03-10 10:26:45 | INFO | src.training_set_optimization.ga_subset | GA gen  45/300 | best=17289.273771  gen_best=17289.273771  mean=17343.901768  cache=2079
2026-03-10 10:28:14 | INFO | src.training_set_optimization.ga_subset | GA gen  60/300 | best=17281.368259  gen_best=17281.368259  mean=17301.551679  cache=2738
2026-03-10 10:29:41 | INFO | src.training_set_optimization.ga_subset | GA gen  75/300 | best=17259.246845  gen_best=17259.246845  mean=17296.238370  cache=3393
2026-03-10 10:31:08 | INFO | src.training_set_optimization.ga_subset | GA gen  90/300 | best=17254.891881  gen_best=17254.891881  mean=17265.244936  cache=4040
2026-03-10 10:32:36 | INFO | src.training_set_optimization.ga_subset | GA gen 105/300 | best=17246.741888  gen_best=17246.741888  mean=17260.467286  cache=4698
2026-03-10 10:34:03 | INFO | src.training_set_optimization.ga_subset | GA gen 120/300 | best=17238.929477  gen_best=17238.929477  mean=17250.664303  cache=5354
2026-03-10 10:35:29 | INFO | src.training_set_optimization.ga_subset | GA gen 135/300 | best=17237.080860  gen_best=17237.080860  mean=17261.551810  cache=6006
2026-03-10 10:36:57 | INFO | src.training_set_optimization.ga_subset | GA gen 150/300 | best=17235.733793  gen_best=17235.733793  mean=17266.315629  cache=6674
2026-03-10 10:38:24 | INFO | src.training_set_optimization.ga_subset | GA gen 165/300 | best=17230.749674  gen_best=17230.749674  mean=17239.422869  cache=7330
2026-03-10 10:39:49 | INFO | src.training_set_optimization.ga_subset | GA gen 180/300 | best=17223.339391  gen_best=17223.339391  mean=17230.628948  cache=7982
2026-03-10 10:41:11 | INFO | src.training_set_optimization.ga_subset | GA gen 195/300 | best=17213.825401  gen_best=17213.825401  mean=17228.954406  cache=8626
2026-03-10 10:42:36 | INFO | src.training_set_optimization.ga_subset | GA gen 210/300 | best=17200.988782  gen_best=17200.988782  mean=17218.604894  cache=9285
2026-03-10 10:44:02 | INFO | src.training_set_optimization.ga_subset | GA gen 225/300 | best=17195.160665  gen_best=17195.160665  mean=17200.822741  cache=9931
2026-03-10 10:45:31 | INFO | src.training_set_optimization.ga_subset | GA gen 240/300 | best=17193.301176  gen_best=17193.301176  mean=17200.418238  cache=10593
2026-03-10 10:47:00 | INFO | src.training_set_optimization.ga_subset | GA gen 255/300 | best=17183.893455  gen_best=17183.893455  mean=17194.498756  cache=11257
2026-03-10 10:48:26 | INFO | src.training_set_optimization.ga_subset | GA gen 270/300 | best=17181.617136  gen_best=17181.617136  mean=17199.430579  cache=11910
2026-03-10 10:49:51 | INFO | src.training_set_optimization.ga_subset | GA gen 285/300 | best=17179.263825  gen_best=17179.263825  mean=17194.987364  cache=12558
2026-03-10 10:51:11 | INFO | src.training_set_optimization.ga_subset | GA gen 299/300 | best=17173.160964  gen_best=17173.160964  mean=17187.584188  cache=13172
2026-03-10 10:51:11 | INFO | src.training_set_optimization.ga_subset | GA finished: best fitness=17173.160964  evals=13172  time=1743.2s
2026-03-10 10:51:13 | INFO | __main__ |   step 8/12 n_train=2500 PEVmean=17173.160964 corr=0.2388
2026-03-10 10:51:30 | INFO | src.training_set_optimization.ga_subset | GA gen   0/300 | best=17257.129729  gen_best=17257.129729  mean=17339.617582  cache=96
2026-03-10 10:53:28 | INFO | src.training_set_optimization.ga_subset | GA gen  15/300 | best=17147.450195  gen_best=17147.450195  mean=17195.219226  cache=746
2026-03-10 10:55:25 | INFO | src.training_set_optimization.ga_subset | GA gen  30/300 | best=17105.031653  gen_best=17105.031653  mean=17153.018502  cache=1399
2026-03-10 10:57:25 | INFO | src.training_set_optimization.ga_subset | GA gen  45/300 | best=17088.208348  gen_best=17088.208348  mean=17098.086969  cache=2067
2026-03-10 10:59:25 | INFO | src.training_set_optimization.ga_subset | GA gen  60/300 | best=17076.853497  gen_best=17076.853497  mean=17094.800868  cache=2732
2026-03-10 11:01:19 | INFO | src.training_set_optimization.ga_subset | GA gen  75/300 | best=17067.835890  gen_best=17067.835890  mean=17082.791227  cache=3379
2026-03-10 11:03:15 | INFO | src.training_set_optimization.ga_subset | GA gen  90/300 | best=17061.007561  gen_best=17061.007561  mean=17070.331292  cache=4032
2026-03-10 11:05:09 | INFO | src.training_set_optimization.ga_subset | GA gen 105/300 | best=17056.082495  gen_best=17056.082495  mean=17065.007439  cache=4672
2026-03-10 11:07:06 | INFO | src.training_set_optimization.ga_subset | GA gen 120/300 | best=17045.998275  gen_best=17045.998275  mean=17067.371506  cache=5336
2026-03-10 11:09:04 | INFO | src.training_set_optimization.ga_subset | GA gen 135/300 | best=17044.068954  gen_best=17044.068954  mean=17050.135211  cache=5994
2026-03-10 11:11:03 | INFO | src.training_set_optimization.ga_subset | GA gen 150/300 | best=17036.441048  gen_best=17036.441048  mean=17059.879028  cache=6660
2026-03-10 11:12:58 | INFO | src.training_set_optimization.ga_subset | GA gen 165/300 | best=17028.166756  gen_best=17028.166756  mean=17057.450951  cache=7310
2026-03-10 11:14:56 | INFO | src.training_set_optimization.ga_subset | GA gen 180/300 | best=17017.315495  gen_best=17017.315495  mean=17030.500272  cache=7964
2026-03-10 11:16:52 | INFO | src.training_set_optimization.ga_subset | GA gen 195/300 | best=17014.657164  gen_best=17014.657164  mean=17027.853907  cache=8615
2026-03-10 11:18:53 | INFO | src.training_set_optimization.ga_subset | GA gen 210/300 | best=17008.802521  gen_best=17008.802521  mean=17019.801946  cache=9267
2026-03-10 11:20:56 | INFO | src.training_set_optimization.ga_subset | GA gen 225/300 | best=17003.600540  gen_best=17003.600540  mean=17018.150094  cache=9929
2026-03-10 11:22:56 | INFO | src.training_set_optimization.ga_subset | GA gen 240/300 | best=16998.517474  gen_best=16998.517474  mean=17010.073821  cache=10586
2026-03-10 11:24:55 | INFO | src.training_set_optimization.ga_subset | GA gen 255/300 | best=16995.247094  gen_best=16995.247094  mean=17006.497960  cache=11234
2026-03-10 11:26:55 | INFO | src.training_set_optimization.ga_subset | GA gen 270/300 | best=16989.842430  gen_best=16989.842430  mean=16995.367905  cache=11892
2026-03-10 11:28:55 | INFO | src.training_set_optimization.ga_subset | GA gen 285/300 | best=16986.967217  gen_best=16986.967217  mean=16993.740522  cache=12542
2026-03-10 11:30:46 | INFO | src.training_set_optimization.ga_subset | GA gen 299/300 | best=16984.092579  gen_best=16984.092579  mean=16994.145392  cache=13149
2026-03-10 11:30:46 | INFO | src.training_set_optimization.ga_subset | GA finished: best fitness=16984.092579  evals=13149  time=2372.7s
2026-03-10 11:30:48 | INFO | __main__ |   step 9/12 n_train=3000 PEVmean=16984.092579 corr=0.2931
2026-03-10 11:30:50 | INFO | __main__ |   random baseline order 0 done
2026-03-10 11:30:53 | INFO | __main__ |   random baseline order 1 done
2026-03-10 11:30:56 | INFO | __main__ |   random baseline order 2 done
2026-03-10 11:30:59 | INFO | __main__ |   random baseline order 3 done
2026-03-10 11:31:01 | INFO | __main__ |   random baseline order 4 done
2026-03-10 11:31:01 | INFO | __main__ | Summary saved to outputs/pevmean_ga3/shards/shard_018/body_mass/pevmean_ga_summary.csv
2026-03-10 11:31:01 | INFO | __main__ | PEVmean-GA experiment complete for trait 'body_mass'. Output: outputs/pevmean_ga3/shards/shard_018/body_mass
