2026-03-06 11:36:43 | INFO | __main__ | GA config: GAConfig(pop_size=50, n_generations=100, n_elite=2, tournament_k=3, crossover_prob=0.9, mutation_prob=0.3, n_swaps_per_mut=2, seed=14, verbose=True, stagnation_limit=20)
2026-03-06 11:36:43 | INFO | __main__ | Shard 17/20 assigned repeat=4, n_train_size=1000
2026-03-06 11:36:43 | INFO | __main__ | Loading data for trait 'body_mass'
2026-03-06 11:36:43 | INFO | src.data | Loading data from NPZ: Data/npz/snp_body_mass_ALL.npz
2026-03-06 11:36:51 | INFO | __main__ | Loaded: 5697 samples, 65344 SNPs
2026-03-06 11:36:51 | INFO | __main__ | Fixed SNP subset: n=20000
2026-03-06 11:36:51 | INFO | __main__ | Target 3 (Selvær): n_source=5503, n_target=194
2026-03-06 11:36:51 | INFO | __main__ | Training-set sizes: [1000]
2026-03-06 11:36:53 | INFO | __main__ | PEVmean-GA 1/5 | trait=body_mass target=3 repeat=5/5
2026-03-06 11:36:55 | INFO | src.training_set_optimization.ga_subset | GA gen   0/100 | best=18718.038854  gen_best=18718.038854  mean=18870.629763  cache=95
2026-03-06 11:36:59 | INFO | src.training_set_optimization.ga_subset | GA gen   5/100 | best=18570.059014  gen_best=18570.059014  mean=18678.080204  cache=307
2026-03-06 11:37:03 | INFO | src.training_set_optimization.ga_subset | GA gen  10/100 | best=18463.206895  gen_best=18463.206895  mean=18573.930065  cache=515
2026-03-06 11:37:08 | INFO | src.training_set_optimization.ga_subset | GA gen  15/100 | best=18419.577565  gen_best=18419.577565  mean=18501.732820  cache=738
2026-03-06 11:37:12 | INFO | src.training_set_optimization.ga_subset | GA gen  20/100 | best=18354.483686  gen_best=18354.483686  mean=18452.368616  cache=962
2026-03-06 11:37:16 | INFO | src.training_set_optimization.ga_subset | GA gen  25/100 | best=18349.336162  gen_best=18349.336162  mean=18401.215913  cache=1168
2026-03-06 11:37:21 | INFO | src.training_set_optimization.ga_subset | GA gen  30/100 | best=18342.930730  gen_best=18342.930730  mean=18364.375643  cache=1385
2026-03-06 11:37:25 | INFO | src.training_set_optimization.ga_subset | GA gen  35/100 | best=18331.279626  gen_best=18331.279626  mean=18367.686607  cache=1605
2026-03-06 11:37:30 | INFO | src.training_set_optimization.ga_subset | GA gen  40/100 | best=18323.815878  gen_best=18323.815878  mean=18366.745737  cache=1826
2026-03-06 11:37:34 | INFO | src.training_set_optimization.ga_subset | GA gen  45/100 | best=18320.131962  gen_best=18320.131962  mean=18335.931965  cache=2043
2026-03-06 11:37:39 | INFO | src.training_set_optimization.ga_subset | GA gen  50/100 | best=18314.937451  gen_best=18314.937451  mean=18330.230425  cache=2253
2026-03-06 11:37:43 | INFO | src.training_set_optimization.ga_subset | GA gen  55/100 | best=18312.623392  gen_best=18312.623392  mean=18329.446252  cache=2467
2026-03-06 11:37:47 | INFO | src.training_set_optimization.ga_subset | GA gen  60/100 | best=18303.181562  gen_best=18303.181562  mean=18326.165722  cache=2684
2026-03-06 11:37:51 | INFO | src.training_set_optimization.ga_subset | GA gen  65/100 | best=18294.267016  gen_best=18294.267016  mean=18324.030959  cache=2884
2026-03-06 11:37:56 | INFO | src.training_set_optimization.ga_subset | GA gen  70/100 | best=18291.800073  gen_best=18291.800073  mean=18327.122848  cache=3105
2026-03-06 11:38:00 | INFO | src.training_set_optimization.ga_subset | GA gen  75/100 | best=18277.160122  gen_best=18277.160122  mean=18297.974881  cache=3323
2026-03-06 11:38:05 | INFO | src.training_set_optimization.ga_subset | GA gen  80/100 | best=18258.442125  gen_best=18258.442125  mean=18282.502248  cache=3541
2026-03-06 11:38:09 | INFO | src.training_set_optimization.ga_subset | GA gen  85/100 | best=18255.448860  gen_best=18255.448860  mean=18287.648717  cache=3762
2026-03-06 11:38:14 | INFO | src.training_set_optimization.ga_subset | GA gen  90/100 | best=18241.338745  gen_best=18241.338745  mean=18295.146168  cache=3977
2026-03-06 11:38:18 | INFO | src.training_set_optimization.ga_subset | GA gen  95/100 | best=18241.338745  gen_best=18241.338745  mean=18270.636715  cache=4197
2026-03-06 11:38:22 | INFO | src.training_set_optimization.ga_subset | GA gen  99/100 | best=18237.010656  gen_best=18237.010656  mean=18261.609046  cache=4367
2026-03-06 11:38:22 | INFO | src.training_set_optimization.ga_subset | GA finished: best fitness=18237.010656  evals=4367  time=88.7s
2026-03-06 11:38:22 | INFO | __main__ |   step 1/1 n_train=1000 PEVmean=18237.010656 corr=0.2438
2026-03-06 11:38:22 | INFO | __main__ |   random baseline order 0 done
2026-03-06 11:38:23 | INFO | __main__ |   random baseline order 1 done
2026-03-06 11:38:23 | INFO | __main__ |   random baseline order 2 done
2026-03-06 11:38:23 | INFO | __main__ |   random baseline order 3 done
2026-03-06 11:38:24 | INFO | __main__ |   random baseline order 4 done
2026-03-06 11:38:24 | INFO | __main__ | Summary saved to outputs/pevmean_ga/shards/shard_017/body_mass/pevmean_ga_summary.csv
2026-03-06 11:38:24 | INFO | __main__ | PEVmean-GA experiment complete for trait 'body_mass'. Output: outputs/pevmean_ga/shards/shard_017/body_mass
