2026-03-10 10:09:13 | INFO | __main__ | GA config: GAConfig(pop_size=50, n_generations=300, n_elite=2, tournament_k=3, crossover_prob=0.9, mutation_prob=0.35, n_swaps_per_mut=2, seed=14, verbose=True, stagnation_limit=15)
2026-03-10 10:09:13 | INFO | __main__ | Shard 12/20 enabled; using weighted job distribution across (target, repeat, n_train).
2026-03-10 10:09:13 | INFO | __main__ | Loading data for trait 'body_mass'
2026-03-10 10:09:13 | INFO | src.data | Loading data from NPZ: Data/npz/snp_body_mass_ALL.npz
2026-03-10 10:09:23 | INFO | __main__ | Loaded: 5697 samples, 65344 SNPs
2026-03-10 10:09:23 | INFO | __main__ | Fixed SNP subset: n=20000
2026-03-10 10:09:23 | INFO | __main__ | Shard 12/20 assigned 7/65 jobs (full=1, size=6)
2026-03-10 10:09:23 | INFO | __main__ | Target 6 (Indre Kvarøy): n_source=5341, n_target=356
2026-03-10 10:09:23 | INFO | __main__ | Training-set sizes: [50, 100, 250, 500, 1000, 1500, 2000, 2500, 3000, 3500, 4000, 4500]
2026-03-10 10:09:25 | INFO | __main__ | PEVmean-GA job 7/7 | trait=body_mass target=6 repeat=3/5 | full=True sizes=[50, 100, 250, 500, 2000, 3500]
2026-03-10 10:09:29 | INFO | src.training_set_optimization.ga_subset | GA gen   0/300 | best=19273.133048  gen_best=19273.133048  mean=19338.223568  cache=95
2026-03-10 10:09:29 | INFO | src.training_set_optimization.ga_subset | GA gen  15/300 | best=19139.221924  gen_best=19139.221924  mean=19172.704205  cache=751
2026-03-10 10:09:29 | INFO | src.training_set_optimization.ga_subset | GA gen  30/300 | best=19118.300340  gen_best=19118.300340  mean=19159.259862  cache=1408
2026-03-10 10:09:30 | INFO | src.training_set_optimization.ga_subset | GA gen  45/300 | best=19088.803843  gen_best=19088.803843  mean=19128.860719  cache=2047
2026-03-10 10:09:30 | INFO | src.training_set_optimization.ga_subset | GA gen  60/300 | best=19068.624627  gen_best=19068.624627  mean=19098.444621  cache=2695
2026-03-10 10:09:31 | INFO | src.training_set_optimization.ga_subset | GA gen  75/300 | best=19055.315967  gen_best=19055.315967  mean=19097.806554  cache=3334
2026-03-10 10:09:31 | INFO | src.training_set_optimization.ga_subset | GA gen  90/300 | best=19025.220877  gen_best=19025.220877  mean=19072.643149  cache=3981
2026-03-10 10:09:32 | INFO | src.training_set_optimization.ga_subset | GA gen 105/300 | best=19004.310975  gen_best=19004.310975  mean=19053.514230  cache=4622
2026-03-10 10:09:32 | INFO | src.training_set_optimization.ga_subset | GA gen 120/300 | best=18967.529766  gen_best=18967.529766  mean=19010.974787  cache=5278
2026-03-10 10:09:32 | INFO | src.training_set_optimization.ga_subset | GA gen 135/300 | best=18962.647359  gen_best=18962.647359  mean=19000.342355  cache=5916
2026-03-10 10:09:33 | INFO | src.training_set_optimization.ga_subset | GA gen 150/300 | best=18942.777626  gen_best=18942.777626  mean=18997.315052  cache=6569
2026-03-10 10:09:33 | INFO | src.training_set_optimization.ga_subset | GA gen 165/300 | best=18931.812751  gen_best=18931.812751  mean=18982.931153  cache=7215
2026-03-10 10:09:34 | INFO | src.training_set_optimization.ga_subset | GA gen 180/300 | best=18915.998140  gen_best=18915.998140  mean=18972.891565  cache=7853
2026-03-10 10:09:34 | INFO | src.training_set_optimization.ga_subset | GA gen 195/300 | best=18907.382791  gen_best=18907.382791  mean=18950.214289  cache=8509
2026-03-10 10:09:34 | INFO | src.training_set_optimization.ga_subset | GA gen 210/300 | best=18903.055685  gen_best=18903.055685  mean=18946.142421  cache=9161
2026-03-10 10:09:35 | INFO | src.training_set_optimization.ga_subset | GA gen 225/300 | best=18886.151136  gen_best=18886.151136  mean=18931.319869  cache=9816
2026-03-10 10:09:35 | INFO | src.training_set_optimization.ga_subset | GA gen 240/300 | best=18869.670623  gen_best=18869.670623  mean=18908.927561  cache=10456
2026-03-10 10:09:36 | INFO | src.training_set_optimization.ga_subset | GA gen 255/300 | best=18849.497740  gen_best=18849.497740  mean=18907.532013  cache=11104
2026-03-10 10:09:36 | INFO | src.training_set_optimization.ga_subset | GA gen 270/300 | best=18846.183001  gen_best=18846.183001  mean=18883.654376  cache=11738
2026-03-10 10:09:37 | INFO | src.training_set_optimization.ga_subset | GA gen 285/300 | best=18842.572389  gen_best=18842.572389  mean=18859.022664  cache=12360
2026-03-10 10:09:37 | INFO | src.training_set_optimization.ga_subset | GA gen 299/300 | best=18837.347841  gen_best=18837.347841  mean=18865.173393  cache=12936
2026-03-10 10:09:37 | INFO | src.training_set_optimization.ga_subset | GA finished: best fitness=18837.347841  evals=12936  time=8.4s
2026-03-10 10:09:37 | INFO | __main__ |   step 1/12 n_train=50 PEVmean=18837.347841 corr=-0.0768
2026-03-10 10:09:37 | INFO | src.training_set_optimization.ga_subset | GA gen   0/300 | best=19217.995874  gen_best=19217.995874  mean=19277.744093  cache=92
2026-03-10 10:09:38 | INFO | src.training_set_optimization.ga_subset | GA gen  15/300 | best=19039.247315  gen_best=19039.247315  mean=19087.500101  cache=755
2026-03-10 10:09:39 | INFO | src.training_set_optimization.ga_subset | GA gen  30/300 | best=18993.485342  gen_best=18993.485342  mean=19019.359282  cache=1401
2026-03-10 10:09:39 | INFO | src.training_set_optimization.ga_subset | GA gen  45/300 | best=18959.779578  gen_best=18959.779578  mean=18996.903645  cache=2075
2026-03-10 10:09:40 | INFO | src.training_set_optimization.ga_subset | GA gen  60/300 | best=18938.415102  gen_best=18938.415102  mean=18980.058638  cache=2730
2026-03-10 10:09:41 | INFO | src.training_set_optimization.ga_subset | GA gen  75/300 | best=18919.403487  gen_best=18919.403487  mean=18966.177861  cache=3405
2026-03-10 10:09:41 | INFO | src.training_set_optimization.ga_subset | GA gen  90/300 | best=18866.068690  gen_best=18866.068690  mean=18931.646676  cache=4071
2026-03-10 10:09:42 | INFO | src.training_set_optimization.ga_subset | GA gen 105/300 | best=18857.527343  gen_best=18857.527343  mean=18912.510523  cache=4729
2026-03-10 10:09:43 | INFO | src.training_set_optimization.ga_subset | GA gen 120/300 | best=18849.451660  gen_best=18849.451660  mean=18891.236495  cache=5386
2026-03-10 10:09:43 | INFO | src.training_set_optimization.ga_subset | GA gen 135/300 | best=18828.822433  gen_best=18828.822433  mean=18874.183894  cache=6045
2026-03-10 10:09:44 | INFO | src.training_set_optimization.ga_subset | GA gen 150/300 | best=18818.774852  gen_best=18818.774852  mean=18855.813006  cache=6679
2026-03-10 10:09:44 | INFO | src.training_set_optimization.ga_subset | GA gen 165/300 | best=18799.922304  gen_best=18799.922304  mean=18838.276769  cache=7338
2026-03-10 10:09:45 | INFO | src.training_set_optimization.ga_subset | GA gen 180/300 | best=18793.912730  gen_best=18793.912730  mean=18827.615043  cache=7978
2026-03-10 10:09:46 | INFO | src.training_set_optimization.ga_subset | GA gen 195/300 | best=18785.049617  gen_best=18785.049617  mean=18827.338895  cache=8625
2026-03-10 10:09:46 | INFO | src.training_set_optimization.ga_subset | GA gen 210/300 | best=18782.576328  gen_best=18782.576328  mean=18828.338696  cache=9279
2026-03-10 10:09:47 | INFO | src.training_set_optimization.ga_subset | GA gen 225/300 | best=18776.208654  gen_best=18776.208654  mean=18810.164065  cache=9938
2026-03-10 10:09:48 | INFO | src.training_set_optimization.ga_subset | GA gen 240/300 | best=18746.003402  gen_best=18746.003402  mean=18789.639460  cache=10597
2026-03-10 10:09:48 | INFO | src.training_set_optimization.ga_subset | GA gen 255/300 | best=18735.658690  gen_best=18735.658690  mean=18792.384182  cache=11238
2026-03-10 10:09:49 | INFO | src.training_set_optimization.ga_subset | GA gen 270/300 | best=18731.614540  gen_best=18731.614540  mean=18751.012132  cache=11862
2026-03-10 10:09:49 | INFO | src.training_set_optimization.ga_subset | GA gen 285/300 | best=18695.456233  gen_best=18695.456233  mean=18736.978534  cache=12509
2026-03-10 10:09:50 | INFO | src.training_set_optimization.ga_subset | GA gen 299/300 | best=18690.189340  gen_best=18690.189340  mean=18742.137725  cache=13112
2026-03-10 10:09:50 | INFO | src.training_set_optimization.ga_subset | GA finished: best fitness=18690.189340  evals=13112  time=13.0s
2026-03-10 10:09:50 | INFO | __main__ |   step 2/12 n_train=100 PEVmean=18690.189340 corr=-0.0588
2026-03-10 10:09:52 | INFO | src.training_set_optimization.ga_subset | GA gen   0/300 | best=19058.213222  gen_best=19058.213222  mean=19128.963877  cache=92
2026-03-10 10:09:55 | INFO | src.training_set_optimization.ga_subset | GA gen  15/300 | best=18801.957425  gen_best=18801.957425  mean=18868.802197  cache=748
2026-03-10 10:09:57 | INFO | src.training_set_optimization.ga_subset | GA gen  30/300 | best=18708.044526  gen_best=18708.044526  mean=18757.769121  cache=1400
2026-03-10 10:09:58 | INFO | src.training_set_optimization.ga_subset | GA gen  45/300 | best=18695.481702  gen_best=18695.481702  mean=18751.761908  cache=2060
2026-03-10 10:10:00 | INFO | src.training_set_optimization.ga_subset | GA gen  60/300 | best=18677.993995  gen_best=18677.993995  mean=18726.681407  cache=2723
2026-03-10 10:10:02 | INFO | src.training_set_optimization.ga_subset | GA gen  75/300 | best=18655.924871  gen_best=18655.924871  mean=18701.076916  cache=3375
2026-03-10 10:10:04 | INFO | src.training_set_optimization.ga_subset | GA gen  90/300 | best=18636.848595  gen_best=18636.848595  mean=18678.758826  cache=4038
2026-03-10 10:10:06 | INFO | src.training_set_optimization.ga_subset | GA gen 105/300 | best=18623.124714  gen_best=18623.124714  mean=18654.563922  cache=4682
2026-03-10 10:10:08 | INFO | src.training_set_optimization.ga_subset | GA gen 120/300 | best=18617.155754  gen_best=18617.155754  mean=18650.810606  cache=5328
2026-03-10 10:10:10 | INFO | src.training_set_optimization.ga_subset | GA gen 135/300 | best=18588.219856  gen_best=18588.219856  mean=18631.161230  cache=5977
2026-03-10 10:10:12 | INFO | src.training_set_optimization.ga_subset | GA gen 150/300 | best=18568.725060  gen_best=18568.725060  mean=18625.089023  cache=6646
2026-03-10 10:10:14 | INFO | src.training_set_optimization.ga_subset | GA gen 165/300 | best=18536.026766  gen_best=18536.026766  mean=18578.124901  cache=7292
2026-03-10 10:10:15 | INFO | src.training_set_optimization.ga_subset | GA gen 180/300 | best=18532.482217  gen_best=18532.482217  mean=18570.512576  cache=7953
2026-03-10 10:10:17 | INFO | src.training_set_optimization.ga_subset | GA gen 195/300 | best=18525.199156  gen_best=18525.199156  mean=18564.457323  cache=8593
2026-03-10 10:10:19 | INFO | src.training_set_optimization.ga_subset | GA gen 210/300 | best=18518.902329  gen_best=18518.902329  mean=18537.181723  cache=9220
2026-03-10 10:10:21 | INFO | src.training_set_optimization.ga_subset | GA gen 225/300 | best=18515.926001  gen_best=18515.926001  mean=18550.879021  cache=9874
2026-03-10 10:10:23 | INFO | src.training_set_optimization.ga_subset | GA gen 240/300 | best=18507.033457  gen_best=18507.033457  mean=18544.608833  cache=10529
2026-03-10 10:10:25 | INFO | src.training_set_optimization.ga_subset | GA gen 255/300 | best=18505.533537  gen_best=18505.533537  mean=18559.350171  cache=11191
2026-03-10 10:10:27 | INFO | src.training_set_optimization.ga_subset | GA gen 270/300 | best=18499.184173  gen_best=18499.184173  mean=18527.948286  cache=11826
2026-03-10 10:10:28 | INFO | src.training_set_optimization.ga_subset | GA gen 285/300 | best=18488.757257  gen_best=18488.757257  mean=18502.287324  cache=12470
2026-03-10 10:10:30 | INFO | src.training_set_optimization.ga_subset | GA gen 299/300 | best=18480.299867  gen_best=18480.299867  mean=18516.168052  cache=13077
2026-03-10 10:10:30 | INFO | src.training_set_optimization.ga_subset | GA finished: best fitness=18480.299867  evals=13077  time=40.1s
2026-03-10 10:10:30 | INFO | __main__ |   step 3/12 n_train=250 PEVmean=18480.299867 corr=0.0271
2026-03-10 10:10:31 | INFO | src.training_set_optimization.ga_subset | GA gen   0/300 | best=18801.851163  gen_best=18801.851163  mean=18895.927183  cache=88
2026-03-10 10:10:37 | INFO | src.training_set_optimization.ga_subset | GA gen  15/300 | best=18532.230144  gen_best=18532.230144  mean=18607.598885  cache=747
2026-03-10 10:10:42 | INFO | src.training_set_optimization.ga_subset | GA gen  30/300 | best=18477.240922  gen_best=18477.240922  mean=18517.306130  cache=1404
2026-03-10 10:10:47 | INFO | src.training_set_optimization.ga_subset | GA gen  45/300 | best=18436.756203  gen_best=18436.756203  mean=18468.143452  cache=2050
2026-03-10 10:10:53 | INFO | src.training_set_optimization.ga_subset | GA gen  60/300 | best=18417.776320  gen_best=18417.776320  mean=18447.097533  cache=2708
2026-03-10 10:10:58 | INFO | src.training_set_optimization.ga_subset | GA gen  75/300 | best=18388.139356  gen_best=18388.139356  mean=18422.770767  cache=3370
2026-03-10 10:11:03 | INFO | src.training_set_optimization.ga_subset | GA gen  90/300 | best=18360.859170  gen_best=18360.859170  mean=18406.620090  cache=4037
2026-03-10 10:11:09 | INFO | src.training_set_optimization.ga_subset | GA gen 105/300 | best=18351.386595  gen_best=18351.386595  mean=18369.071217  cache=4686
2026-03-10 10:11:14 | INFO | src.training_set_optimization.ga_subset | GA gen 120/300 | best=18326.228620  gen_best=18326.228620  mean=18352.986627  cache=5350
2026-03-10 10:11:19 | INFO | src.training_set_optimization.ga_subset | GA gen 135/300 | best=18300.609582  gen_best=18300.609582  mean=18339.727413  cache=6009
2026-03-10 10:11:25 | INFO | src.training_set_optimization.ga_subset | GA gen 150/300 | best=18288.357352  gen_best=18288.357352  mean=18331.039149  cache=6671
2026-03-10 10:11:30 | INFO | src.training_set_optimization.ga_subset | GA gen 165/300 | best=18275.745988  gen_best=18275.745988  mean=18324.546815  cache=7325
2026-03-10 10:11:35 | INFO | src.training_set_optimization.ga_subset | GA gen 180/300 | best=18271.863092  gen_best=18271.863092  mean=18294.744600  cache=7960
2026-03-10 10:11:40 | INFO | src.training_set_optimization.ga_subset | GA gen 195/300 | best=18266.366603  gen_best=18266.366603  mean=18283.174850  cache=8595
2026-03-10 10:11:45 | INFO | src.training_set_optimization.ga_subset | GA gen 210/300 | best=18261.019896  gen_best=18261.019896  mean=18286.643374  cache=9262
2026-03-10 10:11:50 | INFO | src.training_set_optimization.ga_subset | GA gen 225/300 | best=18249.045630  gen_best=18249.045630  mean=18269.902630  cache=9897
2026-03-10 10:11:56 | INFO | src.training_set_optimization.ga_subset | GA gen 240/300 | best=18243.778003  gen_best=18243.778003  mean=18284.537803  cache=10562
2026-03-10 10:12:01 | INFO | src.training_set_optimization.ga_subset | GA gen 255/300 | best=18238.309911  gen_best=18238.309911  mean=18249.635895  cache=11215
2026-03-10 10:12:06 | INFO | src.training_set_optimization.ga_subset | GA gen 270/300 | best=18231.486053  gen_best=18231.486053  mean=18244.555293  cache=11866
2026-03-10 10:12:11 | INFO | src.training_set_optimization.ga_subset | GA gen 285/300 | best=18225.447245  gen_best=18225.447245  mean=18257.725412  cache=12522
2026-03-10 10:12:16 | INFO | src.training_set_optimization.ga_subset | GA gen 299/300 | best=18219.602973  gen_best=18219.602973  mean=18247.544484  cache=13129
2026-03-10 10:12:16 | INFO | src.training_set_optimization.ga_subset | GA finished: best fitness=18219.602973  evals=13129  time=106.0s
2026-03-10 10:12:17 | INFO | __main__ |   step 4/12 n_train=500 PEVmean=18219.602973 corr=0.1415
2026-03-10 10:12:24 | INFO | src.training_set_optimization.ga_subset | GA gen   0/300 | best=17780.207038  gen_best=17780.207038  mean=17883.230039  cache=95
2026-03-10 10:13:21 | INFO | src.training_set_optimization.ga_subset | GA gen  15/300 | best=17621.568245  gen_best=17621.568245  mean=17695.501057  cache=760
2026-03-10 10:14:15 | INFO | src.training_set_optimization.ga_subset | GA gen  30/300 | best=17563.596944  gen_best=17563.596944  mean=17610.151696  cache=1407
2026-03-10 10:15:09 | INFO | src.training_set_optimization.ga_subset | GA gen  45/300 | best=17539.697385  gen_best=17539.697385  mean=17585.718966  cache=2058
2026-03-10 10:16:06 | INFO | src.training_set_optimization.ga_subset | GA gen  60/300 | best=17512.131944  gen_best=17512.131944  mean=17560.379318  cache=2730
2026-03-10 10:17:02 | INFO | src.training_set_optimization.ga_subset | GA gen  75/300 | best=17487.883700  gen_best=17487.883700  mean=17506.995229  cache=3382
2026-03-10 10:17:59 | INFO | src.training_set_optimization.ga_subset | GA gen  90/300 | best=17481.707056  gen_best=17481.707056  mean=17504.338167  cache=4050
2026-03-10 10:18:55 | INFO | src.training_set_optimization.ga_subset | GA gen 105/300 | best=17474.637930  gen_best=17474.637930  mean=17496.819380  cache=4721
2026-03-10 10:19:50 | INFO | src.training_set_optimization.ga_subset | GA gen 120/300 | best=17459.550247  gen_best=17459.550247  mean=17479.106785  cache=5362
2026-03-10 10:20:44 | INFO | src.training_set_optimization.ga_subset | GA gen 135/300 | best=17434.055217  gen_best=17434.055217  mean=17462.127383  cache=6005
2026-03-10 10:21:40 | INFO | src.training_set_optimization.ga_subset | GA gen 150/300 | best=17416.550242  gen_best=17416.550242  mean=17422.994016  cache=6662
2026-03-10 10:22:35 | INFO | src.training_set_optimization.ga_subset | GA gen 165/300 | best=17410.929001  gen_best=17410.929001  mean=17430.749571  cache=7305
2026-03-10 10:23:30 | INFO | src.training_set_optimization.ga_subset | GA gen 180/300 | best=17405.753653  gen_best=17405.753653  mean=17413.813729  cache=7959
2026-03-10 10:24:27 | INFO | src.training_set_optimization.ga_subset | GA gen 195/300 | best=17398.955466  gen_best=17398.955466  mean=17416.742570  cache=8624
2026-03-10 10:25:23 | INFO | src.training_set_optimization.ga_subset | GA gen 210/300 | best=17398.638504  gen_best=17398.638504  mean=17422.652593  cache=9284
2026-03-10 10:26:19 | INFO | src.training_set_optimization.ga_subset | GA gen 225/300 | best=17385.531984  gen_best=17385.531984  mean=17399.407740  cache=9946
2026-03-10 10:27:14 | INFO | src.training_set_optimization.ga_subset | GA gen 240/300 | best=17378.387680  gen_best=17378.387680  mean=17402.420208  cache=10600
2026-03-10 10:28:09 | INFO | src.training_set_optimization.ga_subset | GA gen 255/300 | best=17368.193059  gen_best=17368.193059  mean=17389.099827  cache=11251
2026-03-10 10:29:06 | INFO | src.training_set_optimization.ga_subset | GA gen 270/300 | best=17363.707351  gen_best=17363.707351  mean=17380.378249  cache=11913
2026-03-10 10:30:00 | INFO | src.training_set_optimization.ga_subset | GA gen 285/300 | best=17356.533082  gen_best=17356.533082  mean=17369.590179  cache=12556
2026-03-10 10:30:52 | INFO | src.training_set_optimization.ga_subset | GA gen 299/300 | best=17346.850113  gen_best=17346.850113  mean=17363.461875  cache=13168
2026-03-10 10:30:52 | INFO | src.training_set_optimization.ga_subset | GA finished: best fitness=17346.850113  evals=13168  time=1115.5s
2026-03-10 10:30:53 | INFO | __main__ |   step 7/12 n_train=2000 PEVmean=17346.850113 corr=0.2311
2026-03-10 10:31:14 | INFO | src.training_set_optimization.ga_subset | GA gen   0/300 | best=17069.246181  gen_best=17069.246181  mean=17133.898824  cache=94
2026-03-10 10:33:40 | INFO | src.training_set_optimization.ga_subset | GA gen  15/300 | best=16971.042210  gen_best=16971.042210  mean=17046.095249  cache=747
2026-03-10 10:36:11 | INFO | src.training_set_optimization.ga_subset | GA gen  30/300 | best=16953.727837  gen_best=16953.727837  mean=17003.624773  cache=1404
2026-03-10 10:38:41 | INFO | src.training_set_optimization.ga_subset | GA gen  45/300 | best=16917.105310  gen_best=16917.105310  mean=16963.694355  cache=2059
2026-03-10 10:41:08 | INFO | src.training_set_optimization.ga_subset | GA gen  60/300 | best=16903.811462  gen_best=16903.811462  mean=16937.651820  cache=2716
2026-03-10 10:43:36 | INFO | src.training_set_optimization.ga_subset | GA gen  75/300 | best=16899.571334  gen_best=16899.571334  mean=16907.122656  cache=3364
2026-03-10 10:46:02 | INFO | src.training_set_optimization.ga_subset | GA gen  90/300 | best=16891.849448  gen_best=16891.849448  mean=16899.579842  cache=3999
2026-03-10 10:48:35 | INFO | src.training_set_optimization.ga_subset | GA gen 105/300 | best=16888.532790  gen_best=16888.532790  mean=16892.377393  cache=4665
2026-03-10 10:51:03 | INFO | src.training_set_optimization.ga_subset | GA gen 120/300 | best=16885.846324  gen_best=16885.846324  mean=16894.992062  cache=5311
2026-03-10 10:53:35 | INFO | src.training_set_optimization.ga_subset | GA gen 135/300 | best=16882.103338  gen_best=16882.103338  mean=16891.905785  cache=5971
2026-03-10 10:56:02 | INFO | src.training_set_optimization.ga_subset | GA gen 150/300 | best=16875.914029  gen_best=16875.914029  mean=16891.650920  cache=6609
2026-03-10 10:58:31 | INFO | src.training_set_optimization.ga_subset | GA gen 165/300 | best=16872.672760  gen_best=16872.672760  mean=16882.861356  cache=7264
2026-03-10 11:00:59 | INFO | src.training_set_optimization.ga_subset | GA gen 180/300 | best=16871.318965  gen_best=16871.318965  mean=16882.240430  cache=7922
2026-03-10 11:03:32 | INFO | src.training_set_optimization.ga_subset | GA gen 195/300 | best=16871.256486  gen_best=16871.256486  mean=16883.578211  cache=8594
2026-03-10 11:06:01 | INFO | src.training_set_optimization.ga_subset | GA gen 210/300 | best=16869.399822  gen_best=16869.399822  mean=16873.075454  cache=9245
2026-03-10 11:08:29 | INFO | src.training_set_optimization.ga_subset | GA gen 225/300 | best=16864.578200  gen_best=16864.578200  mean=16868.287971  cache=9886
2026-03-10 11:11:01 | INFO | src.training_set_optimization.ga_subset | GA gen 240/300 | best=16861.719847  gen_best=16861.719847  mean=16880.521434  cache=10550
2026-03-10 11:13:31 | INFO | src.training_set_optimization.ga_subset | GA gen 255/300 | best=16859.147489  gen_best=16859.147489  mean=16863.180475  cache=11206
2026-03-10 11:15:59 | INFO | src.training_set_optimization.ga_subset | GA gen 270/300 | best=16856.302242  gen_best=16856.302242  mean=16866.924000  cache=11855
2026-03-10 11:18:28 | INFO | src.training_set_optimization.ga_subset | GA gen 285/300 | best=16854.521007  gen_best=16854.521007  mean=16859.961968  cache=12506
2026-03-10 11:20:48 | INFO | src.training_set_optimization.ga_subset | GA gen 299/300 | best=16852.416919  gen_best=16852.416919  mean=16867.315076  cache=13116
2026-03-10 11:20:48 | INFO | src.training_set_optimization.ga_subset | GA finished: best fitness=16852.416919  evals=13116  time=2994.4s
2026-03-10 11:20:50 | INFO | __main__ |   step 10/12 n_train=3500 PEVmean=16852.416919 corr=0.2519
2026-03-10 11:20:52 | INFO | __main__ |   random baseline order 0 done
2026-03-10 11:20:55 | INFO | __main__ |   random baseline order 1 done
2026-03-10 11:20:58 | INFO | __main__ |   random baseline order 2 done
2026-03-10 11:21:01 | INFO | __main__ |   random baseline order 3 done
2026-03-10 11:21:03 | INFO | __main__ |   random baseline order 4 done
2026-03-10 11:21:03 | INFO | __main__ | Summary saved to outputs/pevmean_ga3/shards/shard_012/body_mass/pevmean_ga_summary.csv
2026-03-10 11:21:03 | INFO | __main__ | PEVmean-GA experiment complete for trait 'body_mass'. Output: outputs/pevmean_ga3/shards/shard_012/body_mass
