2026-03-10 15:19:22 | INFO | __main__ | GA config: GAConfig(pop_size=50, n_generations=300, n_elite=2, tournament_k=3, crossover_prob=0.9, mutation_prob=0.35, n_swaps_per_mut=2, seed=14, verbose=True, stagnation_limit=15)
2026-03-10 15:19:22 | INFO | __main__ | Shard 14/20 enabled; using weighted job distribution across (target, repeat, n_train).
2026-03-10 15:19:22 | INFO | __main__ | Loading data for trait 'body_mass'
2026-03-10 15:19:22 | INFO | src.data | Loading data from NPZ: Data/npz/snp_body_mass_ALL.npz
2026-03-10 15:19:30 | INFO | __main__ | Loaded: 5697 samples, 65344 SNPs
2026-03-10 15:19:30 | INFO | __main__ | Fixed SNP subset: n=20000
2026-03-10 15:19:30 | INFO | __main__ | Shard 14/20 assigned 7/65 jobs (full=1, size=6)
2026-03-10 15:19:31 | INFO | __main__ | Target 4 (Gjerøy): n_source=5139, n_target=558
2026-03-10 15:19:31 | INFO | __main__ | Training-set sizes: [50, 100, 250, 500, 1000, 1500, 2000, 2500, 3000, 3500, 4000, 4500]
2026-03-10 15:19:32 | INFO | __main__ | PEVmean-GA job 7/7 | trait=body_mass target=4 repeat=5/5 | full=True sizes=[50, 100, 250, 500, 2000, 3500]
2026-03-10 15:19:35 | INFO | src.training_set_optimization.ga_subset | GA gen   0/300 | best=19202.505658  gen_best=19202.505658  mean=19224.567895  cache=94
2026-03-10 15:19:35 | INFO | src.training_set_optimization.ga_subset | GA gen  15/300 | best=19134.377145  gen_best=19134.377145  mean=19153.153521  cache=742
2026-03-10 15:19:36 | INFO | src.training_set_optimization.ga_subset | GA gen  30/300 | best=19113.857730  gen_best=19113.857730  mean=19130.370461  cache=1392
2026-03-10 15:19:36 | INFO | src.training_set_optimization.ga_subset | GA gen  45/300 | best=19093.362459  gen_best=19093.362459  mean=19116.447560  cache=2055
2026-03-10 15:19:36 | INFO | src.training_set_optimization.ga_subset | GA gen  60/300 | best=19066.162179  gen_best=19066.162179  mean=19081.664861  cache=2694
2026-03-10 15:19:37 | INFO | src.training_set_optimization.ga_subset | GA gen  75/300 | best=19060.435667  gen_best=19060.435667  mean=19077.367554  cache=3354
2026-03-10 15:19:37 | INFO | src.training_set_optimization.ga_subset | GA gen  90/300 | best=19058.099312  gen_best=19058.099312  mean=19076.674947  cache=3979
2026-03-10 15:19:37 | INFO | src.training_set_optimization.ga_subset | GA gen 105/300 | best=19048.234396  gen_best=19048.234396  mean=19066.912507  cache=4627
2026-03-10 15:19:37 | INFO | src.training_set_optimization.ga_subset | GA gen 120/300 | best=19036.377877  gen_best=19036.377877  mean=19057.399876  cache=5279
2026-03-10 15:19:38 | INFO | src.training_set_optimization.ga_subset | GA gen 135/300 | best=19026.137351  gen_best=19026.137351  mean=19047.325481  cache=5934
2026-03-10 15:19:38 | INFO | src.training_set_optimization.ga_subset | GA gen 150/300 | best=19022.366395  gen_best=19022.366395  mean=19047.732237  cache=6587
2026-03-10 15:19:38 | INFO | src.training_set_optimization.ga_subset | GA gen 165/300 | best=19020.843353  gen_best=19020.843353  mean=19041.097871  cache=7243
2026-03-10 15:19:39 | INFO | src.training_set_optimization.ga_subset | GA gen 180/300 | best=19019.217304  gen_best=19019.217304  mean=19033.953444  cache=7866
2026-03-10 15:19:39 | INFO | src.training_set_optimization.ga_subset | GA gen 195/300 | best=19005.571112  gen_best=19005.571112  mean=19026.446754  cache=8458
2026-03-10 15:19:39 | INFO | src.training_set_optimization.ga_subset | GA gen 210/300 | best=19000.903508  gen_best=19000.903508  mean=19021.715607  cache=9107
2026-03-10 15:19:40 | INFO | src.training_set_optimization.ga_subset | GA gen 225/300 | best=18997.134774  gen_best=18997.134774  mean=19013.697422  cache=9762
2026-03-10 15:19:40 | INFO | src.training_set_optimization.ga_subset | GA gen 240/300 | best=18995.439566  gen_best=18995.439566  mean=19008.576044  cache=10403
2026-03-10 15:19:40 | INFO | src.training_set_optimization.ga_subset | GA early stop: no improvement for 15 generations (gen 242)
2026-03-10 15:19:40 | INFO | src.training_set_optimization.ga_subset | GA finished: best fitness=18995.439566  evals=10484  time=5.4s
2026-03-10 15:19:40 | INFO | __main__ |   step 1/12 n_train=50 PEVmean=18995.439566 corr=0.0704
2026-03-10 15:19:40 | INFO | src.training_set_optimization.ga_subset | GA gen   0/300 | best=19148.649064  gen_best=19148.649064  mean=19179.216608  cache=93
2026-03-10 15:19:41 | INFO | src.training_set_optimization.ga_subset | GA gen  15/300 | best=19055.743283  gen_best=19055.743283  mean=19086.646022  cache=739
2026-03-10 15:19:42 | INFO | src.training_set_optimization.ga_subset | GA gen  30/300 | best=19017.739540  gen_best=19017.739540  mean=19044.712100  cache=1399
2026-03-10 15:19:42 | INFO | src.training_set_optimization.ga_subset | GA gen  45/300 | best=18999.532625  gen_best=18999.532625  mean=19021.886338  cache=2067
2026-03-10 15:19:43 | INFO | src.training_set_optimization.ga_subset | GA gen  60/300 | best=18990.742164  gen_best=18990.742164  mean=19017.008624  cache=2719
2026-03-10 15:19:43 | INFO | src.training_set_optimization.ga_subset | GA gen  75/300 | best=18981.678107  gen_best=18981.678107  mean=18999.894518  cache=3380
2026-03-10 15:19:44 | INFO | src.training_set_optimization.ga_subset | GA gen  90/300 | best=18979.006141  gen_best=18979.006141  mean=19001.851727  cache=4022
2026-03-10 15:19:44 | INFO | src.training_set_optimization.ga_subset | GA gen 105/300 | best=18964.064242  gen_best=18964.064242  mean=18986.387623  cache=4659
2026-03-10 15:19:45 | INFO | src.training_set_optimization.ga_subset | GA gen 120/300 | best=18945.106962  gen_best=18945.106962  mean=18969.928848  cache=5313
2026-03-10 15:19:45 | INFO | src.training_set_optimization.ga_subset | GA gen 135/300 | best=18928.583431  gen_best=18928.583431  mean=18960.332965  cache=5960
2026-03-10 15:19:46 | INFO | src.training_set_optimization.ga_subset | GA gen 150/300 | best=18928.325672  gen_best=18928.325672  mean=18953.371696  cache=6616
2026-03-10 15:19:46 | INFO | src.training_set_optimization.ga_subset | GA gen 165/300 | best=18917.900143  gen_best=18917.900143  mean=18945.094232  cache=7257
2026-03-10 15:19:47 | INFO | src.training_set_optimization.ga_subset | GA gen 180/300 | best=18913.454133  gen_best=18913.454133  mean=18928.113775  cache=7895
2026-03-10 15:19:48 | INFO | src.training_set_optimization.ga_subset | GA gen 195/300 | best=18911.156290  gen_best=18911.156290  mean=18938.866739  cache=8561
2026-03-10 15:19:48 | INFO | src.training_set_optimization.ga_subset | GA gen 210/300 | best=18906.250168  gen_best=18906.250168  mean=18925.323786  cache=9222
2026-03-10 15:19:49 | INFO | src.training_set_optimization.ga_subset | GA gen 225/300 | best=18904.700747  gen_best=18904.700747  mean=18933.563918  cache=9887
2026-03-10 15:19:49 | INFO | src.training_set_optimization.ga_subset | GA early stop: no improvement for 15 generations (gen 227)
2026-03-10 15:19:49 | INFO | src.training_set_optimization.ga_subset | GA finished: best fitness=18904.700747  evals=9974  time=8.5s
2026-03-10 15:19:49 | INFO | __main__ |   step 2/12 n_train=100 PEVmean=18904.700747 corr=0.1335
2026-03-10 15:19:49 | INFO | src.training_set_optimization.ga_subset | GA gen   0/300 | best=19033.127183  gen_best=19033.127183  mean=19070.520589  cache=92
2026-03-10 15:19:51 | INFO | src.training_set_optimization.ga_subset | GA gen  15/300 | best=18920.700954  gen_best=18920.700954  mean=18949.262645  cache=742
2026-03-10 15:19:52 | INFO | src.training_set_optimization.ga_subset | GA gen  30/300 | best=18897.392545  gen_best=18897.392545  mean=18909.960701  cache=1396
2026-03-10 15:19:54 | INFO | src.training_set_optimization.ga_subset | GA gen  45/300 | best=18873.442822  gen_best=18873.442822  mean=18894.671392  cache=2069
2026-03-10 15:19:56 | INFO | src.training_set_optimization.ga_subset | GA gen  60/300 | best=18860.459253  gen_best=18860.459253  mean=18878.630648  cache=2729
2026-03-10 15:19:57 | INFO | src.training_set_optimization.ga_subset | GA gen  75/300 | best=18851.784132  gen_best=18851.784132  mean=18864.753844  cache=3360
2026-03-10 15:19:59 | INFO | src.training_set_optimization.ga_subset | GA gen  90/300 | best=18844.450833  gen_best=18844.450833  mean=18863.185490  cache=4020
2026-03-10 15:20:00 | INFO | src.training_set_optimization.ga_subset | GA gen 105/300 | best=18836.318388  gen_best=18836.318388  mean=18860.131031  cache=4679
2026-03-10 15:20:02 | INFO | src.training_set_optimization.ga_subset | GA gen 120/300 | best=18800.292732  gen_best=18800.292732  mean=18822.767465  cache=5327
2026-03-10 15:20:03 | INFO | src.training_set_optimization.ga_subset | GA gen 135/300 | best=18794.844338  gen_best=18794.844338  mean=18812.308694  cache=5987
2026-03-10 15:20:05 | INFO | src.training_set_optimization.ga_subset | GA gen 150/300 | best=18788.142261  gen_best=18788.142261  mean=18816.721231  cache=6638
2026-03-10 15:20:06 | INFO | src.training_set_optimization.ga_subset | GA gen 165/300 | best=18776.256954  gen_best=18776.256954  mean=18793.620989  cache=7282
2026-03-10 15:20:08 | INFO | src.training_set_optimization.ga_subset | GA gen 180/300 | best=18772.603312  gen_best=18772.603312  mean=18798.826077  cache=7927
2026-03-10 15:20:09 | INFO | src.training_set_optimization.ga_subset | GA early stop: no improvement for 15 generations (gen 191)
2026-03-10 15:20:09 | INFO | src.training_set_optimization.ga_subset | GA finished: best fitness=18772.603312  evals=8407  time=20.0s
2026-03-10 15:20:09 | INFO | __main__ |   step 3/12 n_train=250 PEVmean=18772.603312 corr=0.0326
2026-03-10 15:20:10 | INFO | src.training_set_optimization.ga_subset | GA gen   0/300 | best=18858.757594  gen_best=18858.757594  mean=18894.670123  cache=95
2026-03-10 15:20:14 | INFO | src.training_set_optimization.ga_subset | GA gen  15/300 | best=18720.173721  gen_best=18720.173721  mean=18754.550543  cache=739
2026-03-10 15:20:18 | INFO | src.training_set_optimization.ga_subset | GA gen  30/300 | best=18694.426198  gen_best=18694.426198  mean=18717.996420  cache=1390
2026-03-10 15:20:22 | INFO | src.training_set_optimization.ga_subset | GA gen  45/300 | best=18685.766505  gen_best=18685.766505  mean=18699.337070  cache=2031
2026-03-10 15:20:26 | INFO | src.training_set_optimization.ga_subset | GA gen  60/300 | best=18674.720776  gen_best=18674.720776  mean=18690.749959  cache=2690
2026-03-10 15:20:30 | INFO | src.training_set_optimization.ga_subset | GA gen  75/300 | best=18671.499989  gen_best=18671.499989  mean=18695.182511  cache=3345
2026-03-10 15:20:34 | INFO | src.training_set_optimization.ga_subset | GA gen  90/300 | best=18668.063727  gen_best=18668.063727  mean=18678.780010  cache=3992
2026-03-10 15:20:38 | INFO | src.training_set_optimization.ga_subset | GA gen 105/300 | best=18657.217807  gen_best=18657.217807  mean=18677.626348  cache=4647
2026-03-10 15:20:42 | INFO | src.training_set_optimization.ga_subset | GA gen 120/300 | best=18651.062054  gen_best=18651.062054  mean=18665.851553  cache=5306
2026-03-10 15:20:46 | INFO | src.training_set_optimization.ga_subset | GA gen 135/300 | best=18640.885961  gen_best=18640.885961  mean=18662.007592  cache=5955
2026-03-10 15:20:51 | INFO | src.training_set_optimization.ga_subset | GA gen 150/300 | best=18635.842063  gen_best=18635.842063  mean=18654.572956  cache=6620
2026-03-10 15:20:55 | INFO | src.training_set_optimization.ga_subset | GA gen 165/300 | best=18621.145641  gen_best=18621.145641  mean=18631.026676  cache=7276
2026-03-10 15:20:59 | INFO | src.training_set_optimization.ga_subset | GA gen 180/300 | best=18611.128266  gen_best=18611.128266  mean=18628.108244  cache=7941
2026-03-10 15:21:03 | INFO | src.training_set_optimization.ga_subset | GA gen 195/300 | best=18593.552637  gen_best=18593.552637  mean=18612.646176  cache=8601
2026-03-10 15:21:07 | INFO | src.training_set_optimization.ga_subset | GA gen 210/300 | best=18593.552637  gen_best=18593.552637  mean=18617.110899  cache=9265
2026-03-10 15:21:07 | INFO | src.training_set_optimization.ga_subset | GA early stop: no improvement for 15 generations (gen 210)
2026-03-10 15:21:07 | INFO | src.training_set_optimization.ga_subset | GA finished: best fitness=18593.552637  evals=9265  time=57.9s
2026-03-10 15:21:07 | INFO | __main__ |   step 4/12 n_train=500 PEVmean=18593.552637 corr=0.1259
2026-03-10 15:21:14 | INFO | src.training_set_optimization.ga_subset | GA gen   0/300 | best=18076.583715  gen_best=18076.583715  mean=18116.893916  cache=92
2026-03-10 15:22:02 | INFO | src.training_set_optimization.ga_subset | GA gen  15/300 | best=17966.785703  gen_best=17966.785703  mean=17992.247807  cache=735
2026-03-10 15:22:52 | INFO | src.training_set_optimization.ga_subset | GA gen  30/300 | best=17957.074780  gen_best=17957.074780  mean=17978.620169  cache=1396
2026-03-10 15:23:40 | INFO | src.training_set_optimization.ga_subset | GA gen  45/300 | best=17942.226822  gen_best=17942.226822  mean=17968.588190  cache=2037
2026-03-10 15:24:29 | INFO | src.training_set_optimization.ga_subset | GA gen  60/300 | best=17934.161864  gen_best=17934.161864  mean=17950.322817  cache=2697
2026-03-10 15:25:17 | INFO | src.training_set_optimization.ga_subset | GA gen  75/300 | best=17927.588974  gen_best=17927.588974  mean=17939.079418  cache=3341
2026-03-10 15:26:05 | INFO | src.training_set_optimization.ga_subset | GA gen  90/300 | best=17915.856009  gen_best=17915.856009  mean=17929.912016  cache=3996
2026-03-10 15:26:53 | INFO | src.training_set_optimization.ga_subset | GA gen 105/300 | best=17911.334863  gen_best=17911.334863  mean=17921.879526  cache=4633
2026-03-10 15:27:41 | INFO | src.training_set_optimization.ga_subset | GA gen 120/300 | best=17905.091713  gen_best=17905.091713  mean=17915.598016  cache=5285
2026-03-10 15:28:31 | INFO | src.training_set_optimization.ga_subset | GA gen 135/300 | best=17901.642560  gen_best=17901.642560  mean=17909.458828  cache=5949
2026-03-10 15:29:19 | INFO | src.training_set_optimization.ga_subset | GA gen 150/300 | best=17899.083522  gen_best=17899.083522  mean=17912.838675  cache=6604
2026-03-10 15:30:09 | INFO | src.training_set_optimization.ga_subset | GA gen 165/300 | best=17894.353298  gen_best=17894.353298  mean=17902.439524  cache=7268
2026-03-10 15:30:58 | INFO | src.training_set_optimization.ga_subset | GA gen 180/300 | best=17889.997303  gen_best=17889.997303  mean=17895.096826  cache=7925
2026-03-10 15:31:47 | INFO | src.training_set_optimization.ga_subset | GA gen 195/300 | best=17887.480562  gen_best=17887.480562  mean=17896.475480  cache=8577
2026-03-10 15:32:36 | INFO | src.training_set_optimization.ga_subset | GA gen 210/300 | best=17885.468823  gen_best=17885.468823  mean=17889.330714  cache=9236
2026-03-10 15:33:25 | INFO | src.training_set_optimization.ga_subset | GA gen 225/300 | best=17882.770022  gen_best=17882.770022  mean=17893.430699  cache=9895
2026-03-10 15:34:13 | INFO | src.training_set_optimization.ga_subset | GA gen 240/300 | best=17878.673474  gen_best=17878.673474  mean=17883.292425  cache=10546
2026-03-10 15:35:02 | INFO | src.training_set_optimization.ga_subset | GA gen 255/300 | best=17873.760900  gen_best=17873.760900  mean=17888.319208  cache=11207
2026-03-10 15:35:52 | INFO | src.training_set_optimization.ga_subset | GA gen 270/300 | best=17869.221236  gen_best=17869.221236  mean=17877.733947  cache=11869
2026-03-10 15:36:40 | INFO | src.training_set_optimization.ga_subset | GA gen 285/300 | best=17866.106242  gen_best=17866.106242  mean=17877.599164  cache=12525
2026-03-10 15:37:26 | INFO | src.training_set_optimization.ga_subset | GA gen 299/300 | best=17864.866003  gen_best=17864.866003  mean=17874.278736  cache=13127
2026-03-10 15:37:26 | INFO | src.training_set_optimization.ga_subset | GA finished: best fitness=17864.866003  evals=13127  time=978.5s
2026-03-10 15:37:26 | INFO | __main__ |   step 7/12 n_train=2000 PEVmean=17864.866003 corr=0.1250
2026-03-10 15:37:46 | INFO | src.training_set_optimization.ga_subset | GA gen   0/300 | best=17498.974279  gen_best=17498.974279  mean=17537.015643  cache=92
2026-03-10 15:39:58 | INFO | src.training_set_optimization.ga_subset | GA gen  15/300 | best=17456.033743  gen_best=17456.033743  mean=17480.843335  cache=733
2026-03-10 15:42:13 | INFO | src.training_set_optimization.ga_subset | GA gen  30/300 | best=17441.596297  gen_best=17441.596297  mean=17453.358271  cache=1383
2026-03-10 15:44:25 | INFO | src.training_set_optimization.ga_subset | GA gen  45/300 | best=17437.006463  gen_best=17437.006463  mean=17445.131743  cache=2019
2026-03-10 15:46:43 | INFO | src.training_set_optimization.ga_subset | GA gen  60/300 | best=17431.879017  gen_best=17431.879017  mean=17437.323520  cache=2676
2026-03-10 15:49:00 | INFO | src.training_set_optimization.ga_subset | GA gen  75/300 | best=17429.598621  gen_best=17429.598621  mean=17432.658101  cache=3324
2026-03-10 15:51:14 | INFO | src.training_set_optimization.ga_subset | GA gen  90/300 | best=17423.174530  gen_best=17423.174530  mean=17432.276053  cache=3972
2026-03-10 15:53:28 | INFO | src.training_set_optimization.ga_subset | GA gen 105/300 | best=17420.439073  gen_best=17420.439073  mean=17429.291608  cache=4617
2026-03-10 15:55:48 | INFO | src.training_set_optimization.ga_subset | GA gen 120/300 | best=17418.462464  gen_best=17418.462464  mean=17427.031097  cache=5271
2026-03-10 15:58:05 | INFO | src.training_set_optimization.ga_subset | GA gen 135/300 | best=17416.722695  gen_best=17416.722695  mean=17418.051491  cache=5918
2026-03-10 16:00:25 | INFO | src.training_set_optimization.ga_subset | GA gen 150/300 | best=17413.736947  gen_best=17413.736947  mean=17418.640377  cache=6572
2026-03-10 16:02:46 | INFO | src.training_set_optimization.ga_subset | GA gen 165/300 | best=17411.625986  gen_best=17411.625986  mean=17414.046089  cache=7234
2026-03-10 16:05:09 | INFO | src.training_set_optimization.ga_subset | GA gen 180/300 | best=17410.686132  gen_best=17410.686132  mean=17419.240185  cache=7894
2026-03-10 16:07:28 | INFO | src.training_set_optimization.ga_subset | GA gen 195/300 | best=17407.424464  gen_best=17407.424464  mean=17413.038071  cache=8540
2026-03-10 16:09:50 | INFO | src.training_set_optimization.ga_subset | GA gen 210/300 | best=17406.737531  gen_best=17406.737531  mean=17415.885612  cache=9196
2026-03-10 16:12:14 | INFO | src.training_set_optimization.ga_subset | GA gen 225/300 | best=17404.739528  gen_best=17404.739528  mean=17410.852565  cache=9860
2026-03-10 16:14:37 | INFO | src.training_set_optimization.ga_subset | GA gen 240/300 | best=17400.576050  gen_best=17400.576050  mean=17405.538186  cache=10518
2026-03-10 16:16:56 | INFO | src.training_set_optimization.ga_subset | GA gen 255/300 | best=17399.232404  gen_best=17399.232404  mean=17402.731722  cache=11158
2026-03-10 16:19:20 | INFO | src.training_set_optimization.ga_subset | GA gen 270/300 | best=17398.325482  gen_best=17398.325482  mean=17400.657499  cache=11820
2026-03-10 16:21:39 | INFO | src.training_set_optimization.ga_subset | GA gen 285/300 | best=17396.966729  gen_best=17396.966729  mean=17398.964164  cache=12459
2026-03-10 16:23:47 | INFO | src.training_set_optimization.ga_subset | GA gen 299/300 | best=17396.359925  gen_best=17396.359925  mean=17400.581145  cache=13050
2026-03-10 16:23:47 | INFO | src.training_set_optimization.ga_subset | GA finished: best fitness=17396.359925  evals=13050  time=2780.8s
2026-03-10 16:23:49 | INFO | __main__ |   step 10/12 n_train=3500 PEVmean=17396.359925 corr=0.1187
2026-03-10 16:23:51 | INFO | __main__ |   random baseline order 0 done
2026-03-10 16:23:53 | INFO | __main__ |   random baseline order 1 done
2026-03-10 16:23:57 | INFO | __main__ |   random baseline order 2 done
2026-03-10 16:23:59 | INFO | __main__ |   random baseline order 3 done
2026-03-10 16:24:02 | INFO | __main__ |   random baseline order 4 done
2026-03-10 16:24:02 | INFO | __main__ | Summary saved to outputs/pevmean_ga4/shards/shard_014/body_mass/pevmean_ga_summary.csv
2026-03-10 16:24:02 | INFO | __main__ | PEVmean-GA experiment complete for trait 'body_mass'. Output: outputs/pevmean_ga4/shards/shard_014/body_mass
