2026-03-10 15:23:13 | INFO | __main__ | GA config: GAConfig(pop_size=50, n_generations=300, n_elite=2, tournament_k=3, crossover_prob=0.9, mutation_prob=0.35, n_swaps_per_mut=2, seed=14, verbose=True, stagnation_limit=15)
2026-03-10 15:23:13 | INFO | __main__ | Shard 18/20 enabled; using weighted job distribution across (target, repeat, n_train).
2026-03-10 15:23:13 | INFO | __main__ | Loading data for trait 'body_mass'
2026-03-10 15:23:13 | INFO | src.data | Loading data from NPZ: Data/npz/snp_body_mass_ALL.npz
2026-03-10 15:23:21 | INFO | __main__ | Loaded: 5697 samples, 65344 SNPs
2026-03-10 15:23:21 | INFO | __main__ | Fixed SNP subset: n=20000
2026-03-10 15:23:21 | INFO | __main__ | Shard 18/20 assigned 3/65 jobs (full=0, size=3)
2026-03-10 15:23:21 | INFO | __main__ | Target 4 (Gjerøy): n_source=5139, n_target=558
2026-03-10 15:23:21 | INFO | __main__ | Training-set sizes: [50, 100, 250, 500, 1000, 1500, 2000, 2500, 3000, 3500, 4000, 4500]
2026-03-10 15:23:23 | INFO | __main__ | PEVmean-GA job 3/3 | trait=body_mass target=4 repeat=4/5 | full=False sizes=[1500, 2500, 3000]
2026-03-10 15:23:27 | INFO | src.training_set_optimization.ga_subset | GA gen   0/300 | best=18281.648237  gen_best=18281.648237  mean=18342.371586  cache=91
2026-03-10 15:23:58 | INFO | src.training_set_optimization.ga_subset | GA gen  15/300 | best=18170.224133  gen_best=18170.224133  mean=18195.077081  cache=745
2026-03-10 15:24:27 | INFO | src.training_set_optimization.ga_subset | GA gen  30/300 | best=18154.329086  gen_best=18154.329086  mean=18175.878644  cache=1384
2026-03-10 15:24:57 | INFO | src.training_set_optimization.ga_subset | GA gen  45/300 | best=18137.503394  gen_best=18137.503394  mean=18148.166186  cache=2029
2026-03-10 15:25:27 | INFO | src.training_set_optimization.ga_subset | GA gen  60/300 | best=18133.096212  gen_best=18133.096212  mean=18148.349618  cache=2686
2026-03-10 15:25:57 | INFO | src.training_set_optimization.ga_subset | GA gen  75/300 | best=18129.962463  gen_best=18129.962463  mean=18139.447618  cache=3342
2026-03-10 15:26:27 | INFO | src.training_set_optimization.ga_subset | GA gen  90/300 | best=18125.448128  gen_best=18125.448128  mean=18130.763424  cache=3993
2026-03-10 15:26:57 | INFO | src.training_set_optimization.ga_subset | GA gen 105/300 | best=18117.278075  gen_best=18117.278075  mean=18122.935646  cache=4648
2026-03-10 15:27:27 | INFO | src.training_set_optimization.ga_subset | GA gen 120/300 | best=18113.280969  gen_best=18113.280969  mean=18122.389115  cache=5301
2026-03-10 15:27:57 | INFO | src.training_set_optimization.ga_subset | GA gen 135/300 | best=18107.281395  gen_best=18107.281395  mean=18116.823402  cache=5968
2026-03-10 15:28:27 | INFO | src.training_set_optimization.ga_subset | GA gen 150/300 | best=18103.205411  gen_best=18103.205411  mean=18118.268988  cache=6622
2026-03-10 15:28:58 | INFO | src.training_set_optimization.ga_subset | GA gen 165/300 | best=18098.445066  gen_best=18098.445066  mean=18116.538840  cache=7287
2026-03-10 15:29:28 | INFO | src.training_set_optimization.ga_subset | GA gen 180/300 | best=18093.080907  gen_best=18093.080907  mean=18115.819022  cache=7940
2026-03-10 15:29:58 | INFO | src.training_set_optimization.ga_subset | GA gen 195/300 | best=18086.416397  gen_best=18086.416397  mean=18098.530434  cache=8596
2026-03-10 15:30:27 | INFO | src.training_set_optimization.ga_subset | GA gen 210/300 | best=18080.570341  gen_best=18080.570341  mean=18095.998502  cache=9240
2026-03-10 15:30:57 | INFO | src.training_set_optimization.ga_subset | GA gen 225/300 | best=18071.279546  gen_best=18071.279546  mean=18087.504897  cache=9897
2026-03-10 15:31:27 | INFO | src.training_set_optimization.ga_subset | GA gen 240/300 | best=18068.666985  gen_best=18068.666985  mean=18084.000817  cache=10556
2026-03-10 15:31:57 | INFO | src.training_set_optimization.ga_subset | GA gen 255/300 | best=18068.017284  gen_best=18068.017284  mean=18086.619034  cache=11209
2026-03-10 15:32:27 | INFO | src.training_set_optimization.ga_subset | GA gen 270/300 | best=18065.283854  gen_best=18065.283854  mean=18073.163808  cache=11858
2026-03-10 15:32:57 | INFO | src.training_set_optimization.ga_subset | GA gen 285/300 | best=18062.702669  gen_best=18062.702669  mean=18075.421713  cache=12515
2026-03-10 15:33:25 | INFO | src.training_set_optimization.ga_subset | GA gen 299/300 | best=18061.277424  gen_best=18061.277424  mean=18069.618127  cache=13126
2026-03-10 15:33:25 | INFO | src.training_set_optimization.ga_subset | GA finished: best fitness=18061.277424  evals=13126  time=601.8s
2026-03-10 15:33:26 | INFO | __main__ |   step 6/12 n_train=1500 PEVmean=18061.277424 corr=0.1240
2026-03-10 15:33:36 | INFO | src.training_set_optimization.ga_subset | GA gen   0/300 | best=17862.356322  gen_best=17862.356322  mean=17915.464746  cache=94
2026-03-10 15:34:47 | INFO | src.training_set_optimization.ga_subset | GA gen  15/300 | best=17793.736567  gen_best=17793.736567  mean=17832.010132  cache=751
2026-03-10 15:35:57 | INFO | src.training_set_optimization.ga_subset | GA gen  30/300 | best=17770.978592  gen_best=17770.978592  mean=17799.845943  cache=1404
2026-03-10 15:37:08 | INFO | src.training_set_optimization.ga_subset | GA gen  45/300 | best=17759.635485  gen_best=17759.635485  mean=17779.125489  cache=2066
2026-03-10 15:38:18 | INFO | src.training_set_optimization.ga_subset | GA gen  60/300 | best=17744.772418  gen_best=17744.772418  mean=17755.689853  cache=2722
2026-03-10 15:39:28 | INFO | src.training_set_optimization.ga_subset | GA gen  75/300 | best=17737.753072  gen_best=17737.753072  mean=17750.228335  cache=3376
2026-03-10 15:40:36 | INFO | src.training_set_optimization.ga_subset | GA gen  90/300 | best=17734.922606  gen_best=17734.922606  mean=17744.630384  cache=4014
2026-03-10 15:41:47 | INFO | src.training_set_optimization.ga_subset | GA gen 105/300 | best=17732.865377  gen_best=17732.865377  mean=17736.827876  cache=4670
2026-03-10 15:42:56 | INFO | src.training_set_optimization.ga_subset | GA gen 120/300 | best=17729.885653  gen_best=17729.885653  mean=17736.227237  cache=5318
2026-03-10 15:44:06 | INFO | src.training_set_optimization.ga_subset | GA gen 135/300 | best=17726.522761  gen_best=17726.522761  mean=17737.260996  cache=5970
2026-03-10 15:45:15 | INFO | src.training_set_optimization.ga_subset | GA gen 150/300 | best=17721.996075  gen_best=17721.996075  mean=17727.597753  cache=6614
2026-03-10 15:46:24 | INFO | src.training_set_optimization.ga_subset | GA gen 165/300 | best=17720.077113  gen_best=17720.077113  mean=17724.396164  cache=7263
2026-03-10 15:47:34 | INFO | src.training_set_optimization.ga_subset | GA gen 180/300 | best=17717.908257  gen_best=17717.908257  mean=17720.273198  cache=7913
2026-03-10 15:48:45 | INFO | src.training_set_optimization.ga_subset | GA gen 195/300 | best=17715.163341  gen_best=17715.163341  mean=17724.128144  cache=8570
2026-03-10 15:49:59 | INFO | src.training_set_optimization.ga_subset | GA gen 210/300 | best=17713.301863  gen_best=17713.301863  mean=17725.610769  cache=9229
2026-03-10 15:51:12 | INFO | src.training_set_optimization.ga_subset | GA gen 225/300 | best=17711.287012  gen_best=17711.287012  mean=17718.551816  cache=9881
2026-03-10 15:52:25 | INFO | src.training_set_optimization.ga_subset | GA gen 240/300 | best=17708.799190  gen_best=17708.799190  mean=17718.870671  cache=10536
2026-03-10 15:53:40 | INFO | src.training_set_optimization.ga_subset | GA gen 255/300 | best=17703.514366  gen_best=17703.514366  mean=17710.632535  cache=11194
2026-03-10 15:54:52 | INFO | src.training_set_optimization.ga_subset | GA gen 270/300 | best=17702.008144  gen_best=17702.008144  mean=17710.166537  cache=11839
2026-03-10 15:56:05 | INFO | src.training_set_optimization.ga_subset | GA gen 285/300 | best=17699.859720  gen_best=17699.859720  mean=17703.116209  cache=12489
2026-03-10 15:57:14 | INFO | src.training_set_optimization.ga_subset | GA gen 299/300 | best=17696.099559  gen_best=17696.099559  mean=17699.137495  cache=13104
2026-03-10 15:57:14 | INFO | src.training_set_optimization.ga_subset | GA finished: best fitness=17696.099559  evals=13104  time=1428.3s
2026-03-10 15:57:15 | INFO | __main__ |   step 8/12 n_train=2500 PEVmean=17696.099559 corr=0.0848
2026-03-10 15:57:30 | INFO | src.training_set_optimization.ga_subset | GA gen   0/300 | best=17661.321161  gen_best=17661.321161  mean=17710.597055  cache=93
2026-03-10 15:59:12 | INFO | src.training_set_optimization.ga_subset | GA gen  15/300 | best=17619.616964  gen_best=17619.616964  mean=17644.214821  cache=743
2026-03-10 16:00:53 | INFO | src.training_set_optimization.ga_subset | GA gen  30/300 | best=17602.134216  gen_best=17602.134216  mean=17607.797641  cache=1390
2026-03-10 16:02:35 | INFO | src.training_set_optimization.ga_subset | GA gen  45/300 | best=17592.586475  gen_best=17592.586475  mean=17597.375386  cache=2046
2026-03-10 16:04:17 | INFO | src.training_set_optimization.ga_subset | GA gen  60/300 | best=17587.927920  gen_best=17587.927920  mean=17597.744119  cache=2696
2026-03-10 16:05:59 | INFO | src.training_set_optimization.ga_subset | GA gen  75/300 | best=17585.779161  gen_best=17585.779161  mean=17589.544816  cache=3346
2026-03-10 16:07:41 | INFO | src.training_set_optimization.ga_subset | GA gen  90/300 | best=17578.302516  gen_best=17578.302516  mean=17587.836207  cache=3999
2026-03-10 16:09:23 | INFO | src.training_set_optimization.ga_subset | GA gen 105/300 | best=17573.210622  gen_best=17573.210622  mean=17578.786906  cache=4651
2026-03-10 16:11:05 | INFO | src.training_set_optimization.ga_subset | GA gen 120/300 | best=17568.374206  gen_best=17568.374206  mean=17575.526445  cache=5302
2026-03-10 16:12:47 | INFO | src.training_set_optimization.ga_subset | GA gen 135/300 | best=17565.388804  gen_best=17565.388804  mean=17576.055293  cache=5954
2026-03-10 16:14:30 | INFO | src.training_set_optimization.ga_subset | GA gen 150/300 | best=17561.266053  gen_best=17561.266053  mean=17568.606685  cache=6609
2026-03-10 16:16:11 | INFO | src.training_set_optimization.ga_subset | GA gen 165/300 | best=17557.725694  gen_best=17557.725694  mean=17568.310118  cache=7257
2026-03-10 16:17:53 | INFO | src.training_set_optimization.ga_subset | GA gen 180/300 | best=17555.625771  gen_best=17555.625771  mean=17563.310872  cache=7906
2026-03-10 16:19:31 | INFO | src.training_set_optimization.ga_subset | GA gen 195/300 | best=17552.333353  gen_best=17552.333353  mean=17554.537629  cache=8535
2026-03-10 16:21:15 | INFO | src.training_set_optimization.ga_subset | GA gen 210/300 | best=17550.237560  gen_best=17550.237560  mean=17561.013771  cache=9195
2026-03-10 16:22:58 | INFO | src.training_set_optimization.ga_subset | GA gen 225/300 | best=17548.890379  gen_best=17548.890379  mean=17551.498874  cache=9856
2026-03-10 16:24:39 | INFO | src.training_set_optimization.ga_subset | GA gen 240/300 | best=17546.193635  gen_best=17546.193635  mean=17553.793181  cache=10500
2026-03-10 16:26:24 | INFO | src.training_set_optimization.ga_subset | GA gen 255/300 | best=17543.612949  gen_best=17543.612949  mean=17553.127233  cache=11172
2026-03-10 16:28:07 | INFO | src.training_set_optimization.ga_subset | GA gen 270/300 | best=17540.962377  gen_best=17540.962377  mean=17545.666985  cache=11829
2026-03-10 16:29:50 | INFO | src.training_set_optimization.ga_subset | GA gen 285/300 | best=17539.399850  gen_best=17539.399850  mean=17544.382975  cache=12481
2026-03-10 16:31:26 | INFO | src.training_set_optimization.ga_subset | GA gen 299/300 | best=17537.086480  gen_best=17537.086480  mean=17538.186199  cache=13087
2026-03-10 16:31:26 | INFO | src.training_set_optimization.ga_subset | GA finished: best fitness=17537.086480  evals=13087  time=2050.7s
2026-03-10 16:31:28 | INFO | __main__ |   step 9/12 n_train=3000 PEVmean=17537.086480 corr=0.0945
2026-03-10 16:31:30 | INFO | __main__ |   random baseline order 0 done
2026-03-10 16:31:32 | INFO | __main__ |   random baseline order 1 done
2026-03-10 16:31:34 | INFO | __main__ |   random baseline order 2 done
2026-03-10 16:31:36 | INFO | __main__ |   random baseline order 3 done
2026-03-10 16:31:39 | INFO | __main__ |   random baseline order 4 done
2026-03-10 16:31:39 | INFO | __main__ | Summary saved to outputs/pevmean_ga4/shards/shard_018/body_mass/pevmean_ga_summary.csv
2026-03-10 16:31:39 | INFO | __main__ | PEVmean-GA experiment complete for trait 'body_mass'. Output: outputs/pevmean_ga4/shards/shard_018/body_mass
