2026-03-10 10:09:13 | INFO | __main__ | GA config: GAConfig(pop_size=50, n_generations=300, n_elite=2, tournament_k=3, crossover_prob=0.9, mutation_prob=0.35, n_swaps_per_mut=2, seed=14, verbose=True, stagnation_limit=15)
2026-03-10 10:09:13 | INFO | __main__ | Shard 17/20 enabled; using weighted job distribution across (target, repeat, n_train).
2026-03-10 10:09:13 | INFO | __main__ | Loading data for trait 'body_mass'
2026-03-10 10:09:13 | INFO | src.data | Loading data from NPZ: Data/npz/snp_body_mass_ALL.npz
2026-03-10 10:09:23 | INFO | __main__ | Loaded: 5697 samples, 65344 SNPs
2026-03-10 10:09:23 | INFO | __main__ | Fixed SNP subset: n=20000
2026-03-10 10:09:23 | INFO | __main__ | Shard 17/20 assigned 3/65 jobs (full=0, size=3)
2026-03-10 10:09:24 | INFO | __main__ | Target 6 (Indre Kvarøy): n_source=5341, n_target=356
2026-03-10 10:09:24 | INFO | __main__ | Training-set sizes: [50, 100, 250, 500, 1000, 1500, 2000, 2500, 3000, 3500, 4000, 4500]
2026-03-10 10:09:26 | INFO | __main__ | PEVmean-GA job 3/3 | trait=body_mass target=6 repeat=3/5 | full=False sizes=[1500, 2500, 3000]
2026-03-10 10:09:31 | INFO | src.training_set_optimization.ga_subset | GA gen   0/300 | best=18093.680809  gen_best=18093.680809  mean=18182.104286  cache=94
2026-03-10 10:10:09 | INFO | src.training_set_optimization.ga_subset | GA gen  15/300 | best=17865.933040  gen_best=17865.933040  mean=17938.978633  cache=726
2026-03-10 10:10:46 | INFO | src.training_set_optimization.ga_subset | GA gen  30/300 | best=17778.589312  gen_best=17778.589312  mean=17839.244149  cache=1378
2026-03-10 10:11:25 | INFO | src.training_set_optimization.ga_subset | GA gen  45/300 | best=17743.075765  gen_best=17743.075765  mean=17803.915026  cache=2029
2026-03-10 10:12:03 | INFO | src.training_set_optimization.ga_subset | GA gen  60/300 | best=17720.214037  gen_best=17720.214037  mean=17751.054756  cache=2682
2026-03-10 10:12:40 | INFO | src.training_set_optimization.ga_subset | GA gen  75/300 | best=17705.560332  gen_best=17705.560332  mean=17713.424176  cache=3321
2026-03-10 10:13:19 | INFO | src.training_set_optimization.ga_subset | GA gen  90/300 | best=17696.428173  gen_best=17696.428173  mean=17725.699732  cache=3979
2026-03-10 10:13:57 | INFO | src.training_set_optimization.ga_subset | GA gen 105/300 | best=17689.222860  gen_best=17689.222860  mean=17726.271458  cache=4638
2026-03-10 10:14:35 | INFO | src.training_set_optimization.ga_subset | GA gen 120/300 | best=17682.272408  gen_best=17682.272408  mean=17715.353075  cache=5291
2026-03-10 10:15:13 | INFO | src.training_set_optimization.ga_subset | GA gen 135/300 | best=17672.848284  gen_best=17672.848284  mean=17691.760392  cache=5940
2026-03-10 10:15:51 | INFO | src.training_set_optimization.ga_subset | GA gen 150/300 | best=17661.926020  gen_best=17661.926020  mean=17682.904866  cache=6579
2026-03-10 10:16:29 | INFO | src.training_set_optimization.ga_subset | GA gen 165/300 | best=17655.980743  gen_best=17655.980743  mean=17671.494092  cache=7228
2026-03-10 10:17:07 | INFO | src.training_set_optimization.ga_subset | GA gen 180/300 | best=17649.902437  gen_best=17649.902437  mean=17673.454836  cache=7883
2026-03-10 10:17:45 | INFO | src.training_set_optimization.ga_subset | GA gen 195/300 | best=17641.158796  gen_best=17641.158796  mean=17663.576365  cache=8541
2026-03-10 10:18:22 | INFO | src.training_set_optimization.ga_subset | GA gen 210/300 | best=17630.589103  gen_best=17630.589103  mean=17646.230781  cache=9172
2026-03-10 10:19:00 | INFO | src.training_set_optimization.ga_subset | GA gen 225/300 | best=17627.090482  gen_best=17627.090482  mean=17639.953067  cache=9808
2026-03-10 10:19:37 | INFO | src.training_set_optimization.ga_subset | GA gen 240/300 | best=17615.277520  gen_best=17615.277520  mean=17628.482330  cache=10449
2026-03-10 10:20:16 | INFO | src.training_set_optimization.ga_subset | GA gen 255/300 | best=17607.681436  gen_best=17607.681436  mean=17645.868242  cache=11107
2026-03-10 10:20:54 | INFO | src.training_set_optimization.ga_subset | GA gen 270/300 | best=17603.250551  gen_best=17603.250551  mean=17618.384459  cache=11759
2026-03-10 10:21:33 | INFO | src.training_set_optimization.ga_subset | GA gen 285/300 | best=17593.681114  gen_best=17593.681114  mean=17617.389955  cache=12422
2026-03-10 10:22:08 | INFO | src.training_set_optimization.ga_subset | GA gen 299/300 | best=17583.351847  gen_best=17583.351847  mean=17603.966198  cache=13026
2026-03-10 10:22:08 | INFO | src.training_set_optimization.ga_subset | GA finished: best fitness=17583.351847  evals=13026  time=762.1s
2026-03-10 10:22:09 | INFO | __main__ |   step 6/12 n_train=1500 PEVmean=17583.351847 corr=0.2378
2026-03-10 10:22:21 | INFO | src.training_set_optimization.ga_subset | GA gen   0/300 | best=17549.903095  gen_best=17549.903095  mean=17618.378275  cache=93
2026-03-10 10:23:51 | INFO | src.training_set_optimization.ga_subset | GA gen  15/300 | best=17370.619635  gen_best=17370.619635  mean=17445.288961  cache=759
2026-03-10 10:25:22 | INFO | src.training_set_optimization.ga_subset | GA gen  30/300 | best=17304.072526  gen_best=17304.072526  mean=17354.486269  cache=1433
2026-03-10 10:26:52 | INFO | src.training_set_optimization.ga_subset | GA gen  45/300 | best=17282.328697  gen_best=17282.328697  mean=17315.460103  cache=2096
2026-03-10 10:28:22 | INFO | src.training_set_optimization.ga_subset | GA gen  60/300 | best=17274.155475  gen_best=17274.155475  mean=17303.279952  cache=2765
2026-03-10 10:29:50 | INFO | src.training_set_optimization.ga_subset | GA gen  75/300 | best=17266.558345  gen_best=17266.558345  mean=17291.236189  cache=3410
2026-03-10 10:31:18 | INFO | src.training_set_optimization.ga_subset | GA gen  90/300 | best=17255.599815  gen_best=17255.599815  mean=17277.766931  cache=4065
2026-03-10 10:32:45 | INFO | src.training_set_optimization.ga_subset | GA gen 105/300 | best=17248.518244  gen_best=17248.518244  mean=17256.975824  cache=4702
2026-03-10 10:34:13 | INFO | src.training_set_optimization.ga_subset | GA gen 120/300 | best=17243.573158  gen_best=17243.573158  mean=17254.726221  cache=5360
2026-03-10 10:35:40 | INFO | src.training_set_optimization.ga_subset | GA gen 135/300 | best=17235.801660  gen_best=17235.801660  mean=17245.104206  cache=6003
2026-03-10 10:37:07 | INFO | src.training_set_optimization.ga_subset | GA gen 150/300 | best=17229.295588  gen_best=17229.295588  mean=17240.594377  cache=6652
2026-03-10 10:38:33 | INFO | src.training_set_optimization.ga_subset | GA gen 165/300 | best=17218.197858  gen_best=17218.197858  mean=17227.208776  cache=7289
2026-03-10 10:40:00 | INFO | src.training_set_optimization.ga_subset | GA gen 180/300 | best=17214.397910  gen_best=17214.397910  mean=17218.942043  cache=7953
2026-03-10 10:41:26 | INFO | src.training_set_optimization.ga_subset | GA gen 195/300 | best=17205.717982  gen_best=17205.717982  mean=17216.329861  cache=8597
2026-03-10 10:42:56 | INFO | src.training_set_optimization.ga_subset | GA gen 210/300 | best=17200.906699  gen_best=17200.906699  mean=17221.035491  cache=9265
2026-03-10 10:44:24 | INFO | src.training_set_optimization.ga_subset | GA gen 225/300 | best=17198.184907  gen_best=17198.184907  mean=17210.139074  cache=9917
2026-03-10 10:45:53 | INFO | src.training_set_optimization.ga_subset | GA gen 240/300 | best=17188.513370  gen_best=17188.513370  mean=17197.590318  cache=10568
2026-03-10 10:47:20 | INFO | src.training_set_optimization.ga_subset | GA gen 255/300 | best=17184.198636  gen_best=17184.198636  mean=17192.659819  cache=11210
2026-03-10 10:48:49 | INFO | src.training_set_optimization.ga_subset | GA gen 270/300 | best=17176.943716  gen_best=17176.943716  mean=17201.323506  cache=11864
2026-03-10 10:50:19 | INFO | src.training_set_optimization.ga_subset | GA gen 285/300 | best=17172.533684  gen_best=17172.533684  mean=17181.973063  cache=12522
2026-03-10 10:51:43 | INFO | src.training_set_optimization.ga_subset | GA gen 299/300 | best=17169.409861  gen_best=17169.409861  mean=17187.241157  cache=13139
2026-03-10 10:51:43 | INFO | src.training_set_optimization.ga_subset | GA finished: best fitness=17169.409861  evals=13139  time=1773.8s
2026-03-10 10:51:44 | INFO | __main__ |   step 8/12 n_train=2500 PEVmean=17169.409861 corr=0.2783
2026-03-10 10:52:02 | INFO | src.training_set_optimization.ga_subset | GA gen   0/300 | best=17256.663603  gen_best=17256.663603  mean=17338.326260  cache=94
2026-03-10 10:54:03 | INFO | src.training_set_optimization.ga_subset | GA gen  15/300 | best=17151.736192  gen_best=17151.736192  mean=17209.734992  cache=748
2026-03-10 10:56:06 | INFO | src.training_set_optimization.ga_subset | GA gen  30/300 | best=17087.507161  gen_best=17087.507161  mean=17132.446731  cache=1409
2026-03-10 10:58:09 | INFO | src.training_set_optimization.ga_subset | GA gen  45/300 | best=17077.438074  gen_best=17077.438074  mean=17095.369106  cache=2065
2026-03-10 11:00:11 | INFO | src.training_set_optimization.ga_subset | GA gen  60/300 | best=17072.517443  gen_best=17072.517443  mean=17090.736054  cache=2718
2026-03-10 11:02:10 | INFO | src.training_set_optimization.ga_subset | GA gen  75/300 | best=17069.124815  gen_best=17069.124815  mean=17080.354114  cache=3360
2026-03-10 11:04:12 | INFO | src.training_set_optimization.ga_subset | GA gen  90/300 | best=17065.203739  gen_best=17065.203739  mean=17088.285417  cache=4011
2026-03-10 11:06:14 | INFO | src.training_set_optimization.ga_subset | GA gen 105/300 | best=17054.139287  gen_best=17054.139287  mean=17070.192785  cache=4666
2026-03-10 11:08:18 | INFO | src.training_set_optimization.ga_subset | GA gen 120/300 | best=17050.891907  gen_best=17050.891907  mean=17085.784658  cache=5334
2026-03-10 11:10:21 | INFO | src.training_set_optimization.ga_subset | GA gen 135/300 | best=17047.565184  gen_best=17047.565184  mean=17055.651151  cache=5990
2026-03-10 11:12:31 | INFO | src.training_set_optimization.ga_subset | GA gen 150/300 | best=17044.664735  gen_best=17044.664735  mean=17059.777663  cache=6643
2026-03-10 11:14:31 | INFO | src.training_set_optimization.ga_subset | GA gen 165/300 | best=17042.256492  gen_best=17042.256492  mean=17060.994079  cache=7290
2026-03-10 11:16:29 | INFO | src.training_set_optimization.ga_subset | GA gen 180/300 | best=17040.493975  gen_best=17040.493975  mean=17050.763217  cache=7934
2026-03-10 11:18:26 | INFO | src.training_set_optimization.ga_subset | GA gen 195/300 | best=17029.993971  gen_best=17029.993971  mean=17046.244516  cache=8573
2026-03-10 11:20:25 | INFO | src.training_set_optimization.ga_subset | GA gen 210/300 | best=17023.963602  gen_best=17023.963602  mean=17034.369563  cache=9213
2026-03-10 11:22:29 | INFO | src.training_set_optimization.ga_subset | GA gen 225/300 | best=17019.408979  gen_best=17019.408979  mean=17025.548950  cache=9881
2026-03-10 11:24:33 | INFO | src.training_set_optimization.ga_subset | GA gen 240/300 | best=17015.250362  gen_best=17015.250362  mean=17030.892184  cache=10552
2026-03-10 11:26:30 | INFO | src.training_set_optimization.ga_subset | GA gen 255/300 | best=17013.103098  gen_best=17013.103098  mean=17021.332137  cache=11201
2026-03-10 11:28:27 | INFO | src.training_set_optimization.ga_subset | GA gen 270/300 | best=17006.069506  gen_best=17006.069506  mean=17013.058797  cache=11840
2026-03-10 11:30:29 | INFO | src.training_set_optimization.ga_subset | GA gen 285/300 | best=17004.550086  gen_best=17004.550086  mean=17017.581253  cache=12497
2026-03-10 11:32:22 | INFO | src.training_set_optimization.ga_subset | GA gen 299/300 | best=17003.197061  gen_best=17003.197061  mean=17009.758275  cache=13109
2026-03-10 11:32:22 | INFO | src.training_set_optimization.ga_subset | GA finished: best fitness=17003.197061  evals=13109  time=2437.6s
2026-03-10 11:32:24 | INFO | __main__ |   step 9/12 n_train=3000 PEVmean=17003.197061 corr=0.2598
2026-03-10 11:32:26 | INFO | __main__ |   random baseline order 0 done
2026-03-10 11:32:29 | INFO | __main__ |   random baseline order 1 done
2026-03-10 11:32:31 | INFO | __main__ |   random baseline order 2 done
2026-03-10 11:32:33 | INFO | __main__ |   random baseline order 3 done
2026-03-10 11:32:36 | INFO | __main__ |   random baseline order 4 done
2026-03-10 11:32:36 | INFO | __main__ | Summary saved to outputs/pevmean_ga3/shards/shard_017/body_mass/pevmean_ga_summary.csv
2026-03-10 11:32:36 | INFO | __main__ | PEVmean-GA experiment complete for trait 'body_mass'. Output: outputs/pevmean_ga3/shards/shard_017/body_mass
