2026-03-06 11:36:43 | INFO | __main__ | GA config: GAConfig(pop_size=50, n_generations=100, n_elite=2, tournament_k=3, crossover_prob=0.9, mutation_prob=0.3, n_swaps_per_mut=2, seed=14, verbose=True, stagnation_limit=20)
2026-03-06 11:36:43 | INFO | __main__ | Shard 4/20 assigned repeat=1, n_train_size=500
2026-03-06 11:36:43 | INFO | __main__ | Loading data for trait 'body_mass'
2026-03-06 11:36:43 | INFO | src.data | Loading data from NPZ: Data/npz/snp_body_mass_ALL.npz
2026-03-06 11:36:51 | INFO | __main__ | Loaded: 5697 samples, 65344 SNPs
2026-03-06 11:36:51 | INFO | __main__ | Fixed SNP subset: n=20000
2026-03-06 11:36:51 | INFO | __main__ | Target 3 (Selvær): n_source=5503, n_target=194
2026-03-06 11:36:51 | INFO | __main__ | Training-set sizes: [500]
2026-03-06 11:36:53 | INFO | __main__ | PEVmean-GA 1/5 | trait=body_mass target=3 repeat=2/5
2026-03-06 11:36:56 | INFO | src.training_set_optimization.ga_subset | GA gen   0/100 | best=19247.575431  gen_best=19247.575431  mean=19343.591082  cache=93
2026-03-06 11:36:57 | INFO | src.training_set_optimization.ga_subset | GA gen   5/100 | best=19069.844725  gen_best=19069.844725  mean=19180.460943  cache=316
2026-03-06 11:36:58 | INFO | src.training_set_optimization.ga_subset | GA gen  10/100 | best=18962.584773  gen_best=18962.584773  mean=19071.747362  cache=523
2026-03-06 11:36:59 | INFO | src.training_set_optimization.ga_subset | GA gen  15/100 | best=18894.480293  gen_best=18894.480293  mean=18987.955997  cache=740
2026-03-06 11:37:01 | INFO | src.training_set_optimization.ga_subset | GA gen  20/100 | best=18862.916280  gen_best=18862.916280  mean=18926.733226  cache=960
2026-03-06 11:37:02 | INFO | src.training_set_optimization.ga_subset | GA gen  25/100 | best=18840.520671  gen_best=18840.520671  mean=18896.083174  cache=1175
2026-03-06 11:37:03 | INFO | src.training_set_optimization.ga_subset | GA gen  30/100 | best=18820.398807  gen_best=18820.398807  mean=18879.442504  cache=1398
2026-03-06 11:37:04 | INFO | src.training_set_optimization.ga_subset | GA gen  35/100 | best=18810.120567  gen_best=18810.120567  mean=18857.447771  cache=1604
2026-03-06 11:37:05 | INFO | src.training_set_optimization.ga_subset | GA gen  40/100 | best=18799.413612  gen_best=18799.413612  mean=18827.743997  cache=1815
2026-03-06 11:37:06 | INFO | src.training_set_optimization.ga_subset | GA gen  45/100 | best=18791.678365  gen_best=18791.678365  mean=18833.214797  cache=2035
2026-03-06 11:37:07 | INFO | src.training_set_optimization.ga_subset | GA gen  50/100 | best=18780.505383  gen_best=18780.505383  mean=18820.620939  cache=2245
2026-03-06 11:37:08 | INFO | src.training_set_optimization.ga_subset | GA gen  55/100 | best=18779.899191  gen_best=18779.899191  mean=18826.727009  cache=2469
2026-03-06 11:37:09 | INFO | src.training_set_optimization.ga_subset | GA gen  60/100 | best=18777.675868  gen_best=18777.675868  mean=18822.845546  cache=2689
2026-03-06 11:37:10 | INFO | src.training_set_optimization.ga_subset | GA gen  65/100 | best=18771.950081  gen_best=18771.950081  mean=18822.218066  cache=2913
2026-03-06 11:37:11 | INFO | src.training_set_optimization.ga_subset | GA gen  70/100 | best=18760.403161  gen_best=18760.403161  mean=18779.716382  cache=3135
2026-03-06 11:37:12 | INFO | src.training_set_optimization.ga_subset | GA gen  75/100 | best=18751.998421  gen_best=18751.998421  mean=18781.364224  cache=3356
2026-03-06 11:37:13 | INFO | src.training_set_optimization.ga_subset | GA gen  80/100 | best=18745.341466  gen_best=18745.341466  mean=18783.399473  cache=3574
2026-03-06 11:37:14 | INFO | src.training_set_optimization.ga_subset | GA gen  85/100 | best=18737.448104  gen_best=18737.448104  mean=18756.433298  cache=3793
2026-03-06 11:37:15 | INFO | src.training_set_optimization.ga_subset | GA gen  90/100 | best=18731.958431  gen_best=18731.958431  mean=18753.476506  cache=3996
2026-03-06 11:37:16 | INFO | src.training_set_optimization.ga_subset | GA gen  95/100 | best=18710.829440  gen_best=18710.829440  mean=18753.147625  cache=4210
2026-03-06 11:37:17 | INFO | src.training_set_optimization.ga_subset | GA gen  99/100 | best=18708.118244  gen_best=18708.118244  mean=18740.709646  cache=4370
2026-03-06 11:37:17 | INFO | src.training_set_optimization.ga_subset | GA finished: best fitness=18708.118244  evals=4370  time=21.2s
2026-03-06 11:37:17 | INFO | __main__ |   step 1/1 n_train=500 PEVmean=18708.118244 corr=0.1744
2026-03-06 11:37:17 | INFO | __main__ |   random baseline order 0 done
2026-03-06 11:37:17 | INFO | __main__ |   random baseline order 1 done
2026-03-06 11:37:17 | INFO | __main__ |   random baseline order 2 done
2026-03-06 11:37:17 | INFO | __main__ |   random baseline order 3 done
2026-03-06 11:37:18 | INFO | __main__ |   random baseline order 4 done
2026-03-06 11:37:18 | INFO | __main__ | Summary saved to outputs/pevmean_ga/shards/shard_004/body_mass/pevmean_ga_summary.csv
2026-03-06 11:37:18 | INFO | __main__ | PEVmean-GA experiment complete for trait 'body_mass'. Output: outputs/pevmean_ga/shards/shard_004/body_mass
