2026-03-10 10:09:13 | INFO | __main__ | GA config: GAConfig(pop_size=50, n_generations=300, n_elite=2, tournament_k=3, crossover_prob=0.9, mutation_prob=0.35, n_swaps_per_mut=2, seed=14, verbose=True, stagnation_limit=15)
2026-03-10 10:09:13 | INFO | __main__ | Shard 13/20 enabled; using weighted job distribution across (target, repeat, n_train).
2026-03-10 10:09:13 | INFO | __main__ | Loading data for trait 'body_mass'
2026-03-10 10:09:13 | INFO | src.data | Loading data from NPZ: Data/npz/snp_body_mass_ALL.npz
2026-03-10 10:09:26 | INFO | __main__ | Loaded: 5697 samples, 65344 SNPs
2026-03-10 10:09:26 | INFO | __main__ | Fixed SNP subset: n=20000
2026-03-10 10:09:26 | INFO | __main__ | Shard 13/20 assigned 7/65 jobs (full=1, size=6)
2026-03-10 10:09:27 | INFO | __main__ | Target 6 (Indre Kvarøy): n_source=5341, n_target=356
2026-03-10 10:09:27 | INFO | __main__ | Training-set sizes: [50, 100, 250, 500, 1000, 1500, 2000, 2500, 3000, 3500, 4000, 4500]
2026-03-10 10:09:30 | INFO | __main__ | PEVmean-GA job 7/7 | trait=body_mass target=6 repeat=4/5 | full=True sizes=[50, 100, 250, 500, 2000, 3500]
2026-03-10 10:09:33 | INFO | src.training_set_optimization.ga_subset | GA gen   0/300 | best=19300.787398  gen_best=19300.787398  mean=19348.256650  cache=94
2026-03-10 10:09:34 | INFO | src.training_set_optimization.ga_subset | GA gen  15/300 | best=19184.535377  gen_best=19184.535377  mean=19220.613097  cache=739
2026-03-10 10:09:34 | INFO | src.training_set_optimization.ga_subset | GA gen  30/300 | best=19155.249317  gen_best=19155.249317  mean=19180.695897  cache=1374
2026-03-10 10:09:35 | INFO | src.training_set_optimization.ga_subset | GA gen  45/300 | best=19111.260351  gen_best=19111.260351  mean=19149.105164  cache=2006
2026-03-10 10:09:35 | INFO | src.training_set_optimization.ga_subset | GA gen  60/300 | best=19089.175392  gen_best=19089.175392  mean=19125.229042  cache=2653
2026-03-10 10:09:36 | INFO | src.training_set_optimization.ga_subset | GA gen  75/300 | best=19039.836792  gen_best=19039.836792  mean=19084.827385  cache=3302
2026-03-10 10:09:36 | INFO | src.training_set_optimization.ga_subset | GA gen  90/300 | best=18986.093139  gen_best=18986.093139  mean=19033.953893  cache=3962
2026-03-10 10:09:37 | INFO | src.training_set_optimization.ga_subset | GA gen 105/300 | best=18971.738504  gen_best=18971.738504  mean=19017.866756  cache=4611
2026-03-10 10:09:37 | INFO | src.training_set_optimization.ga_subset | GA gen 120/300 | best=18958.570855  gen_best=18958.570855  mean=19009.281480  cache=5268
2026-03-10 10:09:38 | INFO | src.training_set_optimization.ga_subset | GA gen 135/300 | best=18952.758561  gen_best=18952.758561  mean=18991.912311  cache=5925
2026-03-10 10:09:38 | INFO | src.training_set_optimization.ga_subset | GA gen 150/300 | best=18938.276893  gen_best=18938.276893  mean=18977.353880  cache=6568
2026-03-10 10:09:39 | INFO | src.training_set_optimization.ga_subset | GA early stop: no improvement for 15 generations (gen 157)
2026-03-10 10:09:39 | INFO | src.training_set_optimization.ga_subset | GA finished: best fitness=18938.276893  evals=6872  time=5.5s
2026-03-10 10:09:39 | INFO | __main__ |   step 1/12 n_train=50 PEVmean=18938.276893 corr=-0.0509
2026-03-10 10:09:39 | INFO | src.training_set_optimization.ga_subset | GA gen   0/300 | best=19207.754264  gen_best=19207.754264  mean=19275.350751  cache=94
2026-03-10 10:09:40 | INFO | src.training_set_optimization.ga_subset | GA gen  15/300 | best=18963.621663  gen_best=18963.621663  mean=19026.983507  cache=748
2026-03-10 10:09:40 | INFO | src.training_set_optimization.ga_subset | GA gen  30/300 | best=18939.750985  gen_best=18939.750985  mean=18987.547974  cache=1406
2026-03-10 10:09:41 | INFO | src.training_set_optimization.ga_subset | GA gen  45/300 | best=18893.944712  gen_best=18893.944712  mean=18929.541573  cache=2044
2026-03-10 10:09:42 | INFO | src.training_set_optimization.ga_subset | GA gen  60/300 | best=18844.048461  gen_best=18844.048461  mean=18914.146107  cache=2708
2026-03-10 10:09:43 | INFO | src.training_set_optimization.ga_subset | GA gen  75/300 | best=18814.545685  gen_best=18814.545685  mean=18862.318344  cache=3365
2026-03-10 10:09:43 | INFO | src.training_set_optimization.ga_subset | GA gen  90/300 | best=18790.671355  gen_best=18790.671355  mean=18840.085873  cache=4011
2026-03-10 10:09:44 | INFO | src.training_set_optimization.ga_subset | GA gen 105/300 | best=18772.157279  gen_best=18772.157279  mean=18837.908324  cache=4676
2026-03-10 10:09:45 | INFO | src.training_set_optimization.ga_subset | GA gen 120/300 | best=18756.773704  gen_best=18756.773704  mean=18796.944863  cache=5331
2026-03-10 10:09:45 | INFO | src.training_set_optimization.ga_subset | GA gen 135/300 | best=18746.494266  gen_best=18746.494266  mean=18789.427328  cache=5961
2026-03-10 10:09:46 | INFO | src.training_set_optimization.ga_subset | GA gen 150/300 | best=18726.598749  gen_best=18726.598749  mean=18771.377402  cache=6619
2026-03-10 10:09:47 | INFO | src.training_set_optimization.ga_subset | GA gen 165/300 | best=18706.457378  gen_best=18706.457378  mean=18768.051005  cache=7271
2026-03-10 10:09:48 | INFO | src.training_set_optimization.ga_subset | GA gen 180/300 | best=18688.833284  gen_best=18688.833284  mean=18722.866006  cache=7927
2026-03-10 10:09:48 | INFO | src.training_set_optimization.ga_subset | GA gen 195/300 | best=18660.651088  gen_best=18660.651088  mean=18711.105153  cache=8569
2026-03-10 10:09:49 | INFO | src.training_set_optimization.ga_subset | GA gen 210/300 | best=18651.628673  gen_best=18651.628673  mean=18696.706244  cache=9224
2026-03-10 10:09:50 | INFO | src.training_set_optimization.ga_subset | GA gen 225/300 | best=18648.939588  gen_best=18648.939588  mean=18689.586423  cache=9887
2026-03-10 10:09:50 | INFO | src.training_set_optimization.ga_subset | GA gen 240/300 | best=18647.272588  gen_best=18647.272588  mean=18693.355081  cache=10529
2026-03-10 10:09:51 | INFO | src.training_set_optimization.ga_subset | GA gen 255/300 | best=18642.907101  gen_best=18642.907101  mean=18686.966163  cache=11182
2026-03-10 10:09:52 | INFO | src.training_set_optimization.ga_subset | GA gen 270/300 | best=18636.920730  gen_best=18636.920730  mean=18700.555120  cache=11838
2026-03-10 10:09:53 | INFO | src.training_set_optimization.ga_subset | GA gen 285/300 | best=18632.183640  gen_best=18632.183640  mean=18696.354633  cache=12500
2026-03-10 10:09:53 | INFO | src.training_set_optimization.ga_subset | GA gen 299/300 | best=18631.522766  gen_best=18631.522766  mean=18673.008518  cache=13102
2026-03-10 10:09:53 | INFO | src.training_set_optimization.ga_subset | GA finished: best fitness=18631.522766  evals=13102  time=14.5s
2026-03-10 10:09:53 | INFO | __main__ |   step 2/12 n_train=100 PEVmean=18631.522766 corr=0.0715
2026-03-10 10:09:54 | INFO | src.training_set_optimization.ga_subset | GA gen   0/300 | best=19052.805971  gen_best=19052.805971  mean=19121.719113  cache=94
2026-03-10 10:09:56 | INFO | src.training_set_optimization.ga_subset | GA gen  15/300 | best=18802.575374  gen_best=18802.575374  mean=18864.151987  cache=748
2026-03-10 10:09:58 | INFO | src.training_set_optimization.ga_subset | GA gen  30/300 | best=18720.388910  gen_best=18720.388910  mean=18774.740866  cache=1406
2026-03-10 10:10:00 | INFO | src.training_set_optimization.ga_subset | GA gen  45/300 | best=18696.406633  gen_best=18696.406633  mean=18744.987296  cache=2069
2026-03-10 10:10:02 | INFO | src.training_set_optimization.ga_subset | GA gen  60/300 | best=18622.118001  gen_best=18622.118001  mean=18663.859309  cache=2714
2026-03-10 10:10:04 | INFO | src.training_set_optimization.ga_subset | GA gen  75/300 | best=18605.194297  gen_best=18605.194297  mean=18652.445743  cache=3375
2026-03-10 10:10:06 | INFO | src.training_set_optimization.ga_subset | GA gen  90/300 | best=18587.872082  gen_best=18587.872082  mean=18621.872524  cache=4033
2026-03-10 10:10:08 | INFO | src.training_set_optimization.ga_subset | GA gen 105/300 | best=18530.084690  gen_best=18530.084690  mean=18580.609113  cache=4706
2026-03-10 10:10:09 | INFO | src.training_set_optimization.ga_subset | GA gen 120/300 | best=18526.881661  gen_best=18526.881661  mean=18581.938579  cache=5375
2026-03-10 10:10:11 | INFO | src.training_set_optimization.ga_subset | GA gen 135/300 | best=18516.129152  gen_best=18516.129152  mean=18532.062446  cache=6002
2026-03-10 10:10:13 | INFO | src.training_set_optimization.ga_subset | GA gen 150/300 | best=18496.570339  gen_best=18496.570339  mean=18512.303194  cache=6626
2026-03-10 10:10:15 | INFO | src.training_set_optimization.ga_subset | GA gen 165/300 | best=18491.207818  gen_best=18491.207818  mean=18515.094054  cache=7291
2026-03-10 10:10:17 | INFO | src.training_set_optimization.ga_subset | GA gen 180/300 | best=18488.318845  gen_best=18488.318845  mean=18512.029014  cache=7931
2026-03-10 10:10:19 | INFO | src.training_set_optimization.ga_subset | GA gen 195/300 | best=18469.360728  gen_best=18469.360728  mean=18520.425462  cache=8579
2026-03-10 10:10:21 | INFO | src.training_set_optimization.ga_subset | GA gen 210/300 | best=18447.237109  gen_best=18447.237109  mean=18490.688142  cache=9231
2026-03-10 10:10:22 | INFO | src.training_set_optimization.ga_subset | GA gen 225/300 | best=18440.531255  gen_best=18440.531255  mean=18469.858876  cache=9870
2026-03-10 10:10:24 | INFO | src.training_set_optimization.ga_subset | GA gen 240/300 | best=18435.895992  gen_best=18435.895992  mean=18478.126729  cache=10535
2026-03-10 10:10:26 | INFO | src.training_set_optimization.ga_subset | GA gen 255/300 | best=18424.629358  gen_best=18424.629358  mean=18449.807387  cache=11181
2026-03-10 10:10:28 | INFO | src.training_set_optimization.ga_subset | GA gen 270/300 | best=18418.042785  gen_best=18418.042785  mean=18439.796931  cache=11828
2026-03-10 10:10:30 | INFO | src.training_set_optimization.ga_subset | GA gen 285/300 | best=18402.264559  gen_best=18402.264559  mean=18447.089191  cache=12491
2026-03-10 10:10:32 | INFO | src.training_set_optimization.ga_subset | GA gen 299/300 | best=18399.708853  gen_best=18399.708853  mean=18457.870869  cache=13095
2026-03-10 10:10:32 | INFO | src.training_set_optimization.ga_subset | GA finished: best fitness=18399.708853  evals=13095  time=38.4s
2026-03-10 10:10:32 | INFO | __main__ |   step 3/12 n_train=250 PEVmean=18399.708853 corr=0.1593
2026-03-10 10:10:33 | INFO | src.training_set_optimization.ga_subset | GA gen   0/300 | best=18799.319702  gen_best=18799.319702  mean=18910.009137  cache=90
2026-03-10 10:10:38 | INFO | src.training_set_optimization.ga_subset | GA gen  15/300 | best=18598.825322  gen_best=18598.825322  mean=18668.223538  cache=739
2026-03-10 10:10:44 | INFO | src.training_set_optimization.ga_subset | GA gen  30/300 | best=18523.903353  gen_best=18523.903353  mean=18594.593271  cache=1403
2026-03-10 10:10:50 | INFO | src.training_set_optimization.ga_subset | GA gen  45/300 | best=18470.816544  gen_best=18470.816544  mean=18516.754719  cache=2066
2026-03-10 10:10:56 | INFO | src.training_set_optimization.ga_subset | GA gen  60/300 | best=18447.728589  gen_best=18447.728589  mean=18491.214033  cache=2726
2026-03-10 10:11:01 | INFO | src.training_set_optimization.ga_subset | GA gen  75/300 | best=18430.947522  gen_best=18430.947522  mean=18470.412629  cache=3382
2026-03-10 10:11:07 | INFO | src.training_set_optimization.ga_subset | GA gen  90/300 | best=18411.039734  gen_best=18411.039734  mean=18451.438844  cache=4022
2026-03-10 10:11:12 | INFO | src.training_set_optimization.ga_subset | GA gen 105/300 | best=18368.189652  gen_best=18368.189652  mean=18423.290284  cache=4681
2026-03-10 10:11:18 | INFO | src.training_set_optimization.ga_subset | GA gen 120/300 | best=18359.780793  gen_best=18359.780793  mean=18410.621799  cache=5348
2026-03-10 10:11:24 | INFO | src.training_set_optimization.ga_subset | GA gen 135/300 | best=18349.089710  gen_best=18349.089710  mean=18392.112748  cache=6013
2026-03-10 10:11:30 | INFO | src.training_set_optimization.ga_subset | GA gen 150/300 | best=18336.368811  gen_best=18336.368811  mean=18376.072399  cache=6672
2026-03-10 10:11:35 | INFO | src.training_set_optimization.ga_subset | GA gen 165/300 | best=18307.695318  gen_best=18307.695318  mean=18340.167225  cache=7319
2026-03-10 10:11:41 | INFO | src.training_set_optimization.ga_subset | GA gen 180/300 | best=18299.504889  gen_best=18299.504889  mean=18337.267481  cache=7964
2026-03-10 10:11:47 | INFO | src.training_set_optimization.ga_subset | GA gen 195/300 | best=18286.991876  gen_best=18286.991876  mean=18331.230977  cache=8625
2026-03-10 10:11:52 | INFO | src.training_set_optimization.ga_subset | GA gen 210/300 | best=18282.060098  gen_best=18282.060098  mean=18312.503810  cache=9279
2026-03-10 10:11:58 | INFO | src.training_set_optimization.ga_subset | GA gen 225/300 | best=18276.732444  gen_best=18276.732444  mean=18286.974675  cache=9921
2026-03-10 10:12:03 | INFO | src.training_set_optimization.ga_subset | GA gen 240/300 | best=18267.452536  gen_best=18267.452536  mean=18307.324796  cache=10566
2026-03-10 10:12:09 | INFO | src.training_set_optimization.ga_subset | GA gen 255/300 | best=18258.951538  gen_best=18258.951538  mean=18307.716436  cache=11231
2026-03-10 10:12:15 | INFO | src.training_set_optimization.ga_subset | GA gen 270/300 | best=18237.605998  gen_best=18237.605998  mean=18261.361523  cache=11880
2026-03-10 10:12:20 | INFO | src.training_set_optimization.ga_subset | GA gen 285/300 | best=18231.656608  gen_best=18231.656608  mean=18256.563208  cache=12532
2026-03-10 10:12:25 | INFO | src.training_set_optimization.ga_subset | GA gen 299/300 | best=18226.776408  gen_best=18226.776408  mean=18255.607147  cache=13133
2026-03-10 10:12:25 | INFO | src.training_set_optimization.ga_subset | GA finished: best fitness=18226.776408  evals=13133  time=113.4s
2026-03-10 10:12:26 | INFO | __main__ |   step 4/12 n_train=500 PEVmean=18226.776408 corr=0.1558
2026-03-10 10:12:36 | INFO | src.training_set_optimization.ga_subset | GA gen   0/300 | best=17778.086077  gen_best=17778.086077  mean=17875.211586  cache=93
2026-03-10 10:13:47 | INFO | src.training_set_optimization.ga_subset | GA gen  15/300 | best=17593.767972  gen_best=17593.767972  mean=17657.791437  cache=735
2026-03-10 10:14:59 | INFO | src.training_set_optimization.ga_subset | GA gen  30/300 | best=17546.398475  gen_best=17546.398475  mean=17581.239719  cache=1381
2026-03-10 10:16:13 | INFO | src.training_set_optimization.ga_subset | GA gen  45/300 | best=17528.975203  gen_best=17528.975203  mean=17539.401134  cache=2040
2026-03-10 10:17:27 | INFO | src.training_set_optimization.ga_subset | GA gen  60/300 | best=17519.201294  gen_best=17519.201294  mean=17542.701836  cache=2695
2026-03-10 10:18:42 | INFO | src.training_set_optimization.ga_subset | GA gen  75/300 | best=17498.556467  gen_best=17498.556467  mean=17509.587882  cache=3355
2026-03-10 10:19:56 | INFO | src.training_set_optimization.ga_subset | GA gen  90/300 | best=17492.786432  gen_best=17492.786432  mean=17514.133354  cache=4002
2026-03-10 10:21:10 | INFO | src.training_set_optimization.ga_subset | GA gen 105/300 | best=17481.657183  gen_best=17481.657183  mean=17495.131174  cache=4655
2026-03-10 10:22:23 | INFO | src.training_set_optimization.ga_subset | GA gen 120/300 | best=17468.236935  gen_best=17468.236935  mean=17486.792604  cache=5297
2026-03-10 10:23:35 | INFO | src.training_set_optimization.ga_subset | GA gen 135/300 | best=17459.709822  gen_best=17459.709822  mean=17469.223613  cache=5945
2026-03-10 10:24:49 | INFO | src.training_set_optimization.ga_subset | GA gen 150/300 | best=17453.521661  gen_best=17453.521661  mean=17460.060656  cache=6599
2026-03-10 10:26:02 | INFO | src.training_set_optimization.ga_subset | GA gen 165/300 | best=17436.757333  gen_best=17436.757333  mean=17458.221622  cache=7246
2026-03-10 10:27:14 | INFO | src.training_set_optimization.ga_subset | GA gen 180/300 | best=17421.728776  gen_best=17421.728776  mean=17435.373787  cache=7893
2026-03-10 10:28:28 | INFO | src.training_set_optimization.ga_subset | GA gen 195/300 | best=17413.193844  gen_best=17413.193844  mean=17419.380480  cache=8545
2026-03-10 10:29:41 | INFO | src.training_set_optimization.ga_subset | GA gen 210/300 | best=17409.812081  gen_best=17409.812081  mean=17420.618137  cache=9199
2026-03-10 10:30:56 | INFO | src.training_set_optimization.ga_subset | GA gen 225/300 | best=17402.330151  gen_best=17402.330151  mean=17423.317133  cache=9856
2026-03-10 10:32:11 | INFO | src.training_set_optimization.ga_subset | GA gen 240/300 | best=17397.760058  gen_best=17397.760058  mean=17422.505438  cache=10524
2026-03-10 10:33:27 | INFO | src.training_set_optimization.ga_subset | GA gen 255/300 | best=17385.934277  gen_best=17385.934277  mean=17403.100412  cache=11175
2026-03-10 10:34:39 | INFO | src.training_set_optimization.ga_subset | GA gen 270/300 | best=17382.411201  gen_best=17382.411201  mean=17400.300801  cache=11817
2026-03-10 10:35:54 | INFO | src.training_set_optimization.ga_subset | GA gen 285/300 | best=17379.735032  gen_best=17379.735032  mean=17393.106024  cache=12477
2026-03-10 10:37:04 | INFO | src.training_set_optimization.ga_subset | GA gen 299/300 | best=17373.525821  gen_best=17373.525821  mean=17383.849725  cache=13099
2026-03-10 10:37:04 | INFO | src.training_set_optimization.ga_subset | GA finished: best fitness=17373.525821  evals=13099  time=1478.8s
2026-03-10 10:37:06 | INFO | __main__ |   step 7/12 n_train=2000 PEVmean=17373.525821 corr=0.2820
2026-03-10 10:37:33 | INFO | src.training_set_optimization.ga_subset | GA gen   0/300 | best=17064.440709  gen_best=17064.440709  mean=17131.399115  cache=91
2026-03-10 10:40:47 | INFO | src.training_set_optimization.ga_subset | GA gen  15/300 | best=16965.707706  gen_best=16965.707706  mean=16988.615424  cache=744
2026-03-10 10:43:56 | INFO | src.training_set_optimization.ga_subset | GA gen  30/300 | best=16925.932111  gen_best=16925.932111  mean=16946.172548  cache=1378
2026-03-10 10:47:09 | INFO | src.training_set_optimization.ga_subset | GA gen  45/300 | best=16917.579827  gen_best=16917.579827  mean=16930.750399  cache=2030
2026-03-10 10:50:21 | INFO | src.training_set_optimization.ga_subset | GA gen  60/300 | best=16910.322025  gen_best=16910.322025  mean=16920.889192  cache=2678
2026-03-10 10:53:38 | INFO | src.training_set_optimization.ga_subset | GA gen  75/300 | best=16906.927358  gen_best=16906.927358  mean=16934.321627  cache=3343
2026-03-10 10:56:58 | INFO | src.training_set_optimization.ga_subset | GA gen  90/300 | best=16904.037300  gen_best=16904.037300  mean=16912.014925  cache=4015
2026-03-10 11:00:59 | INFO | src.training_set_optimization.ga_subset | GA gen 105/300 | best=16896.823446  gen_best=16896.823446  mean=16916.500381  cache=4664
2026-03-10 11:04:27 | INFO | src.training_set_optimization.ga_subset | GA gen 120/300 | best=16888.650652  gen_best=16888.650652  mean=16896.768156  cache=5326
2026-03-10 11:07:54 | INFO | src.training_set_optimization.ga_subset | GA gen 135/300 | best=16887.205525  gen_best=16887.205525  mean=16900.979636  cache=5984
2026-03-10 11:11:18 | INFO | src.training_set_optimization.ga_subset | GA gen 150/300 | best=16880.304320  gen_best=16880.304320  mean=16893.759254  cache=6632
2026-03-10 11:14:47 | INFO | src.training_set_optimization.ga_subset | GA gen 165/300 | best=16877.547884  gen_best=16877.547884  mean=16891.531037  cache=7298
2026-03-10 11:18:25 | INFO | src.training_set_optimization.ga_subset | GA gen 180/300 | best=16875.742599  gen_best=16875.742599  mean=16893.080835  cache=7946
2026-03-10 11:21:50 | INFO | src.training_set_optimization.ga_subset | GA gen 195/300 | best=16869.867477  gen_best=16869.867477  mean=16878.691787  cache=8593
2026-03-10 11:25:24 | INFO | src.training_set_optimization.ga_subset | GA gen 210/300 | best=16865.559451  gen_best=16865.559451  mean=16880.194182  cache=9244
2026-03-10 11:28:53 | INFO | src.training_set_optimization.ga_subset | GA gen 225/300 | best=16860.884790  gen_best=16860.884790  mean=16873.547756  cache=9905
2026-03-10 11:32:21 | INFO | src.training_set_optimization.ga_subset | GA gen 240/300 | best=16855.271342  gen_best=16855.271342  mean=16869.557580  cache=10565
2026-03-10 11:35:44 | INFO | src.training_set_optimization.ga_subset | GA gen 255/300 | best=16851.982630  gen_best=16851.982630  mean=16865.644365  cache=11209
2026-03-10 11:39:11 | INFO | src.training_set_optimization.ga_subset | GA gen 270/300 | best=16849.373426  gen_best=16849.373426  mean=16860.626690  cache=11867
2026-03-10 11:42:37 | INFO | src.training_set_optimization.ga_subset | GA gen 285/300 | best=16847.174720  gen_best=16847.174720  mean=16851.540907  cache=12520
2026-03-10 11:45:51 | INFO | src.training_set_optimization.ga_subset | GA gen 299/300 | best=16841.534593  gen_best=16841.534593  mean=16857.288845  cache=13121
2026-03-10 11:45:51 | INFO | src.training_set_optimization.ga_subset | GA finished: best fitness=16841.534593  evals=13121  time=4125.6s
2026-03-10 11:45:54 | INFO | __main__ |   step 10/12 n_train=3500 PEVmean=16841.534593 corr=0.2979
2026-03-10 11:45:57 | INFO | __main__ |   random baseline order 0 done
2026-03-10 11:46:00 | INFO | __main__ |   random baseline order 1 done
2026-03-10 11:46:03 | INFO | __main__ |   random baseline order 2 done
2026-03-10 11:46:06 | INFO | __main__ |   random baseline order 3 done
2026-03-10 11:46:09 | INFO | __main__ |   random baseline order 4 done
2026-03-10 11:46:09 | INFO | __main__ | Summary saved to outputs/pevmean_ga3/shards/shard_013/body_mass/pevmean_ga_summary.csv
2026-03-10 11:46:09 | INFO | __main__ | PEVmean-GA experiment complete for trait 'body_mass'. Output: outputs/pevmean_ga3/shards/shard_013/body_mass
