2026-05-14 16:45:56 | INFO | __main__ | Using device: cpu
2026-05-14 16:45:56 | INFO | __main__ | Loading data...
2026-05-14 16:45:56 | INFO | src.data | Loading data from NPZ: Data/npz/snp_body_mass_ALL.npz
2026-05-14 16:46:09 | INFO | __main__ | Data loaded: 5697 samples, 65344 SNPs, 15 islands
2026-05-14 16:46:09 | INFO | __main__ | Included islands: [0, 1, 2, 3, 4, 5, 6, 7, 8, 9, 10, 11, 12, 13, 14]
2026-05-14 16:46:09 | INFO | __main__ | Target islands: [0, 1, 2, 3, 4, 5, 6, 7, 8, 9, 10, 11, 12, 13, 14]
2026-05-14 16:46:09 | INFO | __main__ | Shard 30/45 assignment: [{'target_code': 10, 'repeat_indices': [0, 1], 'target_shard_index': 0, 'target_num_shards': 3, 'target_shard_ids': [30, 31, 32]}]
2026-05-14 16:46:09 | INFO | __main__ | ======================================================================
2026-05-14 16:46:09 | INFO | __main__ | Target 10 assigned repeats: [0, 1]
2026-05-14 16:46:11 | INFO | __main__ | Target 10 (Aldra), repeat 1/6: source pool 5524 -> sampled players 5524, cal=20, test=153, split_seed=14
2026-05-14 16:46:11 | INFO | __main__ | SNP selection: 20000 random SNPs from 65344 (seed=14)
2026-05-14 16:46:11 | INFO | __main__ | Computing V_full over all 5524 source individuals...
2026-05-14 16:46:18 | INFO | __main__ | V_full(cal) = 0.1752
2026-05-14 20:46:10 | INFO | __main__ | TMC progress: 30/300 permutations, truncated=30, utility evals=8310, cache hit rate=0.0%
2026-05-14 23:57:45 | INFO | __main__ | TMC progress: 60/300 permutations, truncated=60, utility evals=16219, cache hit rate=0.0%
2026-05-15 05:03:20 | INFO | __main__ | TMC progress: 90/300 permutations, truncated=90, utility evals=25432, cache hit rate=0.0%
2026-05-15 10:53:24 | INFO | __main__ | TMC progress: 120/300 permutations, truncated=120, utility evals=35967, cache hit rate=0.0%
2026-05-15 14:27:17 | INFO | __main__ | TMC progress: 150/300 permutations, truncated=150, utility evals=44266, cache hit rate=0.0%
2026-05-15 18:22:26 | INFO | __main__ | TMC progress: 180/300 permutations, truncated=180, utility evals=52585, cache hit rate=0.0%
2026-05-15 22:16:52 | INFO | __main__ | TMC progress: 210/300 permutations, truncated=210, utility evals=60233, cache hit rate=0.0%
2026-05-16 04:23:28 | INFO | __main__ | TMC progress: 240/300 permutations, truncated=240, utility evals=70482, cache hit rate=0.0%
2026-05-16 09:52:24 | INFO | __main__ | TMC progress: 270/300 permutations, truncated=270, utility evals=80805, cache hit rate=0.0%
2026-05-16 14:31:43 | INFO | __main__ | TMC progress: 300/300 permutations, truncated=300, utility evals=89740, cache hit rate=0.0%
2026-05-16 14:31:46 | INFO | __main__ | Saved individual Shapley values to outputs/tmc_shapley_individuals_grouped/island_10/repeat_0/shapley_individual_values_target_10.csv
2026-05-16 14:31:47 | INFO | __main__ | Target 10 (Aldra), repeat 2/6: source pool 5524 -> sampled players 5524, cal=20, test=153, split_seed=1014
2026-05-16 14:31:47 | INFO | __main__ | SNP selection: 20000 random SNPs from 65344 (seed=14)
2026-05-16 14:31:47 | INFO | __main__ | Computing V_full over all 5524 source individuals...
2026-05-16 14:31:54 | INFO | __main__ | V_full(cal) = 0.3483
2026-05-16 21:56:11 | INFO | __main__ | TMC progress: 30/300 permutations, truncated=30, utility evals=12879, cache hit rate=0.0%
2026-05-17 04:11:00 | INFO | __main__ | TMC progress: 60/300 permutations, truncated=60, utility evals=24233, cache hit rate=0.0%
2026-05-17 10:27:35 | INFO | __main__ | TMC progress: 90/300 permutations, truncated=90, utility evals=35742, cache hit rate=0.0%
2026-05-17 16:02:00 | INFO | __main__ | TMC progress: 120/300 permutations, truncated=120, utility evals=46450, cache hit rate=0.0%
2026-05-17 22:38:47 | INFO | __main__ | TMC progress: 150/300 permutations, truncated=150, utility evals=58202, cache hit rate=0.0%
2026-05-18 03:20:55 | INFO | __main__ | TMC progress: 180/300 permutations, truncated=180, utility evals=67291, cache hit rate=0.0%
2026-05-18 09:07:51 | INFO | __main__ | TMC progress: 210/300 permutations, truncated=210, utility evals=77800, cache hit rate=0.0%
2026-05-18 15:33:46 | INFO | __main__ | TMC progress: 240/300 permutations, truncated=240, utility evals=89306, cache hit rate=0.0%
[2026-05-18T16:45:58.049] error: *** JOB 24479299 ON idun-10-10 CANCELLED AT 2026-05-18T16:45:58 DUE TO TIME LIMIT ***
