2026-05-14 16:45:55 | INFO | __main__ | Using device: cpu
2026-05-14 16:45:55 | INFO | __main__ | Loading data...
2026-05-14 16:45:55 | INFO | src.data | Loading data from NPZ: Data/npz/snp_body_mass_ALL.npz
2026-05-14 16:46:07 | INFO | __main__ | Data loaded: 5697 samples, 65344 SNPs, 15 islands
2026-05-14 16:46:07 | INFO | __main__ | Included islands: [0, 1, 2, 3, 4, 5, 6, 7, 8, 9, 10, 11, 12, 13, 14]
2026-05-14 16:46:07 | INFO | __main__ | Target islands: [0, 1, 2, 3, 4, 5, 6, 7, 8, 9, 10, 11, 12, 13, 14]
2026-05-14 16:46:07 | INFO | __main__ | Shard 23/45 assignment: [{'target_code': 7, 'repeat_indices': [4, 5], 'target_shard_index': 2, 'target_num_shards': 3, 'target_shard_ids': [21, 22, 23]}]
2026-05-14 16:46:07 | INFO | __main__ | ======================================================================
2026-05-14 16:46:07 | INFO | __main__ | Target 7 assigned repeats: [4, 5]
2026-05-14 16:46:08 | INFO | __main__ | Target 7 (Onøy og Lurøy), repeat 5/6: source pool 5438 -> sampled players 5438, cal=20, test=239, split_seed=4014
2026-05-14 16:46:08 | INFO | __main__ | SNP selection: 20000 random SNPs from 65344 (seed=14)
2026-05-14 16:46:08 | INFO | __main__ | Computing V_full over all 5438 source individuals...
2026-05-14 16:46:13 | INFO | __main__ | V_full(cal) = 0.0617
2026-05-14 19:25:37 | INFO | __main__ | TMC progress: 30/300 permutations, truncated=30, utility evals=8195, cache hit rate=0.0%
2026-05-14 22:34:54 | INFO | __main__ | TMC progress: 60/300 permutations, truncated=60, utility evals=16955, cache hit rate=0.0%
2026-05-15 02:37:22 | INFO | __main__ | TMC progress: 90/300 permutations, truncated=90, utility evals=25837, cache hit rate=0.0%
2026-05-15 05:08:09 | INFO | __main__ | TMC progress: 120/300 permutations, truncated=120, utility evals=32749, cache hit rate=0.0%
2026-05-15 08:08:40 | INFO | __main__ | TMC progress: 150/300 permutations, truncated=150, utility evals=41470, cache hit rate=0.0%
2026-05-15 11:39:15 | INFO | __main__ | TMC progress: 180/300 permutations, truncated=180, utility evals=50632, cache hit rate=0.0%
2026-05-15 14:34:46 | INFO | __main__ | TMC progress: 210/300 permutations, truncated=210, utility evals=58526, cache hit rate=0.0%
2026-05-15 17:28:46 | INFO | __main__ | TMC progress: 240/300 permutations, truncated=240, utility evals=67088, cache hit rate=0.0%
2026-05-15 20:11:50 | INFO | __main__ | TMC progress: 270/300 permutations, truncated=270, utility evals=75421, cache hit rate=0.0%
2026-05-15 22:33:53 | INFO | __main__ | TMC progress: 300/300 permutations, truncated=300, utility evals=83136, cache hit rate=0.0%
2026-05-15 22:33:54 | INFO | __main__ | Saved individual Shapley values to outputs/tmc_shapley_individuals_grouped/island_7/repeat_4/shapley_individual_values_target_7.csv
2026-05-15 22:33:56 | INFO | __main__ | Target 7 (Onøy og Lurøy), repeat 6/6: source pool 5438 -> sampled players 5438, cal=20, test=239, split_seed=5014
2026-05-15 22:33:56 | INFO | __main__ | SNP selection: 20000 random SNPs from 65344 (seed=14)
2026-05-15 22:33:56 | INFO | __main__ | Computing V_full over all 5438 source individuals...
2026-05-15 22:34:01 | INFO | __main__ | V_full(cal) = -0.1743
2026-05-16 01:59:08 | INFO | __main__ | TMC progress: 30/300 permutations, truncated=30, utility evals=9127, cache hit rate=0.0%
2026-05-16 04:07:02 | INFO | __main__ | TMC progress: 60/300 permutations, truncated=60, utility evals=16623, cache hit rate=0.0%
2026-05-16 07:20:59 | INFO | __main__ | TMC progress: 90/300 permutations, truncated=90, utility evals=25797, cache hit rate=0.0%
2026-05-16 09:17:27 | INFO | __main__ | TMC progress: 120/300 permutations, truncated=120, utility evals=32647, cache hit rate=0.0%
2026-05-16 12:38:34 | INFO | __main__ | TMC progress: 150/300 permutations, truncated=150, utility evals=42015, cache hit rate=0.0%
2026-05-16 16:31:14 | INFO | __main__ | TMC progress: 180/300 permutations, truncated=180, utility evals=52405, cache hit rate=0.0%
2026-05-16 19:47:20 | INFO | __main__ | TMC progress: 210/300 permutations, truncated=210, utility evals=61986, cache hit rate=0.0%
2026-05-16 22:21:10 | INFO | __main__ | TMC progress: 240/300 permutations, truncated=240, utility evals=69963, cache hit rate=0.0%
2026-05-17 02:38:33 | INFO | __main__ | TMC progress: 270/300 permutations, truncated=270, utility evals=80477, cache hit rate=0.0%
2026-05-17 04:57:42 | INFO | __main__ | TMC progress: 300/300 permutations, truncated=300, utility evals=87338, cache hit rate=0.0%
2026-05-17 04:57:42 | INFO | __main__ | Saved individual Shapley values to outputs/tmc_shapley_individuals_grouped/island_7/repeat_5/shapley_individual_values_target_7.csv
2026-05-17 04:57:42 | INFO | __main__ | Saved shard manifest to outputs/tmc_shapley_individuals_grouped/island_7/shards/worker_shard_23_target_7.json; target-level summaries are deferred to merge mode.
2026-05-17 04:57:42 | INFO | __main__ | Worker complete.
