2026-05-12 13:50:03 | INFO | __main__ | Using device: cpu
2026-05-12 13:50:03 | INFO | __main__ | Loading data...
2026-05-12 13:50:03 | INFO | src.data | Loading data from NPZ: Data/npz/snp_body_mass_ALL.npz
2026-05-12 13:57:19 | INFO | __main__ | Data loaded: 5697 samples, 65344 SNPs, 16 islands
2026-05-12 13:57:20 | INFO | __main__ | Included islands: [0, 1, 2, 3, 4, 5, 6, 7, 8, 9, 10, 11, 12, 13, 14, 15]
2026-05-12 13:57:20 | INFO | __main__ | Target islands: [0, 4, 7, 9, 12]
2026-05-12 13:57:20 | INFO | __main__ | Shard 3/10 assignment: [{'target_code': 4, 'repeat_indices': [3, 4], 'target_shard_index': 1, 'target_num_shards': 2, 'target_shard_ids': [2, 3]}]
2026-05-12 13:57:20 | INFO | __main__ | ======================================================================
2026-05-12 13:57:20 | INFO | __main__ | Target 4 assigned repeats: [3, 4]
2026-05-12 13:57:23 | INFO | __main__ | Target 4 (Gjerøy), repeat 4/5: source pool 5139 -> sampled players 5139, cal=55, test=503, split_seed=3014
2026-05-12 13:57:23 | INFO | __main__ | SNP selection: 20000 random SNPs from 65344 (seed=14)
2026-05-12 13:57:23 | INFO | __main__ | Computing V_full over all 5139 source individuals...
2026-05-12 13:57:31 | INFO | __main__ | V_full(cal) = 0.1429
2026-05-12 18:47:43 | INFO | __main__ | TMC progress: 10/50 permutations, truncated=10, utility evals=9519, cache hit rate=0.0%
2026-05-12 19:48:40 | INFO | __main__ | TMC progress: 20/50 permutations, truncated=20, utility evals=14424, cache hit rate=0.0%
2026-05-12 22:28:07 | INFO | __main__ | TMC progress: 30/50 permutations, truncated=30, utility evals=20959, cache hit rate=0.0%
2026-05-13 02:54:09 | INFO | __main__ | TMC progress: 40/50 permutations, truncated=40, utility evals=29764, cache hit rate=0.0%
2026-05-13 06:04:15 | INFO | __main__ | TMC progress: 50/50 permutations, truncated=50, utility evals=37648, cache hit rate=0.0%
2026-05-13 06:04:22 | INFO | __main__ | Saved individual Shapley values to outputs/tmc_shapley_individuals/island_4/repeat_3/shapley_individual_values_target_4.csv
2026-05-13 06:04:26 | INFO | __main__ | Target 4 (Gjerøy), repeat 5/5: source pool 5139 -> sampled players 5139, cal=55, test=503, split_seed=4014
2026-05-13 06:04:26 | INFO | __main__ | SNP selection: 20000 random SNPs from 65344 (seed=14)
2026-05-13 06:04:26 | INFO | __main__ | Computing V_full over all 5139 source individuals...
2026-05-13 06:04:34 | INFO | __main__ | V_full(cal) = 0.3325
2026-05-13 13:26:13 | INFO | __main__ | TMC progress: 10/50 permutations, truncated=10, utility evals=18494, cache hit rate=0.0%
2026-05-13 17:17:04 | INFO | __main__ | TMC progress: 20/50 permutations, truncated=20, utility evals=34186, cache hit rate=0.0%
2026-05-14 08:53:02 | INFO | __main__ | TMC progress: 30/50 permutations, truncated=30, utility evals=56205, cache hit rate=0.0%
[2026-05-14T12:52:58.050] error: *** JOB 24444118 ON idun-05-03 CANCELLED AT 2026-05-14T12:52:58 DUE TO TIME LIMIT ***
