2026-05-14 16:45:56 | INFO | __main__ | Using device: cpu
2026-05-14 16:45:56 | INFO | __main__ | Loading data...
2026-05-14 16:45:56 | INFO | src.data | Loading data from NPZ: Data/npz/snp_body_mass_ALL.npz
2026-05-14 16:46:11 | INFO | __main__ | Data loaded: 5697 samples, 65344 SNPs, 15 islands
2026-05-14 16:46:11 | INFO | __main__ | Included islands: [0, 1, 2, 3, 4, 5, 6, 7, 8, 9, 10, 11, 12, 13, 14]
2026-05-14 16:46:11 | INFO | __main__ | Target islands: [0, 1, 2, 3, 4, 5, 6, 7, 8, 9, 10, 11, 12, 13, 14]
2026-05-14 16:46:11 | INFO | __main__ | Shard 35/45 assignment: [{'target_code': 11, 'repeat_indices': [4, 5], 'target_shard_index': 2, 'target_num_shards': 3, 'target_shard_ids': [33, 34, 35]}]
2026-05-14 16:46:11 | INFO | __main__ | ======================================================================
2026-05-14 16:46:11 | INFO | __main__ | Target 11 assigned repeats: [4, 5]
2026-05-14 16:46:12 | INFO | __main__ | Target 11 (Leka), repeat 5/6: source pool 5114 -> sampled players 5114, cal=20, test=563, split_seed=4014
2026-05-14 16:46:12 | INFO | __main__ | SNP selection: 20000 random SNPs from 65344 (seed=14)
2026-05-14 16:46:12 | INFO | __main__ | Computing V_full over all 5114 source individuals...
2026-05-14 16:46:20 | INFO | __main__ | V_full(cal) = -0.0314
2026-05-14 20:01:43 | INFO | __main__ | TMC progress: 30/300 permutations, truncated=30, utility evals=7698, cache hit rate=0.0%
2026-05-14 23:24:04 | INFO | __main__ | TMC progress: 60/300 permutations, truncated=60, utility evals=15179, cache hit rate=0.0%
2026-05-15 02:44:21 | INFO | __main__ | TMC progress: 90/300 permutations, truncated=90, utility evals=22432, cache hit rate=0.0%
2026-05-15 05:17:28 | INFO | __main__ | TMC progress: 120/300 permutations, truncated=120, utility evals=28897, cache hit rate=0.0%
2026-05-15 08:56:54 | INFO | __main__ | TMC progress: 150/300 permutations, truncated=150, utility evals=36457, cache hit rate=0.0%
2026-05-15 12:14:24 | INFO | __main__ | TMC progress: 180/300 permutations, truncated=180, utility evals=43770, cache hit rate=0.0%
2026-05-15 15:39:41 | INFO | __main__ | TMC progress: 210/300 permutations, truncated=210, utility evals=51623, cache hit rate=0.0%
2026-05-15 18:53:46 | INFO | __main__ | TMC progress: 240/300 permutations, truncated=240, utility evals=59202, cache hit rate=0.0%
2026-05-15 23:13:21 | INFO | __main__ | TMC progress: 270/300 permutations, truncated=270, utility evals=67507, cache hit rate=0.0%
2026-05-16 03:09:34 | INFO | __main__ | TMC progress: 300/300 permutations, truncated=300, utility evals=75784, cache hit rate=0.0%
2026-05-16 03:09:37 | INFO | __main__ | Saved individual Shapley values to outputs/tmc_shapley_individuals_grouped/island_11/repeat_4/shapley_individual_values_target_11.csv
2026-05-16 03:09:38 | INFO | __main__ | Target 11 (Leka), repeat 6/6: source pool 5114 -> sampled players 5114, cal=20, test=563, split_seed=5014
2026-05-16 03:09:38 | INFO | __main__ | SNP selection: 20000 random SNPs from 65344 (seed=14)
2026-05-16 03:09:38 | INFO | __main__ | Computing V_full over all 5114 source individuals...
2026-05-16 03:09:45 | INFO | __main__ | V_full(cal) = 0.0721
2026-05-16 06:24:32 | INFO | __main__ | TMC progress: 30/300 permutations, truncated=30, utility evals=7141, cache hit rate=0.0%
2026-05-16 09:15:52 | INFO | __main__ | TMC progress: 60/300 permutations, truncated=60, utility evals=13609, cache hit rate=0.0%
2026-05-16 13:26:23 | INFO | __main__ | TMC progress: 90/300 permutations, truncated=90, utility evals=22027, cache hit rate=0.0%
2026-05-16 16:29:00 | INFO | __main__ | TMC progress: 120/300 permutations, truncated=120, utility evals=29086, cache hit rate=0.0%
2026-05-16 19:31:34 | INFO | __main__ | TMC progress: 150/300 permutations, truncated=150, utility evals=36054, cache hit rate=0.0%
2026-05-16 22:44:13 | INFO | __main__ | TMC progress: 180/300 permutations, truncated=180, utility evals=43776, cache hit rate=0.0%
2026-05-17 03:28:19 | INFO | __main__ | TMC progress: 210/300 permutations, truncated=210, utility evals=53064, cache hit rate=0.0%
2026-05-17 07:35:45 | INFO | __main__ | TMC progress: 240/300 permutations, truncated=240, utility evals=61066, cache hit rate=0.0%
2026-05-17 10:15:37 | INFO | __main__ | TMC progress: 270/300 permutations, truncated=270, utility evals=67460, cache hit rate=0.0%
2026-05-17 13:43:37 | INFO | __main__ | TMC progress: 300/300 permutations, truncated=300, utility evals=75162, cache hit rate=0.0%
2026-05-17 13:43:38 | INFO | __main__ | Saved individual Shapley values to outputs/tmc_shapley_individuals_grouped/island_11/repeat_5/shapley_individual_values_target_11.csv
2026-05-17 13:43:38 | INFO | __main__ | Saved shard manifest to outputs/tmc_shapley_individuals_grouped/island_11/shards/worker_shard_35_target_11.json; target-level summaries are deferred to merge mode.
2026-05-17 13:43:38 | INFO | __main__ | Worker complete.
