2026-05-14 16:45:55 | INFO | __main__ | Using device: cpu
2026-05-14 16:45:55 | INFO | __main__ | Loading data...
2026-05-14 16:45:55 | INFO | src.data | Loading data from NPZ: Data/npz/snp_body_mass_ALL.npz
2026-05-14 16:46:06 | INFO | __main__ | Data loaded: 5697 samples, 65344 SNPs, 15 islands
2026-05-14 16:46:06 | INFO | __main__ | Included islands: [0, 1, 2, 3, 4, 5, 6, 7, 8, 9, 10, 11, 12, 13, 14]
2026-05-14 16:46:06 | INFO | __main__ | Target islands: [0, 1, 2, 3, 4, 5, 6, 7, 8, 9, 10, 11, 12, 13, 14]
2026-05-14 16:46:06 | INFO | __main__ | Shard 11/45 assignment: [{'target_code': 3, 'repeat_indices': [4, 5], 'target_shard_index': 2, 'target_num_shards': 3, 'target_shard_ids': [9, 10, 11]}]
2026-05-14 16:46:06 | INFO | __main__ | ======================================================================
2026-05-14 16:46:06 | INFO | __main__ | Target 3 assigned repeats: [4, 5]
2026-05-14 16:46:07 | INFO | __main__ | Target 3 (Selvær), repeat 5/6: source pool 5503 -> sampled players 5503, cal=20, test=174, split_seed=4014
2026-05-14 16:46:07 | INFO | __main__ | SNP selection: 20000 random SNPs from 65344 (seed=14)
2026-05-14 16:46:07 | INFO | __main__ | Computing V_full over all 5503 source individuals...
2026-05-14 16:46:12 | INFO | __main__ | V_full(cal) = 0.3325
2026-05-14 20:54:00 | INFO | __main__ | TMC progress: 30/300 permutations, truncated=30, utility evals=9480, cache hit rate=0.0%
2026-05-15 00:23:21 | INFO | __main__ | TMC progress: 60/300 permutations, truncated=60, utility evals=18273, cache hit rate=0.0%
2026-05-15 03:15:53 | INFO | __main__ | TMC progress: 90/300 permutations, truncated=90, utility evals=26536, cache hit rate=0.0%
2026-05-15 06:30:13 | INFO | __main__ | TMC progress: 120/300 permutations, truncated=120, utility evals=35433, cache hit rate=0.0%
2026-05-15 09:17:18 | INFO | __main__ | TMC progress: 150/300 permutations, truncated=150, utility evals=43565, cache hit rate=0.0%
2026-05-15 11:30:39 | INFO | __main__ | TMC progress: 180/300 permutations, truncated=180, utility evals=50664, cache hit rate=0.0%
2026-05-15 14:18:04 | INFO | __main__ | TMC progress: 210/300 permutations, truncated=210, utility evals=58806, cache hit rate=0.0%
2026-05-15 17:28:16 | INFO | __main__ | TMC progress: 240/300 permutations, truncated=240, utility evals=67051, cache hit rate=0.0%
2026-05-15 19:52:34 | INFO | __main__ | TMC progress: 270/300 permutations, truncated=270, utility evals=74388, cache hit rate=0.0%
2026-05-15 22:33:29 | INFO | __main__ | TMC progress: 300/300 permutations, truncated=300, utility evals=82451, cache hit rate=0.0%
2026-05-15 22:33:31 | INFO | __main__ | Saved individual Shapley values to outputs/tmc_shapley_individuals_grouped/island_3/repeat_4/shapley_individual_values_target_3.csv
2026-05-15 22:33:32 | INFO | __main__ | Target 3 (Selvær), repeat 6/6: source pool 5503 -> sampled players 5503, cal=20, test=174, split_seed=5014
2026-05-15 22:33:32 | INFO | __main__ | SNP selection: 20000 random SNPs from 65344 (seed=14)
2026-05-15 22:33:32 | INFO | __main__ | Computing V_full over all 5503 source individuals...
2026-05-15 22:33:37 | INFO | __main__ | V_full(cal) = 0.1590
2026-05-16 00:47:27 | INFO | __main__ | TMC progress: 30/300 permutations, truncated=30, utility evals=7143, cache hit rate=0.0%
2026-05-16 04:39:11 | INFO | __main__ | TMC progress: 60/300 permutations, truncated=60, utility evals=15560, cache hit rate=0.0%
2026-05-16 07:45:49 | INFO | __main__ | TMC progress: 90/300 permutations, truncated=90, utility evals=23951, cache hit rate=0.0%
2026-05-16 10:18:25 | INFO | __main__ | TMC progress: 120/300 permutations, truncated=120, utility evals=31475, cache hit rate=0.0%
2026-05-16 12:52:31 | INFO | __main__ | TMC progress: 150/300 permutations, truncated=150, utility evals=39562, cache hit rate=0.0%
2026-05-16 16:03:31 | INFO | __main__ | TMC progress: 180/300 permutations, truncated=180, utility evals=47975, cache hit rate=0.0%
2026-05-16 18:14:56 | INFO | __main__ | TMC progress: 210/300 permutations, truncated=210, utility evals=55044, cache hit rate=0.0%
2026-05-16 21:25:56 | INFO | __main__ | TMC progress: 240/300 permutations, truncated=240, utility evals=64456, cache hit rate=0.0%
2026-05-17 00:31:40 | INFO | __main__ | TMC progress: 270/300 permutations, truncated=270, utility evals=73387, cache hit rate=0.0%
2026-05-17 02:52:35 | INFO | __main__ | TMC progress: 300/300 permutations, truncated=300, utility evals=80687, cache hit rate=0.0%
2026-05-17 02:52:36 | INFO | __main__ | Saved individual Shapley values to outputs/tmc_shapley_individuals_grouped/island_3/repeat_5/shapley_individual_values_target_3.csv
2026-05-17 02:52:36 | INFO | __main__ | Saved shard manifest to outputs/tmc_shapley_individuals_grouped/island_3/shards/worker_shard_11_target_3.json; target-level summaries are deferred to merge mode.
2026-05-17 02:52:36 | INFO | __main__ | Worker complete.
