2026-05-14 16:45:53 | INFO | __main__ | Using device: cpu
2026-05-14 16:45:53 | INFO | __main__ | Loading data...
2026-05-14 16:45:53 | INFO | src.data | Loading data from NPZ: Data/npz/snp_body_mass_ALL.npz
2026-05-14 16:46:01 | INFO | __main__ | Data loaded: 5697 samples, 65344 SNPs, 15 islands
2026-05-14 16:46:01 | INFO | __main__ | Included islands: [0, 1, 2, 3, 4, 5, 6, 7, 8, 9, 10, 11, 12, 13, 14]
2026-05-14 16:46:01 | INFO | __main__ | Target islands: [0, 1, 2, 3, 4, 5, 6, 7, 8, 9, 10, 11, 12, 13, 14]
2026-05-14 16:46:01 | INFO | __main__ | Shard 1/45 assignment: [{'target_code': 0, 'repeat_indices': [2, 3], 'target_shard_index': 1, 'target_num_shards': 3, 'target_shard_ids': [0, 1, 2]}]
2026-05-14 16:46:01 | INFO | __main__ | ======================================================================
2026-05-14 16:46:01 | INFO | __main__ | Target 0 assigned repeats: [2, 3]
2026-05-14 16:46:02 | INFO | __main__ | Target 0 (Nesøy), repeat 3/6: source pool 5578 -> sampled players 5578, cal=20, test=99, split_seed=2014
2026-05-14 16:46:02 | INFO | __main__ | SNP selection: 20000 random SNPs from 65344 (seed=14)
2026-05-14 16:46:02 | INFO | __main__ | Computing V_full over all 5578 source individuals...
2026-05-14 16:46:06 | INFO | __main__ | V_full(cal) = 0.1539
2026-05-14 18:32:43 | INFO | __main__ | TMC progress: 30/300 permutations, truncated=30, utility evals=7324, cache hit rate=0.0%
2026-05-14 19:48:06 | INFO | __main__ | TMC progress: 60/300 permutations, truncated=60, utility evals=13136, cache hit rate=0.0%
2026-05-14 21:42:25 | INFO | __main__ | TMC progress: 90/300 permutations, truncated=90, utility evals=21266, cache hit rate=0.0%
2026-05-14 23:25:13 | INFO | __main__ | TMC progress: 120/300 permutations, truncated=120, utility evals=28893, cache hit rate=0.0%
2026-05-15 01:24:32 | INFO | __main__ | TMC progress: 150/300 permutations, truncated=150, utility evals=37050, cache hit rate=0.0%
2026-05-15 03:26:09 | INFO | __main__ | TMC progress: 180/300 permutations, truncated=180, utility evals=44666, cache hit rate=0.0%
2026-05-15 05:08:58 | INFO | __main__ | TMC progress: 210/300 permutations, truncated=210, utility evals=52417, cache hit rate=0.0%
2026-05-15 06:55:33 | INFO | __main__ | TMC progress: 240/300 permutations, truncated=240, utility evals=59957, cache hit rate=0.0%
2026-05-15 09:26:48 | INFO | __main__ | TMC progress: 270/300 permutations, truncated=270, utility evals=69406, cache hit rate=0.0%
2026-05-15 11:19:45 | INFO | __main__ | TMC progress: 300/300 permutations, truncated=300, utility evals=77164, cache hit rate=0.0%
2026-05-15 11:19:47 | INFO | __main__ | Saved individual Shapley values to outputs/tmc_shapley_individuals_grouped/island_0/repeat_2/shapley_individual_values_target_0.csv
2026-05-15 11:19:48 | INFO | __main__ | Target 0 (Nesøy), repeat 4/6: source pool 5578 -> sampled players 5578, cal=20, test=99, split_seed=3014
2026-05-15 11:19:48 | INFO | __main__ | SNP selection: 20000 random SNPs from 65344 (seed=14)
2026-05-15 11:19:48 | INFO | __main__ | Computing V_full over all 5578 source individuals...
2026-05-15 11:19:52 | INFO | __main__ | V_full(cal) = 0.4472
2026-05-15 14:08:40 | INFO | __main__ | TMC progress: 30/300 permutations, truncated=30, utility evals=10077, cache hit rate=0.0%
2026-05-15 17:13:16 | INFO | __main__ | TMC progress: 60/300 permutations, truncated=60, utility evals=20772, cache hit rate=0.0%
2026-05-15 20:20:13 | INFO | __main__ | TMC progress: 90/300 permutations, truncated=90, utility evals=31522, cache hit rate=0.0%
2026-05-15 23:02:57 | INFO | __main__ | TMC progress: 120/300 permutations, truncated=120, utility evals=41563, cache hit rate=0.0%
2026-05-16 02:39:43 | INFO | __main__ | TMC progress: 150/300 permutations, truncated=150, utility evals=53258, cache hit rate=0.0%
2026-05-16 05:40:18 | INFO | __main__ | TMC progress: 180/300 permutations, truncated=180, utility evals=63139, cache hit rate=0.0%
2026-05-16 08:39:50 | INFO | __main__ | TMC progress: 210/300 permutations, truncated=210, utility evals=73796, cache hit rate=0.0%
2026-05-16 11:43:47 | INFO | __main__ | TMC progress: 240/300 permutations, truncated=240, utility evals=84721, cache hit rate=0.0%
2026-05-16 13:29:59 | INFO | __main__ | TMC progress: 270/300 permutations, truncated=270, utility evals=92750, cache hit rate=0.0%
2026-05-16 16:10:07 | INFO | __main__ | TMC progress: 300/300 permutations, truncated=300, utility evals=102434, cache hit rate=0.0%
2026-05-16 16:10:09 | INFO | __main__ | Saved individual Shapley values to outputs/tmc_shapley_individuals_grouped/island_0/repeat_3/shapley_individual_values_target_0.csv
2026-05-16 16:10:09 | INFO | __main__ | Saved shard manifest to outputs/tmc_shapley_individuals_grouped/island_0/shards/worker_shard_1_target_0.json; target-level summaries are deferred to merge mode.
2026-05-16 16:10:09 | INFO | __main__ | Worker complete.
