2026-05-14 16:45:56 | INFO | __main__ | Using device: cpu
2026-05-14 16:45:56 | INFO | __main__ | Loading data...
2026-05-14 16:45:56 | INFO | src.data | Loading data from NPZ: Data/npz/snp_body_mass_ALL.npz
2026-05-14 16:46:11 | INFO | __main__ | Data loaded: 5697 samples, 65344 SNPs, 15 islands
2026-05-14 16:46:11 | INFO | __main__ | Included islands: [0, 1, 2, 3, 4, 5, 6, 7, 8, 9, 10, 11, 12, 13, 14]
2026-05-14 16:46:11 | INFO | __main__ | Target islands: [0, 1, 2, 3, 4, 5, 6, 7, 8, 9, 10, 11, 12, 13, 14]
2026-05-14 16:46:11 | INFO | __main__ | Shard 34/45 assignment: [{'target_code': 11, 'repeat_indices': [2, 3], 'target_shard_index': 1, 'target_num_shards': 3, 'target_shard_ids': [33, 34, 35]}]
2026-05-14 16:46:11 | INFO | __main__ | ======================================================================
2026-05-14 16:46:11 | INFO | __main__ | Target 11 assigned repeats: [2, 3]
2026-05-14 16:46:12 | INFO | __main__ | Target 11 (Leka), repeat 3/6: source pool 5114 -> sampled players 5114, cal=20, test=563, split_seed=2014
2026-05-14 16:46:12 | INFO | __main__ | SNP selection: 20000 random SNPs from 65344 (seed=14)
2026-05-14 16:46:12 | INFO | __main__ | Computing V_full over all 5114 source individuals...
2026-05-14 16:46:20 | INFO | __main__ | V_full(cal) = -0.4275
2026-05-14 21:34:50 | INFO | __main__ | TMC progress: 30/300 permutations, truncated=30, utility evals=9683, cache hit rate=0.0%
2026-05-15 01:02:19 | INFO | __main__ | TMC progress: 60/300 permutations, truncated=60, utility evals=17532, cache hit rate=0.0%
2026-05-15 04:46:00 | INFO | __main__ | TMC progress: 90/300 permutations, truncated=90, utility evals=26258, cache hit rate=0.0%
2026-05-15 09:03:32 | INFO | __main__ | TMC progress: 120/300 permutations, truncated=120, utility evals=35445, cache hit rate=0.0%
2026-05-15 13:02:35 | INFO | __main__ | TMC progress: 150/300 permutations, truncated=150, utility evals=44496, cache hit rate=0.0%
2026-05-15 17:14:12 | INFO | __main__ | TMC progress: 180/300 permutations, truncated=180, utility evals=53512, cache hit rate=0.0%
2026-05-15 22:09:56 | INFO | __main__ | TMC progress: 210/300 permutations, truncated=210, utility evals=62835, cache hit rate=0.0%
2026-05-16 03:09:10 | INFO | __main__ | TMC progress: 240/300 permutations, truncated=240, utility evals=72976, cache hit rate=0.0%
2026-05-16 07:29:00 | INFO | __main__ | TMC progress: 270/300 permutations, truncated=270, utility evals=82547, cache hit rate=0.0%
2026-05-16 11:56:56 | INFO | __main__ | TMC progress: 300/300 permutations, truncated=300, utility evals=91926, cache hit rate=0.0%
2026-05-16 11:56:58 | INFO | __main__ | Saved individual Shapley values to outputs/tmc_shapley_individuals_grouped/island_11/repeat_2/shapley_individual_values_target_11.csv
2026-05-16 11:57:00 | INFO | __main__ | Target 11 (Leka), repeat 4/6: source pool 5114 -> sampled players 5114, cal=20, test=563, split_seed=3014
2026-05-16 11:57:00 | INFO | __main__ | SNP selection: 20000 random SNPs from 65344 (seed=14)
2026-05-16 11:57:00 | INFO | __main__ | Computing V_full over all 5114 source individuals...
2026-05-16 11:57:07 | INFO | __main__ | V_full(cal) = 0.1446
2026-05-16 13:53:51 | INFO | __main__ | TMC progress: 30/300 permutations, truncated=30, utility evals=5343, cache hit rate=0.0%
2026-05-16 17:45:35 | INFO | __main__ | TMC progress: 60/300 permutations, truncated=60, utility evals=13739, cache hit rate=0.0%
2026-05-16 21:57:46 | INFO | __main__ | TMC progress: 90/300 permutations, truncated=90, utility evals=22707, cache hit rate=0.0%
2026-05-17 00:17:58 | INFO | __main__ | TMC progress: 120/300 permutations, truncated=120, utility evals=28604, cache hit rate=0.0%
2026-05-17 03:31:47 | INFO | __main__ | TMC progress: 150/300 permutations, truncated=150, utility evals=36161, cache hit rate=0.0%
2026-05-17 06:12:17 | INFO | __main__ | TMC progress: 180/300 permutations, truncated=180, utility evals=42781, cache hit rate=0.0%
2026-05-17 08:29:44 | INFO | __main__ | TMC progress: 210/300 permutations, truncated=210, utility evals=49015, cache hit rate=0.0%
2026-05-17 10:49:55 | INFO | __main__ | TMC progress: 240/300 permutations, truncated=240, utility evals=55408, cache hit rate=0.0%
2026-05-17 12:54:29 | INFO | __main__ | TMC progress: 270/300 permutations, truncated=270, utility evals=61109, cache hit rate=0.0%
2026-05-17 16:26:09 | INFO | __main__ | TMC progress: 300/300 permutations, truncated=300, utility evals=69099, cache hit rate=0.0%
2026-05-17 16:26:11 | INFO | __main__ | Saved individual Shapley values to outputs/tmc_shapley_individuals_grouped/island_11/repeat_3/shapley_individual_values_target_11.csv
2026-05-17 16:26:11 | INFO | __main__ | Saved shard manifest to outputs/tmc_shapley_individuals_grouped/island_11/shards/worker_shard_34_target_11.json; target-level summaries are deferred to merge mode.
2026-05-17 16:26:11 | INFO | __main__ | Worker complete.
