2026-05-14 16:45:55 | INFO | __main__ | Using device: cpu
2026-05-14 16:45:55 | INFO | __main__ | Loading data...
2026-05-14 16:45:55 | INFO | src.data | Loading data from NPZ: Data/npz/snp_body_mass_ALL.npz
2026-05-14 16:46:05 | INFO | __main__ | Data loaded: 5697 samples, 65344 SNPs, 15 islands
2026-05-14 16:46:05 | INFO | __main__ | Included islands: [0, 1, 2, 3, 4, 5, 6, 7, 8, 9, 10, 11, 12, 13, 14]
2026-05-14 16:46:05 | INFO | __main__ | Target islands: [0, 1, 2, 3, 4, 5, 6, 7, 8, 9, 10, 11, 12, 13, 14]
2026-05-14 16:46:05 | INFO | __main__ | Shard 7/45 assignment: [{'target_code': 2, 'repeat_indices': [2, 3], 'target_shard_index': 1, 'target_num_shards': 3, 'target_shard_ids': [6, 7, 8]}]
2026-05-14 16:46:05 | INFO | __main__ | ======================================================================
2026-05-14 16:46:05 | INFO | __main__ | Target 2 assigned repeats: [2, 3]
2026-05-14 16:46:06 | INFO | __main__ | Target 2 (Træna), repeat 3/6: source pool 5405 -> sampled players 5405, cal=20, test=272, split_seed=2014
2026-05-14 16:46:06 | INFO | __main__ | SNP selection: 20000 random SNPs from 65344 (seed=14)
2026-05-14 16:46:06 | INFO | __main__ | Computing V_full over all 5405 source individuals...
2026-05-14 16:46:11 | INFO | __main__ | V_full(cal) = 0.5480
2026-05-14 21:04:41 | INFO | __main__ | TMC progress: 30/300 permutations, truncated=30, utility evals=12253, cache hit rate=0.0%
2026-05-15 01:01:28 | INFO | __main__ | TMC progress: 60/300 permutations, truncated=60, utility evals=23469, cache hit rate=0.0%
2026-05-15 04:56:11 | INFO | __main__ | TMC progress: 90/300 permutations, truncated=90, utility evals=34636, cache hit rate=0.0%
2026-05-15 08:07:53 | INFO | __main__ | TMC progress: 120/300 permutations, truncated=120, utility evals=44599, cache hit rate=0.0%
2026-05-15 11:20:57 | INFO | __main__ | TMC progress: 150/300 permutations, truncated=150, utility evals=54557, cache hit rate=0.0%
2026-05-15 14:08:52 | INFO | __main__ | TMC progress: 180/300 permutations, truncated=180, utility evals=64314, cache hit rate=0.0%
2026-05-15 17:38:04 | INFO | __main__ | TMC progress: 210/300 permutations, truncated=210, utility evals=75094, cache hit rate=0.0%
2026-05-15 21:02:31 | INFO | __main__ | TMC progress: 240/300 permutations, truncated=240, utility evals=85713, cache hit rate=0.0%
2026-05-16 00:57:30 | INFO | __main__ | TMC progress: 270/300 permutations, truncated=270, utility evals=97433, cache hit rate=0.0%
2026-05-16 04:18:21 | INFO | __main__ | TMC progress: 300/300 permutations, truncated=300, utility evals=107889, cache hit rate=0.0%
2026-05-16 04:18:23 | INFO | __main__ | Saved individual Shapley values to outputs/tmc_shapley_individuals_grouped/island_2/repeat_2/shapley_individual_values_target_2.csv
2026-05-16 04:18:24 | INFO | __main__ | Target 2 (Træna), repeat 4/6: source pool 5405 -> sampled players 5405, cal=20, test=272, split_seed=3014
2026-05-16 04:18:24 | INFO | __main__ | SNP selection: 20000 random SNPs from 65344 (seed=14)
2026-05-16 04:18:24 | INFO | __main__ | Computing V_full over all 5405 source individuals...
2026-05-16 04:18:28 | INFO | __main__ | V_full(cal) = 0.4263
2026-05-16 06:59:14 | INFO | __main__ | TMC progress: 30/300 permutations, truncated=30, utility evals=9073, cache hit rate=0.0%
2026-05-16 10:37:02 | INFO | __main__ | TMC progress: 60/300 permutations, truncated=60, utility evals=19851, cache hit rate=0.0%
2026-05-16 14:20:32 | INFO | __main__ | TMC progress: 90/300 permutations, truncated=90, utility evals=30156, cache hit rate=0.0%
2026-05-16 17:10:49 | INFO | __main__ | TMC progress: 120/300 permutations, truncated=120, utility evals=39757, cache hit rate=0.0%
2026-05-16 19:54:27 | INFO | __main__ | TMC progress: 150/300 permutations, truncated=150, utility evals=49310, cache hit rate=0.0%
2026-05-16 22:25:53 | INFO | __main__ | TMC progress: 180/300 permutations, truncated=180, utility evals=58399, cache hit rate=0.0%
2026-05-17 01:10:54 | INFO | __main__ | TMC progress: 210/300 permutations, truncated=210, utility evals=67963, cache hit rate=0.0%
2026-05-17 03:49:34 | INFO | __main__ | TMC progress: 240/300 permutations, truncated=240, utility evals=77120, cache hit rate=0.0%
2026-05-17 06:02:22 | INFO | __main__ | TMC progress: 270/300 permutations, truncated=270, utility evals=85575, cache hit rate=0.0%
2026-05-17 08:52:44 | INFO | __main__ | TMC progress: 300/300 permutations, truncated=300, utility evals=95656, cache hit rate=0.0%
2026-05-17 08:52:45 | INFO | __main__ | Saved individual Shapley values to outputs/tmc_shapley_individuals_grouped/island_2/repeat_3/shapley_individual_values_target_2.csv
2026-05-17 08:52:45 | INFO | __main__ | Saved shard manifest to outputs/tmc_shapley_individuals_grouped/island_2/shards/worker_shard_7_target_2.json; target-level summaries are deferred to merge mode.
2026-05-17 08:52:45 | INFO | __main__ | Worker complete.
