2026-05-14 18:57:21 | INFO | __main__ | Using device: cpu
2026-05-14 18:57:21 | INFO | __main__ | Loading data...
2026-05-14 18:57:21 | INFO | src.data | Loading data from NPZ: Data/npz/snp_body_mass_ALL.npz
2026-05-14 18:57:33 | INFO | __main__ | Data loaded: 5697 samples, 65344 SNPs, 15 islands
2026-05-14 18:57:33 | INFO | __main__ | Included islands: [0, 1, 2, 3, 4, 5, 6, 7, 8, 9, 10, 11, 12, 13, 14]
2026-05-14 18:57:33 | INFO | __main__ | Target islands: [0, 1, 2, 3, 4, 5, 6, 7, 8, 9, 10, 11, 12, 13, 14]
2026-05-14 18:57:33 | INFO | __main__ | Shard 38/45 assignment: [{'target_code': 12, 'repeat_indices': [4, 5], 'target_shard_index': 2, 'target_num_shards': 3, 'target_shard_ids': [36, 37, 38]}]
2026-05-14 18:57:33 | INFO | __main__ | ======================================================================
2026-05-14 18:57:33 | INFO | __main__ | Target 12 assigned repeats: [4, 5]
2026-05-14 18:57:34 | INFO | __main__ | Target 12 (Vega), repeat 5/6: source pool 5300 -> sampled players 5300, cal=20, test=377, split_seed=4014
2026-05-14 18:57:34 | INFO | __main__ | SNP selection: 20000 random SNPs from 65344 (seed=14)
2026-05-14 18:57:34 | INFO | __main__ | Computing V_full over all 5300 source individuals...
2026-05-14 18:57:39 | INFO | __main__ | V_full(cal) = -0.4062
2026-05-14 21:53:48 | INFO | __main__ | TMC progress: 30/300 permutations, truncated=30, utility evals=8995, cache hit rate=0.0%
2026-05-15 01:31:20 | INFO | __main__ | TMC progress: 60/300 permutations, truncated=60, utility evals=19206, cache hit rate=0.0%
2026-05-15 05:57:14 | INFO | __main__ | TMC progress: 90/300 permutations, truncated=90, utility evals=30239, cache hit rate=0.0%
2026-05-15 09:10:37 | INFO | __main__ | TMC progress: 120/300 permutations, truncated=120, utility evals=39693, cache hit rate=0.0%
2026-05-15 12:48:43 | INFO | __main__ | TMC progress: 150/300 permutations, truncated=150, utility evals=50344, cache hit rate=0.0%
2026-05-15 16:39:43 | INFO | __main__ | TMC progress: 180/300 permutations, truncated=180, utility evals=61170, cache hit rate=0.0%
2026-05-15 20:18:27 | INFO | __main__ | TMC progress: 210/300 permutations, truncated=210, utility evals=71220, cache hit rate=0.0%
2026-05-15 23:58:19 | INFO | __main__ | TMC progress: 240/300 permutations, truncated=240, utility evals=81972, cache hit rate=0.0%
2026-05-16 03:15:39 | INFO | __main__ | TMC progress: 270/300 permutations, truncated=270, utility evals=91466, cache hit rate=0.0%
2026-05-16 07:34:59 | INFO | __main__ | TMC progress: 300/300 permutations, truncated=300, utility evals=103256, cache hit rate=0.0%
2026-05-16 07:35:02 | INFO | __main__ | Saved individual Shapley values to outputs/tmc_shapley_individuals_grouped/island_12/repeat_4/shapley_individual_values_target_12.csv
2026-05-16 07:35:03 | INFO | __main__ | Target 12 (Vega), repeat 6/6: source pool 5300 -> sampled players 5300, cal=20, test=377, split_seed=5014
2026-05-16 07:35:03 | INFO | __main__ | SNP selection: 20000 random SNPs from 65344 (seed=14)
2026-05-16 07:35:03 | INFO | __main__ | Computing V_full over all 5300 source individuals...
2026-05-16 07:35:08 | INFO | __main__ | V_full(cal) = -0.1308
2026-05-16 09:23:48 | INFO | __main__ | TMC progress: 30/300 permutations, truncated=30, utility evals=6446, cache hit rate=0.0%
2026-05-16 11:40:08 | INFO | __main__ | TMC progress: 60/300 permutations, truncated=60, utility evals=13434, cache hit rate=0.0%
2026-05-16 13:49:20 | INFO | __main__ | TMC progress: 90/300 permutations, truncated=90, utility evals=20453, cache hit rate=0.0%
2026-05-16 16:38:51 | INFO | __main__ | TMC progress: 120/300 permutations, truncated=120, utility evals=28509, cache hit rate=0.0%
2026-05-16 18:47:40 | INFO | __main__ | TMC progress: 150/300 permutations, truncated=150, utility evals=35850, cache hit rate=0.0%
2026-05-16 21:18:47 | INFO | __main__ | TMC progress: 180/300 permutations, truncated=180, utility evals=43634, cache hit rate=0.0%
2026-05-16 23:43:23 | INFO | __main__ | TMC progress: 210/300 permutations, truncated=210, utility evals=51071, cache hit rate=0.0%
2026-05-17 01:09:35 | INFO | __main__ | TMC progress: 240/300 permutations, truncated=240, utility evals=57088, cache hit rate=0.0%
2026-05-17 03:05:11 | INFO | __main__ | TMC progress: 270/300 permutations, truncated=270, utility evals=64716, cache hit rate=0.0%
2026-05-17 05:23:38 | INFO | __main__ | TMC progress: 300/300 permutations, truncated=300, utility evals=74093, cache hit rate=0.0%
2026-05-17 05:23:39 | INFO | __main__ | Saved individual Shapley values to outputs/tmc_shapley_individuals_grouped/island_12/repeat_5/shapley_individual_values_target_12.csv
2026-05-17 05:23:39 | INFO | __main__ | Saved shard manifest to outputs/tmc_shapley_individuals_grouped/island_12/shards/worker_shard_38_target_12.json; target-level summaries are deferred to merge mode.
2026-05-17 05:23:39 | INFO | __main__ | Worker complete.
