2026-05-14 16:45:53 | INFO | __main__ | Using device: cpu
2026-05-14 16:45:53 | INFO | __main__ | Loading data...
2026-05-14 16:45:53 | INFO | src.data | Loading data from NPZ: Data/npz/snp_body_mass_ALL.npz
2026-05-14 16:46:01 | INFO | __main__ | Data loaded: 5697 samples, 65344 SNPs, 15 islands
2026-05-14 16:46:01 | INFO | __main__ | Included islands: [0, 1, 2, 3, 4, 5, 6, 7, 8, 9, 10, 11, 12, 13, 14]
2026-05-14 16:46:01 | INFO | __main__ | Target islands: [0, 1, 2, 3, 4, 5, 6, 7, 8, 9, 10, 11, 12, 13, 14]
2026-05-14 16:46:01 | INFO | __main__ | Shard 4/45 assignment: [{'target_code': 1, 'repeat_indices': [2, 3], 'target_shard_index': 1, 'target_num_shards': 3, 'target_shard_ids': [3, 4, 5]}]
2026-05-14 16:46:01 | INFO | __main__ | ======================================================================
2026-05-14 16:46:01 | INFO | __main__ | Target 1 assigned repeats: [2, 3]
2026-05-14 16:46:02 | INFO | __main__ | Target 1 (Myken), repeat 3/6: source pool 5605 -> sampled players 5605, cal=20, test=72, split_seed=2014
2026-05-14 16:46:02 | INFO | __main__ | SNP selection: 20000 random SNPs from 65344 (seed=14)
2026-05-14 16:46:02 | INFO | __main__ | Computing V_full over all 5605 source individuals...
2026-05-14 16:46:06 | INFO | __main__ | V_full(cal) = 0.4562
2026-05-14 19:23:11 | INFO | __main__ | TMC progress: 30/300 permutations, truncated=30, utility evals=9935, cache hit rate=0.0%
2026-05-14 21:59:54 | INFO | __main__ | TMC progress: 60/300 permutations, truncated=60, utility evals=19414, cache hit rate=0.0%
2026-05-15 01:52:58 | INFO | __main__ | TMC progress: 90/300 permutations, truncated=90, utility evals=31132, cache hit rate=0.0%
2026-05-15 04:50:20 | INFO | __main__ | TMC progress: 120/300 permutations, truncated=120, utility evals=41404, cache hit rate=0.0%
2026-05-15 07:39:03 | INFO | __main__ | TMC progress: 150/300 permutations, truncated=150, utility evals=51742, cache hit rate=0.0%
2026-05-15 11:16:35 | INFO | __main__ | TMC progress: 180/300 permutations, truncated=180, utility evals=63202, cache hit rate=0.0%
2026-05-15 16:19:22 | INFO | __main__ | TMC progress: 210/300 permutations, truncated=210, utility evals=74495, cache hit rate=0.0%
2026-05-15 21:03:31 | INFO | __main__ | TMC progress: 240/300 permutations, truncated=240, utility evals=88377, cache hit rate=0.0%
2026-05-16 01:14:55 | INFO | __main__ | TMC progress: 270/300 permutations, truncated=270, utility evals=101312, cache hit rate=0.0%
2026-05-16 06:06:42 | INFO | __main__ | TMC progress: 300/300 permutations, truncated=300, utility evals=112436, cache hit rate=0.0%
2026-05-16 06:06:44 | INFO | __main__ | Saved individual Shapley values to outputs/tmc_shapley_individuals_grouped/island_1/repeat_2/shapley_individual_values_target_1.csv
2026-05-16 06:06:46 | INFO | __main__ | Target 1 (Myken), repeat 4/6: source pool 5605 -> sampled players 5605, cal=20, test=72, split_seed=3014
2026-05-16 06:06:46 | INFO | __main__ | SNP selection: 20000 random SNPs from 65344 (seed=14)
2026-05-16 06:06:46 | INFO | __main__ | Computing V_full over all 5605 source individuals...
2026-05-16 06:06:51 | INFO | __main__ | V_full(cal) = 0.2518
2026-05-16 08:33:44 | INFO | __main__ | TMC progress: 30/300 permutations, truncated=30, utility evals=8734, cache hit rate=0.0%
2026-05-16 11:15:10 | INFO | __main__ | TMC progress: 60/300 permutations, truncated=60, utility evals=18528, cache hit rate=0.0%
2026-05-16 14:22:47 | INFO | __main__ | TMC progress: 90/300 permutations, truncated=90, utility evals=28518, cache hit rate=0.0%
2026-05-16 16:25:20 | INFO | __main__ | TMC progress: 120/300 permutations, truncated=120, utility evals=36663, cache hit rate=0.0%
2026-05-16 19:39:06 | INFO | __main__ | TMC progress: 150/300 permutations, truncated=150, utility evals=47247, cache hit rate=0.0%
2026-05-16 21:26:09 | INFO | __main__ | TMC progress: 180/300 permutations, truncated=180, utility evals=54276, cache hit rate=0.0%
2026-05-16 23:51:52 | INFO | __main__ | TMC progress: 210/300 permutations, truncated=210, utility evals=62794, cache hit rate=0.0%
2026-05-17 01:43:32 | INFO | __main__ | TMC progress: 240/300 permutations, truncated=240, utility evals=70424, cache hit rate=0.0%
2026-05-17 04:31:07 | INFO | __main__ | TMC progress: 270/300 permutations, truncated=270, utility evals=80077, cache hit rate=0.0%
2026-05-17 06:52:52 | INFO | __main__ | TMC progress: 300/300 permutations, truncated=300, utility evals=88333, cache hit rate=0.0%
2026-05-17 06:52:52 | INFO | __main__ | Saved individual Shapley values to outputs/tmc_shapley_individuals_grouped/island_1/repeat_3/shapley_individual_values_target_1.csv
2026-05-17 06:52:52 | INFO | __main__ | Saved shard manifest to outputs/tmc_shapley_individuals_grouped/island_1/shards/worker_shard_4_target_1.json; target-level summaries are deferred to merge mode.
2026-05-17 06:52:52 | INFO | __main__ | Worker complete.
