2026-05-14 16:45:56 | INFO | __main__ | Using device: cpu
2026-05-14 16:45:56 | INFO | __main__ | Loading data...
2026-05-14 16:45:56 | INFO | src.data | Loading data from NPZ: Data/npz/snp_body_mass_ALL.npz
2026-05-14 16:46:09 | INFO | __main__ | Data loaded: 5697 samples, 65344 SNPs, 15 islands
2026-05-14 16:46:09 | INFO | __main__ | Included islands: [0, 1, 2, 3, 4, 5, 6, 7, 8, 9, 10, 11, 12, 13, 14]
2026-05-14 16:46:09 | INFO | __main__ | Target islands: [0, 1, 2, 3, 4, 5, 6, 7, 8, 9, 10, 11, 12, 13, 14]
2026-05-14 16:46:09 | INFO | __main__ | Shard 5/45 assignment: [{'target_code': 1, 'repeat_indices': [4, 5], 'target_shard_index': 2, 'target_num_shards': 3, 'target_shard_ids': [3, 4, 5]}]
2026-05-14 16:46:09 | INFO | __main__ | ======================================================================
2026-05-14 16:46:09 | INFO | __main__ | Target 1 assigned repeats: [4, 5]
2026-05-14 16:46:11 | INFO | __main__ | Target 1 (Myken), repeat 5/6: source pool 5605 -> sampled players 5605, cal=20, test=72, split_seed=4014
2026-05-14 16:46:11 | INFO | __main__ | SNP selection: 20000 random SNPs from 65344 (seed=14)
2026-05-14 16:46:11 | INFO | __main__ | Computing V_full over all 5605 source individuals...
2026-05-14 16:46:17 | INFO | __main__ | V_full(cal) = 0.4447
2026-05-14 22:18:30 | INFO | __main__ | TMC progress: 30/300 permutations, truncated=30, utility evals=8748, cache hit rate=0.0%
2026-05-15 05:51:29 | INFO | __main__ | TMC progress: 60/300 permutations, truncated=60, utility evals=18446, cache hit rate=0.0%
2026-05-15 12:14:47 | INFO | __main__ | TMC progress: 90/300 permutations, truncated=90, utility evals=27141, cache hit rate=0.0%
2026-05-15 18:45:47 | INFO | __main__ | TMC progress: 120/300 permutations, truncated=120, utility evals=36425, cache hit rate=0.0%
2026-05-16 00:25:31 | INFO | __main__ | TMC progress: 150/300 permutations, truncated=150, utility evals=44260, cache hit rate=0.0%
2026-05-16 07:05:00 | INFO | __main__ | TMC progress: 180/300 permutations, truncated=180, utility evals=53391, cache hit rate=0.0%
2026-05-16 12:36:04 | INFO | __main__ | TMC progress: 210/300 permutations, truncated=210, utility evals=61861, cache hit rate=0.0%
2026-05-16 19:44:26 | INFO | __main__ | TMC progress: 240/300 permutations, truncated=240, utility evals=72036, cache hit rate=0.0%
2026-05-17 03:03:50 | INFO | __main__ | TMC progress: 270/300 permutations, truncated=270, utility evals=79602, cache hit rate=0.0%
2026-05-17 11:51:12 | INFO | __main__ | TMC progress: 300/300 permutations, truncated=300, utility evals=88956, cache hit rate=0.0%
2026-05-17 11:51:18 | INFO | __main__ | Saved individual Shapley values to outputs/tmc_shapley_individuals_grouped/island_1/repeat_4/shapley_individual_values_target_1.csv
2026-05-17 11:51:22 | INFO | __main__ | Target 1 (Myken), repeat 6/6: source pool 5605 -> sampled players 5605, cal=20, test=72, split_seed=5014
2026-05-17 11:51:22 | INFO | __main__ | SNP selection: 20000 random SNPs from 65344 (seed=14)
2026-05-17 11:51:22 | INFO | __main__ | Computing V_full over all 5605 source individuals...
2026-05-17 11:51:29 | INFO | __main__ | V_full(cal) = 0.2111
2026-05-17 20:36:20 | INFO | __main__ | TMC progress: 30/300 permutations, truncated=30, utility evals=8895, cache hit rate=0.0%
2026-05-18 00:21:28 | INFO | __main__ | TMC progress: 60/300 permutations, truncated=60, utility evals=18203, cache hit rate=0.0%
2026-05-18 02:10:29 | INFO | __main__ | TMC progress: 90/300 permutations, truncated=90, utility evals=24799, cache hit rate=0.0%
2026-05-18 03:53:46 | INFO | __main__ | TMC progress: 120/300 permutations, truncated=120, utility evals=31348, cache hit rate=0.0%
2026-05-18 05:51:42 | INFO | __main__ | TMC progress: 150/300 permutations, truncated=150, utility evals=38711, cache hit rate=0.0%
2026-05-18 08:13:02 | INFO | __main__ | TMC progress: 180/300 permutations, truncated=180, utility evals=46660, cache hit rate=0.0%
2026-05-18 11:01:58 | INFO | __main__ | TMC progress: 210/300 permutations, truncated=210, utility evals=55812, cache hit rate=0.0%
2026-05-18 13:33:47 | INFO | __main__ | TMC progress: 240/300 permutations, truncated=240, utility evals=63999, cache hit rate=0.0%
2026-05-18 16:43:52 | INFO | __main__ | TMC progress: 270/300 permutations, truncated=270, utility evals=73514, cache hit rate=0.0%
[2026-05-18T16:45:58.048] error: *** JOB 24479274 ON idun-05-03 CANCELLED AT 2026-05-18T16:45:58 DUE TO TIME LIMIT ***
