2026-05-17 07:56:55 | INFO | __main__ | Using device: cpu
2026-05-17 07:56:55 | INFO | __main__ | Loading data...
2026-05-17 07:56:55 | INFO | src.data | Loading data from NPZ: Data/npz/snp_body_mass_ALL.npz
2026-05-17 07:57:04 | INFO | __main__ | Data loaded: 5697 samples, 65344 SNPs, 15 islands
2026-05-17 07:57:04 | INFO | __main__ | Included islands: [0, 1, 2, 3, 4, 5, 6, 7, 8, 9, 10, 11, 12, 13, 14]
2026-05-17 07:57:04 | INFO | __main__ | Target islands: [0, 1, 2, 3, 4, 5, 6, 7, 8, 9, 10, 11, 12, 13, 14]
2026-05-17 07:57:04 | INFO | __main__ | Shard 42/45 assignment: [{'target_code': 14, 'repeat_indices': [0, 1], 'target_shard_index': 0, 'target_num_shards': 3, 'target_shard_ids': [42, 43, 44]}]
2026-05-17 07:57:04 | INFO | __main__ | ======================================================================
2026-05-17 07:57:04 | INFO | __main__ | Target 14 assigned repeats: [0, 1]
2026-05-17 07:57:05 | INFO | __main__ | Target 14 (Lauvøya), repeat 1/6: source pool 5009 -> sampled players 5009, cal=20, test=668, split_seed=14
2026-05-17 07:57:05 | INFO | __main__ | SNP selection: 20000 random SNPs from 65344 (seed=14)
2026-05-17 07:57:05 | INFO | __main__ | Computing V_full over all 5009 source individuals...
2026-05-17 07:57:08 | INFO | __main__ | V_full(cal) = -0.3659
2026-05-17 10:23:18 | INFO | __main__ | TMC progress: 30/300 permutations, truncated=30, utility evals=9871, cache hit rate=0.0%
2026-05-17 14:41:02 | INFO | __main__ | TMC progress: 60/300 permutations, truncated=60, utility evals=22642, cache hit rate=0.0%
2026-05-17 23:48:55 | INFO | __main__ | TMC progress: 90/300 permutations, truncated=90, utility evals=34722, cache hit rate=0.0%
2026-05-18 04:53:54 | INFO | __main__ | TMC progress: 120/300 permutations, truncated=120, utility evals=46751, cache hit rate=0.0%
2026-05-18 07:50:17 | INFO | __main__ | TMC progress: 150/300 permutations, truncated=150, utility evals=57863, cache hit rate=0.0%
2026-05-18 11:24:38 | INFO | __main__ | TMC progress: 180/300 permutations, truncated=180, utility evals=70275, cache hit rate=0.0%
2026-05-18 14:05:55 | INFO | __main__ | TMC progress: 210/300 permutations, truncated=210, utility evals=80601, cache hit rate=0.0%
2026-05-18 16:39:32 | INFO | __main__ | TMC progress: 240/300 permutations, truncated=240, utility evals=90283, cache hit rate=0.0%
2026-05-18 19:48:54 | INFO | __main__ | TMC progress: 270/300 permutations, truncated=270, utility evals=100905, cache hit rate=0.0%
2026-05-18 23:09:06 | INFO | __main__ | TMC progress: 300/300 permutations, truncated=300, utility evals=111697, cache hit rate=0.0%
2026-05-18 23:09:09 | INFO | __main__ | Saved individual Shapley values to outputs/tmc_shapley_individuals_grouped/island_14/repeat_0/shapley_individual_values_target_14.csv
2026-05-18 23:09:10 | INFO | __main__ | Target 14 (Lauvøya), repeat 2/6: source pool 5009 -> sampled players 5009, cal=20, test=668, split_seed=1014
2026-05-18 23:09:10 | INFO | __main__ | SNP selection: 20000 random SNPs from 65344 (seed=14)
2026-05-18 23:09:10 | INFO | __main__ | Computing V_full over all 5009 source individuals...
2026-05-18 23:09:14 | INFO | __main__ | V_full(cal) = 0.2712
2026-05-19 01:56:01 | INFO | __main__ | TMC progress: 30/300 permutations, truncated=30, utility evals=9745, cache hit rate=0.0%
2026-05-19 04:33:07 | INFO | __main__ | TMC progress: 60/300 permutations, truncated=60, utility evals=18999, cache hit rate=0.0%
2026-05-19 07:14:25 | INFO | __main__ | TMC progress: 90/300 permutations, truncated=90, utility evals=29053, cache hit rate=0.0%
2026-05-19 10:01:58 | INFO | __main__ | TMC progress: 120/300 permutations, truncated=120, utility evals=38661, cache hit rate=0.0%
