2026-05-14 16:45:55 | INFO | __main__ | Using device: cpu
2026-05-14 16:45:55 | INFO | __main__ | Loading data...
2026-05-14 16:45:55 | INFO | src.data | Loading data from NPZ: Data/npz/snp_body_mass_ALL.npz
2026-05-14 16:46:07 | INFO | __main__ | Data loaded: 5697 samples, 65344 SNPs, 15 islands
2026-05-14 16:46:07 | INFO | __main__ | Included islands: [0, 1, 2, 3, 4, 5, 6, 7, 8, 9, 10, 11, 12, 13, 14]
2026-05-14 16:46:07 | INFO | __main__ | Target islands: [0, 1, 2, 3, 4, 5, 6, 7, 8, 9, 10, 11, 12, 13, 14]
2026-05-14 16:46:07 | INFO | __main__ | Shard 26/45 assignment: [{'target_code': 8, 'repeat_indices': [4, 5], 'target_shard_index': 2, 'target_num_shards': 3, 'target_shard_ids': [24, 25, 26]}]
2026-05-14 16:46:07 | INFO | __main__ | ======================================================================
2026-05-14 16:46:07 | INFO | __main__ | Target 8 assigned repeats: [4, 5]
2026-05-14 16:46:08 | INFO | __main__ | Target 8 (Lovund), repeat 5/6: source pool 5539 -> sampled players 5539, cal=20, test=138, split_seed=4014
2026-05-14 16:46:08 | INFO | __main__ | SNP selection: 20000 random SNPs from 65344 (seed=14)
2026-05-14 16:46:08 | INFO | __main__ | Computing V_full over all 5539 source individuals...
2026-05-14 16:46:13 | INFO | __main__ | V_full(cal) = 0.4090
2026-05-14 20:31:28 | INFO | __main__ | TMC progress: 30/300 permutations, truncated=30, utility evals=8952, cache hit rate=0.0%
2026-05-15 01:30:23 | INFO | __main__ | TMC progress: 60/300 permutations, truncated=60, utility evals=19353, cache hit rate=0.0%
2026-05-15 05:42:53 | INFO | __main__ | TMC progress: 90/300 permutations, truncated=90, utility evals=29810, cache hit rate=0.0%
2026-05-15 09:49:34 | INFO | __main__ | TMC progress: 120/300 permutations, truncated=120, utility evals=40259, cache hit rate=0.0%
2026-05-15 13:38:48 | INFO | __main__ | TMC progress: 150/300 permutations, truncated=150, utility evals=50300, cache hit rate=0.0%
2026-05-15 16:38:17 | INFO | __main__ | TMC progress: 180/300 permutations, truncated=180, utility evals=59287, cache hit rate=0.0%
2026-05-15 19:58:50 | INFO | __main__ | TMC progress: 210/300 permutations, truncated=210, utility evals=68706, cache hit rate=0.0%
2026-05-16 00:08:27 | INFO | __main__ | TMC progress: 240/300 permutations, truncated=240, utility evals=78762, cache hit rate=0.0%
2026-05-16 04:02:46 | INFO | __main__ | TMC progress: 270/300 permutations, truncated=270, utility evals=88997, cache hit rate=0.0%
2026-05-16 06:56:10 | INFO | __main__ | TMC progress: 300/300 permutations, truncated=300, utility evals=97508, cache hit rate=0.0%
2026-05-16 06:56:13 | INFO | __main__ | Saved individual Shapley values to outputs/tmc_shapley_individuals_grouped/island_8/repeat_4/shapley_individual_values_target_8.csv
2026-05-16 06:56:14 | INFO | __main__ | Target 8 (Lovund), repeat 6/6: source pool 5539 -> sampled players 5539, cal=20, test=138, split_seed=5014
2026-05-16 06:56:14 | INFO | __main__ | SNP selection: 20000 random SNPs from 65344 (seed=14)
2026-05-16 06:56:14 | INFO | __main__ | Computing V_full over all 5539 source individuals...
2026-05-16 06:56:19 | INFO | __main__ | V_full(cal) = 0.4437
2026-05-16 11:13:42 | INFO | __main__ | TMC progress: 30/300 permutations, truncated=30, utility evals=10795, cache hit rate=0.0%
2026-05-16 13:56:40 | INFO | __main__ | TMC progress: 60/300 permutations, truncated=60, utility evals=19388, cache hit rate=0.0%
2026-05-16 17:37:07 | INFO | __main__ | TMC progress: 90/300 permutations, truncated=90, utility evals=29133, cache hit rate=0.0%
2026-05-16 21:22:16 | INFO | __main__ | TMC progress: 120/300 permutations, truncated=120, utility evals=39092, cache hit rate=0.0%
2026-05-17 00:22:08 | INFO | __main__ | TMC progress: 150/300 permutations, truncated=150, utility evals=47737, cache hit rate=0.0%
2026-05-17 04:14:56 | INFO | __main__ | TMC progress: 180/300 permutations, truncated=180, utility evals=58012, cache hit rate=0.0%
2026-05-17 06:53:45 | INFO | __main__ | TMC progress: 210/300 permutations, truncated=210, utility evals=66210, cache hit rate=0.0%
2026-05-17 10:47:46 | INFO | __main__ | TMC progress: 240/300 permutations, truncated=240, utility evals=76577, cache hit rate=0.0%
2026-05-17 14:11:59 | INFO | __main__ | TMC progress: 270/300 permutations, truncated=270, utility evals=86041, cache hit rate=0.0%
2026-05-17 17:56:43 | INFO | __main__ | TMC progress: 300/300 permutations, truncated=300, utility evals=96669, cache hit rate=0.0%
2026-05-17 17:56:44 | INFO | __main__ | Saved individual Shapley values to outputs/tmc_shapley_individuals_grouped/island_8/repeat_5/shapley_individual_values_target_8.csv
2026-05-17 17:56:44 | INFO | __main__ | Saved shard manifest to outputs/tmc_shapley_individuals_grouped/island_8/shards/worker_shard_26_target_8.json; target-level summaries are deferred to merge mode.
2026-05-17 17:56:44 | INFO | __main__ | Worker complete.
