2026-05-12 12:53:39 | INFO | __main__ | Using device: cpu
2026-05-12 12:53:39 | INFO | __main__ | Loading data...
2026-05-12 12:53:39 | INFO | src.data | Loading data from NPZ: Data/npz/snp_body_mass_ALL.npz
2026-05-12 12:53:49 | INFO | __main__ | Data loaded: 5697 samples, 65344 SNPs, 16 islands
2026-05-12 12:53:49 | INFO | __main__ | Included islands: [0, 1, 2, 3, 4, 5, 6, 7, 8, 9, 10, 11, 12, 13, 14, 15]
2026-05-12 12:53:49 | INFO | __main__ | Target islands: [0, 4, 7, 9, 12]
2026-05-12 12:53:49 | INFO | __main__ | Shard 7/10 assignment: [{'target_code': 9, 'repeat_indices': [3, 4], 'target_shard_index': 1, 'target_num_shards': 2, 'target_shard_ids': [6, 7]}]
2026-05-12 12:53:49 | INFO | __main__ | ======================================================================
2026-05-12 12:53:49 | INFO | __main__ | Target 9 assigned repeats: [3, 4]
2026-05-12 12:53:50 | INFO | __main__ | Target 9 (Sleneset), repeat 4/5: source pool 5531 -> sampled players 5531, cal=16, test=150, split_seed=3014
2026-05-12 12:53:50 | INFO | __main__ | SNP selection: 20000 random SNPs from 65344 (seed=14)
2026-05-12 12:53:50 | INFO | __main__ | Computing V_full over all 5531 source individuals...
2026-05-12 12:53:55 | INFO | __main__ | V_full(cal) = 0.1612
2026-05-12 12:55:33 | INFO | __main__ | TMC progress: 10/50 permutations, truncated=10, utility evals=1680, cache hit rate=0.0%
2026-05-12 16:28:32 | INFO | __main__ | TMC progress: 20/50 permutations, truncated=20, utility evals=15783, cache hit rate=0.0%
2026-05-12 18:45:54 | INFO | __main__ | TMC progress: 30/50 permutations, truncated=30, utility evals=23298, cache hit rate=0.0%
2026-05-12 18:49:05 | INFO | __main__ | TMC progress: 40/50 permutations, truncated=40, utility evals=25321, cache hit rate=0.0%
2026-05-12 19:23:38 | INFO | __main__ | TMC progress: 50/50 permutations, truncated=50, utility evals=31141, cache hit rate=0.0%
2026-05-12 19:23:39 | INFO | __main__ | Saved individual Shapley values to outputs/tmc_shapley_individuals/island_9/repeat_3/shapley_individual_values_target_9.csv
2026-05-12 19:23:41 | INFO | __main__ | Target 9 (Sleneset), repeat 5/5: source pool 5531 -> sampled players 5531, cal=16, test=150, split_seed=4014
2026-05-12 19:23:41 | INFO | __main__ | SNP selection: 20000 random SNPs from 65344 (seed=14)
2026-05-12 19:23:41 | INFO | __main__ | Computing V_full over all 5531 source individuals...
2026-05-12 19:23:45 | INFO | __main__ | V_full(cal) = 0.1984
2026-05-12 19:41:20 | INFO | __main__ | TMC progress: 10/50 permutations, truncated=10, utility evals=3403, cache hit rate=0.0%
2026-05-12 20:10:09 | INFO | __main__ | TMC progress: 20/50 permutations, truncated=20, utility evals=7551, cache hit rate=0.0%
2026-05-12 22:30:09 | INFO | __main__ | TMC progress: 30/50 permutations, truncated=30, utility evals=17193, cache hit rate=0.0%
2026-05-12 22:31:52 | INFO | __main__ | TMC progress: 40/50 permutations, truncated=40, utility evals=18902, cache hit rate=0.0%
2026-05-13 01:37:06 | INFO | __main__ | TMC progress: 50/50 permutations, truncated=50, utility evals=31832, cache hit rate=0.0%
2026-05-13 01:37:07 | INFO | __main__ | Saved individual Shapley values to outputs/tmc_shapley_individuals/island_9/repeat_4/shapley_individual_values_target_9.csv
2026-05-13 01:37:07 | INFO | __main__ | Saved shard manifest to outputs/tmc_shapley_individuals/island_9/shards/worker_shard_7_target_9.json; target-level summaries are deferred to merge mode.
2026-05-13 01:37:07 | INFO | __main__ | Worker complete.
