2026-05-14 16:45:53 | INFO | __main__ | Using device: cpu
2026-05-14 16:45:53 | INFO | __main__ | Loading data...
2026-05-14 16:45:53 | INFO | src.data | Loading data from NPZ: Data/npz/snp_body_mass_ALL.npz
2026-05-14 16:46:01 | INFO | __main__ | Data loaded: 5697 samples, 65344 SNPs, 15 islands
2026-05-14 16:46:01 | INFO | __main__ | Included islands: [0, 1, 2, 3, 4, 5, 6, 7, 8, 9, 10, 11, 12, 13, 14]
2026-05-14 16:46:01 | INFO | __main__ | Target islands: [0, 1, 2, 3, 4, 5, 6, 7, 8, 9, 10, 11, 12, 13, 14]
2026-05-14 16:46:01 | INFO | __main__ | Shard 0/45 assignment: [{'target_code': 0, 'repeat_indices': [0, 1], 'target_shard_index': 0, 'target_num_shards': 3, 'target_shard_ids': [0, 1, 2]}]
2026-05-14 16:46:01 | INFO | __main__ | ======================================================================
2026-05-14 16:46:01 | INFO | __main__ | Target 0 assigned repeats: [0, 1]
2026-05-14 16:46:02 | INFO | __main__ | Target 0 (Nesøy), repeat 1/6: source pool 5578 -> sampled players 5578, cal=20, test=99, split_seed=14
2026-05-14 16:46:02 | INFO | __main__ | SNP selection: 20000 random SNPs from 65344 (seed=14)
2026-05-14 16:46:02 | INFO | __main__ | Computing V_full over all 5578 source individuals...
2026-05-14 16:46:06 | INFO | __main__ | V_full(cal) = 0.0116
2026-05-14 19:27:45 | INFO | __main__ | TMC progress: 30/300 permutations, truncated=30, utility evals=9702, cache hit rate=0.0%
2026-05-14 22:01:31 | INFO | __main__ | TMC progress: 60/300 permutations, truncated=60, utility evals=19175, cache hit rate=0.0%
2026-05-14 23:57:15 | INFO | __main__ | TMC progress: 90/300 permutations, truncated=90, utility evals=27268, cache hit rate=0.0%
2026-05-15 02:38:53 | INFO | __main__ | TMC progress: 120/300 permutations, truncated=120, utility evals=36440, cache hit rate=0.0%
2026-05-15 04:41:53 | INFO | __main__ | TMC progress: 150/300 permutations, truncated=150, utility evals=45092, cache hit rate=0.0%
2026-05-15 06:32:37 | INFO | __main__ | TMC progress: 180/300 permutations, truncated=180, utility evals=52341, cache hit rate=0.0%
2026-05-15 08:59:53 | INFO | __main__ | TMC progress: 210/300 permutations, truncated=210, utility evals=61463, cache hit rate=0.0%
2026-05-15 10:49:43 | INFO | __main__ | TMC progress: 240/300 permutations, truncated=240, utility evals=69089, cache hit rate=0.0%
2026-05-15 11:54:02 | INFO | __main__ | TMC progress: 270/300 permutations, truncated=270, utility evals=75275, cache hit rate=0.0%
2026-05-15 13:46:50 | INFO | __main__ | TMC progress: 300/300 permutations, truncated=300, utility evals=83130, cache hit rate=0.0%
2026-05-15 13:46:52 | INFO | __main__ | Saved individual Shapley values to outputs/tmc_shapley_individuals_grouped/island_0/repeat_0/shapley_individual_values_target_0.csv
2026-05-15 13:46:53 | INFO | __main__ | Target 0 (Nesøy), repeat 2/6: source pool 5578 -> sampled players 5578, cal=20, test=99, split_seed=1014
2026-05-15 13:46:53 | INFO | __main__ | SNP selection: 20000 random SNPs from 65344 (seed=14)
2026-05-15 13:46:53 | INFO | __main__ | Computing V_full over all 5578 source individuals...
2026-05-15 13:46:57 | INFO | __main__ | V_full(cal) = 0.1492
2026-05-15 16:04:39 | INFO | __main__ | TMC progress: 30/300 permutations, truncated=30, utility evals=8725, cache hit rate=0.0%
2026-05-15 17:50:28 | INFO | __main__ | TMC progress: 60/300 permutations, truncated=60, utility evals=16451, cache hit rate=0.0%
2026-05-15 20:01:55 | INFO | __main__ | TMC progress: 90/300 permutations, truncated=90, utility evals=24570, cache hit rate=0.0%
2026-05-15 20:58:22 | INFO | __main__ | TMC progress: 120/300 permutations, truncated=120, utility evals=30095, cache hit rate=0.0%
2026-05-15 22:36:15 | INFO | __main__ | TMC progress: 150/300 permutations, truncated=150, utility evals=37047, cache hit rate=0.0%
2026-05-16 00:55:42 | INFO | __main__ | TMC progress: 180/300 permutations, truncated=180, utility evals=45835, cache hit rate=0.0%
2026-05-16 03:17:42 | INFO | __main__ | TMC progress: 210/300 permutations, truncated=210, utility evals=53087, cache hit rate=0.0%
2026-05-16 05:49:26 | INFO | __main__ | TMC progress: 240/300 permutations, truncated=240, utility evals=61041, cache hit rate=0.0%
2026-05-16 07:42:48 | INFO | __main__ | TMC progress: 270/300 permutations, truncated=270, utility evals=68267, cache hit rate=0.0%
2026-05-16 09:33:18 | INFO | __main__ | TMC progress: 300/300 permutations, truncated=300, utility evals=76168, cache hit rate=0.0%
2026-05-16 09:33:19 | INFO | __main__ | Saved individual Shapley values to outputs/tmc_shapley_individuals_grouped/island_0/repeat_1/shapley_individual_values_target_0.csv
2026-05-16 09:33:19 | INFO | __main__ | Saved shard manifest to outputs/tmc_shapley_individuals_grouped/island_0/shards/worker_shard_0_target_0.json; target-level summaries are deferred to merge mode.
2026-05-16 09:33:19 | INFO | __main__ | Worker complete.
