2026-05-14 16:45:55 | INFO | __main__ | Using device: cpu
2026-05-14 16:45:55 | INFO | __main__ | Loading data...
2026-05-14 16:45:55 | INFO | src.data | Loading data from NPZ: Data/npz/snp_body_mass_ALL.npz
2026-05-14 16:46:07 | INFO | __main__ | Data loaded: 5697 samples, 65344 SNPs, 15 islands
2026-05-14 16:46:07 | INFO | __main__ | Included islands: [0, 1, 2, 3, 4, 5, 6, 7, 8, 9, 10, 11, 12, 13, 14]
2026-05-14 16:46:07 | INFO | __main__ | Target islands: [0, 1, 2, 3, 4, 5, 6, 7, 8, 9, 10, 11, 12, 13, 14]
2026-05-14 16:46:07 | INFO | __main__ | Shard 22/45 assignment: [{'target_code': 7, 'repeat_indices': [2, 3], 'target_shard_index': 1, 'target_num_shards': 3, 'target_shard_ids': [21, 22, 23]}]
2026-05-14 16:46:07 | INFO | __main__ | ======================================================================
2026-05-14 16:46:07 | INFO | __main__ | Target 7 assigned repeats: [2, 3]
2026-05-14 16:46:08 | INFO | __main__ | Target 7 (Onøy og Lurøy), repeat 3/6: source pool 5438 -> sampled players 5438, cal=20, test=239, split_seed=2014
2026-05-14 16:46:08 | INFO | __main__ | SNP selection: 20000 random SNPs from 65344 (seed=14)
2026-05-14 16:46:08 | INFO | __main__ | Computing V_full over all 5438 source individuals...
2026-05-14 16:46:13 | INFO | __main__ | V_full(cal) = 0.2338
2026-05-14 19:59:44 | INFO | __main__ | TMC progress: 30/300 permutations, truncated=30, utility evals=8292, cache hit rate=0.0%
2026-05-14 22:35:47 | INFO | __main__ | TMC progress: 60/300 permutations, truncated=60, utility evals=15924, cache hit rate=0.0%
2026-05-15 01:27:27 | INFO | __main__ | TMC progress: 90/300 permutations, truncated=90, utility evals=23123, cache hit rate=0.0%
2026-05-15 04:31:55 | INFO | __main__ | TMC progress: 120/300 permutations, truncated=120, utility evals=30804, cache hit rate=0.0%
2026-05-15 08:06:01 | INFO | __main__ | TMC progress: 150/300 permutations, truncated=150, utility evals=40180, cache hit rate=0.0%
2026-05-15 10:55:09 | INFO | __main__ | TMC progress: 180/300 permutations, truncated=180, utility evals=48099, cache hit rate=0.0%
2026-05-15 12:59:04 | INFO | __main__ | TMC progress: 210/300 permutations, truncated=210, utility evals=55371, cache hit rate=0.0%
2026-05-15 15:44:35 | INFO | __main__ | TMC progress: 240/300 permutations, truncated=240, utility evals=63821, cache hit rate=0.0%
2026-05-15 17:09:33 | INFO | __main__ | TMC progress: 270/300 permutations, truncated=270, utility evals=69556, cache hit rate=0.0%
2026-05-15 18:49:32 | INFO | __main__ | TMC progress: 300/300 permutations, truncated=300, utility evals=75859, cache hit rate=0.0%
2026-05-15 18:49:34 | INFO | __main__ | Saved individual Shapley values to outputs/tmc_shapley_individuals_grouped/island_7/repeat_2/shapley_individual_values_target_7.csv
2026-05-15 18:49:36 | INFO | __main__ | Target 7 (Onøy og Lurøy), repeat 4/6: source pool 5438 -> sampled players 5438, cal=20, test=239, split_seed=3014
2026-05-15 18:49:36 | INFO | __main__ | SNP selection: 20000 random SNPs from 65344 (seed=14)
2026-05-15 18:49:36 | INFO | __main__ | Computing V_full over all 5438 source individuals...
2026-05-15 18:49:41 | INFO | __main__ | V_full(cal) = 0.1618
2026-05-15 21:32:27 | INFO | __main__ | TMC progress: 30/300 permutations, truncated=30, utility evals=7700, cache hit rate=0.0%
2026-05-16 00:38:05 | INFO | __main__ | TMC progress: 60/300 permutations, truncated=60, utility evals=15860, cache hit rate=0.0%
2026-05-16 03:43:15 | INFO | __main__ | TMC progress: 90/300 permutations, truncated=90, utility evals=24979, cache hit rate=0.0%
2026-05-16 06:14:45 | INFO | __main__ | TMC progress: 120/300 permutations, truncated=120, utility evals=32789, cache hit rate=0.0%
2026-05-16 10:14:56 | INFO | __main__ | TMC progress: 150/300 permutations, truncated=150, utility evals=43174, cache hit rate=0.0%
2026-05-16 11:47:09 | INFO | __main__ | TMC progress: 180/300 permutations, truncated=180, utility evals=49588, cache hit rate=0.0%
2026-05-16 13:28:41 | INFO | __main__ | TMC progress: 210/300 permutations, truncated=210, utility evals=55733, cache hit rate=0.0%
2026-05-16 17:02:35 | INFO | __main__ | TMC progress: 240/300 permutations, truncated=240, utility evals=65635, cache hit rate=0.0%
2026-05-16 20:18:17 | INFO | __main__ | TMC progress: 270/300 permutations, truncated=270, utility evals=74395, cache hit rate=0.0%
2026-05-16 23:22:26 | INFO | __main__ | TMC progress: 300/300 permutations, truncated=300, utility evals=82892, cache hit rate=0.0%
2026-05-16 23:22:27 | INFO | __main__ | Saved individual Shapley values to outputs/tmc_shapley_individuals_grouped/island_7/repeat_3/shapley_individual_values_target_7.csv
2026-05-16 23:22:27 | INFO | __main__ | Saved shard manifest to outputs/tmc_shapley_individuals_grouped/island_7/shards/worker_shard_22_target_7.json; target-level summaries are deferred to merge mode.
2026-05-16 23:22:27 | INFO | __main__ | Worker complete.
