2026-05-17 13:30:44 | INFO | __main__ | Using device: cpu
2026-05-17 13:30:44 | INFO | __main__ | Loading data...
2026-05-17 13:30:44 | INFO | src.data | Loading data from NPZ: Data/npz/snp_body_mass_ALL.npz
2026-05-17 13:30:53 | INFO | __main__ | Data loaded: 5697 samples, 65344 SNPs, 15 islands
2026-05-17 13:30:53 | INFO | __main__ | Included islands: [0, 1, 2, 3, 4, 5, 6, 7, 8, 9, 10, 11, 12, 13, 14]
2026-05-17 13:30:53 | INFO | __main__ | Target islands: [0, 1, 2, 3, 4, 5, 6, 7, 8, 9, 10, 11, 12, 13, 14]
2026-05-17 13:30:53 | INFO | __main__ | Shard 43/45 assignment: [{'target_code': 14, 'repeat_indices': [2, 3], 'target_shard_index': 1, 'target_num_shards': 3, 'target_shard_ids': [42, 43, 44]}]
2026-05-17 13:30:53 | INFO | __main__ | ======================================================================
2026-05-17 13:30:53 | INFO | __main__ | Target 14 assigned repeats: [2, 3]
2026-05-17 13:30:54 | INFO | __main__ | Target 14 (Lauvøya), repeat 3/6: source pool 5009 -> sampled players 5009, cal=20, test=668, split_seed=2014
2026-05-17 13:30:54 | INFO | __main__ | SNP selection: 20000 random SNPs from 65344 (seed=14)
2026-05-17 13:30:54 | INFO | __main__ | Computing V_full over all 5009 source individuals...
2026-05-17 13:30:58 | INFO | __main__ | V_full(cal) = 0.2120
2026-05-17 15:25:36 | INFO | __main__ | TMC progress: 30/300 permutations, truncated=30, utility evals=7688, cache hit rate=0.0%
2026-05-17 17:52:16 | INFO | __main__ | TMC progress: 60/300 permutations, truncated=60, utility evals=17150, cache hit rate=0.0%
2026-05-17 20:32:20 | INFO | __main__ | TMC progress: 90/300 permutations, truncated=90, utility evals=26970, cache hit rate=0.0%
2026-05-17 22:51:24 | INFO | __main__ | TMC progress: 120/300 permutations, truncated=120, utility evals=35744, cache hit rate=0.0%
2026-05-18 01:36:06 | INFO | __main__ | TMC progress: 150/300 permutations, truncated=150, utility evals=46084, cache hit rate=0.0%
2026-05-18 04:05:31 | INFO | __main__ | TMC progress: 180/300 permutations, truncated=180, utility evals=55529, cache hit rate=0.0%
2026-05-18 05:59:41 | INFO | __main__ | TMC progress: 210/300 permutations, truncated=210, utility evals=63740, cache hit rate=0.0%
2026-05-18 07:43:35 | INFO | __main__ | TMC progress: 240/300 permutations, truncated=240, utility evals=71862, cache hit rate=0.0%
2026-05-18 09:56:54 | INFO | __main__ | TMC progress: 270/300 permutations, truncated=270, utility evals=80795, cache hit rate=0.0%
2026-05-18 11:40:58 | INFO | __main__ | TMC progress: 300/300 permutations, truncated=300, utility evals=87030, cache hit rate=0.0%
2026-05-18 11:40:59 | INFO | __main__ | Saved individual Shapley values to outputs/tmc_shapley_individuals_grouped/island_14/repeat_2/shapley_individual_values_target_14.csv
2026-05-18 11:41:01 | INFO | __main__ | Target 14 (Lauvøya), repeat 4/6: source pool 5009 -> sampled players 5009, cal=20, test=668, split_seed=3014
2026-05-18 11:41:01 | INFO | __main__ | SNP selection: 20000 random SNPs from 65344 (seed=14)
2026-05-18 11:41:01 | INFO | __main__ | Computing V_full over all 5009 source individuals...
2026-05-18 11:41:05 | INFO | __main__ | V_full(cal) = -0.0621
