2026-05-14 16:45:56 | INFO | __main__ | Using device: cpu
2026-05-14 16:45:56 | INFO | __main__ | Loading data...
2026-05-14 16:45:56 | INFO | src.data | Loading data from NPZ: Data/npz/snp_body_mass_ALL.npz
2026-05-14 16:46:11 | INFO | __main__ | Data loaded: 5697 samples, 65344 SNPs, 15 islands
2026-05-14 16:46:11 | INFO | __main__ | Included islands: [0, 1, 2, 3, 4, 5, 6, 7, 8, 9, 10, 11, 12, 13, 14]
2026-05-14 16:46:11 | INFO | __main__ | Target islands: [0, 1, 2, 3, 4, 5, 6, 7, 8, 9, 10, 11, 12, 13, 14]
2026-05-14 16:46:11 | INFO | __main__ | Shard 19/45 assignment: [{'target_code': 6, 'repeat_indices': [2, 3], 'target_shard_index': 1, 'target_num_shards': 3, 'target_shard_ids': [18, 19, 20]}]
2026-05-14 16:46:11 | INFO | __main__ | ======================================================================
2026-05-14 16:46:11 | INFO | __main__ | Target 6 assigned repeats: [2, 3]
2026-05-14 16:46:12 | INFO | __main__ | Target 6 (Indre Kvarøy), repeat 3/6: source pool 5341 -> sampled players 5341, cal=20, test=336, split_seed=2014
2026-05-14 16:46:12 | INFO | __main__ | SNP selection: 20000 random SNPs from 65344 (seed=14)
2026-05-14 16:46:12 | INFO | __main__ | Computing V_full over all 5341 source individuals...
2026-05-14 16:46:19 | INFO | __main__ | V_full(cal) = 0.4906
2026-05-15 00:19:23 | INFO | __main__ | TMC progress: 30/300 permutations, truncated=30, utility evals=12081, cache hit rate=0.0%
2026-05-15 08:26:37 | INFO | __main__ | TMC progress: 60/300 permutations, truncated=60, utility evals=25378, cache hit rate=0.0%
2026-05-15 15:19:13 | INFO | __main__ | TMC progress: 90/300 permutations, truncated=90, utility evals=37071, cache hit rate=0.0%
2026-05-15 23:47:08 | INFO | __main__ | TMC progress: 120/300 permutations, truncated=120, utility evals=50363, cache hit rate=0.0%
2026-05-16 07:02:11 | INFO | __main__ | TMC progress: 150/300 permutations, truncated=150, utility evals=62483, cache hit rate=0.0%
2026-05-16 13:06:04 | INFO | __main__ | TMC progress: 180/300 permutations, truncated=180, utility evals=73288, cache hit rate=0.0%
2026-05-16 20:01:53 | INFO | __main__ | TMC progress: 210/300 permutations, truncated=210, utility evals=85366, cache hit rate=0.0%
2026-05-17 03:27:42 | INFO | __main__ | TMC progress: 240/300 permutations, truncated=240, utility evals=97667, cache hit rate=0.0%
2026-05-17 10:15:33 | INFO | __main__ | TMC progress: 270/300 permutations, truncated=270, utility evals=109998, cache hit rate=0.0%
2026-05-17 17:50:02 | INFO | __main__ | TMC progress: 300/300 permutations, truncated=300, utility evals=122974, cache hit rate=0.0%
2026-05-17 17:50:04 | INFO | __main__ | Saved individual Shapley values to outputs/tmc_shapley_individuals_grouped/island_6/repeat_2/shapley_individual_values_target_6.csv
2026-05-17 17:50:06 | INFO | __main__ | Target 6 (Indre Kvarøy), repeat 4/6: source pool 5341 -> sampled players 5341, cal=20, test=336, split_seed=3014
2026-05-17 17:50:06 | INFO | __main__ | SNP selection: 20000 random SNPs from 65344 (seed=14)
2026-05-17 17:50:06 | INFO | __main__ | Computing V_full over all 5341 source individuals...
2026-05-17 17:50:13 | INFO | __main__ | V_full(cal) = 0.4211
2026-05-17 22:43:59 | INFO | __main__ | TMC progress: 30/300 permutations, truncated=30, utility evals=9497, cache hit rate=0.0%
2026-05-18 03:49:28 | INFO | __main__ | TMC progress: 60/300 permutations, truncated=60, utility evals=19779, cache hit rate=0.0%
2026-05-18 09:05:24 | INFO | __main__ | TMC progress: 90/300 permutations, truncated=90, utility evals=29054, cache hit rate=0.0%
2026-05-18 13:48:58 | INFO | __main__ | TMC progress: 120/300 permutations, truncated=120, utility evals=38911, cache hit rate=0.0%
[2026-05-18T16:45:58.049] error: *** JOB 24479288 ON idun-10-08 CANCELLED AT 2026-05-18T16:45:58 DUE TO TIME LIMIT ***
