2026-05-14 16:45:55 | INFO | __main__ | Using device: cpu
2026-05-14 16:45:55 | INFO | __main__ | Loading data...
2026-05-14 16:45:55 | INFO | src.data | Loading data from NPZ: Data/npz/snp_body_mass_ALL.npz
2026-05-14 16:46:07 | INFO | __main__ | Data loaded: 5697 samples, 65344 SNPs, 15 islands
2026-05-14 16:46:07 | INFO | __main__ | Included islands: [0, 1, 2, 3, 4, 5, 6, 7, 8, 9, 10, 11, 12, 13, 14]
2026-05-14 16:46:07 | INFO | __main__ | Target islands: [0, 1, 2, 3, 4, 5, 6, 7, 8, 9, 10, 11, 12, 13, 14]
2026-05-14 16:46:07 | INFO | __main__ | Shard 29/45 assignment: [{'target_code': 9, 'repeat_indices': [4, 5], 'target_shard_index': 2, 'target_num_shards': 3, 'target_shard_ids': [27, 28, 29]}]
2026-05-14 16:46:07 | INFO | __main__ | ======================================================================
2026-05-14 16:46:07 | INFO | __main__ | Target 9 assigned repeats: [4, 5]
2026-05-14 16:46:08 | INFO | __main__ | Target 9 (Sleneset), repeat 5/6: source pool 5531 -> sampled players 5531, cal=20, test=146, split_seed=4014
2026-05-14 16:46:08 | INFO | __main__ | SNP selection: 20000 random SNPs from 65344 (seed=14)
2026-05-14 16:46:08 | INFO | __main__ | Computing V_full over all 5531 source individuals...
2026-05-14 16:46:13 | INFO | __main__ | V_full(cal) = 0.4148
2026-05-14 21:30:10 | INFO | __main__ | TMC progress: 30/300 permutations, truncated=30, utility evals=10466, cache hit rate=0.0%
2026-05-15 01:57:07 | INFO | __main__ | TMC progress: 60/300 permutations, truncated=60, utility evals=20543, cache hit rate=0.0%
2026-05-15 05:58:09 | INFO | __main__ | TMC progress: 90/300 permutations, truncated=90, utility evals=31363, cache hit rate=0.0%
2026-05-15 10:21:54 | INFO | __main__ | TMC progress: 120/300 permutations, truncated=120, utility evals=42570, cache hit rate=0.0%
2026-05-15 14:52:29 | INFO | __main__ | TMC progress: 150/300 permutations, truncated=150, utility evals=53698, cache hit rate=0.0%
2026-05-15 18:56:44 | INFO | __main__ | TMC progress: 180/300 permutations, truncated=180, utility evals=64466, cache hit rate=0.0%
2026-05-15 22:18:12 | INFO | __main__ | TMC progress: 210/300 permutations, truncated=210, utility evals=73896, cache hit rate=0.0%
2026-05-16 01:25:53 | INFO | __main__ | TMC progress: 240/300 permutations, truncated=240, utility evals=82976, cache hit rate=0.0%
2026-05-16 05:37:36 | INFO | __main__ | TMC progress: 270/300 permutations, truncated=270, utility evals=93568, cache hit rate=0.0%
2026-05-16 10:19:56 | INFO | __main__ | TMC progress: 300/300 permutations, truncated=300, utility evals=104544, cache hit rate=0.0%
2026-05-16 10:19:58 | INFO | __main__ | Saved individual Shapley values to outputs/tmc_shapley_individuals_grouped/island_9/repeat_4/shapley_individual_values_target_9.csv
2026-05-16 10:20:00 | INFO | __main__ | Target 9 (Sleneset), repeat 6/6: source pool 5531 -> sampled players 5531, cal=20, test=146, split_seed=5014
2026-05-16 10:20:00 | INFO | __main__ | SNP selection: 20000 random SNPs from 65344 (seed=14)
2026-05-16 10:20:00 | INFO | __main__ | Computing V_full over all 5531 source individuals...
2026-05-16 10:20:05 | INFO | __main__ | V_full(cal) = 0.1982
2026-05-16 13:22:28 | INFO | __main__ | TMC progress: 30/300 permutations, truncated=30, utility evals=8831, cache hit rate=0.0%
2026-05-16 16:21:48 | INFO | __main__ | TMC progress: 60/300 permutations, truncated=60, utility evals=17273, cache hit rate=0.0%
2026-05-16 20:00:01 | INFO | __main__ | TMC progress: 90/300 permutations, truncated=90, utility evals=27377, cache hit rate=0.0%
2026-05-16 22:33:18 | INFO | __main__ | TMC progress: 120/300 permutations, truncated=120, utility evals=35421, cache hit rate=0.0%
2026-05-17 00:41:41 | INFO | __main__ | TMC progress: 150/300 permutations, truncated=150, utility evals=42294, cache hit rate=0.0%
2026-05-17 04:05:57 | INFO | __main__ | TMC progress: 180/300 permutations, truncated=180, utility evals=51315, cache hit rate=0.0%
2026-05-17 07:08:25 | INFO | __main__ | TMC progress: 210/300 permutations, truncated=210, utility evals=60304, cache hit rate=0.0%
2026-05-17 10:28:54 | INFO | __main__ | TMC progress: 240/300 permutations, truncated=240, utility evals=69428, cache hit rate=0.0%
2026-05-17 14:24:26 | INFO | __main__ | TMC progress: 270/300 permutations, truncated=270, utility evals=79851, cache hit rate=0.0%
2026-05-17 17:06:39 | INFO | __main__ | TMC progress: 300/300 permutations, truncated=300, utility evals=87645, cache hit rate=0.0%
2026-05-17 17:06:41 | INFO | __main__ | Saved individual Shapley values to outputs/tmc_shapley_individuals_grouped/island_9/repeat_5/shapley_individual_values_target_9.csv
2026-05-17 17:06:41 | INFO | __main__ | Saved shard manifest to outputs/tmc_shapley_individuals_grouped/island_9/shards/worker_shard_29_target_9.json; target-level summaries are deferred to merge mode.
2026-05-17 17:06:41 | INFO | __main__ | Worker complete.
