2026-05-12 12:53:39 | INFO | __main__ | Using device: cpu
2026-05-12 12:53:39 | INFO | __main__ | Loading data...
2026-05-12 12:53:39 | INFO | src.data | Loading data from NPZ: Data/npz/snp_body_mass_ALL.npz
2026-05-12 12:53:52 | INFO | __main__ | Data loaded: 5697 samples, 65344 SNPs, 16 islands
2026-05-12 12:53:52 | INFO | __main__ | Included islands: [0, 1, 2, 3, 4, 5, 6, 7, 8, 9, 10, 11, 12, 13, 14, 15]
2026-05-12 12:53:52 | INFO | __main__ | Target islands: [0, 4, 7, 9, 12]
2026-05-12 12:53:52 | INFO | __main__ | Shard 9/10 assignment: [{'target_code': 12, 'repeat_indices': [3, 4], 'target_shard_index': 1, 'target_num_shards': 2, 'target_shard_ids': [8, 9]}]
2026-05-12 12:53:52 | INFO | __main__ | ======================================================================
2026-05-12 12:53:52 | INFO | __main__ | Target 12 assigned repeats: [3, 4]
2026-05-12 12:53:54 | INFO | __main__ | Target 12 (Southern 2), repeat 4/5: source pool 5300 -> sampled players 5300, cal=39, test=358, split_seed=3014
2026-05-12 12:53:54 | INFO | __main__ | SNP selection: 20000 random SNPs from 65344 (seed=14)
2026-05-12 12:53:54 | INFO | __main__ | Computing V_full over all 5300 source individuals...
2026-05-12 12:54:00 | INFO | __main__ | V_full(cal) = -0.1031
2026-05-12 13:05:47 | INFO | __main__ | TMC progress: 10/50 permutations, truncated=10, utility evals=3728, cache hit rate=0.0%
2026-05-12 16:45:17 | INFO | __main__ | TMC progress: 20/50 permutations, truncated=20, utility evals=10278, cache hit rate=0.0%
2026-05-12 17:45:40 | INFO | __main__ | TMC progress: 30/50 permutations, truncated=30, utility evals=15163, cache hit rate=0.0%
2026-05-12 23:17:26 | INFO | __main__ | TMC progress: 40/50 permutations, truncated=40, utility evals=27816, cache hit rate=0.0%
2026-05-13 03:53:57 | INFO | __main__ | TMC progress: 50/50 permutations, truncated=50, utility evals=38707, cache hit rate=0.0%
2026-05-13 03:53:58 | INFO | __main__ | Saved individual Shapley values to outputs/tmc_shapley_individuals/island_12/repeat_3/shapley_individual_values_target_12.csv
2026-05-13 03:54:00 | INFO | __main__ | Target 12 (Southern 2), repeat 5/5: source pool 5300 -> sampled players 5300, cal=39, test=358, split_seed=4014
2026-05-13 03:54:00 | INFO | __main__ | SNP selection: 20000 random SNPs from 65344 (seed=14)
2026-05-13 03:54:00 | INFO | __main__ | Computing V_full over all 5300 source individuals...
2026-05-13 03:54:06 | INFO | __main__ | V_full(cal) = -0.0227
2026-05-13 04:18:57 | INFO | __main__ | TMC progress: 10/50 permutations, truncated=10, utility evals=5028, cache hit rate=0.0%
2026-05-13 07:54:31 | INFO | __main__ | TMC progress: 20/50 permutations, truncated=20, utility evals=12707, cache hit rate=0.0%
2026-05-13 11:31:15 | INFO | __main__ | TMC progress: 30/50 permutations, truncated=30, utility evals=21459, cache hit rate=0.0%
2026-05-13 12:28:52 | INFO | __main__ | TMC progress: 40/50 permutations, truncated=40, utility evals=26238, cache hit rate=0.0%
2026-05-13 13:22:12 | INFO | __main__ | TMC progress: 50/50 permutations, truncated=50, utility evals=30084, cache hit rate=0.0%
2026-05-13 13:22:13 | INFO | __main__ | Saved individual Shapley values to outputs/tmc_shapley_individuals/island_12/repeat_4/shapley_individual_values_target_12.csv
2026-05-13 13:22:13 | INFO | __main__ | Saved shard manifest to outputs/tmc_shapley_individuals/island_12/shards/worker_shard_9_target_12.json; target-level summaries are deferred to merge mode.
2026-05-13 13:22:13 | INFO | __main__ | Worker complete.
