2026-05-14 16:45:55 | INFO | __main__ | Using device: cpu
2026-05-14 16:45:55 | INFO | __main__ | Loading data...
2026-05-14 16:45:55 | INFO | src.data | Loading data from NPZ: Data/npz/snp_body_mass_ALL.npz
2026-05-14 16:46:07 | INFO | __main__ | Data loaded: 5697 samples, 65344 SNPs, 15 islands
2026-05-14 16:46:07 | INFO | __main__ | Included islands: [0, 1, 2, 3, 4, 5, 6, 7, 8, 9, 10, 11, 12, 13, 14]
2026-05-14 16:46:07 | INFO | __main__ | Target islands: [0, 1, 2, 3, 4, 5, 6, 7, 8, 9, 10, 11, 12, 13, 14]
2026-05-14 16:46:07 | INFO | __main__ | Shard 24/45 assignment: [{'target_code': 8, 'repeat_indices': [0, 1], 'target_shard_index': 0, 'target_num_shards': 3, 'target_shard_ids': [24, 25, 26]}]
2026-05-14 16:46:07 | INFO | __main__ | ======================================================================
2026-05-14 16:46:07 | INFO | __main__ | Target 8 assigned repeats: [0, 1]
2026-05-14 16:46:08 | INFO | __main__ | Target 8 (Lovund), repeat 1/6: source pool 5539 -> sampled players 5539, cal=20, test=138, split_seed=14
2026-05-14 16:46:08 | INFO | __main__ | SNP selection: 20000 random SNPs from 65344 (seed=14)
2026-05-14 16:46:08 | INFO | __main__ | Computing V_full over all 5539 source individuals...
2026-05-14 16:46:13 | INFO | __main__ | V_full(cal) = 0.2511
2026-05-14 21:52:01 | INFO | __main__ | TMC progress: 30/300 permutations, truncated=30, utility evals=11994, cache hit rate=0.0%
2026-05-15 00:54:29 | INFO | __main__ | TMC progress: 60/300 permutations, truncated=60, utility evals=20048, cache hit rate=0.0%
2026-05-15 05:01:41 | INFO | __main__ | TMC progress: 90/300 permutations, truncated=90, utility evals=29832, cache hit rate=0.0%
2026-05-15 09:06:10 | INFO | __main__ | TMC progress: 120/300 permutations, truncated=120, utility evals=39789, cache hit rate=0.0%
2026-05-15 12:45:28 | INFO | __main__ | TMC progress: 150/300 permutations, truncated=150, utility evals=49384, cache hit rate=0.0%
2026-05-15 16:25:11 | INFO | __main__ | TMC progress: 180/300 permutations, truncated=180, utility evals=59458, cache hit rate=0.0%
2026-05-15 20:15:45 | INFO | __main__ | TMC progress: 210/300 permutations, truncated=210, utility evals=69316, cache hit rate=0.0%
2026-05-15 23:47:03 | INFO | __main__ | TMC progress: 240/300 permutations, truncated=240, utility evals=78652, cache hit rate=0.0%
2026-05-16 04:06:46 | INFO | __main__ | TMC progress: 270/300 permutations, truncated=270, utility evals=89846, cache hit rate=0.0%
2026-05-16 06:58:30 | INFO | __main__ | TMC progress: 300/300 permutations, truncated=300, utility evals=98458, cache hit rate=0.0%
2026-05-16 06:58:30 | INFO | __main__ | Saved individual Shapley values to outputs/tmc_shapley_individuals_grouped/island_8/repeat_0/shapley_individual_values_target_8.csv
2026-05-16 06:58:32 | INFO | __main__ | Target 8 (Lovund), repeat 2/6: source pool 5539 -> sampled players 5539, cal=20, test=138, split_seed=1014
2026-05-16 06:58:32 | INFO | __main__ | SNP selection: 20000 random SNPs from 65344 (seed=14)
2026-05-16 06:58:32 | INFO | __main__ | Computing V_full over all 5539 source individuals...
2026-05-16 06:58:37 | INFO | __main__ | V_full(cal) = 0.3575
2026-05-16 10:56:40 | INFO | __main__ | TMC progress: 30/300 permutations, truncated=30, utility evals=9964, cache hit rate=0.0%
2026-05-16 16:03:28 | INFO | __main__ | TMC progress: 60/300 permutations, truncated=60, utility evals=22138, cache hit rate=0.0%
2026-05-16 19:55:52 | INFO | __main__ | TMC progress: 90/300 permutations, truncated=90, utility evals=32154, cache hit rate=0.0%
2026-05-16 23:38:51 | INFO | __main__ | TMC progress: 120/300 permutations, truncated=120, utility evals=42677, cache hit rate=0.0%
2026-05-17 03:15:45 | INFO | __main__ | TMC progress: 150/300 permutations, truncated=150, utility evals=52555, cache hit rate=0.0%
2026-05-17 07:44:57 | INFO | __main__ | TMC progress: 180/300 permutations, truncated=180, utility evals=63595, cache hit rate=0.0%
2026-05-17 11:36:21 | INFO | __main__ | TMC progress: 210/300 permutations, truncated=210, utility evals=73902, cache hit rate=0.0%
2026-05-17 16:09:54 | INFO | __main__ | TMC progress: 240/300 permutations, truncated=240, utility evals=85225, cache hit rate=0.0%
2026-05-17 20:37:46 | INFO | __main__ | TMC progress: 270/300 permutations, truncated=270, utility evals=97193, cache hit rate=0.0%
2026-05-18 00:58:40 | INFO | __main__ | TMC progress: 300/300 permutations, truncated=300, utility evals=108479, cache hit rate=0.0%
2026-05-18 00:58:42 | INFO | __main__ | Saved individual Shapley values to outputs/tmc_shapley_individuals_grouped/island_8/repeat_1/shapley_individual_values_target_8.csv
2026-05-18 00:58:42 | INFO | __main__ | Saved shard manifest to outputs/tmc_shapley_individuals_grouped/island_8/shards/worker_shard_24_target_8.json; target-level summaries are deferred to merge mode.
2026-05-18 00:58:43 | INFO | __main__ | Worker complete.
