2026-05-14 16:45:56 | INFO | __main__ | Using device: cpu
2026-05-14 16:45:56 | INFO | __main__ | Loading data...
2026-05-14 16:45:56 | INFO | src.data | Loading data from NPZ: Data/npz/snp_body_mass_ALL.npz
2026-05-14 16:46:11 | INFO | __main__ | Data loaded: 5697 samples, 65344 SNPs, 15 islands
2026-05-14 16:46:11 | INFO | __main__ | Included islands: [0, 1, 2, 3, 4, 5, 6, 7, 8, 9, 10, 11, 12, 13, 14]
2026-05-14 16:46:11 | INFO | __main__ | Target islands: [0, 1, 2, 3, 4, 5, 6, 7, 8, 9, 10, 11, 12, 13, 14]
2026-05-14 16:46:11 | INFO | __main__ | Shard 33/45 assignment: [{'target_code': 11, 'repeat_indices': [0, 1], 'target_shard_index': 0, 'target_num_shards': 3, 'target_shard_ids': [33, 34, 35]}]
2026-05-14 16:46:11 | INFO | __main__ | ======================================================================
2026-05-14 16:46:11 | INFO | __main__ | Target 11 assigned repeats: [0, 1]
2026-05-14 16:46:13 | INFO | __main__ | Target 11 (Leka), repeat 1/6: source pool 5114 -> sampled players 5114, cal=20, test=563, split_seed=14
2026-05-14 16:46:13 | INFO | __main__ | SNP selection: 20000 random SNPs from 65344 (seed=14)
2026-05-14 16:46:13 | INFO | __main__ | Computing V_full over all 5114 source individuals...
2026-05-14 16:46:20 | INFO | __main__ | V_full(cal) = -0.1715
2026-05-14 19:46:55 | INFO | __main__ | TMC progress: 30/300 permutations, truncated=30, utility evals=6726, cache hit rate=0.0%
2026-05-14 23:25:50 | INFO | __main__ | TMC progress: 60/300 permutations, truncated=60, utility evals=14397, cache hit rate=0.0%
2026-05-15 03:17:36 | INFO | __main__ | TMC progress: 90/300 permutations, truncated=90, utility evals=22869, cache hit rate=0.0%
2026-05-15 07:39:48 | INFO | __main__ | TMC progress: 120/300 permutations, truncated=120, utility evals=31879, cache hit rate=0.0%
2026-05-15 12:26:27 | INFO | __main__ | TMC progress: 150/300 permutations, truncated=150, utility evals=41346, cache hit rate=0.0%
2026-05-15 16:31:05 | INFO | __main__ | TMC progress: 180/300 permutations, truncated=180, utility evals=50115, cache hit rate=0.0%
2026-05-15 21:01:48 | INFO | __main__ | TMC progress: 210/300 permutations, truncated=210, utility evals=59005, cache hit rate=0.0%
2026-05-16 01:10:35 | INFO | __main__ | TMC progress: 240/300 permutations, truncated=240, utility evals=67446, cache hit rate=0.0%
2026-05-16 04:48:09 | INFO | __main__ | TMC progress: 270/300 permutations, truncated=270, utility evals=75170, cache hit rate=0.0%
2026-05-16 09:15:20 | INFO | __main__ | TMC progress: 300/300 permutations, truncated=300, utility evals=84496, cache hit rate=0.0%
2026-05-16 09:15:22 | INFO | __main__ | Saved individual Shapley values to outputs/tmc_shapley_individuals_grouped/island_11/repeat_0/shapley_individual_values_target_11.csv
2026-05-16 09:15:24 | INFO | __main__ | Target 11 (Leka), repeat 2/6: source pool 5114 -> sampled players 5114, cal=20, test=563, split_seed=1014
2026-05-16 09:15:24 | INFO | __main__ | SNP selection: 20000 random SNPs from 65344 (seed=14)
2026-05-16 09:15:24 | INFO | __main__ | Computing V_full over all 5114 source individuals...
2026-05-16 09:15:31 | INFO | __main__ | V_full(cal) = 0.2085
2026-05-16 12:41:50 | INFO | __main__ | TMC progress: 30/300 permutations, truncated=30, utility evals=7783, cache hit rate=0.0%
2026-05-16 15:41:14 | INFO | __main__ | TMC progress: 60/300 permutations, truncated=60, utility evals=14751, cache hit rate=0.0%
2026-05-16 20:22:40 | INFO | __main__ | TMC progress: 90/300 permutations, truncated=90, utility evals=23957, cache hit rate=0.0%
2026-05-16 23:47:01 | INFO | __main__ | TMC progress: 120/300 permutations, truncated=120, utility evals=31580, cache hit rate=0.0%
2026-05-17 02:46:57 | INFO | __main__ | TMC progress: 150/300 permutations, truncated=150, utility evals=39039, cache hit rate=0.0%
2026-05-17 04:55:11 | INFO | __main__ | TMC progress: 180/300 permutations, truncated=180, utility evals=45094, cache hit rate=0.0%
2026-05-17 08:29:07 | INFO | __main__ | TMC progress: 210/300 permutations, truncated=210, utility evals=52913, cache hit rate=0.0%
2026-05-17 11:57:01 | INFO | __main__ | TMC progress: 240/300 permutations, truncated=240, utility evals=60536, cache hit rate=0.0%
2026-05-17 15:45:41 | INFO | __main__ | TMC progress: 270/300 permutations, truncated=270, utility evals=69002, cache hit rate=0.0%
2026-05-17 18:59:25 | INFO | __main__ | TMC progress: 300/300 permutations, truncated=300, utility evals=76770, cache hit rate=0.0%
2026-05-17 18:59:26 | INFO | __main__ | Saved individual Shapley values to outputs/tmc_shapley_individuals_grouped/island_11/repeat_1/shapley_individual_values_target_11.csv
2026-05-17 18:59:26 | INFO | __main__ | Saved shard manifest to outputs/tmc_shapley_individuals_grouped/island_11/shards/worker_shard_33_target_11.json; target-level summaries are deferred to merge mode.
2026-05-17 18:59:26 | INFO | __main__ | Worker complete.
