2026-05-17 13:30:44 | INFO | __main__ | Using device: cpu
2026-05-17 13:30:44 | INFO | __main__ | Loading data...
2026-05-17 13:30:44 | INFO | src.data | Loading data from NPZ: Data/npz/snp_body_mass_ALL.npz
2026-05-17 13:30:53 | INFO | __main__ | Data loaded: 5697 samples, 65344 SNPs, 15 islands
2026-05-17 13:30:53 | INFO | __main__ | Included islands: [0, 1, 2, 3, 4, 5, 6, 7, 8, 9, 10, 11, 12, 13, 14]
2026-05-17 13:30:53 | INFO | __main__ | Target islands: [0, 1, 2, 3, 4, 5, 6, 7, 8, 9, 10, 11, 12, 13, 14]
2026-05-17 13:30:53 | INFO | __main__ | Shard 44/45 assignment: [{'target_code': 14, 'repeat_indices': [4, 5], 'target_shard_index': 2, 'target_num_shards': 3, 'target_shard_ids': [42, 43, 44]}]
2026-05-17 13:30:53 | INFO | __main__ | ======================================================================
2026-05-17 13:30:53 | INFO | __main__ | Target 14 assigned repeats: [4, 5]
2026-05-17 13:30:54 | INFO | __main__ | Target 14 (Lauvøya), repeat 5/6: source pool 5009 -> sampled players 5009, cal=20, test=668, split_seed=4014
2026-05-17 13:30:54 | INFO | __main__ | SNP selection: 20000 random SNPs from 65344 (seed=14)
2026-05-17 13:30:54 | INFO | __main__ | Computing V_full over all 5009 source individuals...
2026-05-17 13:30:57 | INFO | __main__ | V_full(cal) = 0.2238
2026-05-17 16:06:02 | INFO | __main__ | TMC progress: 30/300 permutations, truncated=30, utility evals=10106, cache hit rate=0.0%
2026-05-17 18:03:32 | INFO | __main__ | TMC progress: 60/300 permutations, truncated=60, utility evals=18774, cache hit rate=0.0%
2026-05-17 20:06:22 | INFO | __main__ | TMC progress: 90/300 permutations, truncated=90, utility evals=27594, cache hit rate=0.0%
2026-05-17 21:56:36 | INFO | __main__ | TMC progress: 120/300 permutations, truncated=120, utility evals=35688, cache hit rate=0.0%
2026-05-17 23:32:56 | INFO | __main__ | TMC progress: 150/300 permutations, truncated=150, utility evals=43543, cache hit rate=0.0%
2026-05-18 01:29:43 | INFO | __main__ | TMC progress: 180/300 permutations, truncated=180, utility evals=51687, cache hit rate=0.0%
2026-05-18 03:27:42 | INFO | __main__ | TMC progress: 210/300 permutations, truncated=210, utility evals=60352, cache hit rate=0.0%
2026-05-18 05:06:46 | INFO | __main__ | TMC progress: 240/300 permutations, truncated=240, utility evals=68337, cache hit rate=0.0%
2026-05-18 07:03:06 | INFO | __main__ | TMC progress: 270/300 permutations, truncated=270, utility evals=76940, cache hit rate=0.0%
2026-05-18 09:22:32 | INFO | __main__ | TMC progress: 300/300 permutations, truncated=300, utility evals=86434, cache hit rate=0.0%
2026-05-18 09:22:33 | INFO | __main__ | Saved individual Shapley values to outputs/tmc_shapley_individuals_grouped/island_14/repeat_4/shapley_individual_values_target_14.csv
2026-05-18 09:22:35 | INFO | __main__ | Target 14 (Lauvøya), repeat 6/6: source pool 5009 -> sampled players 5009, cal=20, test=668, split_seed=5014
2026-05-18 09:22:35 | INFO | __main__ | SNP selection: 20000 random SNPs from 65344 (seed=14)
2026-05-18 09:22:35 | INFO | __main__ | Computing V_full over all 5009 source individuals...
2026-05-18 09:22:38 | INFO | __main__ | V_full(cal) = -0.3002
2026-05-18 11:46:43 | INFO | __main__ | TMC progress: 30/300 permutations, truncated=30, utility evals=7790, cache hit rate=0.0%
2026-05-18 15:02:27 | INFO | __main__ | TMC progress: 60/300 permutations, truncated=60, utility evals=17359, cache hit rate=0.0%
2026-05-18 18:15:18 | INFO | __main__ | TMC progress: 90/300 permutations, truncated=90, utility evals=26683, cache hit rate=0.0%
2026-05-18 21:13:51 | INFO | __main__ | TMC progress: 120/300 permutations, truncated=120, utility evals=35872, cache hit rate=0.0%
2026-05-19 00:05:37 | INFO | __main__ | TMC progress: 150/300 permutations, truncated=150, utility evals=44498, cache hit rate=0.0%
2026-05-19 03:19:53 | INFO | __main__ | TMC progress: 180/300 permutations, truncated=180, utility evals=53598, cache hit rate=0.0%
2026-05-19 06:08:10 | INFO | __main__ | TMC progress: 210/300 permutations, truncated=210, utility evals=62208, cache hit rate=0.0%
2026-05-19 08:09:38 | INFO | __main__ | TMC progress: 240/300 permutations, truncated=240, utility evals=70821, cache hit rate=0.0%
2026-05-19 09:58:40 | INFO | __main__ | TMC progress: 270/300 permutations, truncated=270, utility evals=78983, cache hit rate=0.0%
