2026-05-12 12:53:39 | INFO | __main__ | Using device: cpu
2026-05-12 12:53:39 | INFO | __main__ | Loading data...
2026-05-12 12:53:39 | INFO | src.data | Loading data from NPZ: Data/npz/snp_body_mass_ALL.npz
2026-05-12 12:53:49 | INFO | __main__ | Data loaded: 5697 samples, 65344 SNPs, 16 islands
2026-05-12 12:53:49 | INFO | __main__ | Included islands: [0, 1, 2, 3, 4, 5, 6, 7, 8, 9, 10, 11, 12, 13, 14, 15]
2026-05-12 12:53:49 | INFO | __main__ | Target islands: [0, 4, 7, 9, 12]
2026-05-12 12:53:49 | INFO | __main__ | Shard 6/10 assignment: [{'target_code': 9, 'repeat_indices': [0, 1, 2], 'target_shard_index': 0, 'target_num_shards': 2, 'target_shard_ids': [6, 7]}]
2026-05-12 12:53:49 | INFO | __main__ | ======================================================================
2026-05-12 12:53:49 | INFO | __main__ | Target 9 assigned repeats: [0, 1, 2]
2026-05-12 12:53:50 | INFO | __main__ | Target 9 (Sleneset), repeat 1/5: source pool 5531 -> sampled players 5531, cal=16, test=150, split_seed=14
2026-05-12 12:53:50 | INFO | __main__ | SNP selection: 20000 random SNPs from 65344 (seed=14)
2026-05-12 12:53:50 | INFO | __main__ | Computing V_full over all 5531 source individuals...
2026-05-12 12:53:54 | INFO | __main__ | V_full(cal) = 0.2374
2026-05-12 14:22:07 | INFO | __main__ | TMC progress: 10/50 permutations, truncated=10, utility evals=5866, cache hit rate=0.0%
2026-05-12 16:47:22 | INFO | __main__ | TMC progress: 20/50 permutations, truncated=20, utility evals=13073, cache hit rate=0.0%
2026-05-12 19:34:04 | INFO | __main__ | TMC progress: 30/50 permutations, truncated=30, utility evals=24910, cache hit rate=0.0%
2026-05-12 19:53:43 | INFO | __main__ | TMC progress: 40/50 permutations, truncated=40, utility evals=28893, cache hit rate=0.0%
2026-05-12 22:04:26 | INFO | __main__ | TMC progress: 50/50 permutations, truncated=50, utility evals=36502, cache hit rate=0.0%
2026-05-12 22:04:27 | INFO | __main__ | Saved individual Shapley values to outputs/tmc_shapley_individuals/island_9/repeat_0/shapley_individual_values_target_9.csv
2026-05-12 22:04:28 | INFO | __main__ | Target 9 (Sleneset), repeat 2/5: source pool 5531 -> sampled players 5531, cal=16, test=150, split_seed=1014
2026-05-12 22:04:28 | INFO | __main__ | SNP selection: 20000 random SNPs from 65344 (seed=14)
2026-05-12 22:04:28 | INFO | __main__ | Computing V_full over all 5531 source individuals...
2026-05-12 22:04:32 | INFO | __main__ | V_full(cal) = -0.1329
2026-05-12 22:25:44 | INFO | __main__ | TMC progress: 10/50 permutations, truncated=10, utility evals=4345, cache hit rate=0.0%
2026-05-12 22:28:19 | INFO | __main__ | TMC progress: 20/50 permutations, truncated=20, utility evals=6637, cache hit rate=0.0%
2026-05-12 22:52:30 | INFO | __main__ | TMC progress: 30/50 permutations, truncated=30, utility evals=12348, cache hit rate=0.0%
2026-05-13 00:31:09 | INFO | __main__ | TMC progress: 40/50 permutations, truncated=40, utility evals=21981, cache hit rate=0.0%
2026-05-13 01:05:53 | INFO | __main__ | TMC progress: 50/50 permutations, truncated=50, utility evals=27778, cache hit rate=0.0%
2026-05-13 01:05:54 | INFO | __main__ | Saved individual Shapley values to outputs/tmc_shapley_individuals/island_9/repeat_1/shapley_individual_values_target_9.csv
2026-05-13 01:05:55 | INFO | __main__ | Target 9 (Sleneset), repeat 3/5: source pool 5531 -> sampled players 5531, cal=16, test=150, split_seed=2014
2026-05-13 01:05:55 | INFO | __main__ | SNP selection: 20000 random SNPs from 65344 (seed=14)
2026-05-13 01:05:55 | INFO | __main__ | Computing V_full over all 5531 source individuals...
2026-05-13 01:06:00 | INFO | __main__ | V_full(cal) = 0.1912
2026-05-13 06:16:06 | INFO | __main__ | TMC progress: 10/50 permutations, truncated=10, utility evals=21138, cache hit rate=0.0%
2026-05-13 08:01:16 | INFO | __main__ | TMC progress: 20/50 permutations, truncated=20, utility evals=30416, cache hit rate=0.0%
2026-05-13 08:49:56 | INFO | __main__ | TMC progress: 30/50 permutations, truncated=30, utility evals=37641, cache hit rate=0.0%
2026-05-13 09:33:09 | INFO | __main__ | TMC progress: 40/50 permutations, truncated=40, utility evals=44576, cache hit rate=0.0%
2026-05-13 12:18:49 | INFO | __main__ | TMC progress: 50/50 permutations, truncated=50, utility evals=54931, cache hit rate=0.0%
2026-05-13 12:18:50 | INFO | __main__ | Saved individual Shapley values to outputs/tmc_shapley_individuals/island_9/repeat_2/shapley_individual_values_target_9.csv
2026-05-13 12:18:50 | INFO | __main__ | Saved shard manifest to outputs/tmc_shapley_individuals/island_9/shards/worker_shard_6_target_9.json; target-level summaries are deferred to merge mode.
2026-05-13 12:18:50 | INFO | __main__ | Worker complete.
