2026-05-14 16:45:53 | INFO | __main__ | Using device: cpu
2026-05-14 16:45:53 | INFO | __main__ | Loading data...
2026-05-14 16:45:53 | INFO | src.data | Loading data from NPZ: Data/npz/snp_body_mass_ALL.npz
2026-05-14 16:46:01 | INFO | __main__ | Data loaded: 5697 samples, 65344 SNPs, 15 islands
2026-05-14 16:46:01 | INFO | __main__ | Included islands: [0, 1, 2, 3, 4, 5, 6, 7, 8, 9, 10, 11, 12, 13, 14]
2026-05-14 16:46:01 | INFO | __main__ | Target islands: [0, 1, 2, 3, 4, 5, 6, 7, 8, 9, 10, 11, 12, 13, 14]
2026-05-14 16:46:01 | INFO | __main__ | Shard 3/45 assignment: [{'target_code': 1, 'repeat_indices': [0, 1], 'target_shard_index': 0, 'target_num_shards': 3, 'target_shard_ids': [3, 4, 5]}]
2026-05-14 16:46:01 | INFO | __main__ | ======================================================================
2026-05-14 16:46:01 | INFO | __main__ | Target 1 assigned repeats: [0, 1]
2026-05-14 16:46:02 | INFO | __main__ | Target 1 (Myken), repeat 1/6: source pool 5605 -> sampled players 5605, cal=20, test=72, split_seed=14
2026-05-14 16:46:02 | INFO | __main__ | SNP selection: 20000 random SNPs from 65344 (seed=14)
2026-05-14 16:46:02 | INFO | __main__ | Computing V_full over all 5605 source individuals...
2026-05-14 16:46:06 | INFO | __main__ | V_full(cal) = 0.0969
2026-05-14 19:09:59 | INFO | __main__ | TMC progress: 30/300 permutations, truncated=30, utility evals=9174, cache hit rate=0.0%
2026-05-14 21:59:38 | INFO | __main__ | TMC progress: 60/300 permutations, truncated=60, utility evals=18759, cache hit rate=0.0%
2026-05-14 23:59:26 | INFO | __main__ | TMC progress: 90/300 permutations, truncated=90, utility evals=26867, cache hit rate=0.0%
2026-05-15 02:10:28 | INFO | __main__ | TMC progress: 120/300 permutations, truncated=120, utility evals=35147, cache hit rate=0.0%
2026-05-15 04:14:24 | INFO | __main__ | TMC progress: 150/300 permutations, truncated=150, utility evals=43401, cache hit rate=0.0%
2026-05-15 06:06:02 | INFO | __main__ | TMC progress: 180/300 permutations, truncated=180, utility evals=50607, cache hit rate=0.0%
2026-05-15 08:41:54 | INFO | __main__ | TMC progress: 210/300 permutations, truncated=210, utility evals=59716, cache hit rate=0.0%
2026-05-15 10:36:52 | INFO | __main__ | TMC progress: 240/300 permutations, truncated=240, utility evals=67304, cache hit rate=0.0%
2026-05-15 15:32:54 | INFO | __main__ | TMC progress: 270/300 permutations, truncated=270, utility evals=77995, cache hit rate=0.0%
2026-05-15 18:06:35 | INFO | __main__ | TMC progress: 300/300 permutations, truncated=300, utility evals=86923, cache hit rate=0.0%
2026-05-15 18:06:37 | INFO | __main__ | Saved individual Shapley values to outputs/tmc_shapley_individuals_grouped/island_1/repeat_0/shapley_individual_values_target_1.csv
2026-05-15 18:06:38 | INFO | __main__ | Target 1 (Myken), repeat 2/6: source pool 5605 -> sampled players 5605, cal=20, test=72, split_seed=1014
2026-05-15 18:06:38 | INFO | __main__ | SNP selection: 20000 random SNPs from 65344 (seed=14)
2026-05-15 18:06:38 | INFO | __main__ | Computing V_full over all 5605 source individuals...
2026-05-15 18:06:42 | INFO | __main__ | V_full(cal) = 0.5145
2026-05-15 20:37:10 | INFO | __main__ | TMC progress: 30/300 permutations, truncated=30, utility evals=9975, cache hit rate=0.0%
2026-05-16 00:09:23 | INFO | __main__ | TMC progress: 60/300 permutations, truncated=60, utility evals=21179, cache hit rate=0.0%
2026-05-16 02:55:16 | INFO | __main__ | TMC progress: 90/300 permutations, truncated=90, utility evals=30131, cache hit rate=0.0%
2026-05-16 07:13:17 | INFO | __main__ | TMC progress: 120/300 permutations, truncated=120, utility evals=41624, cache hit rate=0.0%
2026-05-16 09:29:46 | INFO | __main__ | TMC progress: 150/300 permutations, truncated=150, utility evals=50743, cache hit rate=0.0%
2026-05-16 12:29:43 | INFO | __main__ | TMC progress: 180/300 permutations, truncated=180, utility evals=61155, cache hit rate=0.0%
2026-05-16 16:22:56 | INFO | __main__ | TMC progress: 210/300 permutations, truncated=210, utility evals=72639, cache hit rate=0.0%
2026-05-16 19:39:34 | INFO | __main__ | TMC progress: 240/300 permutations, truncated=240, utility evals=83222, cache hit rate=0.0%
2026-05-16 22:05:52 | INFO | __main__ | TMC progress: 270/300 permutations, truncated=270, utility evals=92676, cache hit rate=0.0%
2026-05-17 01:02:53 | INFO | __main__ | TMC progress: 300/300 permutations, truncated=300, utility evals=103447, cache hit rate=0.0%
2026-05-17 01:02:54 | INFO | __main__ | Saved individual Shapley values to outputs/tmc_shapley_individuals_grouped/island_1/repeat_1/shapley_individual_values_target_1.csv
2026-05-17 01:02:54 | INFO | __main__ | Saved shard manifest to outputs/tmc_shapley_individuals_grouped/island_1/shards/worker_shard_3_target_1.json; target-level summaries are deferred to merge mode.
2026-05-17 01:02:54 | INFO | __main__ | Worker complete.
