2026-05-14 16:45:53 | INFO | __main__ | Using device: cpu
2026-05-14 16:45:53 | INFO | __main__ | Loading data...
2026-05-14 16:45:53 | INFO | src.data | Loading data from NPZ: Data/npz/snp_body_mass_ALL.npz
2026-05-14 16:46:01 | INFO | __main__ | Data loaded: 5697 samples, 65344 SNPs, 15 islands
2026-05-14 16:46:01 | INFO | __main__ | Included islands: [0, 1, 2, 3, 4, 5, 6, 7, 8, 9, 10, 11, 12, 13, 14]
2026-05-14 16:46:01 | INFO | __main__ | Target islands: [0, 1, 2, 3, 4, 5, 6, 7, 8, 9, 10, 11, 12, 13, 14]
2026-05-14 16:46:01 | INFO | __main__ | Shard 2/45 assignment: [{'target_code': 0, 'repeat_indices': [4, 5], 'target_shard_index': 2, 'target_num_shards': 3, 'target_shard_ids': [0, 1, 2]}]
2026-05-14 16:46:01 | INFO | __main__ | ======================================================================
2026-05-14 16:46:01 | INFO | __main__ | Target 0 assigned repeats: [4, 5]
2026-05-14 16:46:02 | INFO | __main__ | Target 0 (Nesøy), repeat 5/6: source pool 5578 -> sampled players 5578, cal=20, test=99, split_seed=4014
2026-05-14 16:46:02 | INFO | __main__ | SNP selection: 20000 random SNPs from 65344 (seed=14)
2026-05-14 16:46:02 | INFO | __main__ | Computing V_full over all 5578 source individuals...
2026-05-14 16:46:06 | INFO | __main__ | V_full(cal) = 0.4400
2026-05-14 20:59:56 | INFO | __main__ | TMC progress: 30/300 permutations, truncated=30, utility evals=12890, cache hit rate=0.0%
2026-05-14 23:58:42 | INFO | __main__ | TMC progress: 60/300 permutations, truncated=60, utility evals=23233, cache hit rate=0.0%
2026-05-15 02:34:28 | INFO | __main__ | TMC progress: 90/300 permutations, truncated=90, utility evals=32339, cache hit rate=0.0%
2026-05-15 05:36:20 | INFO | __main__ | TMC progress: 120/300 permutations, truncated=120, utility evals=42804, cache hit rate=0.0%
2026-05-15 07:57:50 | INFO | __main__ | TMC progress: 150/300 permutations, truncated=150, utility evals=51402, cache hit rate=0.0%
2026-05-15 11:13:38 | INFO | __main__ | TMC progress: 180/300 permutations, truncated=180, utility evals=61731, cache hit rate=0.0%
2026-05-15 14:09:47 | INFO | __main__ | TMC progress: 210/300 permutations, truncated=210, utility evals=70169, cache hit rate=0.0%
2026-05-15 18:03:54 | INFO | __main__ | TMC progress: 240/300 permutations, truncated=240, utility evals=81269, cache hit rate=0.0%
2026-05-15 21:29:17 | INFO | __main__ | TMC progress: 270/300 permutations, truncated=270, utility evals=93005, cache hit rate=0.0%
2026-05-16 00:18:58 | INFO | __main__ | TMC progress: 300/300 permutations, truncated=300, utility evals=103106, cache hit rate=0.0%
2026-05-16 00:18:59 | INFO | __main__ | Saved individual Shapley values to outputs/tmc_shapley_individuals_grouped/island_0/repeat_4/shapley_individual_values_target_0.csv
2026-05-16 00:19:00 | INFO | __main__ | Target 0 (Nesøy), repeat 6/6: source pool 5578 -> sampled players 5578, cal=20, test=99, split_seed=5014
2026-05-16 00:19:00 | INFO | __main__ | SNP selection: 20000 random SNPs from 65344 (seed=14)
2026-05-16 00:19:00 | INFO | __main__ | Computing V_full over all 5578 source individuals...
2026-05-16 00:19:04 | INFO | __main__ | V_full(cal) = 0.2087
2026-05-16 03:04:33 | INFO | __main__ | TMC progress: 30/300 permutations, truncated=30, utility evals=8868, cache hit rate=0.0%
2026-05-16 06:08:59 | INFO | __main__ | TMC progress: 60/300 permutations, truncated=60, utility evals=17354, cache hit rate=0.0%
2026-05-16 09:02:09 | INFO | __main__ | TMC progress: 90/300 permutations, truncated=90, utility evals=27702, cache hit rate=0.0%
2026-05-16 11:18:46 | INFO | __main__ | TMC progress: 120/300 permutations, truncated=120, utility evals=35967, cache hit rate=0.0%
2026-05-16 13:18:51 | INFO | __main__ | TMC progress: 150/300 permutations, truncated=150, utility evals=43443, cache hit rate=0.0%
2026-05-16 15:37:15 | INFO | __main__ | TMC progress: 180/300 permutations, truncated=180, utility evals=52080, cache hit rate=0.0%
2026-05-16 17:54:41 | INFO | __main__ | TMC progress: 210/300 permutations, truncated=210, utility evals=60938, cache hit rate=0.0%
2026-05-16 20:13:07 | INFO | __main__ | TMC progress: 240/300 permutations, truncated=240, utility evals=69515, cache hit rate=0.0%
2026-05-16 23:09:43 | INFO | __main__ | TMC progress: 270/300 permutations, truncated=270, utility evals=79557, cache hit rate=0.0%
2026-05-17 01:21:41 | INFO | __main__ | TMC progress: 300/300 permutations, truncated=300, utility evals=87395, cache hit rate=0.0%
2026-05-17 01:21:42 | INFO | __main__ | Saved individual Shapley values to outputs/tmc_shapley_individuals_grouped/island_0/repeat_5/shapley_individual_values_target_0.csv
2026-05-17 01:21:42 | INFO | __main__ | Saved shard manifest to outputs/tmc_shapley_individuals_grouped/island_0/shards/worker_shard_2_target_0.json; target-level summaries are deferred to merge mode.
2026-05-17 01:21:42 | INFO | __main__ | Worker complete.
