2026-05-14 16:45:56 | INFO | __main__ | Using device: cpu
2026-05-14 16:45:56 | INFO | __main__ | Loading data...
2026-05-14 16:45:56 | INFO | src.data | Loading data from NPZ: Data/npz/snp_body_mass_ALL.npz
2026-05-14 16:46:11 | INFO | __main__ | Data loaded: 5697 samples, 65344 SNPs, 15 islands
2026-05-14 16:46:11 | INFO | __main__ | Included islands: [0, 1, 2, 3, 4, 5, 6, 7, 8, 9, 10, 11, 12, 13, 14]
2026-05-14 16:46:11 | INFO | __main__ | Target islands: [0, 1, 2, 3, 4, 5, 6, 7, 8, 9, 10, 11, 12, 13, 14]
2026-05-14 16:46:11 | INFO | __main__ | Shard 16/45 assignment: [{'target_code': 5, 'repeat_indices': [2, 3], 'target_shard_index': 1, 'target_num_shards': 3, 'target_shard_ids': [15, 16, 17]}]
2026-05-14 16:46:11 | INFO | __main__ | ======================================================================
2026-05-14 16:46:11 | INFO | __main__ | Target 5 assigned repeats: [2, 3]
2026-05-14 16:46:12 | INFO | __main__ | Target 5 (Hestmannøy), repeat 3/6: source pool 4619 -> sampled players 4619, cal=20, test=1058, split_seed=2014
2026-05-14 16:46:12 | INFO | __main__ | SNP selection: 20000 random SNPs from 65344 (seed=14)
2026-05-14 16:46:12 | INFO | __main__ | Computing V_full over all 4619 source individuals...
2026-05-14 16:46:18 | INFO | __main__ | V_full(cal) = 0.0877
2026-05-14 20:13:26 | INFO | __main__ | TMC progress: 30/300 permutations, truncated=30, utility evals=7919, cache hit rate=0.0%
2026-05-14 23:18:46 | INFO | __main__ | TMC progress: 60/300 permutations, truncated=60, utility evals=15240, cache hit rate=0.0%
2026-05-15 01:51:40 | INFO | __main__ | TMC progress: 90/300 permutations, truncated=90, utility evals=22211, cache hit rate=0.0%
2026-05-15 04:44:35 | INFO | __main__ | TMC progress: 120/300 permutations, truncated=120, utility evals=29715, cache hit rate=0.0%
2026-05-15 07:27:41 | INFO | __main__ | TMC progress: 150/300 permutations, truncated=150, utility evals=36650, cache hit rate=0.0%
2026-05-15 10:14:58 | INFO | __main__ | TMC progress: 180/300 permutations, truncated=180, utility evals=43798, cache hit rate=0.0%
2026-05-15 13:39:47 | INFO | __main__ | TMC progress: 210/300 permutations, truncated=210, utility evals=51666, cache hit rate=0.0%
2026-05-15 17:22:01 | INFO | __main__ | TMC progress: 240/300 permutations, truncated=240, utility evals=60210, cache hit rate=0.0%
2026-05-15 20:16:23 | INFO | __main__ | TMC progress: 270/300 permutations, truncated=270, utility evals=67514, cache hit rate=0.0%
2026-05-15 23:41:30 | INFO | __main__ | TMC progress: 300/300 permutations, truncated=300, utility evals=75224, cache hit rate=0.0%
2026-05-15 23:41:30 | INFO | __main__ | Saved individual Shapley values to outputs/tmc_shapley_individuals_grouped/island_5/repeat_2/shapley_individual_values_target_5.csv
2026-05-15 23:41:32 | INFO | __main__ | Target 5 (Hestmannøy), repeat 4/6: source pool 4619 -> sampled players 4619, cal=20, test=1058, split_seed=3014
2026-05-15 23:41:32 | INFO | __main__ | SNP selection: 20000 random SNPs from 65344 (seed=14)
2026-05-15 23:41:32 | INFO | __main__ | Computing V_full over all 4619 source individuals...
2026-05-15 23:41:37 | INFO | __main__ | V_full(cal) = 0.2386
2026-05-16 03:06:36 | INFO | __main__ | TMC progress: 30/300 permutations, truncated=30, utility evals=8272, cache hit rate=0.0%
2026-05-16 05:53:35 | INFO | __main__ | TMC progress: 60/300 permutations, truncated=60, utility evals=15205, cache hit rate=0.0%
2026-05-16 09:06:51 | INFO | __main__ | TMC progress: 90/300 permutations, truncated=90, utility evals=22823, cache hit rate=0.0%
2026-05-16 11:46:40 | INFO | __main__ | TMC progress: 120/300 permutations, truncated=120, utility evals=30094, cache hit rate=0.0%
2026-05-16 15:16:40 | INFO | __main__ | TMC progress: 150/300 permutations, truncated=150, utility evals=38183, cache hit rate=0.0%
2026-05-16 18:47:20 | INFO | __main__ | TMC progress: 180/300 permutations, truncated=180, utility evals=46272, cache hit rate=0.0%
2026-05-16 21:40:06 | INFO | __main__ | TMC progress: 210/300 permutations, truncated=210, utility evals=53854, cache hit rate=0.0%
2026-05-17 01:04:27 | INFO | __main__ | TMC progress: 240/300 permutations, truncated=240, utility evals=61915, cache hit rate=0.0%
2026-05-17 02:57:25 | INFO | __main__ | TMC progress: 270/300 permutations, truncated=270, utility evals=67459, cache hit rate=0.0%
2026-05-17 05:57:52 | INFO | __main__ | TMC progress: 300/300 permutations, truncated=300, utility evals=74854, cache hit rate=0.0%
2026-05-17 05:57:53 | INFO | __main__ | Saved individual Shapley values to outputs/tmc_shapley_individuals_grouped/island_5/repeat_3/shapley_individual_values_target_5.csv
2026-05-17 05:57:53 | INFO | __main__ | Saved shard manifest to outputs/tmc_shapley_individuals_grouped/island_5/shards/worker_shard_16_target_5.json; target-level summaries are deferred to merge mode.
2026-05-17 05:57:53 | INFO | __main__ | Worker complete.
