2026-05-14 16:45:56 | INFO | __main__ | Using device: cpu
2026-05-14 16:45:56 | INFO | __main__ | Loading data...
2026-05-14 16:45:56 | INFO | src.data | Loading data from NPZ: Data/npz/snp_body_mass_ALL.npz
2026-05-14 16:46:09 | INFO | __main__ | Data loaded: 5697 samples, 65344 SNPs, 15 islands
2026-05-14 16:46:09 | INFO | __main__ | Included islands: [0, 1, 2, 3, 4, 5, 6, 7, 8, 9, 10, 11, 12, 13, 14]
2026-05-14 16:46:09 | INFO | __main__ | Target islands: [0, 1, 2, 3, 4, 5, 6, 7, 8, 9, 10, 11, 12, 13, 14]
2026-05-14 16:46:09 | INFO | __main__ | Shard 32/45 assignment: [{'target_code': 10, 'repeat_indices': [4, 5], 'target_shard_index': 2, 'target_num_shards': 3, 'target_shard_ids': [30, 31, 32]}]
2026-05-14 16:46:09 | INFO | __main__ | ======================================================================
2026-05-14 16:46:09 | INFO | __main__ | Target 10 assigned repeats: [4, 5]
2026-05-14 16:46:11 | INFO | __main__ | Target 10 (Aldra), repeat 5/6: source pool 5524 -> sampled players 5524, cal=20, test=153, split_seed=4014
2026-05-14 16:46:11 | INFO | __main__ | SNP selection: 20000 random SNPs from 65344 (seed=14)
2026-05-14 16:46:11 | INFO | __main__ | Computing V_full over all 5524 source individuals...
2026-05-14 16:46:18 | INFO | __main__ | V_full(cal) = -0.0714
2026-05-14 21:22:04 | INFO | __main__ | TMC progress: 30/300 permutations, truncated=30, utility evals=8735, cache hit rate=0.0%
2026-05-15 02:14:11 | INFO | __main__ | TMC progress: 60/300 permutations, truncated=60, utility evals=18511, cache hit rate=0.0%
2026-05-15 06:15:08 | INFO | __main__ | TMC progress: 90/300 permutations, truncated=90, utility evals=26485, cache hit rate=0.0%
2026-05-15 10:29:04 | INFO | __main__ | TMC progress: 120/300 permutations, truncated=120, utility evals=34802, cache hit rate=0.0%
2026-05-15 13:15:11 | INFO | __main__ | TMC progress: 150/300 permutations, truncated=150, utility evals=41869, cache hit rate=0.0%
2026-05-15 17:36:15 | INFO | __main__ | TMC progress: 180/300 permutations, truncated=180, utility evals=50638, cache hit rate=0.0%
2026-05-15 21:13:08 | INFO | __main__ | TMC progress: 210/300 permutations, truncated=210, utility evals=58298, cache hit rate=0.0%
2026-05-16 03:04:23 | INFO | __main__ | TMC progress: 240/300 permutations, truncated=240, utility evals=69007, cache hit rate=0.0%
2026-05-16 06:38:26 | INFO | __main__ | TMC progress: 270/300 permutations, truncated=270, utility evals=76863, cache hit rate=0.0%
2026-05-16 11:21:29 | INFO | __main__ | TMC progress: 300/300 permutations, truncated=300, utility evals=86425, cache hit rate=0.0%
2026-05-16 11:21:32 | INFO | __main__ | Saved individual Shapley values to outputs/tmc_shapley_individuals_grouped/island_10/repeat_4/shapley_individual_values_target_10.csv
2026-05-16 11:21:33 | INFO | __main__ | Target 10 (Aldra), repeat 6/6: source pool 5524 -> sampled players 5524, cal=20, test=153, split_seed=5014
2026-05-16 11:21:33 | INFO | __main__ | SNP selection: 20000 random SNPs from 65344 (seed=14)
2026-05-16 11:21:33 | INFO | __main__ | Computing V_full over all 5524 source individuals...
2026-05-16 11:21:40 | INFO | __main__ | V_full(cal) = 0.6374
2026-05-16 16:24:05 | INFO | __main__ | TMC progress: 30/300 permutations, truncated=30, utility evals=10942, cache hit rate=0.0%
2026-05-16 21:43:27 | INFO | __main__ | TMC progress: 60/300 permutations, truncated=60, utility evals=22034, cache hit rate=0.0%
2026-05-17 03:08:45 | INFO | __main__ | TMC progress: 90/300 permutations, truncated=90, utility evals=32290, cache hit rate=0.0%
2026-05-17 09:31:55 | INFO | __main__ | TMC progress: 120/300 permutations, truncated=120, utility evals=43964, cache hit rate=0.0%
2026-05-17 14:06:31 | INFO | __main__ | TMC progress: 150/300 permutations, truncated=150, utility evals=53530, cache hit rate=0.0%
2026-05-17 19:09:35 | INFO | __main__ | TMC progress: 180/300 permutations, truncated=180, utility evals=63932, cache hit rate=0.0%
2026-05-18 00:58:06 | INFO | __main__ | TMC progress: 210/300 permutations, truncated=210, utility evals=74895, cache hit rate=0.0%
2026-05-18 07:34:07 | INFO | __main__ | TMC progress: 240/300 permutations, truncated=240, utility evals=87014, cache hit rate=0.0%
2026-05-18 13:06:59 | INFO | __main__ | TMC progress: 270/300 permutations, truncated=270, utility evals=97930, cache hit rate=0.0%
[2026-05-18T16:45:58.049] error: *** JOB 24479301 ON idun-10-11 CANCELLED AT 2026-05-18T16:45:58 DUE TO TIME LIMIT ***
