2026-05-12 12:53:39 | INFO | __main__ | Using device: cpu
2026-05-12 12:53:39 | INFO | __main__ | Loading data...
2026-05-12 12:53:39 | INFO | src.data | Loading data from NPZ: Data/npz/snp_body_mass_ALL.npz
2026-05-12 12:53:53 | INFO | __main__ | Data loaded: 5697 samples, 65344 SNPs, 16 islands
2026-05-12 12:53:53 | INFO | __main__ | Included islands: [0, 1, 2, 3, 4, 5, 6, 7, 8, 9, 10, 11, 12, 13, 14, 15]
2026-05-12 12:53:53 | INFO | __main__ | Target islands: [0, 4, 7, 9, 12]
2026-05-12 12:53:53 | INFO | __main__ | Shard 5/10 assignment: [{'target_code': 7, 'repeat_indices': [3, 4], 'target_shard_index': 1, 'target_num_shards': 2, 'target_shard_ids': [4, 5]}]
2026-05-12 12:53:53 | INFO | __main__ | ======================================================================
2026-05-12 12:53:53 | INFO | __main__ | Target 7 assigned repeats: [3, 4]
2026-05-12 12:53:55 | INFO | __main__ | Target 7 (Onøy og Lurøy), repeat 4/5: source pool 5438 -> sampled players 5438, cal=25, test=234, split_seed=3014
2026-05-12 12:53:55 | INFO | __main__ | SNP selection: 20000 random SNPs from 65344 (seed=14)
2026-05-12 12:53:55 | INFO | __main__ | Computing V_full over all 5438 source individuals...
2026-05-12 12:54:02 | INFO | __main__ | V_full(cal) = 0.0566
2026-05-12 16:10:11 | INFO | __main__ | TMC progress: 10/50 permutations, truncated=10, utility evals=7656, cache hit rate=0.0%
2026-05-12 17:40:23 | INFO | __main__ | TMC progress: 20/50 permutations, truncated=20, utility evals=12645, cache hit rate=0.0%
2026-05-12 18:45:07 | INFO | __main__ | TMC progress: 30/50 permutations, truncated=30, utility evals=19470, cache hit rate=0.0%
2026-05-12 18:47:02 | INFO | __main__ | TMC progress: 40/50 permutations, truncated=40, utility evals=21495, cache hit rate=0.0%
2026-05-12 21:21:17 | INFO | __main__ | TMC progress: 50/50 permutations, truncated=50, utility evals=30073, cache hit rate=0.0%
2026-05-12 21:21:19 | INFO | __main__ | Saved individual Shapley values to outputs/tmc_shapley_individuals/island_7/repeat_3/shapley_individual_values_target_7.csv
2026-05-12 21:21:21 | INFO | __main__ | Target 7 (Onøy og Lurøy), repeat 5/5: source pool 5438 -> sampled players 5438, cal=25, test=234, split_seed=4014
2026-05-12 21:21:21 | INFO | __main__ | SNP selection: 20000 random SNPs from 65344 (seed=14)
2026-05-12 21:21:21 | INFO | __main__ | Computing V_full over all 5438 source individuals...
2026-05-12 21:21:28 | INFO | __main__ | V_full(cal) = 0.1300
2026-05-12 22:39:56 | INFO | __main__ | TMC progress: 10/50 permutations, truncated=10, utility evals=4909, cache hit rate=0.0%
2026-05-12 22:51:25 | INFO | __main__ | TMC progress: 20/50 permutations, truncated=20, utility evals=9443, cache hit rate=0.0%
2026-05-13 05:20:53 | INFO | __main__ | TMC progress: 30/50 permutations, truncated=30, utility evals=21096, cache hit rate=0.0%
2026-05-13 09:58:28 | INFO | __main__ | TMC progress: 40/50 permutations, truncated=40, utility evals=31924, cache hit rate=0.0%
2026-05-13 17:41:26 | INFO | __main__ | TMC progress: 50/50 permutations, truncated=50, utility evals=48512, cache hit rate=0.0%
2026-05-13 17:41:28 | INFO | __main__ | Saved individual Shapley values to outputs/tmc_shapley_individuals/island_7/repeat_4/shapley_individual_values_target_7.csv
2026-05-13 17:41:28 | INFO | __main__ | Saved shard manifest to outputs/tmc_shapley_individuals/island_7/shards/worker_shard_5_target_7.json; target-level summaries are deferred to merge mode.
2026-05-13 17:41:28 | INFO | __main__ | Worker complete.
