2026-05-12 12:53:39 | INFO | __main__ | Using device: cpu
2026-05-12 12:53:39 | INFO | __main__ | Loading data...
2026-05-12 12:53:39 | INFO | src.data | Loading data from NPZ: Data/npz/snp_body_mass_ALL.npz
2026-05-12 12:53:50 | INFO | __main__ | Data loaded: 5697 samples, 65344 SNPs, 16 islands
2026-05-12 12:53:50 | INFO | __main__ | Included islands: [0, 1, 2, 3, 4, 5, 6, 7, 8, 9, 10, 11, 12, 13, 14, 15]
2026-05-12 12:53:50 | INFO | __main__ | Target islands: [0, 4, 7, 9, 12]
2026-05-12 12:53:50 | INFO | __main__ | Shard 4/10 assignment: [{'target_code': 7, 'repeat_indices': [0, 1, 2], 'target_shard_index': 0, 'target_num_shards': 2, 'target_shard_ids': [4, 5]}]
2026-05-12 12:53:50 | INFO | __main__ | ======================================================================
2026-05-12 12:53:50 | INFO | __main__ | Target 7 assigned repeats: [0, 1, 2]
2026-05-12 12:53:52 | INFO | __main__ | Target 7 (Onøy og Lurøy), repeat 1/5: source pool 5438 -> sampled players 5438, cal=25, test=234, split_seed=14
2026-05-12 12:53:52 | INFO | __main__ | SNP selection: 20000 random SNPs from 65344 (seed=14)
2026-05-12 12:53:52 | INFO | __main__ | Computing V_full over all 5438 source individuals...
2026-05-12 12:53:56 | INFO | __main__ | V_full(cal) = -0.0312
2026-05-12 19:02:38 | INFO | __main__ | TMC progress: 10/50 permutations, truncated=10, utility evals=16216, cache hit rate=0.0%
2026-05-12 20:04:35 | INFO | __main__ | TMC progress: 20/50 permutations, truncated=20, utility evals=23259, cache hit rate=0.0%
2026-05-12 21:21:27 | INFO | __main__ | TMC progress: 30/50 permutations, truncated=30, utility evals=30080, cache hit rate=0.0%
2026-05-12 21:24:23 | INFO | __main__ | TMC progress: 40/50 permutations, truncated=40, utility evals=32011, cache hit rate=0.0%
2026-05-12 21:59:40 | INFO | __main__ | TMC progress: 50/50 permutations, truncated=50, utility evals=37684, cache hit rate=0.0%
2026-05-12 21:59:42 | INFO | __main__ | Saved individual Shapley values to outputs/tmc_shapley_individuals/island_7/repeat_0/shapley_individual_values_target_7.csv
2026-05-12 21:59:43 | INFO | __main__ | Target 7 (Onøy og Lurøy), repeat 2/5: source pool 5438 -> sampled players 5438, cal=25, test=234, split_seed=1014
2026-05-12 21:59:43 | INFO | __main__ | SNP selection: 20000 random SNPs from 65344 (seed=14)
2026-05-12 21:59:43 | INFO | __main__ | Computing V_full over all 5438 source individuals...
2026-05-12 21:59:48 | INFO | __main__ | V_full(cal) = 0.0360
2026-05-12 22:00:21 | INFO | __main__ | TMC progress: 10/50 permutations, truncated=10, utility evals=1317, cache hit rate=0.0%
2026-05-12 22:10:48 | INFO | __main__ | TMC progress: 20/50 permutations, truncated=20, utility evals=5044, cache hit rate=0.0%
2026-05-12 22:12:45 | INFO | __main__ | TMC progress: 30/50 permutations, truncated=30, utility evals=6785, cache hit rate=0.0%
2026-05-12 22:38:28 | INFO | __main__ | TMC progress: 40/50 permutations, truncated=40, utility evals=11826, cache hit rate=0.0%
2026-05-12 23:58:35 | INFO | __main__ | TMC progress: 50/50 permutations, truncated=50, utility evals=18750, cache hit rate=0.0%
2026-05-12 23:58:37 | INFO | __main__ | Saved individual Shapley values to outputs/tmc_shapley_individuals/island_7/repeat_1/shapley_individual_values_target_7.csv
2026-05-12 23:58:38 | INFO | __main__ | Target 7 (Onøy og Lurøy), repeat 3/5: source pool 5438 -> sampled players 5438, cal=25, test=234, split_seed=2014
2026-05-12 23:58:38 | INFO | __main__ | SNP selection: 20000 random SNPs from 65344 (seed=14)
2026-05-12 23:58:38 | INFO | __main__ | Computing V_full over all 5438 source individuals...
2026-05-12 23:58:43 | INFO | __main__ | V_full(cal) = 0.2423
2026-05-13 02:34:29 | INFO | __main__ | TMC progress: 10/50 permutations, truncated=10, utility evals=11104, cache hit rate=0.0%
2026-05-13 07:22:22 | INFO | __main__ | TMC progress: 20/50 permutations, truncated=20, utility evals=27945, cache hit rate=0.0%
2026-05-13 11:56:42 | INFO | __main__ | TMC progress: 30/50 permutations, truncated=30, utility evals=42401, cache hit rate=0.0%
2026-05-13 14:27:34 | INFO | __main__ | TMC progress: 40/50 permutations, truncated=40, utility evals=52324, cache hit rate=0.0%
2026-05-13 16:53:41 | INFO | __main__ | TMC progress: 50/50 permutations, truncated=50, utility evals=65468, cache hit rate=0.0%
2026-05-13 16:53:42 | INFO | __main__ | Saved individual Shapley values to outputs/tmc_shapley_individuals/island_7/repeat_2/shapley_individual_values_target_7.csv
2026-05-13 16:53:43 | INFO | __main__ | Saved shard manifest to outputs/tmc_shapley_individuals/island_7/shards/worker_shard_4_target_7.json; target-level summaries are deferred to merge mode.
2026-05-13 16:53:43 | INFO | __main__ | Worker complete.
