2026-05-14 16:45:56 | INFO | __main__ | Using device: cpu
2026-05-14 16:45:56 | INFO | __main__ | Loading data...
2026-05-14 16:45:56 | INFO | src.data | Loading data from NPZ: Data/npz/snp_body_mass_ALL.npz
2026-05-14 16:46:11 | INFO | __main__ | Data loaded: 5697 samples, 65344 SNPs, 15 islands
2026-05-14 16:46:11 | INFO | __main__ | Included islands: [0, 1, 2, 3, 4, 5, 6, 7, 8, 9, 10, 11, 12, 13, 14]
2026-05-14 16:46:11 | INFO | __main__ | Target islands: [0, 1, 2, 3, 4, 5, 6, 7, 8, 9, 10, 11, 12, 13, 14]
2026-05-14 16:46:11 | INFO | __main__ | Shard 37/45 assignment: [{'target_code': 12, 'repeat_indices': [2, 3], 'target_shard_index': 1, 'target_num_shards': 3, 'target_shard_ids': [36, 37, 38]}]
2026-05-14 16:46:11 | INFO | __main__ | ======================================================================
2026-05-14 16:46:11 | INFO | __main__ | Target 12 assigned repeats: [2, 3]
2026-05-14 16:46:13 | INFO | __main__ | Target 12 (Vega), repeat 3/6: source pool 5300 -> sampled players 5300, cal=20, test=377, split_seed=2014
2026-05-14 16:46:13 | INFO | __main__ | SNP selection: 20000 random SNPs from 65344 (seed=14)
2026-05-14 16:46:13 | INFO | __main__ | Computing V_full over all 5300 source individuals...
2026-05-14 16:46:21 | INFO | __main__ | V_full(cal) = 0.3346
2026-05-14 20:48:01 | INFO | __main__ | TMC progress: 30/300 permutations, truncated=30, utility evals=8520, cache hit rate=0.0%
2026-05-15 01:14:45 | INFO | __main__ | TMC progress: 60/300 permutations, truncated=60, utility evals=17655, cache hit rate=0.0%
2026-05-15 05:26:03 | INFO | __main__ | TMC progress: 90/300 permutations, truncated=90, utility evals=25519, cache hit rate=0.0%
2026-05-15 09:56:49 | INFO | __main__ | TMC progress: 120/300 permutations, truncated=120, utility evals=34161, cache hit rate=0.0%
2026-05-15 14:05:54 | INFO | __main__ | TMC progress: 150/300 permutations, truncated=150, utility evals=42844, cache hit rate=0.0%
2026-05-15 19:14:18 | INFO | __main__ | TMC progress: 180/300 permutations, truncated=180, utility evals=52691, cache hit rate=0.0%
2026-05-15 23:29:12 | INFO | __main__ | TMC progress: 210/300 permutations, truncated=210, utility evals=61288, cache hit rate=0.0%
2026-05-16 04:35:15 | INFO | __main__ | TMC progress: 240/300 permutations, truncated=240, utility evals=71253, cache hit rate=0.0%
2026-05-16 10:48:01 | INFO | __main__ | TMC progress: 270/300 permutations, truncated=270, utility evals=81991, cache hit rate=0.0%
2026-05-16 17:07:07 | INFO | __main__ | TMC progress: 300/300 permutations, truncated=300, utility evals=92924, cache hit rate=0.0%
2026-05-16 17:07:09 | INFO | __main__ | Saved individual Shapley values to outputs/tmc_shapley_individuals_grouped/island_12/repeat_2/shapley_individual_values_target_12.csv
2026-05-16 17:07:11 | INFO | __main__ | Target 12 (Vega), repeat 4/6: source pool 5300 -> sampled players 5300, cal=20, test=377, split_seed=3014
2026-05-16 17:07:11 | INFO | __main__ | SNP selection: 20000 random SNPs from 65344 (seed=14)
2026-05-16 17:07:11 | INFO | __main__ | Computing V_full over all 5300 source individuals...
2026-05-16 17:07:17 | INFO | __main__ | V_full(cal) = -0.1277
2026-05-16 21:37:15 | INFO | __main__ | TMC progress: 30/300 permutations, truncated=30, utility evals=8753, cache hit rate=0.0%
2026-05-17 01:50:53 | INFO | __main__ | TMC progress: 60/300 permutations, truncated=60, utility evals=17759, cache hit rate=0.0%
2026-05-17 06:28:10 | INFO | __main__ | TMC progress: 90/300 permutations, truncated=90, utility evals=26532, cache hit rate=0.0%
2026-05-17 09:41:25 | INFO | __main__ | TMC progress: 120/300 permutations, truncated=120, utility evals=33646, cache hit rate=0.0%
2026-05-17 13:02:34 | INFO | __main__ | TMC progress: 150/300 permutations, truncated=150, utility evals=40768, cache hit rate=0.0%
2026-05-17 17:16:38 | INFO | __main__ | TMC progress: 180/300 permutations, truncated=180, utility evals=49517, cache hit rate=0.0%
2026-05-17 20:39:53 | INFO | __main__ | TMC progress: 210/300 permutations, truncated=210, utility evals=56988, cache hit rate=0.0%
2026-05-17 23:22:15 | INFO | __main__ | TMC progress: 240/300 permutations, truncated=240, utility evals=63616, cache hit rate=0.0%
2026-05-18 03:47:50 | INFO | __main__ | TMC progress: 270/300 permutations, truncated=270, utility evals=72699, cache hit rate=0.0%
2026-05-18 08:04:46 | INFO | __main__ | TMC progress: 300/300 permutations, truncated=300, utility evals=80940, cache hit rate=0.0%
2026-05-18 08:04:48 | INFO | __main__ | Saved individual Shapley values to outputs/tmc_shapley_individuals_grouped/island_12/repeat_3/shapley_individual_values_target_12.csv
2026-05-18 08:04:48 | INFO | __main__ | Saved shard manifest to outputs/tmc_shapley_individuals_grouped/island_12/shards/worker_shard_37_target_12.json; target-level summaries are deferred to merge mode.
2026-05-18 08:04:48 | INFO | __main__ | Worker complete.
