2026-05-12 12:53:39 | INFO | __main__ | Using device: cpu
2026-05-12 12:53:39 | INFO | __main__ | Loading data...
2026-05-12 12:53:39 | INFO | src.data | Loading data from NPZ: Data/npz/snp_body_mass_ALL.npz
2026-05-12 12:53:48 | INFO | __main__ | Data loaded: 5697 samples, 65344 SNPs, 16 islands
2026-05-12 12:53:48 | INFO | __main__ | Included islands: [0, 1, 2, 3, 4, 5, 6, 7, 8, 9, 10, 11, 12, 13, 14, 15]
2026-05-12 12:53:48 | INFO | __main__ | Target islands: [0, 4, 7, 9, 12]
2026-05-12 12:53:48 | INFO | __main__ | Shard 0/10 assignment: [{'target_code': 0, 'repeat_indices': [0, 1, 2], 'target_shard_index': 0, 'target_num_shards': 2, 'target_shard_ids': [0, 1]}]
2026-05-12 12:53:48 | INFO | __main__ | ======================================================================
2026-05-12 12:53:48 | INFO | __main__ | Target 0 assigned repeats: [0, 1, 2]
2026-05-12 12:53:49 | INFO | __main__ | Target 0 (Nesøy), repeat 1/5: source pool 5578 -> sampled players 5578, cal=11, test=108, split_seed=14
2026-05-12 12:53:49 | INFO | __main__ | SNP selection: 20000 random SNPs from 65344 (seed=14)
2026-05-12 12:53:49 | INFO | __main__ | Computing V_full over all 5578 source individuals...
2026-05-12 12:53:53 | INFO | __main__ | V_full(cal) = 0.1262
2026-05-12 13:00:52 | INFO | __main__ | TMC progress: 10/50 permutations, truncated=10, utility evals=2507, cache hit rate=0.0%
2026-05-12 14:50:52 | INFO | __main__ | TMC progress: 20/50 permutations, truncated=20, utility evals=11799, cache hit rate=0.0%
2026-05-12 19:42:28 | INFO | __main__ | TMC progress: 30/50 permutations, truncated=30, utility evals=27961, cache hit rate=0.0%
2026-05-12 20:05:12 | INFO | __main__ | TMC progress: 40/50 permutations, truncated=40, utility evals=32371, cache hit rate=0.0%
2026-05-12 20:05:32 | INFO | __main__ | TMC progress: 50/50 permutations, truncated=50, utility evals=33421, cache hit rate=0.0%
2026-05-12 20:05:33 | INFO | __main__ | Saved individual Shapley values to outputs/tmc_shapley_individuals/island_0/repeat_0/shapley_individual_values_target_0.csv
2026-05-12 20:05:35 | INFO | __main__ | Target 0 (Nesøy), repeat 2/5: source pool 5578 -> sampled players 5578, cal=11, test=108, split_seed=1014
2026-05-12 20:05:35 | INFO | __main__ | SNP selection: 20000 random SNPs from 65344 (seed=14)
2026-05-12 20:05:35 | INFO | __main__ | Computing V_full over all 5578 source individuals...
2026-05-12 20:05:38 | INFO | __main__ | V_full(cal) = 0.1740
2026-05-12 22:07:39 | INFO | __main__ | TMC progress: 10/50 permutations, truncated=10, utility evals=7310, cache hit rate=0.0%
2026-05-13 00:53:53 | INFO | __main__ | TMC progress: 20/50 permutations, truncated=20, utility evals=19194, cache hit rate=0.0%
2026-05-13 00:58:45 | INFO | __main__ | TMC progress: 30/50 permutations, truncated=30, utility evals=21782, cache hit rate=0.0%
2026-05-13 01:34:50 | INFO | __main__ | TMC progress: 40/50 permutations, truncated=40, utility evals=27997, cache hit rate=0.0%
2026-05-13 03:42:23 | INFO | __main__ | TMC progress: 50/50 permutations, truncated=50, utility evals=36752, cache hit rate=0.0%
2026-05-13 03:42:25 | INFO | __main__ | Saved individual Shapley values to outputs/tmc_shapley_individuals/island_0/repeat_1/shapley_individual_values_target_0.csv
2026-05-13 03:42:26 | INFO | __main__ | Target 0 (Nesøy), repeat 3/5: source pool 5578 -> sampled players 5578, cal=11, test=108, split_seed=2014
2026-05-13 03:42:26 | INFO | __main__ | SNP selection: 20000 random SNPs from 65344 (seed=14)
2026-05-13 03:42:26 | INFO | __main__ | Computing V_full over all 5578 source individuals...
2026-05-13 03:42:29 | INFO | __main__ | V_full(cal) = 0.3162
2026-05-13 05:41:15 | INFO | __main__ | TMC progress: 10/50 permutations, truncated=10, utility evals=9662, cache hit rate=0.0%
2026-05-13 06:12:14 | INFO | __main__ | TMC progress: 20/50 permutations, truncated=20, utility evals=14857, cache hit rate=0.0%
2026-05-13 09:35:46 | INFO | __main__ | TMC progress: 30/50 permutations, truncated=30, utility evals=26181, cache hit rate=0.0%
2026-05-13 09:47:16 | INFO | __main__ | TMC progress: 40/50 permutations, truncated=40, utility evals=31249, cache hit rate=0.0%
2026-05-13 14:03:05 | INFO | __main__ | TMC progress: 50/50 permutations, truncated=50, utility evals=46916, cache hit rate=0.0%
2026-05-13 14:03:07 | INFO | __main__ | Saved individual Shapley values to outputs/tmc_shapley_individuals/island_0/repeat_2/shapley_individual_values_target_0.csv
2026-05-13 14:03:07 | INFO | __main__ | Saved shard manifest to outputs/tmc_shapley_individuals/island_0/shards/worker_shard_0_target_0.json; target-level summaries are deferred to merge mode.
2026-05-13 14:03:07 | INFO | __main__ | Worker complete.
