2026-05-12 12:53:39 | INFO | __main__ | Using device: cpu
2026-05-12 12:53:39 | INFO | __main__ | Loading data...
2026-05-12 12:53:39 | INFO | src.data | Loading data from NPZ: Data/npz/snp_body_mass_ALL.npz
2026-05-12 12:53:47 | INFO | __main__ | Data loaded: 5697 samples, 65344 SNPs, 16 islands
2026-05-12 12:53:47 | INFO | __main__ | Included islands: [0, 1, 2, 3, 4, 5, 6, 7, 8, 9, 10, 11, 12, 13, 14, 15]
2026-05-12 12:53:47 | INFO | __main__ | Target islands: [0, 4, 7, 9, 12]
2026-05-12 12:53:47 | INFO | __main__ | Shard 1/10 assignment: [{'target_code': 0, 'repeat_indices': [3, 4], 'target_shard_index': 1, 'target_num_shards': 2, 'target_shard_ids': [0, 1]}]
2026-05-12 12:53:47 | INFO | __main__ | ======================================================================
2026-05-12 12:53:47 | INFO | __main__ | Target 0 assigned repeats: [3, 4]
2026-05-12 12:53:48 | INFO | __main__ | Target 0 (Nesøy), repeat 4/5: source pool 5578 -> sampled players 5578, cal=11, test=108, split_seed=3014
2026-05-12 12:53:48 | INFO | __main__ | SNP selection: 20000 random SNPs from 65344 (seed=14)
2026-05-12 12:53:48 | INFO | __main__ | Computing V_full over all 5578 source individuals...
2026-05-12 12:53:52 | INFO | __main__ | V_full(cal) = 0.5019
2026-05-12 15:04:14 | INFO | __main__ | TMC progress: 10/50 permutations, truncated=10, utility evals=12796, cache hit rate=0.0%
2026-05-12 20:23:23 | INFO | __main__ | TMC progress: 20/50 permutations, truncated=20, utility evals=30472, cache hit rate=0.0%
2026-05-12 23:08:59 | INFO | __main__ | TMC progress: 30/50 permutations, truncated=30, utility evals=42374, cache hit rate=0.0%
2026-05-13 01:27:32 | INFO | __main__ | TMC progress: 40/50 permutations, truncated=40, utility evals=57147, cache hit rate=0.0%
2026-05-13 02:49:28 | INFO | __main__ | TMC progress: 50/50 permutations, truncated=50, utility evals=63350, cache hit rate=0.0%
2026-05-13 02:49:30 | INFO | __main__ | Saved individual Shapley values to outputs/tmc_shapley_individuals/island_0/repeat_3/shapley_individual_values_target_0.csv
2026-05-13 02:49:31 | INFO | __main__ | Target 0 (Nesøy), repeat 5/5: source pool 5578 -> sampled players 5578, cal=11, test=108, split_seed=4014
2026-05-13 02:49:31 | INFO | __main__ | SNP selection: 20000 random SNPs from 65344 (seed=14)
2026-05-13 02:49:31 | INFO | __main__ | Computing V_full over all 5578 source individuals...
2026-05-13 02:49:34 | INFO | __main__ | V_full(cal) = 0.1611
2026-05-13 04:40:42 | INFO | __main__ | TMC progress: 10/50 permutations, truncated=10, utility evals=8673, cache hit rate=0.0%
2026-05-13 05:13:15 | INFO | __main__ | TMC progress: 20/50 permutations, truncated=20, utility evals=12881, cache hit rate=0.0%
2026-05-13 05:35:08 | INFO | __main__ | TMC progress: 30/50 permutations, truncated=30, utility evals=17232, cache hit rate=0.0%
2026-05-13 06:00:13 | INFO | __main__ | TMC progress: 40/50 permutations, truncated=40, utility evals=21271, cache hit rate=0.0%
2026-05-13 07:20:11 | INFO | __main__ | TMC progress: 50/50 permutations, truncated=50, utility evals=28953, cache hit rate=0.0%
2026-05-13 07:20:12 | INFO | __main__ | Saved individual Shapley values to outputs/tmc_shapley_individuals/island_0/repeat_4/shapley_individual_values_target_0.csv
2026-05-13 07:20:12 | INFO | __main__ | Saved shard manifest to outputs/tmc_shapley_individuals/island_0/shards/worker_shard_1_target_0.json; target-level summaries are deferred to merge mode.
2026-05-13 07:20:12 | INFO | __main__ | Worker complete.
