2026-05-14 16:45:56 | INFO | __main__ | Using device: cpu
2026-05-14 16:45:56 | INFO | __main__ | Loading data...
2026-05-14 16:45:56 | INFO | src.data | Loading data from NPZ: Data/npz/snp_body_mass_ALL.npz
2026-05-14 16:46:11 | INFO | __main__ | Data loaded: 5697 samples, 65344 SNPs, 15 islands
2026-05-14 16:46:11 | INFO | __main__ | Included islands: [0, 1, 2, 3, 4, 5, 6, 7, 8, 9, 10, 11, 12, 13, 14]
2026-05-14 16:46:11 | INFO | __main__ | Target islands: [0, 1, 2, 3, 4, 5, 6, 7, 8, 9, 10, 11, 12, 13, 14]
2026-05-14 16:46:11 | INFO | __main__ | Shard 18/45 assignment: [{'target_code': 6, 'repeat_indices': [0, 1], 'target_shard_index': 0, 'target_num_shards': 3, 'target_shard_ids': [18, 19, 20]}]
2026-05-14 16:46:11 | INFO | __main__ | ======================================================================
2026-05-14 16:46:11 | INFO | __main__ | Target 6 assigned repeats: [0, 1]
2026-05-14 16:46:12 | INFO | __main__ | Target 6 (Indre Kvarøy), repeat 1/6: source pool 5341 -> sampled players 5341, cal=20, test=336, split_seed=14
2026-05-14 16:46:12 | INFO | __main__ | SNP selection: 20000 random SNPs from 65344 (seed=14)
2026-05-14 16:46:12 | INFO | __main__ | Computing V_full over all 5341 source individuals...
2026-05-14 16:46:19 | INFO | __main__ | V_full(cal) = 0.5444
2026-05-15 00:06:16 | INFO | __main__ | TMC progress: 30/300 permutations, truncated=30, utility evals=11688, cache hit rate=0.0%
2026-05-15 06:39:46 | INFO | __main__ | TMC progress: 60/300 permutations, truncated=60, utility evals=23031, cache hit rate=0.0%
2026-05-15 12:26:38 | INFO | __main__ | TMC progress: 90/300 permutations, truncated=90, utility evals=33813, cache hit rate=0.0%
2026-05-15 18:54:21 | INFO | __main__ | TMC progress: 120/300 permutations, truncated=120, utility evals=45078, cache hit rate=0.0%
2026-05-16 00:30:25 | INFO | __main__ | TMC progress: 150/300 permutations, truncated=150, utility evals=55700, cache hit rate=0.0%
2026-05-16 06:44:15 | INFO | __main__ | TMC progress: 180/300 permutations, truncated=180, utility evals=66691, cache hit rate=0.0%
2026-05-16 11:55:20 | INFO | __main__ | TMC progress: 210/300 permutations, truncated=210, utility evals=76387, cache hit rate=0.0%
2026-05-16 16:29:33 | INFO | __main__ | TMC progress: 240/300 permutations, truncated=240, utility evals=85760, cache hit rate=0.0%
2026-05-16 21:59:34 | INFO | __main__ | TMC progress: 270/300 permutations, truncated=270, utility evals=96519, cache hit rate=0.0%
2026-05-17 03:26:39 | INFO | __main__ | TMC progress: 300/300 permutations, truncated=300, utility evals=107108, cache hit rate=0.0%
2026-05-17 03:26:40 | INFO | __main__ | Saved individual Shapley values to outputs/tmc_shapley_individuals_grouped/island_6/repeat_0/shapley_individual_values_target_6.csv
2026-05-17 03:26:42 | INFO | __main__ | Target 6 (Indre Kvarøy), repeat 2/6: source pool 5341 -> sampled players 5341, cal=20, test=336, split_seed=1014
2026-05-17 03:26:42 | INFO | __main__ | SNP selection: 20000 random SNPs from 65344 (seed=14)
2026-05-17 03:26:42 | INFO | __main__ | Computing V_full over all 5341 source individuals...
2026-05-17 03:26:49 | INFO | __main__ | V_full(cal) = 0.4308
2026-05-17 07:56:02 | INFO | __main__ | TMC progress: 30/300 permutations, truncated=30, utility evals=9244, cache hit rate=0.0%
2026-05-17 12:43:37 | INFO | __main__ | TMC progress: 60/300 permutations, truncated=60, utility evals=19045, cache hit rate=0.0%
2026-05-17 17:59:10 | INFO | __main__ | TMC progress: 90/300 permutations, truncated=90, utility evals=29066, cache hit rate=0.0%
2026-05-17 23:41:24 | INFO | __main__ | TMC progress: 120/300 permutations, truncated=120, utility evals=39785, cache hit rate=0.0%
2026-05-18 04:16:10 | INFO | __main__ | TMC progress: 150/300 permutations, truncated=150, utility evals=49152, cache hit rate=0.0%
2026-05-18 08:41:48 | INFO | __main__ | TMC progress: 180/300 permutations, truncated=180, utility evals=58685, cache hit rate=0.0%
