2026-05-14 16:45:55 | INFO | __main__ | Using device: cpu
2026-05-14 16:45:55 | INFO | __main__ | Loading data...
2026-05-14 16:45:55 | INFO | src.data | Loading data from NPZ: Data/npz/snp_body_mass_ALL.npz
2026-05-14 16:46:06 | INFO | __main__ | Data loaded: 5697 samples, 65344 SNPs, 15 islands
2026-05-14 16:46:06 | INFO | __main__ | Included islands: [0, 1, 2, 3, 4, 5, 6, 7, 8, 9, 10, 11, 12, 13, 14]
2026-05-14 16:46:06 | INFO | __main__ | Target islands: [0, 1, 2, 3, 4, 5, 6, 7, 8, 9, 10, 11, 12, 13, 14]
2026-05-14 16:46:06 | INFO | __main__ | Shard 9/45 assignment: [{'target_code': 3, 'repeat_indices': [0, 1], 'target_shard_index': 0, 'target_num_shards': 3, 'target_shard_ids': [9, 10, 11]}]
2026-05-14 16:46:06 | INFO | __main__ | ======================================================================
2026-05-14 16:46:06 | INFO | __main__ | Target 3 assigned repeats: [0, 1]
2026-05-14 16:46:07 | INFO | __main__ | Target 3 (Selvær), repeat 1/6: source pool 5503 -> sampled players 5503, cal=20, test=174, split_seed=14
2026-05-14 16:46:07 | INFO | __main__ | SNP selection: 20000 random SNPs from 65344 (seed=14)
2026-05-14 16:46:07 | INFO | __main__ | Computing V_full over all 5503 source individuals...
2026-05-14 16:46:11 | INFO | __main__ | V_full(cal) = -0.0641
2026-05-14 20:13:30 | INFO | __main__ | TMC progress: 30/300 permutations, truncated=30, utility evals=9977, cache hit rate=0.0%
2026-05-14 22:39:11 | INFO | __main__ | TMC progress: 60/300 permutations, truncated=60, utility evals=17329, cache hit rate=0.0%
2026-05-15 01:35:07 | INFO | __main__ | TMC progress: 90/300 permutations, truncated=90, utility evals=26599, cache hit rate=0.0%
2026-05-15 04:13:03 | INFO | __main__ | TMC progress: 120/300 permutations, truncated=120, utility evals=35308, cache hit rate=0.0%
2026-05-15 06:22:51 | INFO | __main__ | TMC progress: 150/300 permutations, truncated=150, utility evals=43512, cache hit rate=0.0%
2026-05-15 09:13:44 | INFO | __main__ | TMC progress: 180/300 permutations, truncated=180, utility evals=52253, cache hit rate=0.0%
2026-05-15 12:04:37 | INFO | __main__ | TMC progress: 210/300 permutations, truncated=210, utility evals=60605, cache hit rate=0.0%
2026-05-15 14:39:50 | INFO | __main__ | TMC progress: 240/300 permutations, truncated=240, utility evals=68416, cache hit rate=0.0%
2026-05-15 17:48:03 | INFO | __main__ | TMC progress: 270/300 permutations, truncated=270, utility evals=78069, cache hit rate=0.0%
2026-05-15 20:53:31 | INFO | __main__ | TMC progress: 300/300 permutations, truncated=300, utility evals=87218, cache hit rate=0.0%
2026-05-15 20:53:33 | INFO | __main__ | Saved individual Shapley values to outputs/tmc_shapley_individuals_grouped/island_3/repeat_0/shapley_individual_values_target_3.csv
2026-05-15 20:53:34 | INFO | __main__ | Target 3 (Selvær), repeat 2/6: source pool 5503 -> sampled players 5503, cal=20, test=174, split_seed=1014
2026-05-15 20:53:34 | INFO | __main__ | SNP selection: 20000 random SNPs from 65344 (seed=14)
2026-05-15 20:53:34 | INFO | __main__ | Computing V_full over all 5503 source individuals...
2026-05-15 20:53:39 | INFO | __main__ | V_full(cal) = 0.1864
2026-05-15 23:50:27 | INFO | __main__ | TMC progress: 30/300 permutations, truncated=30, utility evals=8894, cache hit rate=0.0%
2026-05-16 02:31:52 | INFO | __main__ | TMC progress: 60/300 permutations, truncated=60, utility evals=17576, cache hit rate=0.0%
2026-05-16 04:00:11 | INFO | __main__ | TMC progress: 90/300 permutations, truncated=90, utility evals=23779, cache hit rate=0.0%
2026-05-16 06:35:22 | INFO | __main__ | TMC progress: 120/300 permutations, truncated=120, utility evals=32086, cache hit rate=0.0%
2026-05-16 08:30:54 | INFO | __main__ | TMC progress: 150/300 permutations, truncated=150, utility evals=39343, cache hit rate=0.0%
2026-05-16 10:29:50 | INFO | __main__ | TMC progress: 180/300 permutations, truncated=180, utility evals=46255, cache hit rate=0.0%
2026-05-16 12:58:24 | INFO | __main__ | TMC progress: 210/300 permutations, truncated=210, utility evals=53968, cache hit rate=0.0%
2026-05-16 15:18:10 | INFO | __main__ | TMC progress: 240/300 permutations, truncated=240, utility evals=61066, cache hit rate=0.0%
2026-05-16 18:20:41 | INFO | __main__ | TMC progress: 270/300 permutations, truncated=270, utility evals=70389, cache hit rate=0.0%
2026-05-16 20:47:47 | INFO | __main__ | TMC progress: 300/300 permutations, truncated=300, utility evals=78895, cache hit rate=0.0%
2026-05-16 20:47:48 | INFO | __main__ | Saved individual Shapley values to outputs/tmc_shapley_individuals_grouped/island_3/repeat_1/shapley_individual_values_target_3.csv
2026-05-16 20:47:48 | INFO | __main__ | Saved shard manifest to outputs/tmc_shapley_individuals_grouped/island_3/shards/worker_shard_9_target_3.json; target-level summaries are deferred to merge mode.
2026-05-16 20:47:48 | INFO | __main__ | Worker complete.
