2026-05-14 16:45:55 | INFO | __main__ | Using device: cpu
2026-05-14 16:45:55 | INFO | __main__ | Loading data...
2026-05-14 16:45:55 | INFO | src.data | Loading data from NPZ: Data/npz/snp_body_mass_ALL.npz
2026-05-14 16:46:06 | INFO | __main__ | Data loaded: 5697 samples, 65344 SNPs, 15 islands
2026-05-14 16:46:06 | INFO | __main__ | Included islands: [0, 1, 2, 3, 4, 5, 6, 7, 8, 9, 10, 11, 12, 13, 14]
2026-05-14 16:46:06 | INFO | __main__ | Target islands: [0, 1, 2, 3, 4, 5, 6, 7, 8, 9, 10, 11, 12, 13, 14]
2026-05-14 16:46:06 | INFO | __main__ | Shard 12/45 assignment: [{'target_code': 4, 'repeat_indices': [0, 1], 'target_shard_index': 0, 'target_num_shards': 3, 'target_shard_ids': [12, 13, 14]}]
2026-05-14 16:46:06 | INFO | __main__ | ======================================================================
2026-05-14 16:46:06 | INFO | __main__ | Target 4 assigned repeats: [0, 1]
2026-05-14 16:46:07 | INFO | __main__ | Target 4 (Gjerøy), repeat 1/6: source pool 5139 -> sampled players 5139, cal=20, test=538, split_seed=14
2026-05-14 16:46:07 | INFO | __main__ | SNP selection: 20000 random SNPs from 65344 (seed=14)
2026-05-14 16:46:07 | INFO | __main__ | Computing V_full over all 5139 source individuals...
2026-05-14 16:46:12 | INFO | __main__ | V_full(cal) = -0.0177
2026-05-14 19:12:29 | INFO | __main__ | TMC progress: 30/300 permutations, truncated=30, utility evals=7549, cache hit rate=0.0%
2026-05-14 21:37:48 | INFO | __main__ | TMC progress: 60/300 permutations, truncated=60, utility evals=14665, cache hit rate=0.0%
2026-05-15 00:26:10 | INFO | __main__ | TMC progress: 90/300 permutations, truncated=90, utility evals=22477, cache hit rate=0.0%
2026-05-15 02:51:20 | INFO | __main__ | TMC progress: 120/300 permutations, truncated=120, utility evals=29667, cache hit rate=0.0%
2026-05-15 05:01:48 | INFO | __main__ | TMC progress: 150/300 permutations, truncated=150, utility evals=36961, cache hit rate=0.0%
2026-05-15 07:20:18 | INFO | __main__ | TMC progress: 180/300 permutations, truncated=180, utility evals=44292, cache hit rate=0.0%
2026-05-15 10:07:59 | INFO | __main__ | TMC progress: 210/300 permutations, truncated=210, utility evals=52304, cache hit rate=0.0%
2026-05-15 12:27:29 | INFO | __main__ | TMC progress: 240/300 permutations, truncated=240, utility evals=59664, cache hit rate=0.0%
2026-05-15 14:22:06 | INFO | __main__ | TMC progress: 270/300 permutations, truncated=270, utility evals=66563, cache hit rate=0.0%
2026-05-15 16:21:38 | INFO | __main__ | TMC progress: 300/300 permutations, truncated=300, utility evals=73708, cache hit rate=0.0%
2026-05-15 16:21:41 | INFO | __main__ | Saved individual Shapley values to outputs/tmc_shapley_individuals_grouped/island_4/repeat_0/shapley_individual_values_target_4.csv
2026-05-15 16:21:42 | INFO | __main__ | Target 4 (Gjerøy), repeat 2/6: source pool 5139 -> sampled players 5139, cal=20, test=538, split_seed=1014
2026-05-15 16:21:43 | INFO | __main__ | SNP selection: 20000 random SNPs from 65344 (seed=14)
2026-05-15 16:21:43 | INFO | __main__ | Computing V_full over all 5139 source individuals...
2026-05-15 16:21:47 | INFO | __main__ | V_full(cal) = 0.4539
2026-05-15 19:58:08 | INFO | __main__ | TMC progress: 30/300 permutations, truncated=30, utility evals=10355, cache hit rate=0.0%
2026-05-15 23:07:06 | INFO | __main__ | TMC progress: 60/300 permutations, truncated=60, utility evals=19687, cache hit rate=0.0%
2026-05-16 03:06:33 | INFO | __main__ | TMC progress: 90/300 permutations, truncated=90, utility evals=30069, cache hit rate=0.0%
2026-05-16 06:56:50 | INFO | __main__ | TMC progress: 120/300 permutations, truncated=120, utility evals=40081, cache hit rate=0.0%
2026-05-16 10:41:58 | INFO | __main__ | TMC progress: 150/300 permutations, truncated=150, utility evals=50390, cache hit rate=0.0%
2026-05-16 14:15:58 | INFO | __main__ | TMC progress: 180/300 permutations, truncated=180, utility evals=60369, cache hit rate=0.0%
2026-05-16 17:08:31 | INFO | __main__ | TMC progress: 210/300 permutations, truncated=210, utility evals=69295, cache hit rate=0.0%
2026-05-16 21:17:55 | INFO | __main__ | TMC progress: 240/300 permutations, truncated=240, utility evals=80752, cache hit rate=0.0%
2026-05-17 01:15:41 | INFO | __main__ | TMC progress: 270/300 permutations, truncated=270, utility evals=91876, cache hit rate=0.0%
2026-05-17 06:07:12 | INFO | __main__ | TMC progress: 300/300 permutations, truncated=300, utility evals=104395, cache hit rate=0.0%
2026-05-17 06:07:13 | INFO | __main__ | Saved individual Shapley values to outputs/tmc_shapley_individuals_grouped/island_4/repeat_1/shapley_individual_values_target_4.csv
2026-05-17 06:07:13 | INFO | __main__ | Saved shard manifest to outputs/tmc_shapley_individuals_grouped/island_4/shards/worker_shard_12_target_4.json; target-level summaries are deferred to merge mode.
2026-05-17 06:07:13 | INFO | __main__ | Worker complete.
