2026-05-14 16:45:55 | INFO | __main__ | Using device: cpu
2026-05-14 16:45:55 | INFO | __main__ | Loading data...
2026-05-14 16:45:55 | INFO | src.data | Loading data from NPZ: Data/npz/snp_body_mass_ALL.npz
2026-05-14 16:46:07 | INFO | __main__ | Data loaded: 5697 samples, 65344 SNPs, 15 islands
2026-05-14 16:46:07 | INFO | __main__ | Included islands: [0, 1, 2, 3, 4, 5, 6, 7, 8, 9, 10, 11, 12, 13, 14]
2026-05-14 16:46:07 | INFO | __main__ | Target islands: [0, 1, 2, 3, 4, 5, 6, 7, 8, 9, 10, 11, 12, 13, 14]
2026-05-14 16:46:07 | INFO | __main__ | Shard 27/45 assignment: [{'target_code': 9, 'repeat_indices': [0, 1], 'target_shard_index': 0, 'target_num_shards': 3, 'target_shard_ids': [27, 28, 29]}]
2026-05-14 16:46:07 | INFO | __main__ | ======================================================================
2026-05-14 16:46:07 | INFO | __main__ | Target 9 assigned repeats: [0, 1]
2026-05-14 16:46:08 | INFO | __main__ | Target 9 (Sleneset), repeat 1/6: source pool 5531 -> sampled players 5531, cal=20, test=146, split_seed=14
2026-05-14 16:46:08 | INFO | __main__ | SNP selection: 20000 random SNPs from 65344 (seed=14)
2026-05-14 16:46:08 | INFO | __main__ | Computing V_full over all 5531 source individuals...
2026-05-14 16:46:13 | INFO | __main__ | V_full(cal) = 0.3344
2026-05-14 21:29:51 | INFO | __main__ | TMC progress: 30/300 permutations, truncated=30, utility evals=10577, cache hit rate=0.0%
2026-05-15 01:30:59 | INFO | __main__ | TMC progress: 60/300 permutations, truncated=60, utility evals=19648, cache hit rate=0.0%
2026-05-15 06:00:14 | INFO | __main__ | TMC progress: 90/300 permutations, truncated=90, utility evals=30013, cache hit rate=0.0%
2026-05-15 08:51:49 | INFO | __main__ | TMC progress: 120/300 permutations, truncated=120, utility evals=38386, cache hit rate=0.0%
2026-05-15 11:58:21 | INFO | __main__ | TMC progress: 150/300 permutations, truncated=150, utility evals=47158, cache hit rate=0.0%
2026-05-15 14:57:11 | INFO | __main__ | TMC progress: 180/300 permutations, truncated=180, utility evals=55916, cache hit rate=0.0%
2026-05-15 18:56:50 | INFO | __main__ | TMC progress: 210/300 permutations, truncated=210, utility evals=65820, cache hit rate=0.0%
2026-05-15 23:56:51 | INFO | __main__ | TMC progress: 240/300 permutations, truncated=240, utility evals=77677, cache hit rate=0.0%
2026-05-16 03:50:56 | INFO | __main__ | TMC progress: 270/300 permutations, truncated=270, utility evals=87811, cache hit rate=0.0%
2026-05-16 08:00:38 | INFO | __main__ | TMC progress: 300/300 permutations, truncated=300, utility evals=97962, cache hit rate=0.0%
2026-05-16 08:00:39 | INFO | __main__ | Saved individual Shapley values to outputs/tmc_shapley_individuals_grouped/island_9/repeat_0/shapley_individual_values_target_9.csv
2026-05-16 08:00:41 | INFO | __main__ | Target 9 (Sleneset), repeat 2/6: source pool 5531 -> sampled players 5531, cal=20, test=146, split_seed=1014
2026-05-16 08:00:41 | INFO | __main__ | SNP selection: 20000 random SNPs from 65344 (seed=14)
2026-05-16 08:00:41 | INFO | __main__ | Computing V_full over all 5531 source individuals...
2026-05-16 08:00:46 | INFO | __main__ | V_full(cal) = -0.0482
2026-05-16 10:25:34 | INFO | __main__ | TMC progress: 30/300 permutations, truncated=30, utility evals=7147, cache hit rate=0.0%
2026-05-16 13:01:55 | INFO | __main__ | TMC progress: 60/300 permutations, truncated=60, utility evals=15244, cache hit rate=0.0%
2026-05-16 15:14:18 | INFO | __main__ | TMC progress: 90/300 permutations, truncated=90, utility evals=22025, cache hit rate=0.0%
2026-05-16 17:36:59 | INFO | __main__ | TMC progress: 120/300 permutations, truncated=120, utility evals=30134, cache hit rate=0.0%
2026-05-16 20:23:23 | INFO | __main__ | TMC progress: 150/300 permutations, truncated=150, utility evals=38544, cache hit rate=0.0%
2026-05-16 22:56:05 | INFO | __main__ | TMC progress: 180/300 permutations, truncated=180, utility evals=46760, cache hit rate=0.0%
2026-05-17 01:14:02 | INFO | __main__ | TMC progress: 210/300 permutations, truncated=210, utility evals=53763, cache hit rate=0.0%
2026-05-17 04:23:42 | INFO | __main__ | TMC progress: 240/300 permutations, truncated=240, utility evals=62614, cache hit rate=0.0%
2026-05-17 06:24:45 | INFO | __main__ | TMC progress: 270/300 permutations, truncated=270, utility evals=69437, cache hit rate=0.0%
2026-05-17 09:08:02 | INFO | __main__ | TMC progress: 300/300 permutations, truncated=300, utility evals=77436, cache hit rate=0.0%
2026-05-17 09:08:03 | INFO | __main__ | Saved individual Shapley values to outputs/tmc_shapley_individuals_grouped/island_9/repeat_1/shapley_individual_values_target_9.csv
2026-05-17 09:08:03 | INFO | __main__ | Saved shard manifest to outputs/tmc_shapley_individuals_grouped/island_9/shards/worker_shard_27_target_9.json; target-level summaries are deferred to merge mode.
2026-05-17 09:08:03 | INFO | __main__ | Worker complete.
