2026-05-14 16:45:54 | INFO | __main__ | Using device: cpu
2026-05-14 16:45:54 | INFO | __main__ | Loading data...
2026-05-14 16:45:54 | INFO | src.data | Loading data from NPZ: Data/npz/snp_body_mass_ALL.npz
2026-05-14 16:46:05 | INFO | __main__ | Data loaded: 5697 samples, 65344 SNPs, 15 islands
2026-05-14 16:46:05 | INFO | __main__ | Included islands: [0, 1, 2, 3, 4, 5, 6, 7, 8, 9, 10, 11, 12, 13, 14]
2026-05-14 16:46:05 | INFO | __main__ | Target islands: [0, 1, 2, 3, 4, 5, 6, 7, 8, 9, 10, 11, 12, 13, 14]
2026-05-14 16:46:05 | INFO | __main__ | Shard 20/45 assignment: [{'target_code': 6, 'repeat_indices': [4, 5], 'target_shard_index': 2, 'target_num_shards': 3, 'target_shard_ids': [18, 19, 20]}]
2026-05-14 16:46:05 | INFO | __main__ | ======================================================================
2026-05-14 16:46:05 | INFO | __main__ | Target 6 assigned repeats: [4, 5]
2026-05-14 16:46:06 | INFO | __main__ | Target 6 (Indre Kvarøy), repeat 5/6: source pool 5341 -> sampled players 5341, cal=20, test=336, split_seed=4014
2026-05-14 16:46:06 | INFO | __main__ | SNP selection: 20000 random SNPs from 65344 (seed=14)
2026-05-14 16:46:06 | INFO | __main__ | Computing V_full over all 5341 source individuals...
2026-05-14 16:46:11 | INFO | __main__ | V_full(cal) = 0.4490
2026-05-14 21:53:30 | INFO | __main__ | TMC progress: 30/300 permutations, truncated=30, utility evals=13318, cache hit rate=0.0%
2026-05-15 02:11:50 | INFO | __main__ | TMC progress: 60/300 permutations, truncated=60, utility evals=25350, cache hit rate=0.0%
2026-05-15 06:42:01 | INFO | __main__ | TMC progress: 90/300 permutations, truncated=90, utility evals=37814, cache hit rate=0.0%
2026-05-15 10:44:54 | INFO | __main__ | TMC progress: 120/300 permutations, truncated=120, utility evals=49299, cache hit rate=0.0%
2026-05-15 14:38:10 | INFO | __main__ | TMC progress: 150/300 permutations, truncated=150, utility evals=60617, cache hit rate=0.0%
2026-05-15 19:13:34 | INFO | __main__ | TMC progress: 180/300 permutations, truncated=180, utility evals=72788, cache hit rate=0.0%
2026-05-15 23:38:58 | INFO | __main__ | TMC progress: 210/300 permutations, truncated=210, utility evals=85130, cache hit rate=0.0%
2026-05-16 04:15:42 | INFO | __main__ | TMC progress: 240/300 permutations, truncated=240, utility evals=97919, cache hit rate=0.0%
2026-05-16 08:45:49 | INFO | __main__ | TMC progress: 270/300 permutations, truncated=270, utility evals=110200, cache hit rate=0.0%
2026-05-16 13:44:58 | INFO | __main__ | TMC progress: 300/300 permutations, truncated=300, utility evals=123285, cache hit rate=0.0%
2026-05-16 13:45:01 | INFO | __main__ | Saved individual Shapley values to outputs/tmc_shapley_individuals_grouped/island_6/repeat_4/shapley_individual_values_target_6.csv
2026-05-16 13:45:02 | INFO | __main__ | Target 6 (Indre Kvarøy), repeat 6/6: source pool 5341 -> sampled players 5341, cal=20, test=336, split_seed=5014
2026-05-16 13:45:02 | INFO | __main__ | SNP selection: 20000 random SNPs from 65344 (seed=14)
2026-05-16 13:45:02 | INFO | __main__ | Computing V_full over all 5341 source individuals...
2026-05-16 13:45:06 | INFO | __main__ | V_full(cal) = 0.4837
2026-05-16 16:45:18 | INFO | __main__ | TMC progress: 30/300 permutations, truncated=30, utility evals=9952, cache hit rate=0.0%
2026-05-16 19:09:41 | INFO | __main__ | TMC progress: 60/300 permutations, truncated=60, utility evals=18165, cache hit rate=0.0%
2026-05-16 21:23:13 | INFO | __main__ | TMC progress: 90/300 permutations, truncated=90, utility evals=26529, cache hit rate=0.0%
2026-05-17 00:37:13 | INFO | __main__ | TMC progress: 120/300 permutations, truncated=120, utility evals=36746, cache hit rate=0.0%
2026-05-17 04:38:29 | INFO | __main__ | TMC progress: 150/300 permutations, truncated=150, utility evals=48084, cache hit rate=0.0%
2026-05-17 08:39:57 | INFO | __main__ | TMC progress: 180/300 permutations, truncated=180, utility evals=59949, cache hit rate=0.0%
2026-05-17 10:43:22 | INFO | __main__ | TMC progress: 210/300 permutations, truncated=210, utility evals=68074, cache hit rate=0.0%
2026-05-17 13:38:36 | INFO | __main__ | TMC progress: 240/300 permutations, truncated=240, utility evals=77485, cache hit rate=0.0%
2026-05-17 16:24:09 | INFO | __main__ | TMC progress: 270/300 permutations, truncated=270, utility evals=86833, cache hit rate=0.0%
2026-05-17 18:40:01 | INFO | __main__ | TMC progress: 300/300 permutations, truncated=300, utility evals=95439, cache hit rate=0.0%
2026-05-17 18:40:01 | INFO | __main__ | Saved individual Shapley values to outputs/tmc_shapley_individuals_grouped/island_6/repeat_5/shapley_individual_values_target_6.csv
2026-05-17 18:40:02 | INFO | __main__ | Saved shard manifest to outputs/tmc_shapley_individuals_grouped/island_6/shards/worker_shard_20_target_6.json; target-level summaries are deferred to merge mode.
2026-05-17 18:40:02 | INFO | __main__ | Worker complete.
