2026-05-14 16:45:56 | INFO | __main__ | Using device: cpu
2026-05-14 16:45:56 | INFO | __main__ | Loading data...
2026-05-14 16:45:56 | INFO | src.data | Loading data from NPZ: Data/npz/snp_body_mass_ALL.npz
2026-05-14 16:46:11 | INFO | __main__ | Data loaded: 5697 samples, 65344 SNPs, 15 islands
2026-05-14 16:46:11 | INFO | __main__ | Included islands: [0, 1, 2, 3, 4, 5, 6, 7, 8, 9, 10, 11, 12, 13, 14]
2026-05-14 16:46:11 | INFO | __main__ | Target islands: [0, 1, 2, 3, 4, 5, 6, 7, 8, 9, 10, 11, 12, 13, 14]
2026-05-14 16:46:11 | INFO | __main__ | Shard 17/45 assignment: [{'target_code': 5, 'repeat_indices': [4, 5], 'target_shard_index': 2, 'target_num_shards': 3, 'target_shard_ids': [15, 16, 17]}]
2026-05-14 16:46:11 | INFO | __main__ | ======================================================================
2026-05-14 16:46:11 | INFO | __main__ | Target 5 assigned repeats: [4, 5]
2026-05-14 16:46:12 | INFO | __main__ | Target 5 (Hestmannøy), repeat 5/6: source pool 4619 -> sampled players 4619, cal=20, test=1058, split_seed=4014
2026-05-14 16:46:12 | INFO | __main__ | SNP selection: 20000 random SNPs from 65344 (seed=14)
2026-05-14 16:46:12 | INFO | __main__ | Computing V_full over all 4619 source individuals...
2026-05-14 16:46:18 | INFO | __main__ | V_full(cal) = 0.8326
2026-05-14 22:30:20 | INFO | __main__ | TMC progress: 30/300 permutations, truncated=30, utility evals=11641, cache hit rate=0.0%
2026-05-15 03:38:16 | INFO | __main__ | TMC progress: 60/300 permutations, truncated=60, utility evals=22814, cache hit rate=0.0%
2026-05-15 08:37:24 | INFO | __main__ | TMC progress: 90/300 permutations, truncated=90, utility evals=33758, cache hit rate=0.0%
2026-05-15 13:45:10 | INFO | __main__ | TMC progress: 120/300 permutations, truncated=120, utility evals=45129, cache hit rate=0.0%
2026-05-15 19:50:24 | INFO | __main__ | TMC progress: 150/300 permutations, truncated=150, utility evals=57252, cache hit rate=0.0%
2026-05-16 01:07:05 | INFO | __main__ | TMC progress: 180/300 permutations, truncated=180, utility evals=68448, cache hit rate=0.0%
2026-05-16 06:05:42 | INFO | __main__ | TMC progress: 210/300 permutations, truncated=210, utility evals=79318, cache hit rate=0.0%
2026-05-16 11:11:20 | INFO | __main__ | TMC progress: 240/300 permutations, truncated=240, utility evals=90386, cache hit rate=0.0%
2026-05-16 17:02:50 | INFO | __main__ | TMC progress: 270/300 permutations, truncated=270, utility evals=102378, cache hit rate=0.0%
2026-05-16 23:15:45 | INFO | __main__ | TMC progress: 300/300 permutations, truncated=300, utility evals=114667, cache hit rate=0.0%
2026-05-16 23:15:47 | INFO | __main__ | Saved individual Shapley values to outputs/tmc_shapley_individuals_grouped/island_5/repeat_4/shapley_individual_values_target_5.csv
2026-05-16 23:15:49 | INFO | __main__ | Target 5 (Hestmannøy), repeat 6/6: source pool 4619 -> sampled players 4619, cal=20, test=1058, split_seed=5014
2026-05-16 23:15:49 | INFO | __main__ | SNP selection: 20000 random SNPs from 65344 (seed=14)
2026-05-16 23:15:49 | INFO | __main__ | Computing V_full over all 4619 source individuals...
2026-05-16 23:15:54 | INFO | __main__ | V_full(cal) = -0.2552
2026-05-17 02:27:49 | INFO | __main__ | TMC progress: 30/300 permutations, truncated=30, utility evals=7768, cache hit rate=0.0%
2026-05-17 05:42:10 | INFO | __main__ | TMC progress: 60/300 permutations, truncated=60, utility evals=15750, cache hit rate=0.0%
2026-05-17 08:38:25 | INFO | __main__ | TMC progress: 90/300 permutations, truncated=90, utility evals=23466, cache hit rate=0.0%
2026-05-17 10:53:52 | INFO | __main__ | TMC progress: 120/300 permutations, truncated=120, utility evals=30089, cache hit rate=0.0%
2026-05-17 14:25:53 | INFO | __main__ | TMC progress: 150/300 permutations, truncated=150, utility evals=38646, cache hit rate=0.0%
2026-05-17 17:42:01 | INFO | __main__ | TMC progress: 180/300 permutations, truncated=180, utility evals=47021, cache hit rate=0.0%
2026-05-17 20:57:48 | INFO | __main__ | TMC progress: 210/300 permutations, truncated=210, utility evals=55580, cache hit rate=0.0%
2026-05-17 23:54:37 | INFO | __main__ | TMC progress: 240/300 permutations, truncated=240, utility evals=63237, cache hit rate=0.0%
2026-05-18 03:18:16 | INFO | __main__ | TMC progress: 270/300 permutations, truncated=270, utility evals=71344, cache hit rate=0.0%
2026-05-18 07:03:06 | INFO | __main__ | TMC progress: 300/300 permutations, truncated=300, utility evals=79798, cache hit rate=0.0%
2026-05-18 07:03:08 | INFO | __main__ | Saved individual Shapley values to outputs/tmc_shapley_individuals_grouped/island_5/repeat_5/shapley_individual_values_target_5.csv
2026-05-18 07:03:08 | INFO | __main__ | Saved shard manifest to outputs/tmc_shapley_individuals_grouped/island_5/shards/worker_shard_17_target_5.json; target-level summaries are deferred to merge mode.
2026-05-18 07:03:08 | INFO | __main__ | Worker complete.
