2026-05-14 16:45:55 | INFO | __main__ | Using device: cpu
2026-05-14 16:45:55 | INFO | __main__ | Loading data...
2026-05-14 16:45:55 | INFO | src.data | Loading data from NPZ: Data/npz/snp_body_mass_ALL.npz
2026-05-14 16:46:06 | INFO | __main__ | Data loaded: 5697 samples, 65344 SNPs, 15 islands
2026-05-14 16:46:06 | INFO | __main__ | Included islands: [0, 1, 2, 3, 4, 5, 6, 7, 8, 9, 10, 11, 12, 13, 14]
2026-05-14 16:46:06 | INFO | __main__ | Target islands: [0, 1, 2, 3, 4, 5, 6, 7, 8, 9, 10, 11, 12, 13, 14]
2026-05-14 16:46:06 | INFO | __main__ | Shard 13/45 assignment: [{'target_code': 4, 'repeat_indices': [2, 3], 'target_shard_index': 1, 'target_num_shards': 3, 'target_shard_ids': [12, 13, 14]}]
2026-05-14 16:46:06 | INFO | __main__ | ======================================================================
2026-05-14 16:46:06 | INFO | __main__ | Target 4 assigned repeats: [2, 3]
2026-05-14 16:46:07 | INFO | __main__ | Target 4 (Gjerøy), repeat 3/6: source pool 5139 -> sampled players 5139, cal=20, test=538, split_seed=2014
2026-05-14 16:46:07 | INFO | __main__ | SNP selection: 20000 random SNPs from 65344 (seed=14)
2026-05-14 16:46:07 | INFO | __main__ | Computing V_full over all 5139 source individuals...
2026-05-14 16:46:12 | INFO | __main__ | V_full(cal) = 0.1195
2026-05-14 19:19:53 | INFO | __main__ | TMC progress: 30/300 permutations, truncated=30, utility evals=7564, cache hit rate=0.0%
2026-05-14 22:36:11 | INFO | __main__ | TMC progress: 60/300 permutations, truncated=60, utility evals=15579, cache hit rate=0.0%
2026-05-15 02:34:50 | INFO | __main__ | TMC progress: 90/300 permutations, truncated=90, utility evals=25230, cache hit rate=0.0%
2026-05-15 04:45:05 | INFO | __main__ | TMC progress: 120/300 permutations, truncated=120, utility evals=31994, cache hit rate=0.0%
2026-05-15 06:28:09 | INFO | __main__ | TMC progress: 150/300 permutations, truncated=150, utility evals=38192, cache hit rate=0.0%
2026-05-15 09:15:02 | INFO | __main__ | TMC progress: 180/300 permutations, truncated=180, utility evals=46666, cache hit rate=0.0%
2026-05-15 11:57:02 | INFO | __main__ | TMC progress: 210/300 permutations, truncated=210, utility evals=55395, cache hit rate=0.0%
2026-05-15 14:58:17 | INFO | __main__ | TMC progress: 240/300 permutations, truncated=240, utility evals=64487, cache hit rate=0.0%
2026-05-15 18:24:49 | INFO | __main__ | TMC progress: 270/300 permutations, truncated=270, utility evals=73564, cache hit rate=0.0%
2026-05-15 21:51:47 | INFO | __main__ | TMC progress: 300/300 permutations, truncated=300, utility evals=83532, cache hit rate=0.0%
2026-05-15 21:51:49 | INFO | __main__ | Saved individual Shapley values to outputs/tmc_shapley_individuals_grouped/island_4/repeat_2/shapley_individual_values_target_4.csv
2026-05-15 21:51:50 | INFO | __main__ | Target 4 (Gjerøy), repeat 4/6: source pool 5139 -> sampled players 5139, cal=20, test=538, split_seed=3014
2026-05-15 21:51:50 | INFO | __main__ | SNP selection: 20000 random SNPs from 65344 (seed=14)
2026-05-15 21:51:50 | INFO | __main__ | Computing V_full over all 5139 source individuals...
2026-05-15 21:51:55 | INFO | __main__ | V_full(cal) = 0.1372
2026-05-16 00:18:31 | INFO | __main__ | TMC progress: 30/300 permutations, truncated=30, utility evals=8270, cache hit rate=0.0%
2026-05-16 04:24:22 | INFO | __main__ | TMC progress: 60/300 permutations, truncated=60, utility evals=18349, cache hit rate=0.0%
2026-05-16 07:32:11 | INFO | __main__ | TMC progress: 90/300 permutations, truncated=90, utility evals=26527, cache hit rate=0.0%
2026-05-16 10:32:29 | INFO | __main__ | TMC progress: 120/300 permutations, truncated=120, utility evals=35470, cache hit rate=0.0%
2026-05-16 14:11:06 | INFO | __main__ | TMC progress: 150/300 permutations, truncated=150, utility evals=45433, cache hit rate=0.0%
2026-05-16 16:50:25 | INFO | __main__ | TMC progress: 180/300 permutations, truncated=180, utility evals=53313, cache hit rate=0.0%
2026-05-16 19:52:40 | INFO | __main__ | TMC progress: 210/300 permutations, truncated=210, utility evals=62364, cache hit rate=0.0%
2026-05-16 23:30:17 | INFO | __main__ | TMC progress: 240/300 permutations, truncated=240, utility evals=72119, cache hit rate=0.0%
2026-05-17 00:42:21 | INFO | __main__ | TMC progress: 270/300 permutations, truncated=270, utility evals=77008, cache hit rate=0.0%
2026-05-17 03:40:37 | INFO | __main__ | TMC progress: 300/300 permutations, truncated=300, utility evals=86047, cache hit rate=0.0%
2026-05-17 03:40:38 | INFO | __main__ | Saved individual Shapley values to outputs/tmc_shapley_individuals_grouped/island_4/repeat_3/shapley_individual_values_target_4.csv
2026-05-17 03:40:38 | INFO | __main__ | Saved shard manifest to outputs/tmc_shapley_individuals_grouped/island_4/shards/worker_shard_13_target_4.json; target-level summaries are deferred to merge mode.
2026-05-17 03:40:38 | INFO | __main__ | Worker complete.
