2026-05-14 16:45:56 | INFO | __main__ | Using device: cpu
2026-05-14 16:45:56 | INFO | __main__ | Loading data...
2026-05-14 16:45:56 | INFO | src.data | Loading data from NPZ: Data/npz/snp_body_mass_ALL.npz
2026-05-14 16:46:11 | INFO | __main__ | Data loaded: 5697 samples, 65344 SNPs, 15 islands
2026-05-14 16:46:11 | INFO | __main__ | Included islands: [0, 1, 2, 3, 4, 5, 6, 7, 8, 9, 10, 11, 12, 13, 14]
2026-05-14 16:46:11 | INFO | __main__ | Target islands: [0, 1, 2, 3, 4, 5, 6, 7, 8, 9, 10, 11, 12, 13, 14]
2026-05-14 16:46:11 | INFO | __main__ | Shard 15/45 assignment: [{'target_code': 5, 'repeat_indices': [0, 1], 'target_shard_index': 0, 'target_num_shards': 3, 'target_shard_ids': [15, 16, 17]}]
2026-05-14 16:46:11 | INFO | __main__ | ======================================================================
2026-05-14 16:46:11 | INFO | __main__ | Target 5 assigned repeats: [0, 1]
2026-05-14 16:46:12 | INFO | __main__ | Target 5 (Hestmannøy), repeat 1/6: source pool 4619 -> sampled players 4619, cal=20, test=1058, split_seed=14
2026-05-14 16:46:12 | INFO | __main__ | SNP selection: 20000 random SNPs from 65344 (seed=14)
2026-05-14 16:46:12 | INFO | __main__ | Computing V_full over all 4619 source individuals...
2026-05-14 16:46:18 | INFO | __main__ | V_full(cal) = 0.1702
2026-05-14 19:37:23 | INFO | __main__ | TMC progress: 30/300 permutations, truncated=30, utility evals=7053, cache hit rate=0.0%
2026-05-14 22:00:26 | INFO | __main__ | TMC progress: 60/300 permutations, truncated=60, utility evals=13701, cache hit rate=0.0%
2026-05-15 01:19:45 | INFO | __main__ | TMC progress: 90/300 permutations, truncated=90, utility evals=21557, cache hit rate=0.0%
2026-05-15 03:53:11 | INFO | __main__ | TMC progress: 120/300 permutations, truncated=120, utility evals=28408, cache hit rate=0.0%
2026-05-15 05:40:33 | INFO | __main__ | TMC progress: 150/300 permutations, truncated=150, utility evals=34382, cache hit rate=0.0%
2026-05-15 08:55:09 | INFO | __main__ | TMC progress: 180/300 permutations, truncated=180, utility evals=42628, cache hit rate=0.0%
2026-05-15 12:28:14 | INFO | __main__ | TMC progress: 210/300 permutations, truncated=210, utility evals=50918, cache hit rate=0.0%
2026-05-15 16:04:40 | INFO | __main__ | TMC progress: 240/300 permutations, truncated=240, utility evals=59086, cache hit rate=0.0%
2026-05-15 20:17:40 | INFO | __main__ | TMC progress: 270/300 permutations, truncated=270, utility evals=68711, cache hit rate=0.0%
2026-05-15 23:03:11 | INFO | __main__ | TMC progress: 300/300 permutations, truncated=300, utility evals=75657, cache hit rate=0.0%
2026-05-15 23:03:13 | INFO | __main__ | Saved individual Shapley values to outputs/tmc_shapley_individuals_grouped/island_5/repeat_0/shapley_individual_values_target_5.csv
2026-05-15 23:03:15 | INFO | __main__ | Target 5 (Hestmannøy), repeat 2/6: source pool 4619 -> sampled players 4619, cal=20, test=1058, split_seed=1014
2026-05-15 23:03:15 | INFO | __main__ | SNP selection: 20000 random SNPs from 65344 (seed=14)
2026-05-15 23:03:15 | INFO | __main__ | Computing V_full over all 4619 source individuals...
2026-05-15 23:03:20 | INFO | __main__ | V_full(cal) = 0.4476
2026-05-16 02:39:48 | INFO | __main__ | TMC progress: 30/300 permutations, truncated=30, utility evals=8528, cache hit rate=0.0%
2026-05-16 05:55:15 | INFO | __main__ | TMC progress: 60/300 permutations, truncated=60, utility evals=17084, cache hit rate=0.0%
2026-05-16 08:47:16 | INFO | __main__ | TMC progress: 90/300 permutations, truncated=90, utility evals=24323, cache hit rate=0.0%
2026-05-16 11:21:59 | INFO | __main__ | TMC progress: 120/300 permutations, truncated=120, utility evals=31323, cache hit rate=0.0%
2026-05-16 14:36:36 | INFO | __main__ | TMC progress: 150/300 permutations, truncated=150, utility evals=39561, cache hit rate=0.0%
2026-05-16 18:11:29 | INFO | __main__ | TMC progress: 180/300 permutations, truncated=180, utility evals=47933, cache hit rate=0.0%
2026-05-16 20:49:30 | INFO | __main__ | TMC progress: 210/300 permutations, truncated=210, utility evals=55289, cache hit rate=0.0%
2026-05-17 00:49:06 | INFO | __main__ | TMC progress: 240/300 permutations, truncated=240, utility evals=64515, cache hit rate=0.0%
2026-05-17 04:24:03 | INFO | __main__ | TMC progress: 270/300 permutations, truncated=270, utility evals=73202, cache hit rate=0.0%
2026-05-17 07:55:08 | INFO | __main__ | TMC progress: 300/300 permutations, truncated=300, utility evals=81900, cache hit rate=0.0%
2026-05-17 07:55:09 | INFO | __main__ | Saved individual Shapley values to outputs/tmc_shapley_individuals_grouped/island_5/repeat_1/shapley_individual_values_target_5.csv
2026-05-17 07:55:09 | INFO | __main__ | Saved shard manifest to outputs/tmc_shapley_individuals_grouped/island_5/shards/worker_shard_15_target_5.json; target-level summaries are deferred to merge mode.
2026-05-17 07:55:09 | INFO | __main__ | Worker complete.
