2026-05-14 16:45:56 | INFO | __main__ | Using device: cpu
2026-05-14 16:45:56 | INFO | __main__ | Loading data...
2026-05-14 16:45:56 | INFO | src.data | Loading data from NPZ: Data/npz/snp_body_mass_ALL.npz
2026-05-14 16:46:09 | INFO | __main__ | Data loaded: 5697 samples, 65344 SNPs, 15 islands
2026-05-14 16:46:09 | INFO | __main__ | Included islands: [0, 1, 2, 3, 4, 5, 6, 7, 8, 9, 10, 11, 12, 13, 14]
2026-05-14 16:46:09 | INFO | __main__ | Target islands: [0, 1, 2, 3, 4, 5, 6, 7, 8, 9, 10, 11, 12, 13, 14]
2026-05-14 16:46:09 | INFO | __main__ | Shard 31/45 assignment: [{'target_code': 10, 'repeat_indices': [2, 3], 'target_shard_index': 1, 'target_num_shards': 3, 'target_shard_ids': [30, 31, 32]}]
2026-05-14 16:46:09 | INFO | __main__ | ======================================================================
2026-05-14 16:46:09 | INFO | __main__ | Target 10 assigned repeats: [2, 3]
2026-05-14 16:46:11 | INFO | __main__ | Target 10 (Aldra), repeat 3/6: source pool 5524 -> sampled players 5524, cal=20, test=153, split_seed=2014
2026-05-14 16:46:11 | INFO | __main__ | SNP selection: 20000 random SNPs from 65344 (seed=14)
2026-05-14 16:46:11 | INFO | __main__ | Computing V_full over all 5524 source individuals...
2026-05-14 16:46:18 | INFO | __main__ | V_full(cal) = 0.2719
2026-05-14 21:09:10 | INFO | __main__ | TMC progress: 30/300 permutations, truncated=30, utility evals=8920, cache hit rate=0.0%
2026-05-15 01:31:39 | INFO | __main__ | TMC progress: 60/300 permutations, truncated=60, utility evals=17378, cache hit rate=0.0%
2026-05-15 06:55:02 | INFO | __main__ | TMC progress: 90/300 permutations, truncated=90, utility evals=27025, cache hit rate=0.0%
2026-05-15 12:24:53 | INFO | __main__ | TMC progress: 120/300 permutations, truncated=120, utility evals=36666, cache hit rate=0.0%
2026-05-15 17:31:20 | INFO | __main__ | TMC progress: 150/300 permutations, truncated=150, utility evals=46551, cache hit rate=0.0%
2026-05-15 23:35:49 | INFO | __main__ | TMC progress: 180/300 permutations, truncated=180, utility evals=57490, cache hit rate=0.0%
2026-05-16 04:10:10 | INFO | __main__ | TMC progress: 210/300 permutations, truncated=210, utility evals=66484, cache hit rate=0.0%
2026-05-16 09:40:57 | INFO | __main__ | TMC progress: 240/300 permutations, truncated=240, utility evals=76722, cache hit rate=0.0%
2026-05-16 14:43:43 | INFO | __main__ | TMC progress: 270/300 permutations, truncated=270, utility evals=86474, cache hit rate=0.0%
2026-05-16 20:39:07 | INFO | __main__ | TMC progress: 300/300 permutations, truncated=300, utility evals=97148, cache hit rate=0.0%
2026-05-16 20:39:09 | INFO | __main__ | Saved individual Shapley values to outputs/tmc_shapley_individuals_grouped/island_10/repeat_2/shapley_individual_values_target_10.csv
2026-05-16 20:39:11 | INFO | __main__ | Target 10 (Aldra), repeat 4/6: source pool 5524 -> sampled players 5524, cal=20, test=153, split_seed=3014
2026-05-16 20:39:11 | INFO | __main__ | SNP selection: 20000 random SNPs from 65344 (seed=14)
2026-05-16 20:39:11 | INFO | __main__ | Computing V_full over all 5524 source individuals...
2026-05-16 20:39:18 | INFO | __main__ | V_full(cal) = 0.2597
2026-05-17 02:30:55 | INFO | __main__ | TMC progress: 30/300 permutations, truncated=30, utility evals=10347, cache hit rate=0.0%
2026-05-17 08:10:19 | INFO | __main__ | TMC progress: 60/300 permutations, truncated=60, utility evals=20987, cache hit rate=0.0%
2026-05-17 13:59:12 | INFO | __main__ | TMC progress: 90/300 permutations, truncated=90, utility evals=31434, cache hit rate=0.0%
2026-05-17 19:33:10 | INFO | __main__ | TMC progress: 120/300 permutations, truncated=120, utility evals=41761, cache hit rate=0.0%
2026-05-17 23:49:15 | INFO | __main__ | TMC progress: 150/300 permutations, truncated=150, utility evals=51072, cache hit rate=0.0%
2026-05-18 05:17:58 | INFO | __main__ | TMC progress: 180/300 permutations, truncated=180, utility evals=61812, cache hit rate=0.0%
2026-05-18 08:58:48 | INFO | __main__ | TMC progress: 210/300 permutations, truncated=210, utility evals=69982, cache hit rate=0.0%
