2026-05-14 16:45:55 | INFO | __main__ | Using device: cpu
2026-05-14 16:45:55 | INFO | __main__ | Loading data...
2026-05-14 16:45:55 | INFO | src.data | Loading data from NPZ: Data/npz/snp_body_mass_ALL.npz
2026-05-14 16:46:06 | INFO | __main__ | Data loaded: 5697 samples, 65344 SNPs, 15 islands
2026-05-14 16:46:06 | INFO | __main__ | Included islands: [0, 1, 2, 3, 4, 5, 6, 7, 8, 9, 10, 11, 12, 13, 14]
2026-05-14 16:46:06 | INFO | __main__ | Target islands: [0, 1, 2, 3, 4, 5, 6, 7, 8, 9, 10, 11, 12, 13, 14]
2026-05-14 16:46:06 | INFO | __main__ | Shard 10/45 assignment: [{'target_code': 3, 'repeat_indices': [2, 3], 'target_shard_index': 1, 'target_num_shards': 3, 'target_shard_ids': [9, 10, 11]}]
2026-05-14 16:46:06 | INFO | __main__ | ======================================================================
2026-05-14 16:46:06 | INFO | __main__ | Target 3 assigned repeats: [2, 3]
2026-05-14 16:46:07 | INFO | __main__ | Target 3 (Selvær), repeat 3/6: source pool 5503 -> sampled players 5503, cal=20, test=174, split_seed=2014
2026-05-14 16:46:07 | INFO | __main__ | SNP selection: 20000 random SNPs from 65344 (seed=14)
2026-05-14 16:46:07 | INFO | __main__ | Computing V_full over all 5503 source individuals...
2026-05-14 16:46:11 | INFO | __main__ | V_full(cal) = 0.3851
2026-05-14 21:07:17 | INFO | __main__ | TMC progress: 30/300 permutations, truncated=30, utility evals=11650, cache hit rate=0.0%
2026-05-15 01:19:41 | INFO | __main__ | TMC progress: 60/300 permutations, truncated=60, utility evals=22945, cache hit rate=0.0%
2026-05-15 04:56:49 | INFO | __main__ | TMC progress: 90/300 permutations, truncated=90, utility evals=33880, cache hit rate=0.0%
2026-05-15 09:19:20 | INFO | __main__ | TMC progress: 120/300 permutations, truncated=120, utility evals=45710, cache hit rate=0.0%
2026-05-15 13:51:08 | INFO | __main__ | TMC progress: 150/300 permutations, truncated=150, utility evals=57784, cache hit rate=0.0%
2026-05-15 17:18:00 | INFO | __main__ | TMC progress: 180/300 permutations, truncated=180, utility evals=67919, cache hit rate=0.0%
2026-05-15 21:18:59 | INFO | __main__ | TMC progress: 210/300 permutations, truncated=210, utility evals=78680, cache hit rate=0.0%
2026-05-16 01:57:01 | INFO | __main__ | TMC progress: 240/300 permutations, truncated=240, utility evals=90947, cache hit rate=0.0%
2026-05-16 05:39:16 | INFO | __main__ | TMC progress: 270/300 permutations, truncated=270, utility evals=101267, cache hit rate=0.0%
2026-05-16 09:22:33 | INFO | __main__ | TMC progress: 300/300 permutations, truncated=300, utility evals=111793, cache hit rate=0.0%
2026-05-16 09:22:34 | INFO | __main__ | Saved individual Shapley values to outputs/tmc_shapley_individuals_grouped/island_3/repeat_2/shapley_individual_values_target_3.csv
2026-05-16 09:22:35 | INFO | __main__ | Target 3 (Selvær), repeat 4/6: source pool 5503 -> sampled players 5503, cal=20, test=174, split_seed=3014
2026-05-16 09:22:35 | INFO | __main__ | SNP selection: 20000 random SNPs from 65344 (seed=14)
2026-05-16 09:22:35 | INFO | __main__ | Computing V_full over all 5503 source individuals...
2026-05-16 09:22:40 | INFO | __main__ | V_full(cal) = -0.1252
2026-05-16 12:00:10 | INFO | __main__ | TMC progress: 30/300 permutations, truncated=30, utility evals=8462, cache hit rate=0.0%
2026-05-16 14:48:07 | INFO | __main__ | TMC progress: 60/300 permutations, truncated=60, utility evals=16880, cache hit rate=0.0%
2026-05-16 17:14:39 | INFO | __main__ | TMC progress: 90/300 permutations, truncated=90, utility evals=25084, cache hit rate=0.0%
2026-05-16 18:54:53 | INFO | __main__ | TMC progress: 120/300 permutations, truncated=120, utility evals=31548, cache hit rate=0.0%
2026-05-16 21:33:02 | INFO | __main__ | TMC progress: 150/300 permutations, truncated=150, utility evals=40600, cache hit rate=0.0%
2026-05-17 00:09:02 | INFO | __main__ | TMC progress: 180/300 permutations, truncated=180, utility evals=49285, cache hit rate=0.0%
2026-05-17 02:52:42 | INFO | __main__ | TMC progress: 210/300 permutations, truncated=210, utility evals=57309, cache hit rate=0.0%
2026-05-17 04:56:33 | INFO | __main__ | TMC progress: 240/300 permutations, truncated=240, utility evals=65028, cache hit rate=0.0%
2026-05-17 08:08:34 | INFO | __main__ | TMC progress: 270/300 permutations, truncated=270, utility evals=74797, cache hit rate=0.0%
2026-05-17 10:39:04 | INFO | __main__ | TMC progress: 300/300 permutations, truncated=300, utility evals=83376, cache hit rate=0.0%
2026-05-17 10:39:05 | INFO | __main__ | Saved individual Shapley values to outputs/tmc_shapley_individuals_grouped/island_3/repeat_3/shapley_individual_values_target_3.csv
2026-05-17 10:39:05 | INFO | __main__ | Saved shard manifest to outputs/tmc_shapley_individuals_grouped/island_3/shards/worker_shard_10_target_3.json; target-level summaries are deferred to merge mode.
2026-05-17 10:39:05 | INFO | __main__ | Worker complete.
