2026-05-12 12:53:39 | INFO | __main__ | Using device: cpu
2026-05-12 12:53:39 | INFO | __main__ | Loading data...
2026-05-12 12:53:39 | INFO | src.data | Loading data from NPZ: Data/npz/snp_body_mass_ALL.npz
2026-05-12 12:53:51 | INFO | __main__ | Data loaded: 5697 samples, 65344 SNPs, 16 islands
2026-05-12 12:53:51 | INFO | __main__ | Included islands: [0, 1, 2, 3, 4, 5, 6, 7, 8, 9, 10, 11, 12, 13, 14, 15]
2026-05-12 12:53:51 | INFO | __main__ | Target islands: [0, 4, 7, 9, 12]
2026-05-12 12:53:51 | INFO | __main__ | Shard 8/10 assignment: [{'target_code': 12, 'repeat_indices': [0, 1, 2], 'target_shard_index': 0, 'target_num_shards': 2, 'target_shard_ids': [8, 9]}]
2026-05-12 12:53:51 | INFO | __main__ | ======================================================================
2026-05-12 12:53:51 | INFO | __main__ | Target 12 assigned repeats: [0, 1, 2]
2026-05-12 12:53:52 | INFO | __main__ | Target 12 (Southern 2), repeat 1/5: source pool 5300 -> sampled players 5300, cal=39, test=358, split_seed=14
2026-05-12 12:53:52 | INFO | __main__ | SNP selection: 20000 random SNPs from 65344 (seed=14)
2026-05-12 12:53:52 | INFO | __main__ | Computing V_full over all 5300 source individuals...
2026-05-12 12:53:56 | INFO | __main__ | V_full(cal) = -0.1398
2026-05-12 13:43:34 | INFO | __main__ | TMC progress: 10/50 permutations, truncated=10, utility evals=4894, cache hit rate=0.0%
2026-05-12 13:44:36 | INFO | __main__ | TMC progress: 20/50 permutations, truncated=20, utility evals=6277, cache hit rate=0.0%
2026-05-12 13:50:37 | INFO | __main__ | TMC progress: 30/50 permutations, truncated=30, utility evals=9720, cache hit rate=0.0%
2026-05-12 15:08:30 | INFO | __main__ | TMC progress: 40/50 permutations, truncated=40, utility evals=17065, cache hit rate=0.0%
2026-05-12 15:09:27 | INFO | __main__ | TMC progress: 50/50 permutations, truncated=50, utility evals=18672, cache hit rate=0.0%
2026-05-12 15:09:28 | INFO | __main__ | Saved individual Shapley values to outputs/tmc_shapley_individuals/island_12/repeat_0/shapley_individual_values_target_12.csv
2026-05-12 15:09:30 | INFO | __main__ | Target 12 (Southern 2), repeat 2/5: source pool 5300 -> sampled players 5300, cal=39, test=358, split_seed=1014
2026-05-12 15:09:30 | INFO | __main__ | SNP selection: 20000 random SNPs from 65344 (seed=14)
2026-05-12 15:09:30 | INFO | __main__ | Computing V_full over all 5300 source individuals...
2026-05-12 15:09:34 | INFO | __main__ | V_full(cal) = 0.2101
2026-05-12 17:05:41 | INFO | __main__ | TMC progress: 10/50 permutations, truncated=10, utility evals=8814, cache hit rate=0.0%
2026-05-12 19:47:58 | INFO | __main__ | TMC progress: 20/50 permutations, truncated=20, utility evals=17311, cache hit rate=0.0%
2026-05-12 23:27:40 | INFO | __main__ | TMC progress: 30/50 permutations, truncated=30, utility evals=30821, cache hit rate=0.0%
2026-05-12 23:58:02 | INFO | __main__ | TMC progress: 40/50 permutations, truncated=40, utility evals=36679, cache hit rate=0.0%
2026-05-13 02:17:01 | INFO | __main__ | TMC progress: 50/50 permutations, truncated=50, utility evals=45975, cache hit rate=0.0%
2026-05-13 02:17:02 | INFO | __main__ | Saved individual Shapley values to outputs/tmc_shapley_individuals/island_12/repeat_1/shapley_individual_values_target_12.csv
2026-05-13 02:17:03 | INFO | __main__ | Target 12 (Southern 2), repeat 3/5: source pool 5300 -> sampled players 5300, cal=39, test=358, split_seed=2014
2026-05-13 02:17:03 | INFO | __main__ | SNP selection: 20000 random SNPs from 65344 (seed=14)
2026-05-13 02:17:03 | INFO | __main__ | Computing V_full over all 5300 source individuals...
2026-05-13 02:17:08 | INFO | __main__ | V_full(cal) = 0.2308
2026-05-13 02:44:53 | INFO | __main__ | TMC progress: 10/50 permutations, truncated=10, utility evals=6633, cache hit rate=0.0%
2026-05-13 08:53:01 | INFO | __main__ | TMC progress: 20/50 permutations, truncated=20, utility evals=29515, cache hit rate=0.0%
2026-05-13 14:22:15 | INFO | __main__ | TMC progress: 30/50 permutations, truncated=30, utility evals=44912, cache hit rate=0.0%
2026-05-13 19:40:37 | INFO | __main__ | TMC progress: 40/50 permutations, truncated=40, utility evals=64103, cache hit rate=0.0%
2026-05-14 02:21:09 | INFO | __main__ | TMC progress: 50/50 permutations, truncated=50, utility evals=84815, cache hit rate=0.0%
2026-05-14 02:21:10 | INFO | __main__ | Saved individual Shapley values to outputs/tmc_shapley_individuals/island_12/repeat_2/shapley_individual_values_target_12.csv
2026-05-14 02:21:10 | INFO | __main__ | Saved shard manifest to outputs/tmc_shapley_individuals/island_12/shards/worker_shard_8_target_12.json; target-level summaries are deferred to merge mode.
2026-05-14 02:21:10 | INFO | __main__ | Worker complete.
