2026-05-17 02:53:49 | INFO | __main__ | Using device: cpu
2026-05-17 02:53:49 | INFO | __main__ | Loading data...
2026-05-17 02:53:49 | INFO | src.data | Loading data from NPZ: Data/npz/snp_body_mass_ALL.npz
2026-05-17 02:53:58 | INFO | __main__ | Data loaded: 5697 samples, 65344 SNPs, 15 islands
2026-05-17 02:53:58 | INFO | __main__ | Included islands: [0, 1, 2, 3, 4, 5, 6, 7, 8, 9, 10, 11, 12, 13, 14]
2026-05-17 02:53:58 | INFO | __main__ | Target islands: [0, 1, 2, 3, 4, 5, 6, 7, 8, 9, 10, 11, 12, 13, 14]
2026-05-17 02:53:58 | INFO | __main__ | Shard 40/45 assignment: [{'target_code': 13, 'repeat_indices': [2, 3], 'target_shard_index': 1, 'target_num_shards': 3, 'target_shard_ids': [39, 40, 41]}]
2026-05-17 02:53:58 | INFO | __main__ | ======================================================================
2026-05-17 02:53:58 | INFO | __main__ | Target 13 assigned repeats: [2, 3]
2026-05-17 02:53:59 | INFO | __main__ | Target 13 (Vikna), repeat 3/6: source pool 5113 -> sampled players 5113, cal=20, test=564, split_seed=2014
2026-05-17 02:53:59 | INFO | __main__ | SNP selection: 20000 random SNPs from 65344 (seed=14)
2026-05-17 02:53:59 | INFO | __main__ | Computing V_full over all 5113 source individuals...
2026-05-17 02:54:03 | INFO | __main__ | V_full(cal) = -0.0753
2026-05-17 05:02:03 | INFO | __main__ | TMC progress: 30/300 permutations, truncated=30, utility evals=8503, cache hit rate=0.0%
2026-05-17 06:31:03 | INFO | __main__ | TMC progress: 60/300 permutations, truncated=60, utility evals=15505, cache hit rate=0.0%
2026-05-17 08:31:43 | INFO | __main__ | TMC progress: 90/300 permutations, truncated=90, utility evals=23572, cache hit rate=0.0%
2026-05-17 10:28:38 | INFO | __main__ | TMC progress: 120/300 permutations, truncated=120, utility evals=32088, cache hit rate=0.0%
2026-05-17 12:06:49 | INFO | __main__ | TMC progress: 150/300 permutations, truncated=150, utility evals=39370, cache hit rate=0.0%
2026-05-17 13:40:32 | INFO | __main__ | TMC progress: 180/300 permutations, truncated=180, utility evals=46733, cache hit rate=0.0%
2026-05-17 14:59:44 | INFO | __main__ | TMC progress: 210/300 permutations, truncated=210, utility evals=53210, cache hit rate=0.0%
2026-05-17 16:49:33 | INFO | __main__ | TMC progress: 240/300 permutations, truncated=240, utility evals=61148, cache hit rate=0.0%
2026-05-17 19:18:19 | INFO | __main__ | TMC progress: 270/300 permutations, truncated=270, utility evals=70571, cache hit rate=0.0%
2026-05-17 21:11:20 | INFO | __main__ | TMC progress: 300/300 permutations, truncated=300, utility evals=79067, cache hit rate=0.0%
2026-05-17 21:11:22 | INFO | __main__ | Saved individual Shapley values to outputs/tmc_shapley_individuals_grouped/island_13/repeat_2/shapley_individual_values_target_13.csv
2026-05-17 21:11:23 | INFO | __main__ | Target 13 (Vikna), repeat 4/6: source pool 5113 -> sampled players 5113, cal=20, test=564, split_seed=3014
2026-05-17 21:11:23 | INFO | __main__ | SNP selection: 20000 random SNPs from 65344 (seed=14)
2026-05-17 21:11:23 | INFO | __main__ | Computing V_full over all 5113 source individuals...
2026-05-17 21:11:26 | INFO | __main__ | V_full(cal) = 0.1672
2026-05-17 22:49:46 | INFO | __main__ | TMC progress: 30/300 permutations, truncated=30, utility evals=7519, cache hit rate=0.0%
2026-05-18 01:07:29 | INFO | __main__ | TMC progress: 60/300 permutations, truncated=60, utility evals=16685, cache hit rate=0.0%
2026-05-18 03:33:21 | INFO | __main__ | TMC progress: 90/300 permutations, truncated=90, utility evals=25877, cache hit rate=0.0%
2026-05-18 05:57:57 | INFO | __main__ | TMC progress: 120/300 permutations, truncated=120, utility evals=35562, cache hit rate=0.0%
2026-05-18 07:10:56 | INFO | __main__ | TMC progress: 150/300 permutations, truncated=150, utility evals=42234, cache hit rate=0.0%
2026-05-18 09:54:01 | INFO | __main__ | TMC progress: 180/300 permutations, truncated=180, utility evals=52121, cache hit rate=0.0%
2026-05-18 13:26:00 | INFO | __main__ | TMC progress: 210/300 permutations, truncated=210, utility evals=61592, cache hit rate=0.0%
2026-05-18 16:00:14 | INFO | __main__ | TMC progress: 240/300 permutations, truncated=240, utility evals=69864, cache hit rate=0.0%
2026-05-18 18:33:13 | INFO | __main__ | TMC progress: 270/300 permutations, truncated=270, utility evals=77582, cache hit rate=0.0%
2026-05-18 21:52:53 | INFO | __main__ | TMC progress: 300/300 permutations, truncated=300, utility evals=86981, cache hit rate=0.0%
2026-05-18 21:52:55 | INFO | __main__ | Saved individual Shapley values to outputs/tmc_shapley_individuals_grouped/island_13/repeat_3/shapley_individual_values_target_13.csv
2026-05-18 21:52:55 | INFO | __main__ | Saved shard manifest to outputs/tmc_shapley_individuals_grouped/island_13/shards/worker_shard_40_target_13.json; target-level summaries are deferred to merge mode.
2026-05-18 21:52:55 | INFO | __main__ | Worker complete.
