2026-04-15 02:37:17 | INFO | __main__ | Loaded config from config/tracin_addition_gpu_config.json
2026-04-15 02:37:17 | INFO | __main__ | Using device: cuda
2026-04-15 02:37:17 | INFO | __main__ | Loading data...
2026-04-15 02:37:17 | INFO | src.data | Loading data from NPZ: Data/npz/snp_body_mass_ALL.npz
2026-04-15 02:37:28 | INFO | __main__ | Loaded 5697 samples, 65344 features
2026-04-15 02:37:28 | INFO | __main__ | Islands present: [0, 1, 2, 3, 4, 5, 6, 7, 8, 9, 10, 11, 12, 13, 14, 15]
2026-04-15 02:37:28 | INFO | __main__ | Island code -> label mapping:
2026-04-15 02:37:28 | INFO | __main__ |   0 -> 20 (Nesøy): n=119
2026-04-15 02:37:28 | INFO | __main__ |   1 -> 22 (Myken): n=92
2026-04-15 02:37:28 | INFO | __main__ |   2 -> 23 (Træna): n=292
2026-04-15 02:37:28 | INFO | __main__ |   3 -> 24 (Selvær): n=194
2026-04-15 02:37:28 | INFO | __main__ |   4 -> 26 (Gjerøy): n=558
2026-04-15 02:37:28 | INFO | __main__ |   5 -> 27 (Hestmannøy): n=1078
2026-04-15 02:37:28 | INFO | __main__ |   6 -> 28 (Indre Kvarøy): n=356
2026-04-15 02:37:28 | INFO | __main__ |   7 -> 33 (Onøy og Lurøy): n=259
2026-04-15 02:37:28 | INFO | __main__ |   8 -> 34 (Lovund): n=158
2026-04-15 02:37:28 | INFO | __main__ |   9 -> 35 (Sleneset): n=166
2026-04-15 02:37:28 | INFO | __main__ |   10 -> 38 (Aldra): n=173
2026-04-15 02:37:28 | INFO | __main__ |   11 -> 60 (Southern 1): n=583
2026-04-15 02:37:28 | INFO | __main__ |   12 -> 61 (Southern 2): n=397
2026-04-15 02:37:28 | INFO | __main__ |   13 -> 63 (Southern 3): n=584
2026-04-15 02:37:28 | INFO | __main__ |   14 -> 67 (Southern 4): n=486
2026-04-15 02:37:28 | INFO | __main__ |   15 -> 68 (Southern 5): n=202
2026-04-15 02:37:28 | INFO | __main__ | Target island: code=0, label=20, name=Nesøy
2026-04-15 02:37:28 | INFO | __main__ | Train params: epochs=150, lr=0.0005, hidden=[512, 64]
2026-04-15 02:37:28 | INFO | __main__ | Experiment mode: iterative_addition
2026-04-15 02:37:28 | INFO | __main__ | ============================================================
2026-04-15 02:37:28 | INFO | __main__ | Starting TracIn iterative_addition experiment
2026-04-15 02:37:28 | INFO | __main__ | ============================================================
2026-04-15 02:37:28 | INFO | src.removal_curve | Running TracIn experiment for target island: 0 (20)
2026-04-15 02:37:28 | INFO | src.removal_curve | Data split: source=5578, cal=23, test=96
2026-04-15 02:37:28 | INFO | src.removal_curve | Selecting 20000 random SNPs (deterministic, seed=27)
2026-04-15 02:37:28 | INFO | src.removal_curve | SNP selection complete: n_snps=20000, hash=-7539118493374513294
2026-04-15 02:37:28 | INFO | src.removal_curve | These SNP indices will be REUSED for all 5 training seeds.
2026-04-15 02:37:29 | INFO | src.removal_curve | Input dimension after feature selection: 20000
2026-04-15 02:37:31 | INFO | src.removal_curve | Iterative addition schedule: ['10%', '25%', '50%']
2026-04-15 02:37:31 | INFO | src.removal_curve | Computing TracIn scores and removal curves...
2026-04-15 02:37:31 | INFO | src.removal_curve | Training model with checkpoints (seed=27)...
2026-04-15 02:38:00 | INFO | src.training | Training for 150 epochs, checkpoints at: [21, 42, 64, 85, 107, 128, 150]
2026-04-15 02:38:26 | INFO | src.training | Epoch 15/150, Loss: 0.691246
2026-04-15 02:38:35 | INFO | src.training | Epoch 21/150, Loss: 0.543373 [CHECKPOINT SAVED]
2026-04-15 02:38:48 | INFO | src.training | Epoch 30/150, Loss: 0.435652
2026-04-15 02:39:06 | INFO | src.training | Epoch 42/150, Loss: 0.339434 [CHECKPOINT SAVED]
2026-04-15 02:39:10 | INFO | src.training | Epoch 45/150, Loss: 0.360155
2026-04-15 02:39:32 | INFO | src.training | Epoch 60/150, Loss: 0.294110
2026-04-15 02:39:38 | INFO | src.training | Epoch 64/150, Loss: 0.282095 [CHECKPOINT SAVED]
2026-04-15 02:39:54 | INFO | src.training | Epoch 75/150, Loss: 0.275455
2026-04-15 02:40:09 | INFO | src.training | Epoch 85/150, Loss: 0.258487 [CHECKPOINT SAVED]
2026-04-15 02:40:17 | INFO | src.training | Epoch 90/150, Loss: 0.233362
2026-04-15 02:40:39 | INFO | src.training | Epoch 105/150, Loss: 0.201876
2026-04-15 02:40:42 | INFO | src.training | Epoch 107/150, Loss: 0.196508 [CHECKPOINT SAVED]
2026-04-15 02:41:01 | INFO | src.training | Epoch 120/150, Loss: 0.161491
2026-04-15 02:41:13 | INFO | src.training | Epoch 128/150, Loss: 0.154771 [CHECKPOINT SAVED]
2026-04-15 02:41:24 | INFO | src.training | Epoch 135/150, Loss: 0.158340
2026-04-15 02:41:46 | INFO | src.training | Epoch 150/150, Loss: 0.139821 [CHECKPOINT SAVED]
2026-04-15 02:41:53 | INFO | src.removal_curve | Training complete, saved 7 checkpoints
2026-04-15 02:41:53 | INFO | src.removal_curve | Computing TracIn scores (mode=lastlayer, seed=27)...
2026-04-15 02:41:53 | INFO | src.tracin | Processing checkpoint at epoch 21 (last-layer mode)
2026-04-15 02:41:53 | INFO | src.tracin | Processing checkpoint at epoch 42 (last-layer mode)
2026-04-15 02:41:53 | INFO | src.tracin | Processing checkpoint at epoch 64 (last-layer mode)
2026-04-15 02:41:53 | INFO | src.tracin | Processing checkpoint at epoch 85 (last-layer mode)
2026-04-15 02:41:53 | INFO | src.tracin | Processing checkpoint at epoch 107 (last-layer mode)
2026-04-15 02:41:53 | INFO | src.tracin | Processing checkpoint at epoch 128 (last-layer mode)
2026-04-15 02:41:53 | INFO | src.tracin | Processing checkpoint at epoch 150 (last-layer mode)
2026-04-15 02:41:53 | INFO | src.removal_curve | Scores computed (seed=27). Range: [-0.003110, 0.000652]
2026-04-15 02:41:53 | INFO | src.removal_curve | Using iterative addition with tracin scores (seed=27)
2026-04-15 02:41:53 | INFO | src.removal_curve | Addition step 0/2 (fraction=10%, n=558)
2026-04-15 02:41:59 | INFO | src.training | Restored best model from epoch 6 (val_loss=0.655065)
2026-04-15 02:41:59 | INFO | src.removal_curve | tracin addition step 0 (seed=27): frac=10%, n=558, corr_eval=0.0332, mse_adj=1.467116
2026-04-15 02:41:59 | INFO | src.removal_curve | Added 836 samples by tracin score, total 1394
2026-04-15 02:41:59 | INFO | src.removal_curve | Addition step 1/2 (fraction=25%, n=1394)
2026-04-15 02:42:13 | INFO | src.training | Restored best model from epoch 1 (val_loss=1.023576)
2026-04-15 02:42:14 | INFO | src.removal_curve | tracin addition step 1 (seed=27): frac=25%, n=1394, corr_eval=0.1494, mse_adj=1.530990
2026-04-15 02:42:14 | INFO | src.removal_curve | Added 1395 samples by tracin score, total 2789
2026-04-15 02:42:14 | INFO | src.removal_curve | Addition step 2/2 (fraction=50%, n=2789)
2026-04-15 02:42:42 | INFO | src.training | Restored best model from epoch 14 (val_loss=0.922411)
2026-04-15 02:42:42 | INFO | src.removal_curve | tracin addition step 2 (seed=27): frac=50%, n=2789, corr_eval=0.2047, mse_adj=1.402484
2026-04-15 02:42:43 | INFO | src.removal_curve | Training model with checkpoints (seed=28)...
2026-04-15 02:42:43 | INFO | src.training | Training for 150 epochs, checkpoints at: [21, 42, 64, 85, 107, 128, 150]
2026-04-15 02:43:05 | INFO | src.training | Epoch 15/150, Loss: 0.741903
2026-04-15 02:43:13 | INFO | src.training | Epoch 21/150, Loss: 0.557093 [CHECKPOINT SAVED]
2026-04-15 02:43:27 | INFO | src.training | Epoch 30/150, Loss: 0.585180
2026-04-15 02:43:45 | INFO | src.training | Epoch 42/150, Loss: 0.581099 [CHECKPOINT SAVED]
2026-04-15 02:43:49 | INFO | src.training | Epoch 45/150, Loss: 0.625500
2026-04-15 02:44:12 | INFO | src.training | Epoch 60/150, Loss: 0.461715
2026-04-15 02:44:18 | INFO | src.training | Epoch 64/150, Loss: 0.403595 [CHECKPOINT SAVED]
2026-04-15 02:44:34 | INFO | src.training | Epoch 75/150, Loss: 0.319523
2026-04-15 02:44:49 | INFO | src.training | Epoch 85/150, Loss: 0.275016 [CHECKPOINT SAVED]
2026-04-15 02:44:57 | INFO | src.training | Epoch 90/150, Loss: 0.245844
2026-04-15 02:45:19 | INFO | src.training | Epoch 105/150, Loss: 0.197222
2026-04-15 02:45:22 | INFO | src.training | Epoch 107/150, Loss: 0.196517 [CHECKPOINT SAVED]
2026-04-15 02:45:42 | INFO | src.training | Epoch 120/150, Loss: 0.175381
2026-04-15 02:45:54 | INFO | src.training | Epoch 128/150, Loss: 0.170150 [CHECKPOINT SAVED]
2026-04-15 02:46:04 | INFO | src.training | Epoch 135/150, Loss: 0.159756
2026-04-15 02:46:26 | INFO | src.training | Epoch 150/150, Loss: 0.151272 [CHECKPOINT SAVED]
2026-04-15 02:46:27 | INFO | src.removal_curve | Training complete, saved 7 checkpoints
2026-04-15 02:46:27 | INFO | src.removal_curve | Computing TracIn scores (mode=lastlayer, seed=28)...
2026-04-15 02:46:27 | INFO | src.tracin | Processing checkpoint at epoch 21 (last-layer mode)
2026-04-15 02:46:27 | INFO | src.tracin | Processing checkpoint at epoch 42 (last-layer mode)
2026-04-15 02:46:27 | INFO | src.tracin | Processing checkpoint at epoch 64 (last-layer mode)
2026-04-15 02:46:27 | INFO | src.tracin | Processing checkpoint at epoch 85 (last-layer mode)
2026-04-15 02:46:27 | INFO | src.tracin | Processing checkpoint at epoch 107 (last-layer mode)
2026-04-15 02:46:27 | INFO | src.tracin | Processing checkpoint at epoch 128 (last-layer mode)
2026-04-15 02:46:27 | INFO | src.tracin | Processing checkpoint at epoch 150 (last-layer mode)
2026-04-15 02:46:27 | INFO | src.removal_curve | Scores computed (seed=28). Range: [-0.003702, 0.000617]
2026-04-15 02:46:27 | INFO | src.removal_curve | Using iterative addition with tracin scores (seed=28)
2026-04-15 02:46:27 | INFO | src.removal_curve | Addition step 0/2 (fraction=10%, n=558)
2026-04-15 02:46:33 | INFO | src.training | Restored best model from epoch 8 (val_loss=0.592643)
2026-04-15 02:46:33 | INFO | src.removal_curve | tracin addition step 0 (seed=28): frac=10%, n=558, corr_eval=0.3019, mse_adj=1.399306
2026-04-15 02:46:33 | INFO | src.removal_curve | Added 836 samples by tracin score, total 1394
2026-04-15 02:46:33 | INFO | src.removal_curve | Addition step 1/2 (fraction=25%, n=1394)
2026-04-15 02:46:47 | INFO | src.training | Restored best model from epoch 16 (val_loss=0.939807)
2026-04-15 02:46:47 | INFO | src.removal_curve | tracin addition step 1 (seed=28): frac=25%, n=1394, corr_eval=0.2215, mse_adj=1.506112
2026-04-15 02:46:47 | INFO | src.removal_curve | Added 1395 samples by tracin score, total 2789
2026-04-15 02:46:47 | INFO | src.removal_curve | Addition step 2/2 (fraction=50%, n=2789)
2026-04-15 02:47:14 | INFO | src.training | Restored best model from epoch 24 (val_loss=0.788399)
2026-04-15 02:47:15 | INFO | src.removal_curve | tracin addition step 2 (seed=28): frac=50%, n=2789, corr_eval=0.1818, mse_adj=1.523872
2026-04-15 02:47:15 | INFO | src.removal_curve | Training model with checkpoints (seed=29)...
2026-04-15 02:47:15 | INFO | src.training | Training for 150 epochs, checkpoints at: [21, 42, 64, 85, 107, 128, 150]
2026-04-15 02:47:37 | INFO | src.training | Epoch 15/150, Loss: 0.653892
2026-04-15 02:47:46 | INFO | src.training | Epoch 21/150, Loss: 0.538218 [CHECKPOINT SAVED]
2026-04-15 02:48:00 | INFO | src.training | Epoch 30/150, Loss: 0.425170
2026-04-15 02:48:17 | INFO | src.training | Epoch 42/150, Loss: 0.578698 [CHECKPOINT SAVED]
2026-04-15 02:48:22 | INFO | src.training | Epoch 45/150, Loss: 0.517330
2026-04-15 02:48:44 | INFO | src.training | Epoch 60/150, Loss: 0.476255
2026-04-15 02:48:50 | INFO | src.training | Epoch 64/150, Loss: 0.436851 [CHECKPOINT SAVED]
2026-04-15 02:49:07 | INFO | src.training | Epoch 75/150, Loss: 0.358759
2026-04-15 02:49:22 | INFO | src.training | Epoch 85/150, Loss: 0.304111 [CHECKPOINT SAVED]
2026-04-15 02:49:29 | INFO | src.training | Epoch 90/150, Loss: 0.289167
2026-04-15 02:49:51 | INFO | src.training | Epoch 105/150, Loss: 0.219884
2026-04-15 02:49:54 | INFO | src.training | Epoch 107/150, Loss: 0.232430 [CHECKPOINT SAVED]
2026-04-15 02:50:14 | INFO | src.training | Epoch 120/150, Loss: 0.196233
2026-04-15 02:50:26 | INFO | src.training | Epoch 128/150, Loss: 0.179424 [CHECKPOINT SAVED]
2026-04-15 02:50:36 | INFO | src.training | Epoch 135/150, Loss: 0.170996
2026-04-15 02:50:59 | INFO | src.training | Epoch 150/150, Loss: 0.154657 [CHECKPOINT SAVED]
2026-04-15 02:50:59 | INFO | src.removal_curve | Training complete, saved 7 checkpoints
2026-04-15 02:50:59 | INFO | src.removal_curve | Computing TracIn scores (mode=lastlayer, seed=29)...
2026-04-15 02:50:59 | INFO | src.tracin | Processing checkpoint at epoch 21 (last-layer mode)
2026-04-15 02:50:59 | INFO | src.tracin | Processing checkpoint at epoch 42 (last-layer mode)
2026-04-15 02:50:59 | INFO | src.tracin | Processing checkpoint at epoch 64 (last-layer mode)
2026-04-15 02:50:59 | INFO | src.tracin | Processing checkpoint at epoch 85 (last-layer mode)
2026-04-15 02:50:59 | INFO | src.tracin | Processing checkpoint at epoch 107 (last-layer mode)
2026-04-15 02:50:59 | INFO | src.tracin | Processing checkpoint at epoch 128 (last-layer mode)
2026-04-15 02:50:59 | INFO | src.tracin | Processing checkpoint at epoch 150 (last-layer mode)
2026-04-15 02:50:59 | INFO | src.removal_curve | Scores computed (seed=29). Range: [-0.003380, 0.000553]
2026-04-15 02:50:59 | INFO | src.removal_curve | Using iterative addition with tracin scores (seed=29)
2026-04-15 02:50:59 | INFO | src.removal_curve | Addition step 0/2 (fraction=10%, n=558)
2026-04-15 02:51:05 | INFO | src.training | Restored best model from epoch 90 (val_loss=0.625939)
2026-04-15 02:51:05 | INFO | src.removal_curve | tracin addition step 0 (seed=29): frac=10%, n=558, corr_eval=0.2009, mse_adj=1.458075
2026-04-15 02:51:05 | INFO | src.removal_curve | Added 836 samples by tracin score, total 1394
2026-04-15 02:51:05 | INFO | src.removal_curve | Addition step 1/2 (fraction=25%, n=1394)
2026-04-15 02:51:19 | INFO | src.training | Restored best model from epoch 64 (val_loss=0.817325)
2026-04-15 02:51:19 | INFO | src.removal_curve | tracin addition step 1 (seed=29): frac=25%, n=1394, corr_eval=0.2172, mse_adj=1.552749
2026-04-15 02:51:19 | INFO | src.removal_curve | Added 1395 samples by tracin score, total 2789
2026-04-15 02:51:19 | INFO | src.removal_curve | Addition step 2/2 (fraction=50%, n=2789)
2026-04-15 02:51:47 | INFO | src.training | Restored best model from epoch 57 (val_loss=0.807938)
2026-04-15 02:51:47 | INFO | src.removal_curve | tracin addition step 2 (seed=29): frac=50%, n=2789, corr_eval=0.2318, mse_adj=1.450466
2026-04-15 02:51:47 | INFO | src.removal_curve | Training model with checkpoints (seed=30)...
2026-04-15 02:51:48 | INFO | src.training | Training for 150 epochs, checkpoints at: [21, 42, 64, 85, 107, 128, 150]
2026-04-15 02:52:10 | INFO | src.training | Epoch 15/150, Loss: 0.735453
2026-04-15 02:52:20 | INFO | src.training | Epoch 21/150, Loss: 0.534652 [CHECKPOINT SAVED]
2026-04-15 02:52:33 | INFO | src.training | Epoch 30/150, Loss: 0.604265
2026-04-15 02:52:51 | INFO | src.training | Epoch 42/150, Loss: 0.672276 [CHECKPOINT SAVED]
2026-04-15 02:52:56 | INFO | src.training | Epoch 45/150, Loss: 0.566129
2026-04-15 02:53:19 | INFO | src.training | Epoch 60/150, Loss: 0.429356
2026-04-15 02:53:25 | INFO | src.training | Epoch 64/150, Loss: 0.424006 [CHECKPOINT SAVED]
2026-04-15 02:53:42 | INFO | src.training | Epoch 75/150, Loss: 0.528857
2026-04-15 02:53:57 | INFO | src.training | Epoch 85/150, Loss: 0.417234 [CHECKPOINT SAVED]
2026-04-15 02:54:05 | INFO | src.training | Epoch 90/150, Loss: 0.347546
2026-04-15 02:54:27 | INFO | src.training | Epoch 105/150, Loss: 0.285047
2026-04-15 02:54:30 | INFO | src.training | Epoch 107/150, Loss: 0.268864 [CHECKPOINT SAVED]
2026-04-15 02:54:50 | INFO | src.training | Epoch 120/150, Loss: 0.250384
2026-04-15 02:55:02 | INFO | src.training | Epoch 128/150, Loss: 0.207819 [CHECKPOINT SAVED]
2026-04-15 02:55:13 | INFO | src.training | Epoch 135/150, Loss: 0.192055
2026-04-15 02:55:36 | INFO | src.training | Epoch 150/150, Loss: 0.174431 [CHECKPOINT SAVED]
2026-04-15 02:55:36 | INFO | src.removal_curve | Training complete, saved 7 checkpoints
2026-04-15 02:55:36 | INFO | src.removal_curve | Computing TracIn scores (mode=lastlayer, seed=30)...
2026-04-15 02:55:36 | INFO | src.tracin | Processing checkpoint at epoch 21 (last-layer mode)
2026-04-15 02:55:36 | INFO | src.tracin | Processing checkpoint at epoch 42 (last-layer mode)
2026-04-15 02:55:36 | INFO | src.tracin | Processing checkpoint at epoch 64 (last-layer mode)
2026-04-15 02:55:36 | INFO | src.tracin | Processing checkpoint at epoch 85 (last-layer mode)
2026-04-15 02:55:36 | INFO | src.tracin | Processing checkpoint at epoch 107 (last-layer mode)
2026-04-15 02:55:36 | INFO | src.tracin | Processing checkpoint at epoch 128 (last-layer mode)
2026-04-15 02:55:36 | INFO | src.tracin | Processing checkpoint at epoch 150 (last-layer mode)
2026-04-15 02:55:36 | INFO | src.removal_curve | Scores computed (seed=30). Range: [-0.003654, 0.000871]
2026-04-15 02:55:36 | INFO | src.removal_curve | Using iterative addition with tracin scores (seed=30)
2026-04-15 02:55:36 | INFO | src.removal_curve | Addition step 0/2 (fraction=10%, n=558)
2026-04-15 02:55:42 | INFO | src.training | Restored best model from epoch 7 (val_loss=0.641641)
2026-04-15 02:55:42 | INFO | src.removal_curve | tracin addition step 0 (seed=30): frac=10%, n=558, corr_eval=0.2168, mse_adj=1.467787
2026-04-15 02:55:43 | INFO | src.removal_curve | Added 836 samples by tracin score, total 1394
2026-04-15 02:55:43 | INFO | src.removal_curve | Addition step 1/2 (fraction=25%, n=1394)
2026-04-15 02:55:57 | INFO | src.training | Restored best model from epoch 1 (val_loss=0.927576)
2026-04-15 02:55:57 | INFO | src.removal_curve | tracin addition step 1 (seed=30): frac=25%, n=1394, corr_eval=-0.0153, mse_adj=1.499695
2026-04-15 02:55:57 | INFO | src.removal_curve | Added 1395 samples by tracin score, total 2789
2026-04-15 02:55:57 | INFO | src.removal_curve | Addition step 2/2 (fraction=50%, n=2789)
2026-04-15 02:56:25 | INFO | src.training | Restored best model from epoch 23 (val_loss=0.832726)
2026-04-15 02:56:26 | INFO | src.removal_curve | tracin addition step 2 (seed=30): frac=50%, n=2789, corr_eval=0.1395, mse_adj=1.601431
2026-04-15 02:56:26 | INFO | src.removal_curve | Training model with checkpoints (seed=31)...
2026-04-15 02:56:26 | INFO | src.training | Training for 150 epochs, checkpoints at: [21, 42, 64, 85, 107, 128, 150]
2026-04-15 02:56:49 | INFO | src.training | Epoch 15/150, Loss: 0.661147
2026-04-15 02:56:58 | INFO | src.training | Epoch 21/150, Loss: 0.581415 [CHECKPOINT SAVED]
2026-04-15 02:57:11 | INFO | src.training | Epoch 30/150, Loss: 0.545258
2026-04-15 02:57:30 | INFO | src.training | Epoch 42/150, Loss: 0.502012 [CHECKPOINT SAVED]
2026-04-15 02:57:34 | INFO | src.training | Epoch 45/150, Loss: 0.567898
2026-04-15 02:57:57 | INFO | src.training | Epoch 60/150, Loss: 0.703249
2026-04-15 02:58:03 | INFO | src.training | Epoch 64/150, Loss: 0.537208 [CHECKPOINT SAVED]
2026-04-15 02:58:20 | INFO | src.training | Epoch 75/150, Loss: 0.436993
2026-04-15 02:58:35 | INFO | src.training | Epoch 85/150, Loss: 0.351370 [CHECKPOINT SAVED]
2026-04-15 02:58:42 | INFO | src.training | Epoch 90/150, Loss: 0.347093
2026-04-15 02:59:05 | INFO | src.training | Epoch 105/150, Loss: 0.274471
2026-04-15 02:59:08 | INFO | src.training | Epoch 107/150, Loss: 0.252022 [CHECKPOINT SAVED]
2026-04-15 02:59:28 | INFO | src.training | Epoch 120/150, Loss: 0.210291
2026-04-15 02:59:40 | INFO | src.training | Epoch 128/150, Loss: 0.205586 [CHECKPOINT SAVED]
2026-04-15 02:59:51 | INFO | src.training | Epoch 135/150, Loss: 0.182318
2026-04-15 03:00:13 | INFO | src.training | Epoch 150/150, Loss: 0.165663 [CHECKPOINT SAVED]
2026-04-15 03:00:13 | INFO | src.removal_curve | Training complete, saved 7 checkpoints
2026-04-15 03:00:13 | INFO | src.removal_curve | Computing TracIn scores (mode=lastlayer, seed=31)...
2026-04-15 03:00:13 | INFO | src.tracin | Processing checkpoint at epoch 21 (last-layer mode)
2026-04-15 03:00:13 | INFO | src.tracin | Processing checkpoint at epoch 42 (last-layer mode)
2026-04-15 03:00:13 | INFO | src.tracin | Processing checkpoint at epoch 64 (last-layer mode)
2026-04-15 03:00:13 | INFO | src.tracin | Processing checkpoint at epoch 85 (last-layer mode)
2026-04-15 03:00:13 | INFO | src.tracin | Processing checkpoint at epoch 107 (last-layer mode)
2026-04-15 03:00:13 | INFO | src.tracin | Processing checkpoint at epoch 128 (last-layer mode)
2026-04-15 03:00:13 | INFO | src.tracin | Processing checkpoint at epoch 150 (last-layer mode)
2026-04-15 03:00:13 | INFO | src.removal_curve | Scores computed (seed=31). Range: [-0.003390, 0.000729]
2026-04-15 03:00:13 | INFO | src.removal_curve | Using iterative addition with tracin scores (seed=31)
2026-04-15 03:00:13 | INFO | src.removal_curve | Addition step 0/2 (fraction=10%, n=558)
2026-04-15 03:00:19 | INFO | src.training | Restored best model from epoch 121 (val_loss=0.625016)
2026-04-15 03:00:19 | INFO | src.removal_curve | tracin addition step 0 (seed=31): frac=10%, n=558, corr_eval=0.1656, mse_adj=1.477590
2026-04-15 03:00:20 | INFO | src.removal_curve | Added 836 samples by tracin score, total 1394
2026-04-15 03:00:20 | INFO | src.removal_curve | Addition step 1/2 (fraction=25%, n=1394)
2026-04-15 03:00:34 | INFO | src.training | Restored best model from epoch 13 (val_loss=0.915533)
2026-04-15 03:00:34 | INFO | src.removal_curve | tracin addition step 1 (seed=31): frac=25%, n=1394, corr_eval=0.2316, mse_adj=1.459792
2026-04-15 03:00:34 | INFO | src.removal_curve | Added 1395 samples by tracin score, total 2789
2026-04-15 03:00:34 | INFO | src.removal_curve | Addition step 2/2 (fraction=50%, n=2789)
2026-04-15 03:01:02 | INFO | src.training | Restored best model from epoch 76 (val_loss=0.898290)
2026-04-15 03:01:02 | INFO | src.removal_curve | tracin addition step 2 (seed=31): frac=50%, n=2789, corr_eval=0.0804, mse_adj=1.605292
2026-04-15 03:01:02 | INFO | src.removal_curve | Running random baseline for iterative_addition mode...
2026-04-15 03:01:03 | INFO | src.removal_curve | Random addition step 0/2, seed=27, frac=10%, n=558
2026-04-15 03:01:09 | INFO | src.training | Restored best model from epoch 6 (val_loss=0.655065)
2026-04-15 03:01:09 | INFO | src.removal_curve | Randomly added 836 samples, total 1394
2026-04-15 03:01:09 | INFO | src.removal_curve | Random addition step 1/2, seed=27, frac=25%, n=1394
2026-04-15 03:01:24 | INFO | src.training | Restored best model from epoch 7 (val_loss=0.640966)
2026-04-15 03:01:24 | INFO | src.removal_curve | Randomly added 1395 samples, total 2789
2026-04-15 03:01:24 | INFO | src.removal_curve | Random addition step 2/2, seed=27, frac=50%, n=2789
2026-04-15 03:01:52 | INFO | src.training | Restored best model from epoch 5 (val_loss=0.634897)
2026-04-15 03:01:52 | INFO | src.removal_curve | Random addition baseline (seed=27) complete
2026-04-15 03:01:52 | INFO | src.removal_curve | Random addition step 0/2, seed=28, frac=10%, n=558
2026-04-15 03:01:58 | INFO | src.training | Restored best model from epoch 8 (val_loss=0.592643)
2026-04-15 03:01:59 | INFO | src.removal_curve | Randomly added 836 samples, total 1394
2026-04-15 03:01:59 | INFO | src.removal_curve | Random addition step 1/2, seed=28, frac=25%, n=1394
2026-04-15 03:02:13 | INFO | src.training | Restored best model from epoch 9 (val_loss=0.640408)
2026-04-15 03:02:13 | INFO | src.removal_curve | Randomly added 1395 samples, total 2789
2026-04-15 03:02:13 | INFO | src.removal_curve | Random addition step 2/2, seed=28, frac=50%, n=2789
2026-04-15 03:02:41 | INFO | src.training | Restored best model from epoch 9 (val_loss=0.622827)
2026-04-15 03:02:41 | INFO | src.removal_curve | Random addition baseline (seed=28) complete
2026-04-15 03:02:42 | INFO | src.removal_curve | Random addition step 0/2, seed=29, frac=10%, n=558
2026-04-15 03:02:47 | INFO | src.training | Restored best model from epoch 90 (val_loss=0.625939)
2026-04-15 03:02:48 | INFO | src.removal_curve | Randomly added 836 samples, total 1394
2026-04-15 03:02:48 | INFO | src.removal_curve | Random addition step 1/2, seed=29, frac=25%, n=1394
2026-04-15 03:03:02 | INFO | src.training | Restored best model from epoch 9 (val_loss=0.611383)
2026-04-15 03:03:02 | INFO | src.removal_curve | Randomly added 1395 samples, total 2789
2026-04-15 03:03:02 | INFO | src.removal_curve | Random addition step 2/2, seed=29, frac=50%, n=2789
2026-04-15 03:03:30 | INFO | src.training | Restored best model from epoch 115 (val_loss=0.623328)
2026-04-15 03:03:30 | INFO | src.removal_curve | Random addition baseline (seed=29) complete
2026-04-15 03:03:31 | INFO | src.removal_curve | Random addition step 0/2, seed=30, frac=10%, n=558
2026-04-15 03:03:36 | INFO | src.training | Restored best model from epoch 7 (val_loss=0.641641)
2026-04-15 03:03:37 | INFO | src.removal_curve | Randomly added 836 samples, total 1394
2026-04-15 03:03:37 | INFO | src.removal_curve | Random addition step 1/2, seed=30, frac=25%, n=1394
2026-04-15 03:03:50 | INFO | src.training | Restored best model from epoch 10 (val_loss=0.545919)
2026-04-15 03:03:50 | INFO | src.removal_curve | Randomly added 1395 samples, total 2789
2026-04-15 03:03:50 | INFO | src.removal_curve | Random addition step 2/2, seed=30, frac=50%, n=2789
2026-04-15 03:04:18 | INFO | src.training | Restored best model from epoch 8 (val_loss=0.601322)
2026-04-15 03:04:19 | INFO | src.removal_curve | Random addition baseline (seed=30) complete
2026-04-15 03:04:19 | INFO | src.removal_curve | Random addition step 0/2, seed=31, frac=10%, n=558
2026-04-15 03:04:25 | INFO | src.training | Restored best model from epoch 121 (val_loss=0.625016)
2026-04-15 03:04:25 | INFO | src.removal_curve | Randomly added 836 samples, total 1394
2026-04-15 03:04:25 | INFO | src.removal_curve | Random addition step 1/2, seed=31, frac=25%, n=1394
2026-04-15 03:04:39 | INFO | src.training | Restored best model from epoch 101 (val_loss=0.564003)
2026-04-15 03:04:39 | INFO | src.removal_curve | Randomly added 1395 samples, total 2789
2026-04-15 03:04:39 | INFO | src.removal_curve | Random addition step 2/2, seed=31, frac=50%, n=2789
2026-04-15 03:05:07 | INFO | src.training | Restored best model from epoch 9 (val_loss=0.582432)
2026-04-15 03:05:07 | INFO | src.removal_curve | Random addition baseline (seed=31) complete
2026-04-15 03:05:08 | INFO | src.removal_curve | Saved scores to outputs/tracin_one_island_addition_gpu/tracin_scores_island_0_cal_20_seed_27.csv
2026-04-15 03:05:08 | INFO | src.removal_curve | Saved scores to outputs/tracin_one_island_addition_gpu/tracin_scores_island_0_cal_20_seed_28.csv
2026-04-15 03:05:08 | INFO | src.removal_curve | Saved scores to outputs/tracin_one_island_addition_gpu/tracin_scores_island_0_cal_20_seed_29.csv
2026-04-15 03:05:08 | INFO | src.removal_curve | Saved scores to outputs/tracin_one_island_addition_gpu/tracin_scores_island_0_cal_20_seed_30.csv
2026-04-15 03:05:08 | INFO | src.removal_curve | Saved scores to outputs/tracin_one_island_addition_gpu/tracin_scores_island_0_cal_20_seed_31.csv
2026-04-15 03:05:08 | INFO | src.removal_curve | Saved removal curves to outputs/tracin_one_island_addition_gpu/removal_curves_island_0_cal_20.csv
2026-04-15 03:05:08 | INFO | src.removal_curve | Saved summary to outputs/tracin_one_island_addition_gpu/summary_island_0_cal_20.json
2026-04-15 03:05:08 | INFO | src.removal_curve | Saved plot to outputs/tracin_one_island_addition_gpu/removal_curves_island_0_cal_20.png
2026-04-15 03:05:09 | INFO | src.removal_curve | Saved score distribution plot to outputs/tracin_one_island_addition_gpu/tracin_score_dist_island_0_cal_20.png
2026-04-15 03:05:09 | INFO | src.removal_curve | Saved per-island score summary to outputs/tracin_one_island_addition_gpu/tracin_score_by_source_island_summary_island_0_cal_20.csv
2026-04-15 03:05:10 | INFO | src.removal_curve | Saved per-island score distribution plot to outputs/tracin_one_island_addition_gpu/tracin_score_by_source_island_island_0_cal_20.png
2026-04-15 03:05:10 | INFO | __main__ | ============================================================
2026-04-15 03:05:10 | INFO | __main__ | Experiment complete!
2026-04-15 03:05:10 | INFO | __main__ | ============================================================
2026-04-15 03:05:10 | INFO | __main__ | Target island: 0 (20)
2026-04-15 03:05:10 | INFO | __main__ | Source training samples: 5578
2026-04-15 03:05:10 | INFO | __main__ | Target calibration samples: 23
2026-04-15 03:05:10 | INFO | __main__ | Target test samples: 96
2026-04-15 03:05:10 | INFO | __main__ | 
TracIn-guided removal curve (mean ± std):
2026-04-15 03:05:10 | INFO | __main__ |   (corr_eval = corr(pred_adj, orig_pheno), mse_adj = mse(pred_adj, adj_pheno))
2026-04-15 03:05:10 | INFO | __main__ |   cal=20%, 10% removed -> corr_eval=0.1837±0.0979, mse_adj=1.453975±0.031331
2026-04-15 03:05:10 | INFO | __main__ |   cal=20%, 25% removed -> corr_eval=0.1609±0.1037, mse_adj=1.509868±0.035036
2026-04-15 03:05:10 | INFO | __main__ |   cal=20%, 50% removed -> corr_eval=0.1676±0.0594, mse_adj=1.516709±0.090155
2026-04-15 03:05:10 | INFO | __main__ | 
Random removal baseline (mean ± std):
2026-04-15 03:05:10 | INFO | __main__ |   cal=20%, 10% removed -> corr_eval=0.1837±0.0979, mse_adj=1.453975±0.031331
2026-04-15 03:05:10 | INFO | __main__ |   cal=20%, 25% removed -> corr_eval=0.1990±0.0581, mse_adj=1.484207±0.013787
2026-04-15 03:05:10 | INFO | __main__ |   cal=20%, 50% removed -> corr_eval=0.2066±0.0651, mse_adj=1.476130±0.024429
2026-04-15 03:05:10 | INFO | __main__ | 
Results saved to: outputs/tracin_one_island_addition_gpu
