2026-03-06 15:11:51 | INFO | __main__ | Shard 2/5 → repeat 2
2026-03-06 15:11:51 | INFO | __main__ | Calibration-GA config: GAConfig(pop_size=30, n_generations=100, n_elite=2, tournament_k=3, crossover_prob=0.9, mutation_prob=0.3, n_swaps_per_mut=1, seed=14, verbose=True, stagnation_limit=15)
2026-03-06 15:11:51 | INFO | __main__ | PEVmean-GA config:     GAConfig(pop_size=50, n_generations=100, n_elite=2, tournament_k=3, crossover_prob=0.9, mutation_prob=0.3, n_swaps_per_mut=2, seed=14, verbose=True, stagnation_limit=20)
2026-03-06 15:11:51 | INFO | __main__ | n_train_sizes=[500, 1000, 2000, 3000, 4000], n_cal_samples=[25, 50, 100], n_repeats=5
2026-03-06 15:11:51 | INFO | __main__ | Loading data for trait 'body_mass'
2026-03-06 15:11:51 | INFO | src.data | Loading data from NPZ: Data/npz/snp_body_mass_ALL.npz
2026-03-06 15:12:01 | INFO | __main__ | Loaded: 5697 samples, 65344 SNPs
2026-03-06 15:12:01 | INFO | __main__ | Fixed SNP subset: n=20000
2026-03-06 15:12:02 | INFO | __main__ | Target 3 (Selvær): n_source=5503, n_target=194
2026-03-06 15:12:02 | INFO | __main__ | Building PEVmean kernel (5503 + 194 = 5697) ...
2026-03-06 15:12:03 | INFO | __main__ | Kernel built: shape (5697, 5697)
2026-03-06 15:12:04 | INFO | __main__ | PEVmean(all source): 16597.565145
2026-03-06 15:12:04 | INFO | __main__ | ======================================================================
Repeat 3/5 | target 3 (Selvær)
======================================================================
2026-03-06 15:12:04 | INFO | __main__ | --- Phase 1: PEVmean-GA ---
2026-03-06 15:12:04 | INFO | src.training_set_optimization.ga_subset | GA gen   0/100 | best=19210.166100  gen_best=19210.166100  mean=19323.586456  cache=93
2026-03-06 15:12:06 | INFO | src.training_set_optimization.ga_subset | GA gen   5/100 | best=19061.640522  gen_best=19061.640522  mean=19166.077908  cache=305
2026-03-06 15:12:07 | INFO | src.training_set_optimization.ga_subset | GA gen  10/100 | best=19024.075259  gen_best=19024.075259  mean=19100.223379  cache=521
2026-03-06 15:12:08 | INFO | src.training_set_optimization.ga_subset | GA gen  15/100 | best=18914.297669  gen_best=18914.297669  mean=19007.260806  cache=732
2026-03-06 15:12:10 | INFO | src.training_set_optimization.ga_subset | GA gen  20/100 | best=18884.187730  gen_best=18884.187730  mean=18929.961255  cache=937
2026-03-06 15:12:11 | INFO | src.training_set_optimization.ga_subset | GA gen  25/100 | best=18834.758187  gen_best=18834.758187  mean=18928.134047  cache=1154
2026-03-06 15:12:12 | INFO | src.training_set_optimization.ga_subset | GA gen  30/100 | best=18831.622020  gen_best=18831.622020  mean=18892.747581  cache=1377
2026-03-06 15:12:14 | INFO | src.training_set_optimization.ga_subset | GA gen  35/100 | best=18830.974728  gen_best=18830.974728  mean=18896.956245  cache=1593
2026-03-06 15:12:15 | INFO | src.training_set_optimization.ga_subset | GA gen  40/100 | best=18804.899115  gen_best=18804.899115  mean=18874.242834  cache=1807
2026-03-06 15:12:16 | INFO | src.training_set_optimization.ga_subset | GA gen  45/100 | best=18781.202324  gen_best=18781.202324  mean=18831.229912  cache=2024
2026-03-06 15:12:18 | INFO | src.training_set_optimization.ga_subset | GA gen  50/100 | best=18770.374784  gen_best=18770.374784  mean=18816.820968  cache=2244
2026-03-06 15:12:19 | INFO | src.training_set_optimization.ga_subset | GA gen  55/100 | best=18747.262599  gen_best=18747.262599  mean=18786.628132  cache=2463
2026-03-06 15:12:20 | INFO | src.training_set_optimization.ga_subset | GA gen  60/100 | best=18739.527402  gen_best=18739.527402  mean=18792.326309  cache=2671
2026-03-06 15:12:22 | INFO | src.training_set_optimization.ga_subset | GA gen  65/100 | best=18739.527402  gen_best=18739.527402  mean=18780.030328  cache=2883
2026-03-06 15:12:23 | INFO | src.training_set_optimization.ga_subset | GA gen  70/100 | best=18733.125944  gen_best=18733.125944  mean=18795.913506  cache=3102
2026-03-06 15:12:24 | INFO | src.training_set_optimization.ga_subset | GA gen  75/100 | best=18729.217260  gen_best=18729.217260  mean=18787.151582  cache=3311
2026-03-06 15:12:26 | INFO | src.training_set_optimization.ga_subset | GA gen  80/100 | best=18727.648006  gen_best=18727.648006  mean=18758.639937  cache=3522
2026-03-06 15:12:27 | INFO | src.training_set_optimization.ga_subset | GA gen  85/100 | best=18724.758416  gen_best=18724.758416  mean=18743.660079  cache=3735
2026-03-06 15:12:28 | INFO | src.training_set_optimization.ga_subset | GA gen  90/100 | best=18723.686855  gen_best=18723.686855  mean=18737.610669  cache=3938
2026-03-06 15:12:30 | INFO | src.training_set_optimization.ga_subset | GA gen  95/100 | best=18710.684977  gen_best=18710.684977  mean=18726.525815  cache=4154
2026-03-06 15:12:31 | INFO | src.training_set_optimization.ga_subset | GA gen  99/100 | best=18702.773800  gen_best=18702.773800  mean=18725.455384  cache=4330
2026-03-06 15:12:31 | INFO | src.training_set_optimization.ga_subset | GA finished: best fitness=18702.773800  evals=4330  time=26.8s
2026-03-06 15:12:31 | INFO | __main__ |   PEVmean n_train=500: PEV=18702.773800 (26.8s, 100 gens)
2026-03-06 15:12:33 | INFO | src.training_set_optimization.ga_subset | GA gen   0/100 | best=18795.833965  gen_best=18795.833965  mean=18904.645814  cache=94
2026-03-06 15:12:38 | INFO | src.training_set_optimization.ga_subset | GA gen   5/100 | best=18649.381220  gen_best=18649.381220  mean=18747.517060  cache=308
2026-03-06 15:12:42 | INFO | src.training_set_optimization.ga_subset | GA gen  10/100 | best=18520.957543  gen_best=18520.957543  mean=18638.840913  cache=524
2026-03-06 15:12:47 | INFO | src.training_set_optimization.ga_subset | GA gen  15/100 | best=18477.406657  gen_best=18477.406657  mean=18558.410754  cache=732
2026-03-06 15:12:52 | INFO | src.training_set_optimization.ga_subset | GA gen  20/100 | best=18464.477929  gen_best=18464.477929  mean=18538.021101  cache=949
2026-03-06 15:12:57 | INFO | src.training_set_optimization.ga_subset | GA gen  25/100 | best=18434.746960  gen_best=18434.746960  mean=18517.591866  cache=1161
2026-03-06 15:13:02 | INFO | src.training_set_optimization.ga_subset | GA gen  30/100 | best=18380.263147  gen_best=18380.263147  mean=18485.181596  cache=1383
2026-03-06 15:13:07 | INFO | src.training_set_optimization.ga_subset | GA gen  35/100 | best=18376.331217  gen_best=18376.331217  mean=18425.147022  cache=1602
2026-03-06 15:13:12 | INFO | src.training_set_optimization.ga_subset | GA gen  40/100 | best=18370.098272  gen_best=18370.098272  mean=18386.736819  cache=1825
2026-03-06 15:13:17 | INFO | src.training_set_optimization.ga_subset | GA gen  45/100 | best=18365.114501  gen_best=18365.114501  mean=18388.334612  cache=2038
2026-03-06 15:13:22 | INFO | src.training_set_optimization.ga_subset | GA gen  50/100 | best=18361.661953  gen_best=18361.661953  mean=18391.268306  cache=2256
2026-03-06 15:13:28 | INFO | src.training_set_optimization.ga_subset | GA gen  55/100 | best=18357.922680  gen_best=18357.922680  mean=18385.066806  cache=2476
2026-03-06 15:13:33 | INFO | src.training_set_optimization.ga_subset | GA gen  60/100 | best=18351.522986  gen_best=18351.522986  mean=18393.110278  cache=2698
2026-03-06 15:13:38 | INFO | src.training_set_optimization.ga_subset | GA gen  65/100 | best=18337.236039  gen_best=18337.236039  mean=18373.254439  cache=2911
2026-03-06 15:13:44 | INFO | src.training_set_optimization.ga_subset | GA gen  70/100 | best=18321.372605  gen_best=18321.372605  mean=18368.952693  cache=3135
2026-03-06 15:13:49 | INFO | src.training_set_optimization.ga_subset | GA gen  75/100 | best=18310.280956  gen_best=18310.280956  mean=18362.514528  cache=3349
2026-03-06 15:13:54 | INFO | src.training_set_optimization.ga_subset | GA gen  80/100 | best=18306.008844  gen_best=18306.008844  mean=18344.315321  cache=3566
2026-03-06 15:14:00 | INFO | src.training_set_optimization.ga_subset | GA gen  85/100 | best=18305.844586  gen_best=18305.844586  mean=18349.983730  cache=3782
2026-03-06 15:14:05 | INFO | src.training_set_optimization.ga_subset | GA gen  90/100 | best=18292.638187  gen_best=18292.638187  mean=18320.306490  cache=4001
2026-03-06 15:14:10 | INFO | src.training_set_optimization.ga_subset | GA gen  95/100 | best=18290.414804  gen_best=18290.414804  mean=18318.093538  cache=4213
2026-03-06 15:14:15 | INFO | src.training_set_optimization.ga_subset | GA gen  99/100 | best=18284.175421  gen_best=18284.175421  mean=18307.875811  cache=4391
2026-03-06 15:14:15 | INFO | src.training_set_optimization.ga_subset | GA finished: best fitness=18284.175421  evals=4391  time=103.9s
2026-03-06 15:14:15 | INFO | __main__ |   PEVmean n_train=1000: PEV=18284.175421 (103.9s, 100 gens)
2026-03-06 15:14:21 | INFO | src.training_set_optimization.ga_subset | GA gen   0/100 | best=18127.361898  gen_best=18127.361898  mean=18240.748703  cache=93
2026-03-06 15:14:36 | INFO | src.training_set_optimization.ga_subset | GA gen   5/100 | best=18025.815893  gen_best=18025.815893  mean=18106.111754  cache=311
2026-03-06 15:14:51 | INFO | src.training_set_optimization.ga_subset | GA gen  10/100 | best=17919.399349  gen_best=17919.399349  mean=18000.784955  cache=528
2026-03-06 15:15:06 | INFO | src.training_set_optimization.ga_subset | GA gen  15/100 | best=17895.711375  gen_best=17895.711375  mean=17957.305168  cache=741
2026-03-06 15:15:21 | INFO | src.training_set_optimization.ga_subset | GA gen  20/100 | best=17860.611274  gen_best=17860.611274  mean=17924.695635  cache=959
2026-03-06 15:15:36 | INFO | src.training_set_optimization.ga_subset | GA gen  25/100 | best=17817.636845  gen_best=17817.636845  mean=17883.710696  cache=1177
2026-03-06 15:15:52 | INFO | src.training_set_optimization.ga_subset | GA gen  30/100 | best=17808.856366  gen_best=17808.856366  mean=17862.593384  cache=1397
2026-03-06 15:16:07 | INFO | src.training_set_optimization.ga_subset | GA gen  35/100 | best=17792.014627  gen_best=17792.014627  mean=17845.384655  cache=1611
2026-03-06 15:16:22 | INFO | src.training_set_optimization.ga_subset | GA gen  40/100 | best=17790.039566  gen_best=17790.039566  mean=17838.446946  cache=1825
2026-03-06 15:16:38 | INFO | src.training_set_optimization.ga_subset | GA gen  45/100 | best=17781.837860  gen_best=17781.837860  mean=17787.568519  cache=2034
2026-03-06 15:16:53 | INFO | src.training_set_optimization.ga_subset | GA gen  50/100 | best=17777.601988  gen_best=17777.601988  mean=17787.993449  cache=2244
2026-03-06 15:17:09 | INFO | src.training_set_optimization.ga_subset | GA gen  55/100 | best=17765.159045  gen_best=17765.159045  mean=17783.188569  cache=2457
2026-03-06 15:17:25 | INFO | src.training_set_optimization.ga_subset | GA gen  60/100 | best=17760.820863  gen_best=17760.820863  mean=17782.168217  cache=2671
2026-03-06 15:17:40 | INFO | src.training_set_optimization.ga_subset | GA gen  65/100 | best=17759.943279  gen_best=17759.943279  mean=17782.634041  cache=2887
2026-03-06 15:17:56 | INFO | src.training_set_optimization.ga_subset | GA gen  70/100 | best=17751.339720  gen_best=17751.339720  mean=17764.239568  cache=3100
2026-03-06 15:18:11 | INFO | src.training_set_optimization.ga_subset | GA gen  75/100 | best=17742.496422  gen_best=17742.496422  mean=17763.708801  cache=3312
2026-03-06 15:18:28 | INFO | src.training_set_optimization.ga_subset | GA gen  80/100 | best=17729.595841  gen_best=17729.595841  mean=17767.269585  cache=3543
2026-03-06 15:18:44 | INFO | src.training_set_optimization.ga_subset | GA gen  85/100 | best=17729.595841  gen_best=17729.595841  mean=17767.683716  cache=3761
2026-03-06 15:19:00 | INFO | src.training_set_optimization.ga_subset | GA gen  90/100 | best=17729.308706  gen_best=17729.308706  mean=17763.611146  cache=3979
2026-03-06 15:19:15 | INFO | src.training_set_optimization.ga_subset | GA gen  95/100 | best=17724.974400  gen_best=17724.974400  mean=17749.167251  cache=4183
2026-03-06 15:19:28 | INFO | src.training_set_optimization.ga_subset | GA gen  99/100 | best=17722.641673  gen_best=17722.641673  mean=17737.095685  cache=4350
2026-03-06 15:19:28 | INFO | src.training_set_optimization.ga_subset | GA finished: best fitness=17722.641673  evals=4350  time=313.0s
2026-03-06 15:19:28 | INFO | __main__ |   PEVmean n_train=2000: PEV=17722.641673 (313.1s, 100 gens)
2026-03-06 15:19:42 | INFO | src.training_set_optimization.ga_subset | GA gen   0/100 | best=17596.350712  gen_best=17596.350712  mean=17680.572871  cache=94
2026-03-06 15:20:15 | INFO | src.training_set_optimization.ga_subset | GA gen   5/100 | best=17520.881668  gen_best=17520.881668  mean=17585.668769  cache=312
2026-03-06 15:20:49 | INFO | src.training_set_optimization.ga_subset | GA gen  10/100 | best=17478.342518  gen_best=17478.342518  mean=17536.139619  cache=538
2026-03-06 15:21:21 | INFO | src.training_set_optimization.ga_subset | GA gen  15/100 | best=17447.816013  gen_best=17447.816013  mean=17503.811981  cache=747
2026-03-06 15:21:53 | INFO | src.training_set_optimization.ga_subset | GA gen  20/100 | best=17393.541276  gen_best=17393.541276  mean=17444.814121  cache=960
2026-03-06 15:22:25 | INFO | src.training_set_optimization.ga_subset | GA gen  25/100 | best=17378.722906  gen_best=17378.722906  mean=17434.152166  cache=1168
2026-03-06 15:22:58 | INFO | src.training_set_optimization.ga_subset | GA gen  30/100 | best=17373.170107  gen_best=17373.170107  mean=17417.439491  cache=1386
2026-03-06 15:23:31 | INFO | src.training_set_optimization.ga_subset | GA gen  35/100 | best=17351.483517  gen_best=17351.483517  mean=17396.680119  cache=1606
2026-03-06 15:24:04 | INFO | src.training_set_optimization.ga_subset | GA gen  40/100 | best=17340.532593  gen_best=17340.532593  mean=17396.466919  cache=1825
2026-03-06 15:24:36 | INFO | src.training_set_optimization.ga_subset | GA gen  45/100 | best=17324.316423  gen_best=17324.316423  mean=17382.521616  cache=2036
2026-03-06 15:25:08 | INFO | src.training_set_optimization.ga_subset | GA gen  50/100 | best=17323.948116  gen_best=17323.948116  mean=17366.103917  cache=2247
2026-03-06 15:25:39 | INFO | src.training_set_optimization.ga_subset | GA gen  55/100 | best=17305.459748  gen_best=17305.459748  mean=17323.468199  cache=2453
2026-03-06 15:26:12 | INFO | src.training_set_optimization.ga_subset | GA gen  60/100 | best=17290.936052  gen_best=17290.936052  mean=17317.251376  cache=2672
2026-03-06 15:26:44 | INFO | src.training_set_optimization.ga_subset | GA gen  65/100 | best=17288.203559  gen_best=17288.203559  mean=17314.737373  cache=2883
2026-03-06 15:27:17 | INFO | src.training_set_optimization.ga_subset | GA gen  70/100 | best=17279.186584  gen_best=17279.186584  mean=17309.055110  cache=3099
2026-03-06 15:27:49 | INFO | src.training_set_optimization.ga_subset | GA gen  75/100 | best=17277.448631  gen_best=17277.448631  mean=17300.793625  cache=3313
2026-03-06 15:28:22 | INFO | src.training_set_optimization.ga_subset | GA gen  80/100 | best=17274.624234  gen_best=17274.624234  mean=17307.507526  cache=3530
2026-03-06 15:28:53 | INFO | src.training_set_optimization.ga_subset | GA gen  85/100 | best=17274.116050  gen_best=17274.116050  mean=17276.835619  cache=3739
2026-03-06 15:29:26 | INFO | src.training_set_optimization.ga_subset | GA gen  90/100 | best=17272.609181  gen_best=17272.609181  mean=17280.844666  cache=3959
2026-03-06 15:29:58 | INFO | src.training_set_optimization.ga_subset | GA gen  95/100 | best=17269.660935  gen_best=17269.660935  mean=17281.699103  cache=4169
2026-03-06 15:30:25 | INFO | src.training_set_optimization.ga_subset | GA gen  99/100 | best=17263.033554  gen_best=17263.033554  mean=17284.024734  cache=4348
2026-03-06 15:30:25 | INFO | src.training_set_optimization.ga_subset | GA finished: best fitness=17263.033554  evals=4348  time=657.2s
2026-03-06 15:30:25 | INFO | __main__ |   PEVmean n_train=3000: PEV=17263.033554 (657.3s, 100 gens)
2026-03-06 15:30:49 | INFO | src.training_set_optimization.ga_subset | GA gen   0/100 | best=17136.580495  gen_best=17136.580495  mean=17195.483058  cache=90
2026-03-06 15:31:50 | INFO | src.training_set_optimization.ga_subset | GA gen   5/100 | best=17074.808702  gen_best=17074.808702  mean=17157.437820  cache=313
2026-03-06 15:32:48 | INFO | src.training_set_optimization.ga_subset | GA gen  10/100 | best=17068.992000  gen_best=17068.992000  mean=17115.519735  cache=525
2026-03-06 15:33:49 | INFO | src.training_set_optimization.ga_subset | GA gen  15/100 | best=17037.349849  gen_best=17037.349849  mean=17101.450355  cache=748
2026-03-06 15:34:49 | INFO | src.training_set_optimization.ga_subset | GA gen  20/100 | best=17014.119551  gen_best=17014.119551  mean=17080.140470  cache=968
2026-03-06 15:35:47 | INFO | src.training_set_optimization.ga_subset | GA gen  25/100 | best=17005.316576  gen_best=17005.316576  mean=17018.716945  cache=1180
2026-03-06 15:36:45 | INFO | src.training_set_optimization.ga_subset | GA gen  30/100 | best=16990.878116  gen_best=16990.878116  mean=17020.035866  cache=1394
2026-03-06 15:37:44 | INFO | src.training_set_optimization.ga_subset | GA gen  35/100 | best=16983.705061  gen_best=16983.705061  mean=17017.118074  cache=1608
2026-03-06 15:38:46 | INFO | src.training_set_optimization.ga_subset | GA gen  40/100 | best=16981.497459  gen_best=16981.497459  mean=17024.766161  cache=1834
2026-03-06 15:39:44 | INFO | src.training_set_optimization.ga_subset | GA gen  45/100 | best=16981.460879  gen_best=16981.460879  mean=17019.348312  cache=2047
2026-03-06 15:40:37 | INFO | src.training_set_optimization.ga_subset | GA gen  50/100 | best=16980.406360  gen_best=16980.406360  mean=16985.238271  cache=2244
2026-03-06 15:41:34 | INFO | src.training_set_optimization.ga_subset | GA gen  55/100 | best=16979.691657  gen_best=16979.691657  mean=16984.489883  cache=2450
2026-03-06 15:42:30 | INFO | src.training_set_optimization.ga_subset | GA gen  60/100 | best=16979.249789  gen_best=16979.249789  mean=16987.695499  cache=2657
2026-03-06 15:43:31 | INFO | src.training_set_optimization.ga_subset | GA gen  65/100 | best=16972.040119  gen_best=16972.040119  mean=16988.908892  cache=2881
2026-03-06 15:44:31 | INFO | src.training_set_optimization.ga_subset | GA gen  70/100 | best=16970.319230  gen_best=16970.319230  mean=16982.270926  cache=3102
2026-03-06 15:45:31 | INFO | src.training_set_optimization.ga_subset | GA gen  75/100 | best=16970.175001  gen_best=16970.175001  mean=16983.114893  cache=3321
2026-03-06 15:46:27 | INFO | src.training_set_optimization.ga_subset | GA gen  80/100 | best=16968.015595  gen_best=16968.015595  mean=16974.083744  cache=3524
2026-03-06 15:47:27 | INFO | src.training_set_optimization.ga_subset | GA gen  85/100 | best=16965.520181  gen_best=16965.520181  mean=16976.060900  cache=3744
2026-03-06 15:48:27 | INFO | src.training_set_optimization.ga_subset | GA gen  90/100 | best=16958.329527  gen_best=16958.329527  mean=16970.226461  cache=3965
2026-03-06 15:49:27 | INFO | src.training_set_optimization.ga_subset | GA gen  95/100 | best=16955.679343  gen_best=16955.679343  mean=16969.059832  cache=4184
2026-03-06 15:50:11 | INFO | src.training_set_optimization.ga_subset | GA gen  99/100 | best=16954.799618  gen_best=16954.799618  mean=16968.873128  cache=4343
2026-03-06 15:50:11 | INFO | src.training_set_optimization.ga_subset | GA finished: best fitness=16954.799618  evals=4343  time=1185.7s
2026-03-06 15:50:11 | INFO | __main__ |   PEVmean n_train=4000: PEV=16954.799618 (1185.9s, 100 gens)
2026-03-06 15:50:11 | INFO | __main__ | --- Phase 2: n_cal=25 (seed=995953134) | cal=25, test=169 ---
2026-03-06 15:50:13 | INFO | __main__ |   all_individuals: corr_test=0.2100 corr_cal=0.3127
2026-03-06 15:50:20 | INFO | src.training_set_optimization.ga_subset | GA gen   0/100 | best=-0.001022  gen_best=-0.001022  mean=-0.000377  cache=55
2026-03-06 15:50:35 | INFO | src.training_set_optimization.ga_subset | GA gen   5/100 | best=-0.001579  gen_best=-0.001579  mean=-0.001215  cache=176
2026-03-06 15:50:50 | INFO | src.training_set_optimization.ga_subset | GA gen  10/100 | best=-0.001598  gen_best=-0.001598  mean=-0.001361  cache=302
2026-03-06 15:51:05 | INFO | src.training_set_optimization.ga_subset | GA gen  15/100 | best=-0.001725  gen_best=-0.001725  mean=-0.001541  cache=416
2026-03-06 15:51:19 | INFO | src.training_set_optimization.ga_subset | GA gen  20/100 | best=-0.001795  gen_best=-0.001795  mean=-0.001640  cache=532
2026-03-06 15:51:35 | INFO | src.training_set_optimization.ga_subset | GA gen  25/100 | best=-0.001857  gen_best=-0.001857  mean=-0.001725  cache=657
2026-03-06 15:51:48 | INFO | src.training_set_optimization.ga_subset | GA gen  30/100 | best=-0.001899  gen_best=-0.001899  mean=-0.001855  cache=767
2026-03-06 15:52:03 | INFO | src.training_set_optimization.ga_subset | GA gen  35/100 | best=-0.001928  gen_best=-0.001928  mean=-0.001890  cache=883
2026-03-06 15:52:17 | INFO | src.training_set_optimization.ga_subset | GA gen  40/100 | best=-0.001940  gen_best=-0.001940  mean=-0.001862  cache=1001
2026-03-06 15:52:34 | INFO | src.training_set_optimization.ga_subset | GA gen  45/100 | best=-0.001950  gen_best=-0.001950  mean=-0.001889  cache=1127
2026-03-06 15:52:51 | INFO | src.training_set_optimization.ga_subset | GA gen  50/100 | best=-0.001961  gen_best=-0.001961  mean=-0.001912  cache=1252
2026-03-06 15:53:07 | INFO | src.training_set_optimization.ga_subset | GA gen  55/100 | best=-0.001964  gen_best=-0.001964  mean=-0.001950  cache=1370
2026-03-06 15:53:26 | INFO | src.training_set_optimization.ga_subset | GA gen  60/100 | best=-0.001969  gen_best=-0.001969  mean=-0.001945  cache=1500
2026-03-06 15:53:40 | INFO | src.training_set_optimization.ga_subset | GA gen  65/100 | best=-0.001973  gen_best=-0.001973  mean=-0.001959  cache=1622
2026-03-06 15:53:54 | INFO | src.training_set_optimization.ga_subset | GA gen  70/100 | best=-0.001979  gen_best=-0.001979  mean=-0.001972  cache=1734
2026-03-06 15:54:09 | INFO | src.training_set_optimization.ga_subset | GA gen  75/100 | best=-0.001984  gen_best=-0.001984  mean=-0.001965  cache=1855
2026-03-06 15:54:25 | INFO | src.training_set_optimization.ga_subset | GA gen  80/100 | best=-0.001986  gen_best=-0.001986  mean=-0.001932  cache=1975
2026-03-06 15:54:40 | INFO | src.training_set_optimization.ga_subset | GA gen  85/100 | best=-0.001989  gen_best=-0.001989  mean=-0.001974  cache=2093
2026-03-06 15:54:55 | INFO | src.training_set_optimization.ga_subset | GA gen  90/100 | best=-0.001991  gen_best=-0.001991  mean=-0.001972  cache=2212
2026-03-06 15:55:08 | INFO | src.training_set_optimization.ga_subset | GA gen  95/100 | best=-0.001992  gen_best=-0.001992  mean=-0.001988  cache=2304
2026-03-06 15:55:20 | INFO | src.training_set_optimization.ga_subset | GA gen  99/100 | best=-0.001993  gen_best=-0.001993  mean=-0.001982  cache=2397
2026-03-06 15:55:20 | INFO | src.training_set_optimization.ga_subset | GA finished: best fitness=-0.001993  evals=2397  time=307.3s
2026-03-06 15:55:21 | INFO | __main__ |     calibration_ga n=500: corr_test=0.0330 corr_cal=0.9964 fitness=0.001993 (307.3s)
2026-03-06 15:55:21 | INFO | __main__ |     pevmean_ga   n=500: corr_test=0.2134 corr_cal=0.2721 PEV=18702.773800
2026-03-06 15:55:22 | INFO | __main__ |     random (5): mean corr_test=0.0797
2026-03-06 15:55:41 | INFO | src.training_set_optimization.ga_subset | GA gen   0/100 | best=-0.000508  gen_best=-0.000508  mean=-0.000211  cache=56
2026-03-06 15:56:24 | INFO | src.training_set_optimization.ga_subset | GA gen   5/100 | best=-0.000721  gen_best=-0.000721  mean=-0.000641  cache=183
2026-03-06 15:57:04 | INFO | src.training_set_optimization.ga_subset | GA gen  10/100 | best=-0.000842  gen_best=-0.000842  mean=-0.000768  cache=306
2026-03-06 15:57:38 | INFO | src.training_set_optimization.ga_subset | GA gen  15/100 | best=-0.000892  gen_best=-0.000892  mean=-0.000803  cache=427
2026-03-06 15:58:19 | INFO | src.training_set_optimization.ga_subset | GA gen  20/100 | best=-0.000904  gen_best=-0.000904  mean=-0.000841  cache=547
2026-03-06 15:58:59 | INFO | src.training_set_optimization.ga_subset | GA gen  25/100 | best=-0.000940  gen_best=-0.000940  mean=-0.000859  cache=669
2026-03-06 15:59:42 | INFO | src.training_set_optimization.ga_subset | GA gen  30/100 | best=-0.000940  gen_best=-0.000940  mean=-0.000878  cache=798
2026-03-06 16:00:16 | INFO | src.training_set_optimization.ga_subset | GA gen  35/100 | best=-0.000940  gen_best=-0.000940  mean=-0.000931  cache=904
2026-03-06 16:00:54 | INFO | src.training_set_optimization.ga_subset | GA gen  40/100 | best=-0.000951  gen_best=-0.000951  mean=-0.000936  cache=1016
2026-03-06 16:01:30 | INFO | src.training_set_optimization.ga_subset | GA gen  45/100 | best=-0.000964  gen_best=-0.000964  mean=-0.000946  cache=1135
2026-03-06 16:02:01 | INFO | src.training_set_optimization.ga_subset | GA gen  50/100 | best=-0.000966  gen_best=-0.000966  mean=-0.000953  cache=1255
2026-03-06 16:02:39 | INFO | src.training_set_optimization.ga_subset | GA gen  55/100 | best=-0.000972  gen_best=-0.000972  mean=-0.000954  cache=1379
2026-03-06 16:03:20 | INFO | src.training_set_optimization.ga_subset | GA gen  60/100 | best=-0.000977  gen_best=-0.000977  mean=-0.000968  cache=1503
2026-03-06 16:04:01 | INFO | src.training_set_optimization.ga_subset | GA gen  65/100 | best=-0.000981  gen_best=-0.000981  mean=-0.000958  cache=1626
2026-03-06 16:04:36 | INFO | src.training_set_optimization.ga_subset | GA gen  70/100 | best=-0.000984  gen_best=-0.000984  mean=-0.000980  cache=1740
2026-03-06 16:05:15 | INFO | src.training_set_optimization.ga_subset | GA gen  75/100 | best=-0.000987  gen_best=-0.000987  mean=-0.000981  cache=1862
2026-03-06 16:05:52 | INFO | src.training_set_optimization.ga_subset | GA gen  80/100 | best=-0.000989  gen_best=-0.000989  mean=-0.000982  cache=1973
2026-03-06 16:06:32 | INFO | src.training_set_optimization.ga_subset | GA gen  85/100 | best=-0.000990  gen_best=-0.000990  mean=-0.000984  cache=2092
2026-03-06 16:07:09 | INFO | src.training_set_optimization.ga_subset | GA gen  90/100 | best=-0.000990  gen_best=-0.000990  mean=-0.000981  cache=2220
2026-03-06 16:07:42 | INFO | src.training_set_optimization.ga_subset | GA gen  95/100 | best=-0.000992  gen_best=-0.000992  mean=-0.000987  cache=2333
2026-03-06 16:08:15 | INFO | src.training_set_optimization.ga_subset | GA gen  99/100 | best=-0.000994  gen_best=-0.000994  mean=-0.000990  cache=2434
2026-03-06 16:08:15 | INFO | src.training_set_optimization.ga_subset | GA finished: best fitness=-0.000994  evals=2434  time=773.2s
2026-03-06 16:08:15 | INFO | __main__ |     calibration_ga n=1000: corr_test=0.0573 corr_cal=0.9940 fitness=0.000994 (773.2s)
2026-03-06 16:08:15 | INFO | __main__ |     pevmean_ga   n=1000: corr_test=0.1625 corr_cal=0.2292 PEV=18284.175421
2026-03-06 16:08:17 | INFO | __main__ |     random (5): mean corr_test=0.1655
2026-03-06 16:08:49 | INFO | src.training_set_optimization.ga_subset | GA gen   0/100 | best=-0.000287  gen_best=-0.000287  mean=-0.000147  cache=56
2026-03-06 16:09:58 | INFO | src.training_set_optimization.ga_subset | GA gen   5/100 | best=-0.000353  gen_best=-0.000353  mean=-0.000305  cache=179
2026-03-06 16:11:15 | INFO | src.training_set_optimization.ga_subset | GA gen  10/100 | best=-0.000396  gen_best=-0.000396  mean=-0.000346  cache=310
2026-03-06 16:12:25 | INFO | src.training_set_optimization.ga_subset | GA gen  15/100 | best=-0.000413  gen_best=-0.000413  mean=-0.000377  cache=430
2026-03-06 16:13:30 | INFO | src.training_set_optimization.ga_subset | GA gen  20/100 | best=-0.000423  gen_best=-0.000423  mean=-0.000399  cache=542
2026-03-06 16:14:38 | INFO | src.training_set_optimization.ga_subset | GA gen  25/100 | best=-0.000451  gen_best=-0.000451  mean=-0.000424  cache=666
2026-03-06 16:15:40 | INFO | src.training_set_optimization.ga_subset | GA gen  30/100 | best=-0.000461  gen_best=-0.000461  mean=-0.000451  cache=774
2026-03-06 16:16:54 | INFO | src.training_set_optimization.ga_subset | GA gen  35/100 | best=-0.000466  gen_best=-0.000466  mean=-0.000454  cache=895
2026-03-06 16:18:02 | INFO | src.training_set_optimization.ga_subset | GA gen  40/100 | best=-0.000468  gen_best=-0.000468  mean=-0.000455  cache=1020
2026-03-06 16:19:06 | INFO | src.training_set_optimization.ga_subset | GA gen  45/100 | best=-0.000470  gen_best=-0.000470  mean=-0.000468  cache=1136
2026-03-06 16:20:15 | INFO | src.training_set_optimization.ga_subset | GA gen  50/100 | best=-0.000473  gen_best=-0.000473  mean=-0.000469  cache=1261
2026-03-06 16:21:29 | INFO | src.training_set_optimization.ga_subset | GA gen  55/100 | best=-0.000474  gen_best=-0.000474  mean=-0.000470  cache=1388
2026-03-06 16:22:39 | INFO | src.training_set_optimization.ga_subset | GA gen  60/100 | best=-0.000476  gen_best=-0.000476  mean=-0.000472  cache=1515
2026-03-06 16:23:55 | INFO | src.training_set_optimization.ga_subset | GA gen  65/100 | best=-0.000478  gen_best=-0.000478  mean=-0.000473  cache=1644
2026-03-06 16:25:05 | INFO | src.training_set_optimization.ga_subset | GA gen  70/100 | best=-0.000479  gen_best=-0.000479  mean=-0.000475  cache=1767
2026-03-06 16:26:17 | INFO | src.training_set_optimization.ga_subset | GA gen  75/100 | best=-0.000483  gen_best=-0.000483  mean=-0.000479  cache=1889
2026-03-06 16:27:28 | INFO | src.training_set_optimization.ga_subset | GA gen  80/100 | best=-0.000485  gen_best=-0.000485  mean=-0.000483  cache=2011
2026-03-06 16:28:41 | INFO | src.training_set_optimization.ga_subset | GA gen  85/100 | best=-0.000486  gen_best=-0.000486  mean=-0.000483  cache=2136
2026-03-06 16:29:54 | INFO | src.training_set_optimization.ga_subset | GA gen  90/100 | best=-0.000488  gen_best=-0.000488  mean=-0.000483  cache=2258
2026-03-06 16:31:01 | INFO | src.training_set_optimization.ga_subset | GA gen  95/100 | best=-0.000489  gen_best=-0.000489  mean=-0.000485  cache=2380
2026-03-06 16:31:59 | INFO | src.training_set_optimization.ga_subset | GA gen  99/100 | best=-0.000489  gen_best=-0.000489  mean=-0.000486  cache=2484
2026-03-06 16:31:59 | INFO | src.training_set_optimization.ga_subset | GA finished: best fitness=-0.000489  evals=2484  time=1421.6s
2026-03-06 16:32:00 | INFO | __main__ |     calibration_ga n=2000: corr_test=0.1497 corr_cal=0.9784 fitness=0.000489 (1421.6s)
2026-03-06 16:32:00 | INFO | __main__ |     pevmean_ga   n=2000: corr_test=0.1956 corr_cal=0.2459 PEV=17722.641673
2026-03-06 16:32:03 | INFO | __main__ |     random (5): mean corr_test=0.1607
2026-03-06 16:32:51 | INFO | src.training_set_optimization.ga_subset | GA gen   0/100 | best=-0.000203  gen_best=-0.000203  mean=-0.000112  cache=57
2026-03-06 16:34:32 | INFO | src.training_set_optimization.ga_subset | GA gen   5/100 | best=-0.000228  gen_best=-0.000228  mean=-0.000189  cache=179
2026-03-06 16:36:18 | INFO | src.training_set_optimization.ga_subset | GA gen  10/100 | best=-0.000250  gen_best=-0.000250  mean=-0.000228  cache=307
2026-03-06 16:38:00 | INFO | src.training_set_optimization.ga_subset | GA gen  15/100 | best=-0.000275  gen_best=-0.000275  mean=-0.000249  cache=430
2026-03-06 16:39:41 | INFO | src.training_set_optimization.ga_subset | GA gen  20/100 | best=-0.000287  gen_best=-0.000287  mean=-0.000274  cache=553
2026-03-06 16:41:19 | INFO | src.training_set_optimization.ga_subset | GA gen  25/100 | best=-0.000302  gen_best=-0.000302  mean=-0.000283  cache=673
2026-03-06 16:42:57 | INFO | src.training_set_optimization.ga_subset | GA gen  30/100 | best=-0.000310  gen_best=-0.000310  mean=-0.000300  cache=791
2026-03-06 16:44:30 | INFO | src.training_set_optimization.ga_subset | GA gen  35/100 | best=-0.000312  gen_best=-0.000312  mean=-0.000310  cache=905
2026-03-06 16:46:04 | INFO | src.training_set_optimization.ga_subset | GA gen  40/100 | best=-0.000314  gen_best=-0.000314  mean=-0.000311  cache=1021
2026-03-06 16:47:40 | INFO | src.training_set_optimization.ga_subset | GA gen  45/100 | best=-0.000316  gen_best=-0.000316  mean=-0.000311  cache=1139
2026-03-06 16:49:15 | INFO | src.training_set_optimization.ga_subset | GA gen  50/100 | best=-0.000317  gen_best=-0.000317  mean=-0.000315  cache=1256
2026-03-06 16:50:52 | INFO | src.training_set_optimization.ga_subset | GA gen  55/100 | best=-0.000319  gen_best=-0.000319  mean=-0.000317  cache=1372
2026-03-06 16:52:24 | INFO | src.training_set_optimization.ga_subset | GA gen  60/100 | best=-0.000319  gen_best=-0.000319  mean=-0.000318  cache=1484
2026-03-06 16:54:05 | INFO | src.training_set_optimization.ga_subset | GA gen  65/100 | best=-0.000320  gen_best=-0.000320  mean=-0.000319  cache=1609
2026-03-06 16:55:38 | INFO | src.training_set_optimization.ga_subset | GA gen  70/100 | best=-0.000321  gen_best=-0.000321  mean=-0.000320  cache=1723
2026-03-06 16:57:20 | INFO | src.training_set_optimization.ga_subset | GA gen  75/100 | best=-0.000323  gen_best=-0.000323  mean=-0.000321  cache=1846
2026-03-06 16:59:05 | INFO | src.training_set_optimization.ga_subset | GA gen  80/100 | best=-0.000324  gen_best=-0.000324  mean=-0.000322  cache=1974
2026-03-06 17:00:39 | INFO | src.training_set_optimization.ga_subset | GA gen  85/100 | best=-0.000325  gen_best=-0.000325  mean=-0.000323  cache=2088
2026-03-06 17:02:24 | INFO | src.training_set_optimization.ga_subset | GA gen  90/100 | best=-0.000325  gen_best=-0.000325  mean=-0.000324  cache=2214
2026-03-06 17:04:05 | INFO | src.training_set_optimization.ga_subset | GA gen  95/100 | best=-0.000327  gen_best=-0.000327  mean=-0.000326  cache=2336
2026-03-06 17:05:26 | INFO | src.training_set_optimization.ga_subset | GA gen  99/100 | best=-0.000328  gen_best=-0.000328  mean=-0.000327  cache=2435
2026-03-06 17:05:26 | INFO | src.training_set_optimization.ga_subset | GA finished: best fitness=-0.000328  evals=2435  time=2002.4s
2026-03-06 17:05:27 | INFO | __main__ |     calibration_ga n=3000: corr_test=0.0793 corr_cal=0.9836 fitness=0.000328 (2002.6s)
2026-03-06 17:05:28 | INFO | __main__ |     pevmean_ga   n=3000: corr_test=0.2002 corr_cal=0.2872 PEV=17263.033554
2026-03-06 17:05:32 | INFO | __main__ |     random (5): mean corr_test=0.1671
2026-03-06 17:06:40 | INFO | src.training_set_optimization.ga_subset | GA gen   0/100 | best=-0.000129  gen_best=-0.000129  mean=-0.000085  cache=55
2026-03-06 17:09:10 | INFO | src.training_set_optimization.ga_subset | GA gen   5/100 | best=-0.000157  gen_best=-0.000157  mean=-0.000127  cache=177
2026-03-06 17:11:40 | INFO | src.training_set_optimization.ga_subset | GA gen  10/100 | best=-0.000165  gen_best=-0.000165  mean=-0.000152  cache=298
2026-03-06 17:14:08 | INFO | src.training_set_optimization.ga_subset | GA gen  15/100 | best=-0.000169  gen_best=-0.000169  mean=-0.000166  cache=417
2026-03-06 17:16:44 | INFO | src.training_set_optimization.ga_subset | GA gen  20/100 | best=-0.000170  gen_best=-0.000170  mean=-0.000167  cache=545
2026-03-06 17:19:02 | INFO | src.training_set_optimization.ga_subset | GA gen  25/100 | best=-0.000171  gen_best=-0.000171  mean=-0.000167  cache=658
2026-03-06 17:21:41 | INFO | src.training_set_optimization.ga_subset | GA gen  30/100 | best=-0.000175  gen_best=-0.000175  mean=-0.000171  cache=787
2026-03-06 17:24:14 | INFO | src.training_set_optimization.ga_subset | GA gen  35/100 | best=-0.000177  gen_best=-0.000177  mean=-0.000174  cache=910
2026-03-06 17:26:39 | INFO | src.training_set_optimization.ga_subset | GA gen  40/100 | best=-0.000179  gen_best=-0.000179  mean=-0.000176  cache=1027
2026-03-06 17:29:10 | INFO | src.training_set_optimization.ga_subset | GA gen  45/100 | best=-0.000180  gen_best=-0.000180  mean=-0.000179  cache=1149
2026-03-06 17:31:40 | INFO | src.training_set_optimization.ga_subset | GA gen  50/100 | best=-0.000184  gen_best=-0.000184  mean=-0.000179  cache=1270
2026-03-06 17:34:04 | INFO | src.training_set_optimization.ga_subset | GA gen  55/100 | best=-0.000185  gen_best=-0.000185  mean=-0.000182  cache=1386
2026-03-06 17:36:26 | INFO | src.training_set_optimization.ga_subset | GA gen  60/100 | best=-0.000186  gen_best=-0.000186  mean=-0.000184  cache=1501
2026-03-06 17:39:07 | INFO | src.training_set_optimization.ga_subset | GA gen  65/100 | best=-0.000188  gen_best=-0.000188  mean=-0.000185  cache=1631
2026-03-06 17:41:36 | INFO | src.training_set_optimization.ga_subset | GA gen  70/100 | best=-0.000190  gen_best=-0.000190  mean=-0.000186  cache=1751
2026-03-06 17:44:06 | INFO | src.training_set_optimization.ga_subset | GA gen  75/100 | best=-0.000192  gen_best=-0.000192  mean=-0.000190  cache=1872
2026-03-06 17:46:27 | INFO | src.training_set_optimization.ga_subset | GA gen  80/100 | best=-0.000195  gen_best=-0.000195  mean=-0.000193  cache=1986
2026-03-06 17:49:03 | INFO | src.training_set_optimization.ga_subset | GA gen  85/100 | best=-0.000200  gen_best=-0.000200  mean=-0.000195  cache=2113
2026-03-06 17:51:35 | INFO | src.training_set_optimization.ga_subset | GA gen  90/100 | best=-0.000203  gen_best=-0.000203  mean=-0.000197  cache=2237
2026-03-06 17:53:54 | INFO | src.training_set_optimization.ga_subset | GA gen  95/100 | best=-0.000205  gen_best=-0.000205  mean=-0.000203  cache=2349
2026-03-06 17:55:57 | INFO | src.training_set_optimization.ga_subset | GA gen  99/100 | best=-0.000207  gen_best=-0.000207  mean=-0.000204  cache=2448
2026-03-06 17:55:57 | INFO | src.training_set_optimization.ga_subset | GA finished: best fitness=-0.000207  evals=2448  time=3024.5s
2026-03-06 17:55:58 | INFO | __main__ |     calibration_ga n=4000: corr_test=0.1578 corr_cal=0.8280 fitness=0.000207 (3024.6s)
2026-03-06 17:55:59 | INFO | __main__ |     pevmean_ga   n=4000: corr_test=0.1759 corr_cal=0.2200 PEV=16954.799618
2026-03-06 17:56:06 | INFO | __main__ |     random (5): mean corr_test=0.1914
2026-03-06 17:56:06 | INFO | __main__ | --- Phase 2: n_cal=50 (seed=1439194918) | cal=50, test=144 ---
2026-03-06 17:56:08 | INFO | __main__ |   all_individuals: corr_test=0.2035 corr_cal=0.2219
2026-03-06 17:56:16 | INFO | src.training_set_optimization.ga_subset | GA gen   0/100 | best=-0.000730  gen_best=-0.000730  mean=-0.000362  cache=57
2026-03-06 17:56:33 | INFO | src.training_set_optimization.ga_subset | GA gen   5/100 | best=-0.001117  gen_best=-0.001117  mean=-0.000870  cache=179
2026-03-06 17:56:50 | INFO | src.training_set_optimization.ga_subset | GA gen  10/100 | best=-0.001320  gen_best=-0.001320  mean=-0.001097  cache=306
2026-03-06 17:57:05 | INFO | src.training_set_optimization.ga_subset | GA gen  15/100 | best=-0.001399  gen_best=-0.001399  mean=-0.001314  cache=416
2026-03-06 17:57:20 | INFO | src.training_set_optimization.ga_subset | GA gen  20/100 | best=-0.001425  gen_best=-0.001425  mean=-0.001341  cache=534
2026-03-06 17:57:36 | INFO | src.training_set_optimization.ga_subset | GA gen  25/100 | best=-0.001492  gen_best=-0.001492  mean=-0.001404  cache=654
2026-03-06 17:57:51 | INFO | src.training_set_optimization.ga_subset | GA gen  30/100 | best=-0.001546  gen_best=-0.001546  mean=-0.001461  cache=775
2026-03-06 17:58:07 | INFO | src.training_set_optimization.ga_subset | GA gen  35/100 | best=-0.001568  gen_best=-0.001568  mean=-0.001522  cache=892
2026-03-06 17:58:23 | INFO | src.training_set_optimization.ga_subset | GA gen  40/100 | best=-0.001614  gen_best=-0.001614  mean=-0.001566  cache=1008
2026-03-06 17:58:39 | INFO | src.training_set_optimization.ga_subset | GA gen  45/100 | best=-0.001646  gen_best=-0.001646  mean=-0.001604  cache=1126
2026-03-06 17:58:53 | INFO | src.training_set_optimization.ga_subset | GA gen  50/100 | best=-0.001676  gen_best=-0.001676  mean=-0.001643  cache=1247
2026-03-06 17:59:08 | INFO | src.training_set_optimization.ga_subset | GA gen  55/100 | best=-0.001707  gen_best=-0.001707  mean=-0.001667  cache=1369
2026-03-06 17:59:25 | INFO | src.training_set_optimization.ga_subset | GA gen  60/100 | best=-0.001721  gen_best=-0.001721  mean=-0.001700  cache=1495
2026-03-06 17:59:42 | INFO | src.training_set_optimization.ga_subset | GA gen  65/100 | best=-0.001746  gen_best=-0.001746  mean=-0.001717  cache=1616
2026-03-06 17:59:58 | INFO | src.training_set_optimization.ga_subset | GA gen  70/100 | best=-0.001761  gen_best=-0.001761  mean=-0.001735  cache=1731
2026-03-06 18:00:14 | INFO | src.training_set_optimization.ga_subset | GA gen  75/100 | best=-0.001787  gen_best=-0.001787  mean=-0.001767  cache=1850
2026-03-06 18:00:31 | INFO | src.training_set_optimization.ga_subset | GA gen  80/100 | best=-0.001816  gen_best=-0.001816  mean=-0.001764  cache=1969
2026-03-06 18:00:47 | INFO | src.training_set_optimization.ga_subset | GA gen  85/100 | best=-0.001826  gen_best=-0.001826  mean=-0.001784  cache=2095
2026-03-06 18:01:02 | INFO | src.training_set_optimization.ga_subset | GA gen  90/100 | best=-0.001846  gen_best=-0.001846  mean=-0.001812  cache=2217
2026-03-06 18:01:17 | INFO | src.training_set_optimization.ga_subset | GA gen  95/100 | best=-0.001848  gen_best=-0.001848  mean=-0.001829  cache=2337
2026-03-06 18:01:28 | INFO | src.training_set_optimization.ga_subset | GA gen  99/100 | best=-0.001859  gen_best=-0.001859  mean=-0.001840  cache=2425
2026-03-06 18:01:28 | INFO | src.training_set_optimization.ga_subset | GA finished: best fitness=-0.001859  evals=2425  time=320.6s
2026-03-06 18:01:29 | INFO | __main__ |     calibration_ga n=500: corr_test=-0.0056 corr_cal=0.9293 fitness=0.001859 (320.6s)
2026-03-06 18:01:29 | INFO | __main__ |     pevmean_ga   n=500: corr_test=0.1934 corr_cal=0.2766 PEV=18702.773800
2026-03-06 18:01:30 | INFO | __main__ |     random (5): mean corr_test=0.1209
2026-03-06 18:01:47 | INFO | src.training_set_optimization.ga_subset | GA gen   0/100 | best=-0.000299  gen_best=-0.000299  mean=-0.000159  cache=56
2026-03-06 18:02:27 | INFO | src.training_set_optimization.ga_subset | GA gen   5/100 | best=-0.000535  gen_best=-0.000535  mean=-0.000399  cache=181
2026-03-06 18:03:00 | INFO | src.training_set_optimization.ga_subset | GA gen  10/100 | best=-0.000633  gen_best=-0.000633  mean=-0.000567  cache=301
2026-03-06 18:03:38 | INFO | src.training_set_optimization.ga_subset | GA gen  15/100 | best=-0.000670  gen_best=-0.000670  mean=-0.000615  cache=420
2026-03-06 18:04:09 | INFO | src.training_set_optimization.ga_subset | GA gen  20/100 | best=-0.000709  gen_best=-0.000709  mean=-0.000634  cache=540
2026-03-06 18:04:48 | INFO | src.training_set_optimization.ga_subset | GA gen  25/100 | best=-0.000710  gen_best=-0.000710  mean=-0.000645  cache=668
2026-03-06 18:05:28 | INFO | src.training_set_optimization.ga_subset | GA gen  30/100 | best=-0.000734  gen_best=-0.000734  mean=-0.000693  cache=793
2026-03-06 18:06:09 | INFO | src.training_set_optimization.ga_subset | GA gen  35/100 | best=-0.000742  gen_best=-0.000742  mean=-0.000700  cache=920
2026-03-06 18:06:42 | INFO | src.training_set_optimization.ga_subset | GA gen  40/100 | best=-0.000778  gen_best=-0.000778  mean=-0.000708  cache=1040
2026-03-06 18:07:22 | INFO | src.training_set_optimization.ga_subset | GA gen  45/100 | best=-0.000807  gen_best=-0.000807  mean=-0.000761  cache=1161
2026-03-06 18:07:59 | INFO | src.training_set_optimization.ga_subset | GA gen  50/100 | best=-0.000813  gen_best=-0.000813  mean=-0.000764  cache=1283
2026-03-06 18:08:38 | INFO | src.training_set_optimization.ga_subset | GA gen  55/100 | best=-0.000818  gen_best=-0.000818  mean=-0.000792  cache=1408
2026-03-06 18:09:19 | INFO | src.training_set_optimization.ga_subset | GA gen  60/100 | best=-0.000836  gen_best=-0.000836  mean=-0.000802  cache=1540
2026-03-06 18:09:57 | INFO | src.training_set_optimization.ga_subset | GA gen  65/100 | best=-0.000844  gen_best=-0.000844  mean=-0.000815  cache=1664
2026-03-06 18:10:36 | INFO | src.training_set_optimization.ga_subset | GA gen  70/100 | best=-0.000848  gen_best=-0.000848  mean=-0.000820  cache=1782
2026-03-06 18:11:12 | INFO | src.training_set_optimization.ga_subset | GA gen  75/100 | best=-0.000860  gen_best=-0.000860  mean=-0.000852  cache=1889
2026-03-06 18:11:50 | INFO | src.training_set_optimization.ga_subset | GA gen  80/100 | best=-0.000865  gen_best=-0.000865  mean=-0.000854  cache=2006
2026-03-06 18:12:31 | INFO | src.training_set_optimization.ga_subset | GA gen  85/100 | best=-0.000866  gen_best=-0.000866  mean=-0.000856  cache=2128
2026-03-06 18:13:13 | INFO | src.training_set_optimization.ga_subset | GA gen  90/100 | best=-0.000872  gen_best=-0.000872  mean=-0.000859  cache=2253
2026-03-06 18:13:52 | INFO | src.training_set_optimization.ga_subset | GA gen  95/100 | best=-0.000887  gen_best=-0.000887  mean=-0.000874  cache=2376
2026-03-06 18:14:25 | INFO | src.training_set_optimization.ga_subset | GA gen  99/100 | best=-0.000896  gen_best=-0.000896  mean=-0.000874  cache=2475
2026-03-06 18:14:25 | INFO | src.training_set_optimization.ga_subset | GA finished: best fitness=-0.000896  evals=2475  time=775.5s
2026-03-06 18:14:26 | INFO | __main__ |     calibration_ga n=1000: corr_test=0.0946 corr_cal=0.8963 fitness=0.000896 (775.6s)
2026-03-06 18:14:26 | INFO | __main__ |     pevmean_ga   n=1000: corr_test=0.1628 corr_cal=0.1568 PEV=18284.175421
2026-03-06 18:14:28 | INFO | __main__ |     random (5): mean corr_test=0.1113
2026-03-06 18:14:59 | INFO | src.training_set_optimization.ga_subset | GA gen   0/100 | best=-0.000162  gen_best=-0.000162  mean=-0.000108  cache=56
2026-03-06 18:16:06 | INFO | src.training_set_optimization.ga_subset | GA gen   5/100 | best=-0.000260  gen_best=-0.000260  mean=-0.000197  cache=178
2026-03-06 18:17:19 | INFO | src.training_set_optimization.ga_subset | GA gen  10/100 | best=-0.000309  gen_best=-0.000309  mean=-0.000260  cache=305
2026-03-06 18:18:29 | INFO | src.training_set_optimization.ga_subset | GA gen  15/100 | best=-0.000323  gen_best=-0.000323  mean=-0.000298  cache=428
2026-03-06 18:19:36 | INFO | src.training_set_optimization.ga_subset | GA gen  20/100 | best=-0.000353  gen_best=-0.000353  mean=-0.000326  cache=543
2026-03-06 18:20:40 | INFO | src.training_set_optimization.ga_subset | GA gen  25/100 | best=-0.000376  gen_best=-0.000376  mean=-0.000352  cache=660
2026-03-06 18:21:48 | INFO | src.training_set_optimization.ga_subset | GA gen  30/100 | best=-0.000384  gen_best=-0.000384  mean=-0.000362  cache=778
2026-03-06 18:23:01 | INFO | src.training_set_optimization.ga_subset | GA gen  35/100 | best=-0.000392  gen_best=-0.000392  mean=-0.000382  cache=905
2026-03-06 18:24:11 | INFO | src.training_set_optimization.ga_subset | GA gen  40/100 | best=-0.000401  gen_best=-0.000401  mean=-0.000384  cache=1023
2026-03-06 18:25:19 | INFO | src.training_set_optimization.ga_subset | GA gen  45/100 | best=-0.000404  gen_best=-0.000404  mean=-0.000388  cache=1142
2026-03-06 18:26:30 | INFO | src.training_set_optimization.ga_subset | GA gen  50/100 | best=-0.000410  gen_best=-0.000410  mean=-0.000405  cache=1266
2026-03-06 18:27:46 | INFO | src.training_set_optimization.ga_subset | GA gen  55/100 | best=-0.000411  gen_best=-0.000411  mean=-0.000405  cache=1396
2026-03-06 18:28:59 | INFO | src.training_set_optimization.ga_subset | GA gen  60/100 | best=-0.000411  gen_best=-0.000411  mean=-0.000406  cache=1520
2026-03-06 18:30:12 | INFO | src.training_set_optimization.ga_subset | GA gen  65/100 | best=-0.000416  gen_best=-0.000416  mean=-0.000408  cache=1646
2026-03-06 18:31:14 | INFO | src.training_set_optimization.ga_subset | GA gen  70/100 | best=-0.000420  gen_best=-0.000420  mean=-0.000412  cache=1762
2026-03-06 18:32:25 | INFO | src.training_set_optimization.ga_subset | GA gen  75/100 | best=-0.000423  gen_best=-0.000423  mean=-0.000415  cache=1887
2026-03-06 18:33:35 | INFO | src.training_set_optimization.ga_subset | GA gen  80/100 | best=-0.000424  gen_best=-0.000424  mean=-0.000419  cache=2013
2026-03-06 18:34:50 | INFO | src.training_set_optimization.ga_subset | GA gen  85/100 | best=-0.000431  gen_best=-0.000431  mean=-0.000424  cache=2141
2026-03-06 18:35:59 | INFO | src.training_set_optimization.ga_subset | GA gen  90/100 | best=-0.000435  gen_best=-0.000435  mean=-0.000430  cache=2264
2026-03-06 18:37:10 | INFO | src.training_set_optimization.ga_subset | GA gen  95/100 | best=-0.000435  gen_best=-0.000435  mean=-0.000429  cache=2385
2026-03-06 18:38:05 | INFO | src.training_set_optimization.ga_subset | GA gen  99/100 | best=-0.000439  gen_best=-0.000439  mean=-0.000435  cache=2479
2026-03-06 18:38:05 | INFO | src.training_set_optimization.ga_subset | GA finished: best fitness=-0.000439  evals=2479  time=1416.9s
2026-03-06 18:38:05 | INFO | __main__ |     calibration_ga n=2000: corr_test=0.1158 corr_cal=0.8774 fitness=0.000439 (1416.9s)
2026-03-06 18:38:06 | INFO | __main__ |     pevmean_ga   n=2000: corr_test=0.1967 corr_cal=0.1773 PEV=17722.641673
2026-03-06 18:38:09 | INFO | __main__ |     random (5): mean corr_test=0.1556
2026-03-06 18:38:56 | INFO | src.training_set_optimization.ga_subset | GA gen   0/100 | best=-0.000098  gen_best=-0.000098  mean=-0.000065  cache=54
2026-03-06 18:40:41 | INFO | src.training_set_optimization.ga_subset | GA gen   5/100 | best=-0.000118  gen_best=-0.000118  mean=-0.000093  cache=178
2026-03-06 18:42:26 | INFO | src.training_set_optimization.ga_subset | GA gen  10/100 | best=-0.000141  gen_best=-0.000141  mean=-0.000122  cache=301
2026-03-06 18:44:14 | INFO | src.training_set_optimization.ga_subset | GA gen  15/100 | best=-0.000173  gen_best=-0.000173  mean=-0.000144  cache=431
2026-03-06 18:45:58 | INFO | src.training_set_optimization.ga_subset | GA gen  20/100 | best=-0.000184  gen_best=-0.000184  mean=-0.000166  cache=557
2026-03-06 18:47:42 | INFO | src.training_set_optimization.ga_subset | GA gen  25/100 | best=-0.000192  gen_best=-0.000192  mean=-0.000176  cache=682
2026-03-06 18:49:30 | INFO | src.training_set_optimization.ga_subset | GA gen  30/100 | best=-0.000211  gen_best=-0.000211  mean=-0.000191  cache=809
2026-03-06 18:51:17 | INFO | src.training_set_optimization.ga_subset | GA gen  35/100 | best=-0.000216  gen_best=-0.000216  mean=-0.000200  cache=936
2026-03-06 18:53:05 | INFO | src.training_set_optimization.ga_subset | GA gen  40/100 | best=-0.000218  gen_best=-0.000218  mean=-0.000204  cache=1065
2026-03-06 18:54:42 | INFO | src.training_set_optimization.ga_subset | GA gen  45/100 | best=-0.000222  gen_best=-0.000222  mean=-0.000217  cache=1182
2026-03-06 18:56:27 | INFO | src.training_set_optimization.ga_subset | GA gen  50/100 | best=-0.000224  gen_best=-0.000224  mean=-0.000221  cache=1304
2026-03-06 18:58:04 | INFO | src.training_set_optimization.ga_subset | GA gen  55/100 | best=-0.000229  gen_best=-0.000229  mean=-0.000223  cache=1420
2026-03-06 18:59:49 | INFO | src.training_set_optimization.ga_subset | GA gen  60/100 | best=-0.000234  gen_best=-0.000234  mean=-0.000223  cache=1544
2026-03-06 19:01:33 | INFO | src.training_set_optimization.ga_subset | GA gen  65/100 | best=-0.000235  gen_best=-0.000235  mean=-0.000228  cache=1667
2026-03-06 19:03:20 | INFO | src.training_set_optimization.ga_subset | GA gen  70/100 | best=-0.000236  gen_best=-0.000236  mean=-0.000234  cache=1793
2026-03-06 19:05:01 | INFO | src.training_set_optimization.ga_subset | GA gen  75/100 | best=-0.000238  gen_best=-0.000238  mean=-0.000235  cache=1914
2026-03-06 19:06:46 | INFO | src.training_set_optimization.ga_subset | GA gen  80/100 | best=-0.000240  gen_best=-0.000240  mean=-0.000236  cache=2040
2026-03-06 19:08:20 | INFO | src.training_set_optimization.ga_subset | GA gen  85/100 | best=-0.000242  gen_best=-0.000242  mean=-0.000238  cache=2154
2026-03-06 19:10:06 | INFO | src.training_set_optimization.ga_subset | GA gen  90/100 | best=-0.000245  gen_best=-0.000245  mean=-0.000241  cache=2277
2026-03-06 19:11:48 | INFO | src.training_set_optimization.ga_subset | GA gen  95/100 | best=-0.000247  gen_best=-0.000247  mean=-0.000243  cache=2400
2026-03-06 19:13:11 | INFO | src.training_set_optimization.ga_subset | GA gen  99/100 | best=-0.000249  gen_best=-0.000249  mean=-0.000245  cache=2501
2026-03-06 19:13:11 | INFO | src.training_set_optimization.ga_subset | GA finished: best fitness=-0.000249  evals=2501  time=2102.2s
2026-03-06 19:13:12 | INFO | __main__ |     calibration_ga n=3000: corr_test=0.1575 corr_cal=0.7472 fitness=0.000249 (2102.3s)
2026-03-06 19:13:13 | INFO | __main__ |     pevmean_ga   n=3000: corr_test=0.1951 corr_cal=0.1967 PEV=17263.033554
2026-03-06 19:13:18 | INFO | __main__ |     random (5): mean corr_test=0.1625
2026-03-06 19:14:25 | INFO | src.training_set_optimization.ga_subset | GA gen   0/100 | best=-0.000083  gen_best=-0.000083  mean=-0.000059  cache=54
2026-03-06 19:17:00 | INFO | src.training_set_optimization.ga_subset | GA gen   5/100 | best=-0.000091  gen_best=-0.000091  mean=-0.000076  cache=178
2026-03-06 19:19:29 | INFO | src.training_set_optimization.ga_subset | GA gen  10/100 | best=-0.000104  gen_best=-0.000104  mean=-0.000090  cache=297
2026-03-06 19:21:55 | INFO | src.training_set_optimization.ga_subset | GA gen  15/100 | best=-0.000116  gen_best=-0.000116  mean=-0.000102  cache=414
2026-03-06 19:24:06 | INFO | src.training_set_optimization.ga_subset | GA gen  20/100 | best=-0.000126  gen_best=-0.000126  mean=-0.000116  cache=519
2026-03-06 19:26:35 | INFO | src.training_set_optimization.ga_subset | GA gen  25/100 | best=-0.000134  gen_best=-0.000134  mean=-0.000124  cache=639
2026-03-06 19:29:02 | INFO | src.training_set_optimization.ga_subset | GA gen  30/100 | best=-0.000135  gen_best=-0.000135  mean=-0.000133  cache=757
2026-03-06 19:31:32 | INFO | src.training_set_optimization.ga_subset | GA gen  35/100 | best=-0.000136  gen_best=-0.000136  mean=-0.000134  cache=878
2026-03-06 19:34:09 | INFO | src.training_set_optimization.ga_subset | GA gen  40/100 | best=-0.000139  gen_best=-0.000139  mean=-0.000135  cache=1003
2026-03-06 19:36:42 | INFO | src.training_set_optimization.ga_subset | GA gen  45/100 | best=-0.000141  gen_best=-0.000141  mean=-0.000137  cache=1126
2026-03-06 19:39:05 | INFO | src.training_set_optimization.ga_subset | GA gen  50/100 | best=-0.000147  gen_best=-0.000147  mean=-0.000142  cache=1240
2026-03-06 19:41:35 | INFO | src.training_set_optimization.ga_subset | GA gen  55/100 | best=-0.000147  gen_best=-0.000147  mean=-0.000141  cache=1360
2026-03-06 19:44:01 | INFO | src.training_set_optimization.ga_subset | GA gen  60/100 | best=-0.000149  gen_best=-0.000149  mean=-0.000147  cache=1478
2026-03-06 19:46:23 | INFO | src.training_set_optimization.ga_subset | GA gen  65/100 | best=-0.000151  gen_best=-0.000151  mean=-0.000149  cache=1591
2026-03-06 19:49:00 | INFO | src.training_set_optimization.ga_subset | GA gen  70/100 | best=-0.000153  gen_best=-0.000153  mean=-0.000151  cache=1718
2026-03-06 19:51:32 | INFO | src.training_set_optimization.ga_subset | GA gen  75/100 | best=-0.000154  gen_best=-0.000154  mean=-0.000151  cache=1840
2026-03-06 19:54:03 | INFO | src.training_set_optimization.ga_subset | GA gen  80/100 | best=-0.000154  gen_best=-0.000154  mean=-0.000151  cache=1960
2026-03-06 19:56:32 | INFO | src.training_set_optimization.ga_subset | GA gen  85/100 | best=-0.000155  gen_best=-0.000155  mean=-0.000153  cache=2079
2026-03-06 19:58:51 | INFO | src.training_set_optimization.ga_subset | GA gen  90/100 | best=-0.000157  gen_best=-0.000157  mean=-0.000155  cache=2191
2026-03-06 20:01:12 | INFO | src.training_set_optimization.ga_subset | GA gen  95/100 | best=-0.000160  gen_best=-0.000160  mean=-0.000157  cache=2304
2026-03-06 20:03:02 | INFO | src.training_set_optimization.ga_subset | GA gen  99/100 | best=-0.000160  gen_best=-0.000160  mean=-0.000159  cache=2393
2026-03-06 20:03:02 | INFO | src.training_set_optimization.ga_subset | GA finished: best fitness=-0.000160  evals=2393  time=2984.9s
2026-03-06 20:03:04 | INFO | __main__ |     calibration_ga n=4000: corr_test=0.1582 corr_cal=0.6414 fitness=0.000160 (2985.1s)
2026-03-06 20:03:05 | INFO | __main__ |     pevmean_ga   n=4000: corr_test=0.1493 corr_cal=0.2284 PEV=16954.799618
2026-03-06 20:03:11 | INFO | __main__ |     random (5): mean corr_test=0.1858
2026-03-06 20:03:12 | INFO | __main__ | --- Phase 2: n_cal=100 (seed=1364527042) | cal=100, test=94 ---
2026-03-06 20:03:14 | INFO | __main__ |   all_individuals: corr_test=0.3377 corr_cal=0.1118
2026-03-06 20:03:21 | INFO | src.training_set_optimization.ga_subset | GA gen   0/100 | best=-0.000526  gen_best=-0.000526  mean=-0.000246  cache=56
2026-03-06 20:03:38 | INFO | src.training_set_optimization.ga_subset | GA gen   5/100 | best=-0.000810  gen_best=-0.000810  mean=-0.000675  cache=174
2026-03-06 20:03:54 | INFO | src.training_set_optimization.ga_subset | GA gen  10/100 | best=-0.001003  gen_best=-0.001003  mean=-0.000883  cache=293
2026-03-06 20:04:12 | INFO | src.training_set_optimization.ga_subset | GA gen  15/100 | best=-0.001130  gen_best=-0.001130  mean=-0.001020  cache=421
2026-03-06 20:04:30 | INFO | src.training_set_optimization.ga_subset | GA gen  20/100 | best=-0.001194  gen_best=-0.001194  mean=-0.001087  cache=551
2026-03-06 20:04:47 | INFO | src.training_set_optimization.ga_subset | GA gen  25/100 | best=-0.001245  gen_best=-0.001245  mean=-0.001174  cache=670
2026-03-06 20:05:04 | INFO | src.training_set_optimization.ga_subset | GA gen  30/100 | best=-0.001278  gen_best=-0.001278  mean=-0.001242  cache=793
2026-03-06 20:05:20 | INFO | src.training_set_optimization.ga_subset | GA gen  35/100 | best=-0.001332  gen_best=-0.001332  mean=-0.001285  cache=913
2026-03-06 20:05:37 | INFO | src.training_set_optimization.ga_subset | GA gen  40/100 | best=-0.001347  gen_best=-0.001347  mean=-0.001302  cache=1031
2026-03-06 20:05:53 | INFO | src.training_set_optimization.ga_subset | GA gen  45/100 | best=-0.001368  gen_best=-0.001368  mean=-0.001311  cache=1152
2026-03-06 20:06:08 | INFO | src.training_set_optimization.ga_subset | GA gen  50/100 | best=-0.001402  gen_best=-0.001402  mean=-0.001350  cache=1265
2026-03-06 20:06:23 | INFO | src.training_set_optimization.ga_subset | GA gen  55/100 | best=-0.001430  gen_best=-0.001430  mean=-0.001392  cache=1388
2026-03-06 20:06:38 | INFO | src.training_set_optimization.ga_subset | GA gen  60/100 | best=-0.001452  gen_best=-0.001452  mean=-0.001410  cache=1504
2026-03-06 20:06:54 | INFO | src.training_set_optimization.ga_subset | GA gen  65/100 | best=-0.001464  gen_best=-0.001464  mean=-0.001411  cache=1623
2026-03-06 20:07:09 | INFO | src.training_set_optimization.ga_subset | GA gen  70/100 | best=-0.001473  gen_best=-0.001473  mean=-0.001458  cache=1738
2026-03-06 20:07:25 | INFO | src.training_set_optimization.ga_subset | GA gen  75/100 | best=-0.001493  gen_best=-0.001493  mean=-0.001470  cache=1867
2026-03-06 20:07:42 | INFO | src.training_set_optimization.ga_subset | GA gen  80/100 | best=-0.001528  gen_best=-0.001528  mean=-0.001489  cache=1991
2026-03-06 20:07:59 | INFO | src.training_set_optimization.ga_subset | GA gen  85/100 | best=-0.001536  gen_best=-0.001536  mean=-0.001502  cache=2116
2026-03-06 20:08:13 | INFO | src.training_set_optimization.ga_subset | GA gen  90/100 | best=-0.001567  gen_best=-0.001567  mean=-0.001513  cache=2235
2026-03-06 20:08:29 | INFO | src.training_set_optimization.ga_subset | GA gen  95/100 | best=-0.001574  gen_best=-0.001574  mean=-0.001532  cache=2354
2026-03-06 20:08:39 | INFO | src.training_set_optimization.ga_subset | GA gen  99/100 | best=-0.001601  gen_best=-0.001601  mean=-0.001575  cache=2439
2026-03-06 20:08:39 | INFO | src.training_set_optimization.ga_subset | GA finished: best fitness=-0.001601  evals=2439  time=325.8s
2026-03-06 20:08:40 | INFO | __main__ |     calibration_ga n=500: corr_test=0.2996 corr_cal=0.8007 fitness=0.001601 (325.8s)
2026-03-06 20:08:40 | INFO | __main__ |     pevmean_ga   n=500: corr_test=0.3539 corr_cal=0.0921 PEV=18702.773800
2026-03-06 20:08:41 | INFO | __main__ |     random (5): mean corr_test=0.1617
2026-03-06 20:08:56 | INFO | src.training_set_optimization.ga_subset | GA gen   0/100 | best=-0.000328  gen_best=-0.000328  mean=-0.000156  cache=52
2026-03-06 20:09:32 | INFO | src.training_set_optimization.ga_subset | GA gen   5/100 | best=-0.000377  gen_best=-0.000377  mean=-0.000320  cache=175
2026-03-06 20:10:05 | INFO | src.training_set_optimization.ga_subset | GA gen  10/100 | best=-0.000463  gen_best=-0.000463  mean=-0.000383  cache=299
2026-03-06 20:10:38 | INFO | src.training_set_optimization.ga_subset | GA gen  15/100 | best=-0.000486  gen_best=-0.000486  mean=-0.000448  cache=417
2026-03-06 20:11:09 | INFO | src.training_set_optimization.ga_subset | GA gen  20/100 | best=-0.000520  gen_best=-0.000520  mean=-0.000478  cache=537
2026-03-06 20:11:41 | INFO | src.training_set_optimization.ga_subset | GA gen  25/100 | best=-0.000543  gen_best=-0.000543  mean=-0.000508  cache=658
2026-03-06 20:12:19 | INFO | src.training_set_optimization.ga_subset | GA gen  30/100 | best=-0.000559  gen_best=-0.000559  mean=-0.000522  cache=786
2026-03-06 20:12:58 | INFO | src.training_set_optimization.ga_subset | GA gen  35/100 | best=-0.000572  gen_best=-0.000572  mean=-0.000543  cache=911
2026-03-06 20:13:30 | INFO | src.training_set_optimization.ga_subset | GA gen  40/100 | best=-0.000596  gen_best=-0.000596  mean=-0.000564  cache=1032
2026-03-06 20:14:02 | INFO | src.training_set_optimization.ga_subset | GA gen  45/100 | best=-0.000599  gen_best=-0.000599  mean=-0.000565  cache=1159
2026-03-06 20:14:32 | INFO | src.training_set_optimization.ga_subset | GA gen  50/100 | best=-0.000619  gen_best=-0.000619  mean=-0.000595  cache=1276
2026-03-06 20:15:08 | INFO | src.training_set_optimization.ga_subset | GA gen  55/100 | best=-0.000648  gen_best=-0.000648  mean=-0.000617  cache=1406
2026-03-06 20:15:44 | INFO | src.training_set_optimization.ga_subset | GA gen  60/100 | best=-0.000663  gen_best=-0.000663  mean=-0.000641  cache=1522
2026-03-06 20:16:16 | INFO | src.training_set_optimization.ga_subset | GA gen  65/100 | best=-0.000675  gen_best=-0.000675  mean=-0.000661  cache=1640
2026-03-06 20:16:53 | INFO | src.training_set_optimization.ga_subset | GA gen  70/100 | best=-0.000689  gen_best=-0.000689  mean=-0.000666  cache=1768
2026-03-06 20:17:29 | INFO | src.training_set_optimization.ga_subset | GA gen  75/100 | best=-0.000689  gen_best=-0.000689  mean=-0.000668  cache=1892
2026-03-06 20:18:03 | INFO | src.training_set_optimization.ga_subset | GA gen  80/100 | best=-0.000707  gen_best=-0.000707  mean=-0.000688  cache=2007
2026-03-06 20:18:38 | INFO | src.training_set_optimization.ga_subset | GA gen  85/100 | best=-0.000709  gen_best=-0.000709  mean=-0.000687  cache=2129
2026-03-06 20:19:09 | INFO | src.training_set_optimization.ga_subset | GA gen  90/100 | best=-0.000709  gen_best=-0.000709  mean=-0.000699  cache=2255
2026-03-06 20:19:50 | INFO | src.training_set_optimization.ga_subset | GA gen  95/100 | best=-0.000719  gen_best=-0.000719  mean=-0.000690  cache=2380
2026-03-06 20:20:18 | INFO | src.training_set_optimization.ga_subset | GA gen  99/100 | best=-0.000730  gen_best=-0.000730  mean=-0.000716  cache=2470
2026-03-06 20:20:18 | INFO | src.training_set_optimization.ga_subset | GA finished: best fitness=-0.000730  evals=2470  time=697.1s
2026-03-06 20:20:18 | INFO | __main__ |     calibration_ga n=1000: corr_test=0.2742 corr_cal=0.7297 fitness=0.000730 (697.1s)
2026-03-06 20:20:18 | INFO | __main__ |     pevmean_ga   n=1000: corr_test=0.3024 corr_cal=0.0418 PEV=18284.175421
2026-03-06 20:20:20 | INFO | __main__ |     random (5): mean corr_test=0.1746
2026-03-06 20:20:55 | INFO | src.training_set_optimization.ga_subset | GA gen   0/100 | best=-0.000126  gen_best=-0.000126  mean=-0.000075  cache=56
2026-03-06 20:22:08 | INFO | src.training_set_optimization.ga_subset | GA gen   5/100 | best=-0.000190  gen_best=-0.000190  mean=-0.000154  cache=179
2026-03-06 20:23:16 | INFO | src.training_set_optimization.ga_subset | GA gen  10/100 | best=-0.000219  gen_best=-0.000219  mean=-0.000186  cache=295
2026-03-06 20:24:23 | INFO | src.training_set_optimization.ga_subset | GA gen  15/100 | best=-0.000237  gen_best=-0.000237  mean=-0.000219  cache=406
2026-03-06 20:25:36 | INFO | src.training_set_optimization.ga_subset | GA gen  20/100 | best=-0.000265  gen_best=-0.000265  mean=-0.000236  cache=532
2026-03-06 20:26:44 | INFO | src.training_set_optimization.ga_subset | GA gen  25/100 | best=-0.000283  gen_best=-0.000283  mean=-0.000257  cache=645
2026-03-06 20:27:57 | INFO | src.training_set_optimization.ga_subset | GA gen  30/100 | best=-0.000287  gen_best=-0.000287  mean=-0.000265  cache=774
2026-03-06 20:29:05 | INFO | src.training_set_optimization.ga_subset | GA gen  35/100 | best=-0.000301  gen_best=-0.000301  mean=-0.000283  cache=898
2026-03-06 20:30:17 | INFO | src.training_set_optimization.ga_subset | GA gen  40/100 | best=-0.000319  gen_best=-0.000319  mean=-0.000298  cache=1019
2026-03-06 20:31:28 | INFO | src.training_set_optimization.ga_subset | GA gen  45/100 | best=-0.000323  gen_best=-0.000323  mean=-0.000321  cache=1141
2026-03-06 20:32:47 | INFO | src.training_set_optimization.ga_subset | GA gen  50/100 | best=-0.000333  gen_best=-0.000333  mean=-0.000328  cache=1275
2026-03-06 20:34:00 | INFO | src.training_set_optimization.ga_subset | GA gen  55/100 | best=-0.000341  gen_best=-0.000341  mean=-0.000331  cache=1399
2026-03-06 20:35:06 | INFO | src.training_set_optimization.ga_subset | GA gen  60/100 | best=-0.000345  gen_best=-0.000345  mean=-0.000337  cache=1514
2026-03-06 20:36:18 | INFO | src.training_set_optimization.ga_subset | GA gen  65/100 | best=-0.000348  gen_best=-0.000348  mean=-0.000339  cache=1635
2026-03-06 20:37:32 | INFO | src.training_set_optimization.ga_subset | GA gen  70/100 | best=-0.000350  gen_best=-0.000350  mean=-0.000346  cache=1761
2026-03-06 20:38:46 | INFO | src.training_set_optimization.ga_subset | GA gen  75/100 | best=-0.000355  gen_best=-0.000355  mean=-0.000350  cache=1885
2026-03-06 20:39:58 | INFO | src.training_set_optimization.ga_subset | GA gen  80/100 | best=-0.000358  gen_best=-0.000358  mean=-0.000351  cache=2008
2026-03-06 20:41:06 | INFO | src.training_set_optimization.ga_subset | GA gen  85/100 | best=-0.000361  gen_best=-0.000361  mean=-0.000355  cache=2130
2026-03-06 20:42:15 | INFO | src.training_set_optimization.ga_subset | GA gen  90/100 | best=-0.000365  gen_best=-0.000365  mean=-0.000357  cache=2244
2026-03-06 20:43:27 | INFO | src.training_set_optimization.ga_subset | GA gen  95/100 | best=-0.000368  gen_best=-0.000368  mean=-0.000361  cache=2367
2026-03-06 20:44:22 | INFO | src.training_set_optimization.ga_subset | GA gen  99/100 | best=-0.000370  gen_best=-0.000370  mean=-0.000363  cache=2465
2026-03-06 20:44:22 | INFO | src.training_set_optimization.ga_subset | GA finished: best fitness=-0.000370  evals=2465  time=1442.3s
2026-03-06 20:44:23 | INFO | __main__ |     calibration_ga n=2000: corr_test=0.1962 corr_cal=0.7391 fitness=0.000370 (1442.4s)
2026-03-06 20:44:24 | INFO | __main__ |     pevmean_ga   n=2000: corr_test=0.2898 corr_cal=0.1149 PEV=17722.641673
2026-03-06 20:44:27 | INFO | __main__ |     random (5): mean corr_test=0.2405
2026-03-06 20:45:14 | INFO | src.training_set_optimization.ga_subset | GA gen   0/100 | best=-0.000073  gen_best=-0.000073  mean=-0.000048  cache=55
2026-03-06 20:46:56 | INFO | src.training_set_optimization.ga_subset | GA gen   5/100 | best=-0.000097  gen_best=-0.000097  mean=-0.000077  cache=177
2026-03-06 20:48:39 | INFO | src.training_set_optimization.ga_subset | GA gen  10/100 | best=-0.000121  gen_best=-0.000121  mean=-0.000101  cache=301
2026-03-06 20:50:14 | INFO | src.training_set_optimization.ga_subset | GA gen  15/100 | best=-0.000143  gen_best=-0.000143  mean=-0.000131  cache=416
2026-03-06 20:52:03 | INFO | src.training_set_optimization.ga_subset | GA gen  20/100 | best=-0.000149  gen_best=-0.000149  mean=-0.000141  cache=544
2026-03-06 20:53:47 | INFO | src.training_set_optimization.ga_subset | GA gen  25/100 | best=-0.000157  gen_best=-0.000157  mean=-0.000144  cache=668
2026-03-06 20:55:24 | INFO | src.training_set_optimization.ga_subset | GA gen  30/100 | best=-0.000161  gen_best=-0.000161  mean=-0.000154  cache=785
2026-03-06 20:57:06 | INFO | src.training_set_optimization.ga_subset | GA gen  35/100 | best=-0.000170  gen_best=-0.000170  mean=-0.000157  cache=908
2026-03-06 20:58:49 | INFO | src.training_set_optimization.ga_subset | GA gen  40/100 | best=-0.000171  gen_best=-0.000171  mean=-0.000169  cache=1032
2026-03-06 21:00:37 | INFO | src.training_set_optimization.ga_subset | GA gen  45/100 | best=-0.000175  gen_best=-0.000175  mean=-0.000170  cache=1160
2026-03-06 21:02:20 | INFO | src.training_set_optimization.ga_subset | GA gen  50/100 | best=-0.000176  gen_best=-0.000176  mean=-0.000173  cache=1284
2026-03-06 21:03:44 | INFO | src.training_set_optimization.ga_subset | GA gen  55/100 | best=-0.000178  gen_best=-0.000178  mean=-0.000177  cache=1385
2026-03-06 21:05:30 | INFO | src.training_set_optimization.ga_subset | GA gen  60/100 | best=-0.000181  gen_best=-0.000181  mean=-0.000178  cache=1511
2026-03-06 21:07:18 | INFO | src.training_set_optimization.ga_subset | GA gen  65/100 | best=-0.000184  gen_best=-0.000184  mean=-0.000182  cache=1638
2026-03-06 21:08:58 | INFO | src.training_set_optimization.ga_subset | GA gen  70/100 | best=-0.000188  gen_best=-0.000188  mean=-0.000185  cache=1758
2026-03-06 21:10:42 | INFO | src.training_set_optimization.ga_subset | GA gen  75/100 | best=-0.000190  gen_best=-0.000190  mean=-0.000187  cache=1882
2026-03-06 21:12:23 | INFO | src.training_set_optimization.ga_subset | GA gen  80/100 | best=-0.000191  gen_best=-0.000191  mean=-0.000188  cache=2002
2026-03-06 21:14:08 | INFO | src.training_set_optimization.ga_subset | GA gen  85/100 | best=-0.000192  gen_best=-0.000192  mean=-0.000188  cache=2128
2026-03-06 21:15:46 | INFO | src.training_set_optimization.ga_subset | GA gen  90/100 | best=-0.000194  gen_best=-0.000194  mean=-0.000191  cache=2246
2026-03-06 21:17:28 | INFO | src.training_set_optimization.ga_subset | GA gen  95/100 | best=-0.000196  gen_best=-0.000196  mean=-0.000192  cache=2368
2026-03-06 21:18:51 | INFO | src.training_set_optimization.ga_subset | GA gen  99/100 | best=-0.000199  gen_best=-0.000199  mean=-0.000194  cache=2467
2026-03-06 21:18:51 | INFO | src.training_set_optimization.ga_subset | GA finished: best fitness=-0.000199  evals=2467  time=2064.3s
2026-03-06 21:18:52 | INFO | __main__ |     calibration_ga n=3000: corr_test=0.3203 corr_cal=0.5955 fitness=0.000199 (2064.4s)
2026-03-06 21:18:53 | INFO | __main__ |     pevmean_ga   n=3000: corr_test=0.3379 corr_cal=0.0852 PEV=17263.033554
2026-03-06 21:18:57 | INFO | __main__ |     random (5): mean corr_test=0.2807
2026-03-06 21:20:09 | INFO | src.training_set_optimization.ga_subset | GA gen   0/100 | best=-0.000052  gen_best=-0.000052  mean=-0.000033  cache=58
2026-03-06 21:22:48 | INFO | src.training_set_optimization.ga_subset | GA gen   5/100 | best=-0.000062  gen_best=-0.000062  mean=-0.000050  cache=185
2026-03-06 21:25:20 | INFO | src.training_set_optimization.ga_subset | GA gen  10/100 | best=-0.000073  gen_best=-0.000073  mean=-0.000058  cache=307
2026-03-06 21:27:54 | INFO | src.training_set_optimization.ga_subset | GA gen  15/100 | best=-0.000085  gen_best=-0.000085  mean=-0.000071  cache=430
2026-03-06 21:30:35 | INFO | src.training_set_optimization.ga_subset | GA gen  20/100 | best=-0.000093  gen_best=-0.000093  mean=-0.000081  cache=559
2026-03-06 21:33:10 | INFO | src.training_set_optimization.ga_subset | GA gen  25/100 | best=-0.000102  gen_best=-0.000102  mean=-0.000091  cache=684
2026-03-06 21:35:38 | INFO | src.training_set_optimization.ga_subset | GA gen  30/100 | best=-0.000104  gen_best=-0.000104  mean=-0.000100  cache=803
2026-03-06 21:37:52 | INFO | src.training_set_optimization.ga_subset | GA gen  35/100 | best=-0.000105  gen_best=-0.000105  mean=-0.000104  cache=911
2026-03-06 21:40:21 | INFO | src.training_set_optimization.ga_subset | GA gen  40/100 | best=-0.000109  gen_best=-0.000109  mean=-0.000103  cache=1030
2026-03-06 21:42:49 | INFO | src.training_set_optimization.ga_subset | GA gen  45/100 | best=-0.000113  gen_best=-0.000113  mean=-0.000105  cache=1148
2026-03-06 21:45:07 | INFO | src.training_set_optimization.ga_subset | GA gen  50/100 | best=-0.000114  gen_best=-0.000114  mean=-0.000112  cache=1258
2026-03-06 21:47:29 | INFO | src.training_set_optimization.ga_subset | GA gen  55/100 | best=-0.000114  gen_best=-0.000114  mean=-0.000113  cache=1372
2026-03-06 21:50:10 | INFO | src.training_set_optimization.ga_subset | GA gen  60/100 | best=-0.000116  gen_best=-0.000116  mean=-0.000114  cache=1500
2026-03-06 21:52:45 | INFO | src.training_set_optimization.ga_subset | GA gen  65/100 | best=-0.000117  gen_best=-0.000117  mean=-0.000115  cache=1624
2026-03-06 21:55:26 | INFO | src.training_set_optimization.ga_subset | GA gen  70/100 | best=-0.000119  gen_best=-0.000119  mean=-0.000115  cache=1752
2026-03-06 21:58:03 | INFO | src.training_set_optimization.ga_subset | GA gen  75/100 | best=-0.000119  gen_best=-0.000119  mean=-0.000116  cache=1877
2026-03-06 22:00:26 | INFO | src.training_set_optimization.ga_subset | GA gen  80/100 | best=-0.000120  gen_best=-0.000120  mean=-0.000117  cache=1992
2026-03-06 22:02:52 | INFO | src.training_set_optimization.ga_subset | GA gen  85/100 | best=-0.000122  gen_best=-0.000122  mean=-0.000120  cache=2108
2026-03-06 22:05:27 | INFO | src.training_set_optimization.ga_subset | GA gen  90/100 | best=-0.000123  gen_best=-0.000123  mean=-0.000122  cache=2233
2026-03-06 22:07:51 | INFO | src.training_set_optimization.ga_subset | GA gen  95/100 | best=-0.000124  gen_best=-0.000124  mean=-0.000122  cache=2349
2026-03-06 22:09:52 | INFO | src.training_set_optimization.ga_subset | GA gen  99/100 | best=-0.000124  gen_best=-0.000124  mean=-0.000123  cache=2447
2026-03-06 22:09:52 | INFO | src.training_set_optimization.ga_subset | GA finished: best fitness=-0.000124  evals=2447  time=3054.7s
2026-03-06 22:09:53 | INFO | __main__ |     calibration_ga n=4000: corr_test=0.3495 corr_cal=0.4980 fitness=0.000124 (3054.9s)
2026-03-06 22:09:55 | INFO | __main__ |     pevmean_ga   n=4000: corr_test=0.3159 corr_cal=0.0609 PEV=16954.799618
2026-03-06 22:10:01 | INFO | __main__ |     random (5): mean corr_test=0.2865
2026-03-06 22:10:01 | INFO | __main__ | Summary saved to outputs/training_set_compare/shards/shard_002/body_mass/comparison_summary.csv
2026-03-06 22:10:01 | INFO | __main__ | Trait 'body_mass' complete. Results: outputs/training_set_compare/shards/shard_002/body_mass/comparison_results.csv
2026-03-06 22:10:01 | INFO | __main__ | All traits done.
