2026-03-06 15:11:51 | INFO | __main__ | Shard 0/5 → repeat 0
2026-03-06 15:11:51 | INFO | __main__ | Calibration-GA config: GAConfig(pop_size=30, n_generations=100, n_elite=2, tournament_k=3, crossover_prob=0.9, mutation_prob=0.3, n_swaps_per_mut=1, seed=14, verbose=True, stagnation_limit=15)
2026-03-06 15:11:51 | INFO | __main__ | PEVmean-GA config:     GAConfig(pop_size=50, n_generations=100, n_elite=2, tournament_k=3, crossover_prob=0.9, mutation_prob=0.3, n_swaps_per_mut=2, seed=14, verbose=True, stagnation_limit=20)
2026-03-06 15:11:51 | INFO | __main__ | n_train_sizes=[500, 1000, 2000, 3000, 4000], n_cal_samples=[25, 50, 100], n_repeats=5
2026-03-06 15:11:51 | INFO | __main__ | Loading data for trait 'body_mass'
2026-03-06 15:11:51 | INFO | src.data | Loading data from NPZ: Data/npz/snp_body_mass_ALL.npz
2026-03-06 15:12:00 | INFO | __main__ | Loaded: 5697 samples, 65344 SNPs
2026-03-06 15:12:00 | INFO | __main__ | Fixed SNP subset: n=20000
2026-03-06 15:12:00 | INFO | __main__ | Target 3 (Selvær): n_source=5503, n_target=194
2026-03-06 15:12:01 | INFO | __main__ | Building PEVmean kernel (5503 + 194 = 5697) ...
2026-03-06 15:12:02 | INFO | __main__ | Kernel built: shape (5697, 5697)
2026-03-06 15:12:03 | INFO | __main__ | PEVmean(all source): 16597.565145
2026-03-06 15:12:03 | INFO | __main__ | ======================================================================
Repeat 1/5 | target 3 (Selvær)
======================================================================
2026-03-06 15:12:03 | INFO | __main__ | --- Phase 1: PEVmean-GA ---
2026-03-06 15:12:03 | INFO | src.training_set_optimization.ga_subset | GA gen   0/100 | best=19262.015977  gen_best=19262.015977  mean=19328.280421  cache=95
2026-03-06 15:12:04 | INFO | src.training_set_optimization.ga_subset | GA gen   5/100 | best=19042.838357  gen_best=19042.838357  mean=19168.974502  cache=312
2026-03-06 15:12:05 | INFO | src.training_set_optimization.ga_subset | GA gen  10/100 | best=18956.013521  gen_best=18956.013521  mean=19054.907439  cache=532
2026-03-06 15:12:06 | INFO | src.training_set_optimization.ga_subset | GA gen  15/100 | best=18925.548674  gen_best=18925.548674  mean=18979.524880  cache=732
2026-03-06 15:12:07 | INFO | src.training_set_optimization.ga_subset | GA gen  20/100 | best=18879.799491  gen_best=18879.799491  mean=18939.725789  cache=957
2026-03-06 15:12:08 | INFO | src.training_set_optimization.ga_subset | GA gen  25/100 | best=18848.952564  gen_best=18848.952564  mean=18924.479252  cache=1170
2026-03-06 15:12:09 | INFO | src.training_set_optimization.ga_subset | GA gen  30/100 | best=18806.960202  gen_best=18806.960202  mean=18932.697605  cache=1395
2026-03-06 15:12:10 | INFO | src.training_set_optimization.ga_subset | GA gen  35/100 | best=18806.960202  gen_best=18806.960202  mean=18892.429280  cache=1615
2026-03-06 15:12:11 | INFO | src.training_set_optimization.ga_subset | GA gen  40/100 | best=18793.899444  gen_best=18793.899444  mean=18869.821903  cache=1839
2026-03-06 15:12:12 | INFO | src.training_set_optimization.ga_subset | GA gen  45/100 | best=18791.362262  gen_best=18791.362262  mean=18834.459076  cache=2054
2026-03-06 15:12:14 | INFO | src.training_set_optimization.ga_subset | GA gen  50/100 | best=18780.938324  gen_best=18780.938324  mean=18833.331719  cache=2271
2026-03-06 15:12:15 | INFO | src.training_set_optimization.ga_subset | GA gen  55/100 | best=18767.215416  gen_best=18767.215416  mean=18825.538608  cache=2482
2026-03-06 15:12:16 | INFO | src.training_set_optimization.ga_subset | GA gen  60/100 | best=18748.265826  gen_best=18748.265826  mean=18795.206486  cache=2696
2026-03-06 15:12:17 | INFO | src.training_set_optimization.ga_subset | GA gen  65/100 | best=18737.310860  gen_best=18737.310860  mean=18786.322367  cache=2911
2026-03-06 15:12:18 | INFO | src.training_set_optimization.ga_subset | GA gen  70/100 | best=18737.310860  gen_best=18737.310860  mean=18782.814332  cache=3125
2026-03-06 15:12:19 | INFO | src.training_set_optimization.ga_subset | GA gen  75/100 | best=18733.599003  gen_best=18733.599003  mean=18763.817837  cache=3342
2026-03-06 15:12:20 | INFO | src.training_set_optimization.ga_subset | GA gen  80/100 | best=18732.309109  gen_best=18732.309109  mean=18780.536688  cache=3564
2026-03-06 15:12:21 | INFO | src.training_set_optimization.ga_subset | GA gen  85/100 | best=18726.506568  gen_best=18726.506568  mean=18782.866196  cache=3781
2026-03-06 15:12:22 | INFO | src.training_set_optimization.ga_subset | GA gen  90/100 | best=18720.058276  gen_best=18720.058276  mean=18769.451725  cache=3998
2026-03-06 15:12:23 | INFO | src.training_set_optimization.ga_subset | GA gen  95/100 | best=18719.580842  gen_best=18719.580842  mean=18738.988824  cache=4205
2026-03-06 15:12:23 | INFO | src.training_set_optimization.ga_subset | GA gen  99/100 | best=18719.066437  gen_best=18719.066437  mean=18734.242660  cache=4388
2026-03-06 15:12:23 | INFO | src.training_set_optimization.ga_subset | GA finished: best fitness=18719.066437  evals=4388  time=21.0s
2026-03-06 15:12:23 | INFO | __main__ |   PEVmean n_train=500: PEV=18719.066437 (21.0s, 100 gens)
2026-03-06 15:12:25 | INFO | src.training_set_optimization.ga_subset | GA gen   0/100 | best=18776.764744  gen_best=18776.764744  mean=18914.898520  cache=94
2026-03-06 15:12:29 | INFO | src.training_set_optimization.ga_subset | GA gen   5/100 | best=18680.184211  gen_best=18680.184211  mean=18743.642394  cache=307
2026-03-06 15:12:34 | INFO | src.training_set_optimization.ga_subset | GA gen  10/100 | best=18576.136619  gen_best=18576.136619  mean=18668.512175  cache=524
2026-03-06 15:12:38 | INFO | src.training_set_optimization.ga_subset | GA gen  15/100 | best=18514.353133  gen_best=18514.353133  mean=18606.818920  cache=739
2026-03-06 15:12:42 | INFO | src.training_set_optimization.ga_subset | GA gen  20/100 | best=18460.637029  gen_best=18460.637029  mean=18557.573249  cache=955
2026-03-06 15:12:46 | INFO | src.training_set_optimization.ga_subset | GA gen  25/100 | best=18433.145186  gen_best=18433.145186  mean=18510.018778  cache=1170
2026-03-06 15:12:50 | INFO | src.training_set_optimization.ga_subset | GA gen  30/100 | best=18410.023744  gen_best=18410.023744  mean=18465.578410  cache=1383
2026-03-06 15:12:55 | INFO | src.training_set_optimization.ga_subset | GA gen  35/100 | best=18398.554967  gen_best=18398.554967  mean=18439.386934  cache=1602
2026-03-06 15:12:59 | INFO | src.training_set_optimization.ga_subset | GA gen  40/100 | best=18386.839487  gen_best=18386.839487  mean=18431.561484  cache=1800
2026-03-06 15:13:03 | INFO | src.training_set_optimization.ga_subset | GA gen  45/100 | best=18371.066675  gen_best=18371.066675  mean=18441.068954  cache=2020
2026-03-06 15:13:08 | INFO | src.training_set_optimization.ga_subset | GA gen  50/100 | best=18371.066675  gen_best=18371.066675  mean=18438.591285  cache=2245
2026-03-06 15:13:12 | INFO | src.training_set_optimization.ga_subset | GA gen  55/100 | best=18359.153846  gen_best=18359.153846  mean=18387.351966  cache=2460
2026-03-06 15:13:17 | INFO | src.training_set_optimization.ga_subset | GA gen  60/100 | best=18349.404081  gen_best=18349.404081  mean=18385.076353  cache=2683
2026-03-06 15:13:21 | INFO | src.training_set_optimization.ga_subset | GA gen  65/100 | best=18349.404081  gen_best=18349.404081  mean=18377.573669  cache=2902
2026-03-06 15:13:25 | INFO | src.training_set_optimization.ga_subset | GA gen  70/100 | best=18329.283679  gen_best=18329.283679  mean=18374.536317  cache=3117
2026-03-06 15:13:30 | INFO | src.training_set_optimization.ga_subset | GA gen  75/100 | best=18325.670645  gen_best=18325.670645  mean=18354.948635  cache=3321
2026-03-06 15:13:34 | INFO | src.training_set_optimization.ga_subset | GA gen  80/100 | best=18322.046952  gen_best=18322.046952  mean=18345.247266  cache=3532
2026-03-06 15:13:38 | INFO | src.training_set_optimization.ga_subset | GA gen  85/100 | best=18321.888756  gen_best=18321.888756  mean=18352.274470  cache=3746
2026-03-06 15:13:43 | INFO | src.training_set_optimization.ga_subset | GA gen  90/100 | best=18303.097391  gen_best=18303.097391  mean=18339.745832  cache=3966
2026-03-06 15:13:47 | INFO | src.training_set_optimization.ga_subset | GA gen  95/100 | best=18296.677124  gen_best=18296.677124  mean=18323.381840  cache=4182
2026-03-06 15:13:51 | INFO | src.training_set_optimization.ga_subset | GA gen  99/100 | best=18290.733422  gen_best=18290.733422  mean=18317.828303  cache=4355
2026-03-06 15:13:51 | INFO | src.training_set_optimization.ga_subset | GA finished: best fitness=18290.733422  evals=4355  time=87.1s
2026-03-06 15:13:51 | INFO | __main__ |   PEVmean n_train=1000: PEV=18290.733422 (87.2s, 100 gens)
2026-03-06 15:13:56 | INFO | src.training_set_optimization.ga_subset | GA gen   0/100 | best=18156.702362  gen_best=18156.702362  mean=18240.317393  cache=95
2026-03-06 15:14:09 | INFO | src.training_set_optimization.ga_subset | GA gen   5/100 | best=17982.872920  gen_best=17982.872920  mean=18099.262294  cache=307
2026-03-06 15:14:23 | INFO | src.training_set_optimization.ga_subset | GA gen  10/100 | best=17942.403902  gen_best=17942.403902  mean=18024.750881  cache=529
2026-03-06 15:14:36 | INFO | src.training_set_optimization.ga_subset | GA gen  15/100 | best=17872.968230  gen_best=17872.968230  mean=17952.466059  cache=752
2026-03-06 15:14:50 | INFO | src.training_set_optimization.ga_subset | GA gen  20/100 | best=17807.725185  gen_best=17807.725185  mean=17907.416853  cache=974
2026-03-06 15:15:04 | INFO | src.training_set_optimization.ga_subset | GA gen  25/100 | best=17800.583364  gen_best=17800.583364  mean=17867.275325  cache=1193
2026-03-06 15:15:17 | INFO | src.training_set_optimization.ga_subset | GA gen  30/100 | best=17782.722021  gen_best=17782.722021  mean=17828.500965  cache=1404
2026-03-06 15:15:30 | INFO | src.training_set_optimization.ga_subset | GA gen  35/100 | best=17768.560671  gen_best=17768.560671  mean=17813.525250  cache=1622
2026-03-06 15:15:44 | INFO | src.training_set_optimization.ga_subset | GA gen  40/100 | best=17747.611771  gen_best=17747.611771  mean=17807.638841  cache=1840
2026-03-06 15:15:57 | INFO | src.training_set_optimization.ga_subset | GA gen  45/100 | best=17738.390004  gen_best=17738.390004  mean=17774.206308  cache=2053
2026-03-06 15:16:10 | INFO | src.training_set_optimization.ga_subset | GA gen  50/100 | best=17716.907110  gen_best=17716.907110  mean=17751.059763  cache=2267
2026-03-06 15:16:24 | INFO | src.training_set_optimization.ga_subset | GA gen  55/100 | best=17716.713757  gen_best=17716.713757  mean=17753.525832  cache=2486
2026-03-06 15:16:37 | INFO | src.training_set_optimization.ga_subset | GA gen  60/100 | best=17713.634907  gen_best=17713.634907  mean=17721.898490  cache=2703
2026-03-06 15:16:51 | INFO | src.training_set_optimization.ga_subset | GA gen  65/100 | best=17703.453971  gen_best=17703.453971  mean=17720.575011  cache=2918
2026-03-06 15:17:04 | INFO | src.training_set_optimization.ga_subset | GA gen  70/100 | best=17702.979371  gen_best=17702.979371  mean=17721.972147  cache=3134
2026-03-06 15:17:17 | INFO | src.training_set_optimization.ga_subset | GA gen  75/100 | best=17685.858196  gen_best=17685.858196  mean=17716.515110  cache=3349
2026-03-06 15:17:31 | INFO | src.training_set_optimization.ga_subset | GA gen  80/100 | best=17681.821304  gen_best=17681.821304  mean=17715.465977  cache=3570
2026-03-06 15:17:45 | INFO | src.training_set_optimization.ga_subset | GA gen  85/100 | best=17680.129803  gen_best=17680.129803  mean=17707.664020  cache=3786
2026-03-06 15:17:58 | INFO | src.training_set_optimization.ga_subset | GA gen  90/100 | best=17679.578863  gen_best=17679.578863  mean=17696.978095  cache=3999
2026-03-06 15:18:11 | INFO | src.training_set_optimization.ga_subset | GA gen  95/100 | best=17676.107855  gen_best=17676.107855  mean=17689.338759  cache=4219
2026-03-06 15:18:22 | INFO | src.training_set_optimization.ga_subset | GA gen  99/100 | best=17669.872293  gen_best=17669.872293  mean=17682.260816  cache=4393
2026-03-06 15:18:22 | INFO | src.training_set_optimization.ga_subset | GA finished: best fitness=17669.872293  evals=4393  time=271.5s
2026-03-06 15:18:22 | INFO | __main__ |   PEVmean n_train=2000: PEV=17669.872293 (271.6s, 100 gens)
2026-03-06 15:18:34 | INFO | src.training_set_optimization.ga_subset | GA gen   0/100 | best=17571.223609  gen_best=17571.223609  mean=17659.597463  cache=93
2026-03-06 15:19:01 | INFO | src.training_set_optimization.ga_subset | GA gen   5/100 | best=17492.569387  gen_best=17492.569387  mean=17559.818423  cache=313
2026-03-06 15:19:28 | INFO | src.training_set_optimization.ga_subset | GA gen  10/100 | best=17442.575989  gen_best=17442.575989  mean=17533.175323  cache=527
2026-03-06 15:19:55 | INFO | src.training_set_optimization.ga_subset | GA gen  15/100 | best=17398.329195  gen_best=17398.329195  mean=17456.447186  cache=738
2026-03-06 15:20:22 | INFO | src.training_set_optimization.ga_subset | GA gen  20/100 | best=17378.308626  gen_best=17378.308626  mean=17433.952092  cache=951
2026-03-06 15:20:48 | INFO | src.training_set_optimization.ga_subset | GA gen  25/100 | best=17378.308626  gen_best=17378.308626  mean=17432.014683  cache=1162
2026-03-06 15:21:14 | INFO | src.training_set_optimization.ga_subset | GA gen  30/100 | best=17360.461424  gen_best=17360.461424  mean=17399.723266  cache=1371
2026-03-06 15:21:41 | INFO | src.training_set_optimization.ga_subset | GA gen  35/100 | best=17347.282384  gen_best=17347.282384  mean=17398.660002  cache=1585
2026-03-06 15:22:09 | INFO | src.training_set_optimization.ga_subset | GA gen  40/100 | best=17340.371411  gen_best=17340.371411  mean=17409.060990  cache=1807
2026-03-06 15:22:35 | INFO | src.training_set_optimization.ga_subset | GA gen  45/100 | best=17329.433640  gen_best=17329.433640  mean=17365.412930  cache=2014
2026-03-06 15:23:02 | INFO | src.training_set_optimization.ga_subset | GA gen  50/100 | best=17322.667614  gen_best=17322.667614  mean=17346.055417  cache=2229
2026-03-06 15:23:30 | INFO | src.training_set_optimization.ga_subset | GA gen  55/100 | best=17314.738422  gen_best=17314.738422  mean=17339.615354  cache=2451
2026-03-06 15:23:58 | INFO | src.training_set_optimization.ga_subset | GA gen  60/100 | best=17307.836480  gen_best=17307.836480  mean=17347.007441  cache=2669
2026-03-06 15:24:26 | INFO | src.training_set_optimization.ga_subset | GA gen  65/100 | best=17307.674246  gen_best=17307.674246  mean=17344.166322  cache=2890
2026-03-06 15:24:53 | INFO | src.training_set_optimization.ga_subset | GA gen  70/100 | best=17303.581969  gen_best=17303.581969  mean=17315.138603  cache=3107
2026-03-06 15:25:20 | INFO | src.training_set_optimization.ga_subset | GA gen  75/100 | best=17292.627001  gen_best=17292.627001  mean=17309.720805  cache=3319
2026-03-06 15:25:45 | INFO | src.training_set_optimization.ga_subset | GA gen  80/100 | best=17290.945377  gen_best=17290.945377  mean=17299.848471  cache=3521
2026-03-06 15:26:13 | INFO | src.training_set_optimization.ga_subset | GA gen  85/100 | best=17289.420747  gen_best=17289.420747  mean=17305.178712  cache=3737
2026-03-06 15:26:40 | INFO | src.training_set_optimization.ga_subset | GA gen  90/100 | best=17286.514468  gen_best=17286.514468  mean=17298.012195  cache=3951
2026-03-06 15:27:06 | INFO | src.training_set_optimization.ga_subset | GA gen  95/100 | best=17283.629186  gen_best=17283.629186  mean=17294.475621  cache=4161
2026-03-06 15:27:29 | INFO | src.training_set_optimization.ga_subset | GA gen  99/100 | best=17277.651868  gen_best=17277.651868  mean=17285.505508  cache=4338
2026-03-06 15:27:29 | INFO | src.training_set_optimization.ga_subset | GA finished: best fitness=17277.651868  evals=4338  time=546.5s
2026-03-06 15:27:29 | INFO | __main__ |   PEVmean n_train=3000: PEV=17277.651868 (546.6s, 100 gens)
2026-03-06 15:27:51 | INFO | src.training_set_optimization.ga_subset | GA gen   0/100 | best=17136.613405  gen_best=17136.613405  mean=17202.659077  cache=93
2026-03-06 15:28:41 | INFO | src.training_set_optimization.ga_subset | GA gen   5/100 | best=17086.970050  gen_best=17086.970050  mean=17143.907036  cache=303
2026-03-06 15:29:31 | INFO | src.training_set_optimization.ga_subset | GA gen  10/100 | best=17078.733454  gen_best=17078.733454  mean=17130.737702  cache=512
2026-03-06 15:30:22 | INFO | src.training_set_optimization.ga_subset | GA gen  15/100 | best=17060.750861  gen_best=17060.750861  mean=17115.809421  cache=723
2026-03-06 15:31:15 | INFO | src.training_set_optimization.ga_subset | GA gen  20/100 | best=17054.531361  gen_best=17054.531361  mean=17103.347383  cache=941
2026-03-06 15:32:07 | INFO | src.training_set_optimization.ga_subset | GA gen  25/100 | best=17043.759863  gen_best=17043.759863  mean=17087.569740  cache=1154
2026-03-06 15:33:01 | INFO | src.training_set_optimization.ga_subset | GA gen  30/100 | best=17017.662708  gen_best=17017.662708  mean=17075.853578  cache=1377
2026-03-06 15:33:53 | INFO | src.training_set_optimization.ga_subset | GA gen  35/100 | best=17013.894672  gen_best=17013.894672  mean=17066.463703  cache=1588
2026-03-06 15:34:46 | INFO | src.training_set_optimization.ga_subset | GA gen  40/100 | best=17003.101995  gen_best=17003.101995  mean=17049.093797  cache=1807
2026-03-06 15:35:36 | INFO | src.training_set_optimization.ga_subset | GA gen  45/100 | best=16999.792967  gen_best=16999.792967  mean=17035.699727  cache=2012
2026-03-06 15:36:28 | INFO | src.training_set_optimization.ga_subset | GA gen  50/100 | best=16989.741548  gen_best=16989.741548  mean=17014.768730  cache=2228
2026-03-06 15:37:22 | INFO | src.training_set_optimization.ga_subset | GA gen  55/100 | best=16985.596345  gen_best=16985.596345  mean=16993.630143  cache=2446
2026-03-06 15:38:14 | INFO | src.training_set_optimization.ga_subset | GA gen  60/100 | best=16980.192160  gen_best=16980.192160  mean=16987.054418  cache=2659
2026-03-06 15:39:05 | INFO | src.training_set_optimization.ga_subset | GA gen  65/100 | best=16973.259221  gen_best=16973.259221  mean=16985.498232  cache=2870
2026-03-06 15:39:59 | INFO | src.training_set_optimization.ga_subset | GA gen  70/100 | best=16971.973839  gen_best=16971.973839  mean=16988.509978  cache=3090
2026-03-06 15:40:51 | INFO | src.training_set_optimization.ga_subset | GA gen  75/100 | best=16968.952260  gen_best=16968.952260  mean=16985.297566  cache=3304
2026-03-06 15:41:44 | INFO | src.training_set_optimization.ga_subset | GA gen  80/100 | best=16968.089293  gen_best=16968.089293  mean=16984.407658  cache=3522
2026-03-06 15:42:37 | INFO | src.training_set_optimization.ga_subset | GA gen  85/100 | best=16966.833168  gen_best=16966.833168  mean=16987.514799  cache=3740
2026-03-06 15:43:30 | INFO | src.training_set_optimization.ga_subset | GA gen  90/100 | best=16966.551086  gen_best=16966.551086  mean=16986.429111  cache=3954
2026-03-06 15:44:22 | INFO | src.training_set_optimization.ga_subset | GA gen  95/100 | best=16964.121087  gen_best=16964.121087  mean=16968.295976  cache=4170
2026-03-06 15:45:02 | INFO | src.training_set_optimization.ga_subset | GA gen  99/100 | best=16960.668525  gen_best=16960.668525  mean=16967.083661  cache=4333
2026-03-06 15:45:02 | INFO | src.training_set_optimization.ga_subset | GA finished: best fitness=16960.668525  evals=4333  time=1053.2s
2026-03-06 15:45:02 | INFO | __main__ |   PEVmean n_train=4000: PEV=16960.668525 (1053.4s, 100 gens)
2026-03-06 15:45:02 | INFO | __main__ | --- Phase 2: n_cal=25 (seed=1743042106) | cal=25, test=169 ---
2026-03-06 15:45:05 | INFO | __main__ |   all_individuals: corr_test=0.2310 corr_cal=-0.0134
2026-03-06 15:45:10 | INFO | src.training_set_optimization.ga_subset | GA gen   0/100 | best=-0.000977  gen_best=-0.000977  mean=-0.000427  cache=57
2026-03-06 15:45:22 | INFO | src.training_set_optimization.ga_subset | GA gen   5/100 | best=-0.001460  gen_best=-0.001460  mean=-0.001192  cache=181
2026-03-06 15:45:34 | INFO | src.training_set_optimization.ga_subset | GA gen  10/100 | best=-0.001602  gen_best=-0.001602  mean=-0.001451  cache=306
2026-03-06 15:45:47 | INFO | src.training_set_optimization.ga_subset | GA gen  15/100 | best=-0.001709  gen_best=-0.001709  mean=-0.001604  cache=435
2026-03-06 15:45:59 | INFO | src.training_set_optimization.ga_subset | GA gen  20/100 | best=-0.001735  gen_best=-0.001735  mean=-0.001710  cache=559
2026-03-06 15:46:12 | INFO | src.training_set_optimization.ga_subset | GA gen  25/100 | best=-0.001753  gen_best=-0.001753  mean=-0.001728  cache=684
2026-03-06 15:46:24 | INFO | src.training_set_optimization.ga_subset | GA gen  30/100 | best=-0.001790  gen_best=-0.001790  mean=-0.001750  cache=808
2026-03-06 15:46:36 | INFO | src.training_set_optimization.ga_subset | GA gen  35/100 | best=-0.001806  gen_best=-0.001806  mean=-0.001763  cache=934
2026-03-06 15:46:49 | INFO | src.training_set_optimization.ga_subset | GA gen  40/100 | best=-0.001835  gen_best=-0.001835  mean=-0.001768  cache=1061
2026-03-06 15:47:00 | INFO | src.training_set_optimization.ga_subset | GA gen  45/100 | best=-0.001858  gen_best=-0.001858  mean=-0.001837  cache=1182
2026-03-06 15:47:13 | INFO | src.training_set_optimization.ga_subset | GA gen  50/100 | best=-0.001873  gen_best=-0.001873  mean=-0.001853  cache=1304
2026-03-06 15:47:25 | INFO | src.training_set_optimization.ga_subset | GA gen  55/100 | best=-0.001884  gen_best=-0.001884  mean=-0.001864  cache=1425
2026-03-06 15:47:37 | INFO | src.training_set_optimization.ga_subset | GA gen  60/100 | best=-0.001916  gen_best=-0.001916  mean=-0.001893  cache=1551
2026-03-06 15:47:50 | INFO | src.training_set_optimization.ga_subset | GA gen  65/100 | best=-0.001926  gen_best=-0.001926  mean=-0.001882  cache=1680
2026-03-06 15:48:02 | INFO | src.training_set_optimization.ga_subset | GA gen  70/100 | best=-0.001949  gen_best=-0.001949  mean=-0.001901  cache=1804
2026-03-06 15:48:14 | INFO | src.training_set_optimization.ga_subset | GA gen  75/100 | best=-0.001949  gen_best=-0.001949  mean=-0.001912  cache=1928
2026-03-06 15:48:26 | INFO | src.training_set_optimization.ga_subset | GA gen  80/100 | best=-0.001953  gen_best=-0.001953  mean=-0.001926  cache=2054
2026-03-06 15:48:39 | INFO | src.training_set_optimization.ga_subset | GA gen  85/100 | best=-0.001953  gen_best=-0.001953  mean=-0.001906  cache=2182
2026-03-06 15:48:51 | INFO | src.training_set_optimization.ga_subset | GA gen  90/100 | best=-0.001960  gen_best=-0.001960  mean=-0.001931  cache=2306
2026-03-06 15:49:03 | INFO | src.training_set_optimization.ga_subset | GA gen  95/100 | best=-0.001962  gen_best=-0.001962  mean=-0.001950  cache=2423
2026-03-06 15:49:11 | INFO | src.training_set_optimization.ga_subset | GA gen  99/100 | best=-0.001964  gen_best=-0.001964  mean=-0.001943  cache=2514
2026-03-06 15:49:11 | INFO | src.training_set_optimization.ga_subset | GA finished: best fitness=-0.001964  evals=2514  time=246.8s
2026-03-06 15:49:11 | INFO | __main__ |     calibration_ga n=500: corr_test=0.0235 corr_cal=0.9822 fitness=0.001964 (246.8s)
2026-03-06 15:49:12 | INFO | __main__ |     pevmean_ga   n=500: corr_test=0.2202 corr_cal=0.2145 PEV=18719.066437
2026-03-06 15:49:12 | INFO | __main__ |     random (5): mean corr_test=0.0804
2026-03-06 15:49:26 | INFO | src.training_set_optimization.ga_subset | GA gen   0/100 | best=-0.000504  gen_best=-0.000504  mean=-0.000179  cache=55
2026-03-06 15:49:59 | INFO | src.training_set_optimization.ga_subset | GA gen   5/100 | best=-0.000729  gen_best=-0.000729  mean=-0.000590  cache=182
2026-03-06 15:50:34 | INFO | src.training_set_optimization.ga_subset | GA gen  10/100 | best=-0.000869  gen_best=-0.000869  mean=-0.000741  cache=308
2026-03-06 15:51:05 | INFO | src.training_set_optimization.ga_subset | GA gen  15/100 | best=-0.000913  gen_best=-0.000913  mean=-0.000818  cache=427
2026-03-06 15:51:41 | INFO | src.training_set_optimization.ga_subset | GA gen  20/100 | best=-0.000926  gen_best=-0.000926  mean=-0.000873  cache=552
2026-03-06 15:52:15 | INFO | src.training_set_optimization.ga_subset | GA gen  25/100 | best=-0.000935  gen_best=-0.000935  mean=-0.000904  cache=679
2026-03-06 15:52:45 | INFO | src.training_set_optimization.ga_subset | GA gen  30/100 | best=-0.000940  gen_best=-0.000940  mean=-0.000913  cache=798
2026-03-06 15:53:22 | INFO | src.training_set_optimization.ga_subset | GA gen  35/100 | best=-0.000944  gen_best=-0.000944  mean=-0.000927  cache=928
2026-03-06 15:53:59 | INFO | src.training_set_optimization.ga_subset | GA gen  40/100 | best=-0.000950  gen_best=-0.000950  mean=-0.000926  cache=1052
2026-03-06 15:54:34 | INFO | src.training_set_optimization.ga_subset | GA gen  45/100 | best=-0.000951  gen_best=-0.000951  mean=-0.000939  cache=1166
2026-03-06 15:55:11 | INFO | src.training_set_optimization.ga_subset | GA gen  50/100 | best=-0.000957  gen_best=-0.000957  mean=-0.000946  cache=1287
2026-03-06 15:55:51 | INFO | src.training_set_optimization.ga_subset | GA gen  55/100 | best=-0.000968  gen_best=-0.000968  mean=-0.000954  cache=1410
2026-03-06 15:56:28 | INFO | src.training_set_optimization.ga_subset | GA gen  60/100 | best=-0.000968  gen_best=-0.000968  mean=-0.000951  cache=1531
2026-03-06 15:57:08 | INFO | src.training_set_optimization.ga_subset | GA gen  65/100 | best=-0.000971  gen_best=-0.000971  mean=-0.000966  cache=1658
2026-03-06 15:57:47 | INFO | src.training_set_optimization.ga_subset | GA gen  70/100 | best=-0.000973  gen_best=-0.000973  mean=-0.000962  cache=1780
2026-03-06 15:58:19 | INFO | src.training_set_optimization.ga_subset | GA gen  75/100 | best=-0.000976  gen_best=-0.000976  mean=-0.000966  cache=1888
2026-03-06 15:58:52 | INFO | src.training_set_optimization.ga_subset | GA gen  80/100 | best=-0.000979  gen_best=-0.000979  mean=-0.000959  cache=2006
2026-03-06 15:59:28 | INFO | src.training_set_optimization.ga_subset | GA gen  85/100 | best=-0.000985  gen_best=-0.000985  mean=-0.000964  cache=2122
2026-03-06 16:00:03 | INFO | src.training_set_optimization.ga_subset | GA gen  90/100 | best=-0.000986  gen_best=-0.000986  mean=-0.000980  cache=2232
2026-03-06 16:00:39 | INFO | src.training_set_optimization.ga_subset | GA gen  95/100 | best=-0.000988  gen_best=-0.000988  mean=-0.000980  cache=2349
2026-03-06 16:01:05 | INFO | src.training_set_optimization.ga_subset | GA gen  99/100 | best=-0.000989  gen_best=-0.000989  mean=-0.000978  cache=2446
2026-03-06 16:01:05 | INFO | src.training_set_optimization.ga_subset | GA finished: best fitness=-0.000989  evals=2446  time=712.6s
2026-03-06 16:01:05 | INFO | __main__ |     calibration_ga n=1000: corr_test=0.1610 corr_cal=0.9889 fitness=0.000989 (712.6s)
2026-03-06 16:01:06 | INFO | __main__ |     pevmean_ga   n=1000: corr_test=0.2452 corr_cal=0.2518 PEV=18290.733422
2026-03-06 16:01:07 | INFO | __main__ |     random (5): mean corr_test=0.1800
2026-03-06 16:01:38 | INFO | src.training_set_optimization.ga_subset | GA gen   0/100 | best=-0.000154  gen_best=-0.000154  mean=-0.000076  cache=56
2026-03-06 16:02:45 | INFO | src.training_set_optimization.ga_subset | GA gen   5/100 | best=-0.000267  gen_best=-0.000267  mean=-0.000217  cache=177
2026-03-06 16:03:53 | INFO | src.training_set_optimization.ga_subset | GA gen  10/100 | best=-0.000355  gen_best=-0.000355  mean=-0.000292  cache=302
2026-03-06 16:04:50 | INFO | src.training_set_optimization.ga_subset | GA gen  15/100 | best=-0.000390  gen_best=-0.000390  mean=-0.000358  cache=423
2026-03-06 16:05:52 | INFO | src.training_set_optimization.ga_subset | GA gen  20/100 | best=-0.000412  gen_best=-0.000412  mean=-0.000387  cache=544
2026-03-06 16:06:59 | INFO | src.training_set_optimization.ga_subset | GA gen  25/100 | best=-0.000426  gen_best=-0.000426  mean=-0.000401  cache=661
2026-03-06 16:08:05 | INFO | src.training_set_optimization.ga_subset | GA gen  30/100 | best=-0.000430  gen_best=-0.000430  mean=-0.000416  cache=776
2026-03-06 16:09:12 | INFO | src.training_set_optimization.ga_subset | GA gen  35/100 | best=-0.000439  gen_best=-0.000439  mean=-0.000419  cache=902
2026-03-06 16:10:19 | INFO | src.training_set_optimization.ga_subset | GA gen  40/100 | best=-0.000440  gen_best=-0.000440  mean=-0.000422  cache=1018
2026-03-06 16:11:25 | INFO | src.training_set_optimization.ga_subset | GA gen  45/100 | best=-0.000444  gen_best=-0.000444  mean=-0.000437  cache=1137
2026-03-06 16:12:29 | INFO | src.training_set_optimization.ga_subset | GA gen  50/100 | best=-0.000449  gen_best=-0.000449  mean=-0.000435  cache=1256
2026-03-06 16:13:38 | INFO | src.training_set_optimization.ga_subset | GA gen  55/100 | best=-0.000453  gen_best=-0.000453  mean=-0.000439  cache=1381
2026-03-06 16:14:44 | INFO | src.training_set_optimization.ga_subset | GA gen  60/100 | best=-0.000456  gen_best=-0.000456  mean=-0.000440  cache=1510
2026-03-06 16:15:49 | INFO | src.training_set_optimization.ga_subset | GA gen  65/100 | best=-0.000458  gen_best=-0.000458  mean=-0.000448  cache=1632
2026-03-06 16:17:00 | INFO | src.training_set_optimization.ga_subset | GA gen  70/100 | best=-0.000458  gen_best=-0.000458  mean=-0.000450  cache=1760
2026-03-06 16:18:01 | INFO | src.training_set_optimization.ga_subset | GA gen  75/100 | best=-0.000461  gen_best=-0.000461  mean=-0.000452  cache=1880
2026-03-06 16:19:11 | INFO | src.training_set_optimization.ga_subset | GA gen  80/100 | best=-0.000466  gen_best=-0.000466  mean=-0.000458  cache=2008
2026-03-06 16:20:17 | INFO | src.training_set_optimization.ga_subset | GA gen  85/100 | best=-0.000470  gen_best=-0.000470  mean=-0.000461  cache=2129
2026-03-06 16:21:26 | INFO | src.training_set_optimization.ga_subset | GA gen  90/100 | best=-0.000472  gen_best=-0.000472  mean=-0.000463  cache=2252
2026-03-06 16:22:22 | INFO | src.training_set_optimization.ga_subset | GA gen  95/100 | best=-0.000476  gen_best=-0.000476  mean=-0.000473  cache=2358
2026-03-06 16:23:10 | INFO | src.training_set_optimization.ga_subset | GA gen  99/100 | best=-0.000476  gen_best=-0.000476  mean=-0.000473  cache=2451
2026-03-06 16:23:10 | INFO | src.training_set_optimization.ga_subset | GA finished: best fitness=-0.000476  evals=2451  time=1322.3s
2026-03-06 16:23:11 | INFO | __main__ |     calibration_ga n=2000: corr_test=0.2104 corr_cal=0.9512 fitness=0.000476 (1322.4s)
2026-03-06 16:23:11 | INFO | __main__ |     pevmean_ga   n=2000: corr_test=0.1940 corr_cal=0.1024 PEV=17669.872293
2026-03-06 16:23:14 | INFO | __main__ |     random (5): mean corr_test=0.1551
2026-03-06 16:23:55 | INFO | src.training_set_optimization.ga_subset | GA gen   0/100 | best=-0.000121  gen_best=-0.000121  mean=-0.000041  cache=54
2026-03-06 16:25:30 | INFO | src.training_set_optimization.ga_subset | GA gen   5/100 | best=-0.000184  gen_best=-0.000184  mean=-0.000129  cache=180
2026-03-06 16:27:07 | INFO | src.training_set_optimization.ga_subset | GA gen  10/100 | best=-0.000198  gen_best=-0.000198  mean=-0.000181  cache=307
2026-03-06 16:28:41 | INFO | src.training_set_optimization.ga_subset | GA gen  15/100 | best=-0.000223  gen_best=-0.000223  mean=-0.000199  cache=431
2026-03-06 16:30:14 | INFO | src.training_set_optimization.ga_subset | GA gen  20/100 | best=-0.000240  gen_best=-0.000240  mean=-0.000213  cache=554
2026-03-06 16:31:39 | INFO | src.training_set_optimization.ga_subset | GA gen  25/100 | best=-0.000252  gen_best=-0.000252  mean=-0.000241  cache=667
2026-03-06 16:33:14 | INFO | src.training_set_optimization.ga_subset | GA gen  30/100 | best=-0.000254  gen_best=-0.000254  mean=-0.000250  cache=791
2026-03-06 16:34:50 | INFO | src.training_set_optimization.ga_subset | GA gen  35/100 | best=-0.000260  gen_best=-0.000260  mean=-0.000255  cache=918
2026-03-06 16:36:29 | INFO | src.training_set_optimization.ga_subset | GA gen  40/100 | best=-0.000261  gen_best=-0.000261  mean=-0.000258  cache=1050
2026-03-06 16:38:04 | INFO | src.training_set_optimization.ga_subset | GA gen  45/100 | best=-0.000261  gen_best=-0.000261  mean=-0.000259  cache=1177
2026-03-06 16:39:39 | INFO | src.training_set_optimization.ga_subset | GA gen  50/100 | best=-0.000264  gen_best=-0.000264  mean=-0.000260  cache=1300
2026-03-06 16:41:12 | INFO | src.training_set_optimization.ga_subset | GA gen  55/100 | best=-0.000266  gen_best=-0.000266  mean=-0.000262  cache=1422
2026-03-06 16:42:46 | INFO | src.training_set_optimization.ga_subset | GA gen  60/100 | best=-0.000268  gen_best=-0.000268  mean=-0.000260  cache=1548
2026-03-06 16:44:22 | INFO | src.training_set_optimization.ga_subset | GA gen  65/100 | best=-0.000270  gen_best=-0.000270  mean=-0.000267  cache=1676
2026-03-06 16:45:57 | INFO | src.training_set_optimization.ga_subset | GA gen  70/100 | best=-0.000273  gen_best=-0.000273  mean=-0.000269  cache=1802
2026-03-06 16:47:28 | INFO | src.training_set_optimization.ga_subset | GA gen  75/100 | best=-0.000278  gen_best=-0.000278  mean=-0.000272  cache=1924
2026-03-06 16:49:01 | INFO | src.training_set_optimization.ga_subset | GA gen  80/100 | best=-0.000279  gen_best=-0.000279  mean=-0.000273  cache=2049
2026-03-06 16:50:36 | INFO | src.training_set_optimization.ga_subset | GA gen  85/100 | best=-0.000282  gen_best=-0.000282  mean=-0.000278  cache=2175
2026-03-06 16:52:09 | INFO | src.training_set_optimization.ga_subset | GA gen  90/100 | best=-0.000283  gen_best=-0.000283  mean=-0.000278  cache=2300
2026-03-06 16:53:40 | INFO | src.training_set_optimization.ga_subset | GA gen  95/100 | best=-0.000285  gen_best=-0.000285  mean=-0.000281  cache=2425
2026-03-06 16:55:00 | INFO | src.training_set_optimization.ga_subset | GA gen  99/100 | best=-0.000285  gen_best=-0.000285  mean=-0.000281  cache=2526
2026-03-06 16:55:00 | INFO | src.training_set_optimization.ga_subset | GA finished: best fitness=-0.000285  evals=2526  time=1905.5s
2026-03-06 16:55:01 | INFO | __main__ |     calibration_ga n=3000: corr_test=0.1936 corr_cal=0.8560 fitness=0.000285 (1905.6s)
2026-03-06 16:55:02 | INFO | __main__ |     pevmean_ga   n=3000: corr_test=0.2129 corr_cal=0.0521 PEV=17277.651868
2026-03-06 16:55:05 | INFO | __main__ |     random (5): mean corr_test=0.2163
2026-03-06 16:55:59 | INFO | src.training_set_optimization.ga_subset | GA gen   0/100 | best=-0.000056  gen_best=-0.000056  mean=-0.000010  cache=53
2026-03-06 16:58:07 | INFO | src.training_set_optimization.ga_subset | GA gen   5/100 | best=-0.000067  gen_best=-0.000067  mean=-0.000046  cache=181
2026-03-06 17:00:13 | INFO | src.training_set_optimization.ga_subset | GA gen  10/100 | best=-0.000079  gen_best=-0.000079  mean=-0.000052  cache=306
2026-03-06 17:02:23 | INFO | src.training_set_optimization.ga_subset | GA gen  15/100 | best=-0.000116  gen_best=-0.000116  mean=-0.000089  cache=433
2026-03-06 17:04:25 | INFO | src.training_set_optimization.ga_subset | GA gen  20/100 | best=-0.000129  gen_best=-0.000129  mean=-0.000110  cache=552
2026-03-06 17:06:27 | INFO | src.training_set_optimization.ga_subset | GA gen  25/100 | best=-0.000147  gen_best=-0.000147  mean=-0.000132  cache=671
2026-03-06 17:08:32 | INFO | src.training_set_optimization.ga_subset | GA gen  30/100 | best=-0.000163  gen_best=-0.000163  mean=-0.000137  cache=795
2026-03-06 17:10:35 | INFO | src.training_set_optimization.ga_subset | GA gen  35/100 | best=-0.000163  gen_best=-0.000163  mean=-0.000149  cache=916
2026-03-06 17:12:47 | INFO | src.training_set_optimization.ga_subset | GA gen  40/100 | best=-0.000169  gen_best=-0.000169  mean=-0.000162  cache=1045
2026-03-06 17:14:54 | INFO | src.training_set_optimization.ga_subset | GA gen  45/100 | best=-0.000174  gen_best=-0.000174  mean=-0.000163  cache=1170
2026-03-06 17:16:37 | INFO | src.training_set_optimization.ga_subset | GA gen  50/100 | best=-0.000175  gen_best=-0.000175  mean=-0.000173  cache=1272
2026-03-06 17:18:44 | INFO | src.training_set_optimization.ga_subset | GA gen  55/100 | best=-0.000177  gen_best=-0.000177  mean=-0.000175  cache=1396
2026-03-06 17:20:47 | INFO | src.training_set_optimization.ga_subset | GA gen  60/100 | best=-0.000180  gen_best=-0.000180  mean=-0.000177  cache=1516
2026-03-06 17:23:00 | INFO | src.training_set_optimization.ga_subset | GA gen  65/100 | best=-0.000184  gen_best=-0.000184  mean=-0.000179  cache=1647
2026-03-06 17:25:10 | INFO | src.training_set_optimization.ga_subset | GA gen  70/100 | best=-0.000185  gen_best=-0.000185  mean=-0.000180  cache=1773
2026-03-06 17:27:09 | INFO | src.training_set_optimization.ga_subset | GA gen  75/100 | best=-0.000186  gen_best=-0.000186  mean=-0.000185  cache=1889
2026-03-06 17:29:18 | INFO | src.training_set_optimization.ga_subset | GA gen  80/100 | best=-0.000188  gen_best=-0.000188  mean=-0.000187  cache=2015
2026-03-06 17:31:28 | INFO | src.training_set_optimization.ga_subset | GA gen  85/100 | best=-0.000192  gen_best=-0.000192  mean=-0.000190  cache=2141
2026-03-06 17:33:32 | INFO | src.training_set_optimization.ga_subset | GA gen  90/100 | best=-0.000196  gen_best=-0.000196  mean=-0.000192  cache=2262
2026-03-06 17:35:20 | INFO | src.training_set_optimization.ga_subset | GA gen  95/100 | best=-0.000197  gen_best=-0.000197  mean=-0.000196  cache=2369
2026-03-06 17:37:06 | INFO | src.training_set_optimization.ga_subset | GA gen  99/100 | best=-0.000199  gen_best=-0.000199  mean=-0.000197  cache=2472
2026-03-06 17:37:06 | INFO | src.training_set_optimization.ga_subset | GA finished: best fitness=-0.000199  evals=2472  time=2520.6s
2026-03-06 17:37:07 | INFO | __main__ |     calibration_ga n=4000: corr_test=0.1665 corr_cal=0.7960 fitness=0.000199 (2520.8s)
2026-03-06 17:37:08 | INFO | __main__ |     pevmean_ga   n=4000: corr_test=0.2138 corr_cal=-0.0200 PEV=16960.668525
2026-03-06 17:37:14 | INFO | __main__ |     random (5): mean corr_test=0.2014
2026-03-06 17:37:14 | INFO | __main__ | --- Phase 2: n_cal=50 (seed=829481270) | cal=50, test=144 ---
2026-03-06 17:37:16 | INFO | __main__ |   all_individuals: corr_test=0.2060 corr_cal=0.2520
2026-03-06 17:37:22 | INFO | src.training_set_optimization.ga_subset | GA gen   0/100 | best=-0.000839  gen_best=-0.000839  mean=-0.000483  cache=57
2026-03-06 17:37:34 | INFO | src.training_set_optimization.ga_subset | GA gen   5/100 | best=-0.001078  gen_best=-0.001078  mean=-0.000955  cache=179
2026-03-06 17:37:46 | INFO | src.training_set_optimization.ga_subset | GA gen  10/100 | best=-0.001257  gen_best=-0.001257  mean=-0.001125  cache=304
2026-03-06 17:37:59 | INFO | src.training_set_optimization.ga_subset | GA gen  15/100 | best=-0.001355  gen_best=-0.001355  mean=-0.001266  cache=425
2026-03-06 17:38:11 | INFO | src.training_set_optimization.ga_subset | GA gen  20/100 | best=-0.001476  gen_best=-0.001476  mean=-0.001375  cache=549
2026-03-06 17:38:23 | INFO | src.training_set_optimization.ga_subset | GA gen  25/100 | best=-0.001575  gen_best=-0.001575  mean=-0.001488  cache=682
2026-03-06 17:38:36 | INFO | src.training_set_optimization.ga_subset | GA gen  30/100 | best=-0.001592  gen_best=-0.001592  mean=-0.001564  cache=808
2026-03-06 17:38:49 | INFO | src.training_set_optimization.ga_subset | GA gen  35/100 | best=-0.001636  gen_best=-0.001636  mean=-0.001598  cache=934
2026-03-06 17:39:01 | INFO | src.training_set_optimization.ga_subset | GA gen  40/100 | best=-0.001644  gen_best=-0.001644  mean=-0.001605  cache=1059
2026-03-06 17:39:13 | INFO | src.training_set_optimization.ga_subset | GA gen  45/100 | best=-0.001656  gen_best=-0.001656  mean=-0.001612  cache=1175
2026-03-06 17:39:24 | INFO | src.training_set_optimization.ga_subset | GA gen  50/100 | best=-0.001683  gen_best=-0.001683  mean=-0.001638  cache=1287
2026-03-06 17:39:36 | INFO | src.training_set_optimization.ga_subset | GA gen  55/100 | best=-0.001704  gen_best=-0.001704  mean=-0.001672  cache=1400
2026-03-06 17:39:48 | INFO | src.training_set_optimization.ga_subset | GA gen  60/100 | best=-0.001706  gen_best=-0.001706  mean=-0.001680  cache=1520
2026-03-06 17:40:00 | INFO | src.training_set_optimization.ga_subset | GA gen  65/100 | best=-0.001730  gen_best=-0.001730  mean=-0.001690  cache=1644
2026-03-06 17:40:14 | INFO | src.training_set_optimization.ga_subset | GA gen  70/100 | best=-0.001731  gen_best=-0.001731  mean=-0.001684  cache=1770
2026-03-06 17:40:26 | INFO | src.training_set_optimization.ga_subset | GA gen  75/100 | best=-0.001746  gen_best=-0.001746  mean=-0.001707  cache=1892
2026-03-06 17:40:39 | INFO | src.training_set_optimization.ga_subset | GA gen  80/100 | best=-0.001767  gen_best=-0.001767  mean=-0.001718  cache=2016
2026-03-06 17:40:51 | INFO | src.training_set_optimization.ga_subset | GA gen  85/100 | best=-0.001767  gen_best=-0.001767  mean=-0.001735  cache=2136
2026-03-06 17:41:04 | INFO | src.training_set_optimization.ga_subset | GA gen  90/100 | best=-0.001782  gen_best=-0.001782  mean=-0.001755  cache=2261
2026-03-06 17:41:16 | INFO | src.training_set_optimization.ga_subset | GA gen  95/100 | best=-0.001804  gen_best=-0.001804  mean=-0.001782  cache=2380
2026-03-06 17:41:26 | INFO | src.training_set_optimization.ga_subset | GA gen  99/100 | best=-0.001817  gen_best=-0.001817  mean=-0.001776  cache=2475
2026-03-06 17:41:26 | INFO | src.training_set_optimization.ga_subset | GA finished: best fitness=-0.001817  evals=2475  time=250.1s
2026-03-06 17:41:26 | INFO | __main__ |     calibration_ga n=500: corr_test=0.1320 corr_cal=0.9087 fitness=0.001817 (250.1s)
2026-03-06 17:41:26 | INFO | __main__ |     pevmean_ga   n=500: corr_test=0.1433 corr_cal=0.3698 PEV=18719.066437
2026-03-06 17:41:27 | INFO | __main__ |     random (5): mean corr_test=0.0908
2026-03-06 17:41:41 | INFO | src.training_set_optimization.ga_subset | GA gen   0/100 | best=-0.000495  gen_best=-0.000495  mean=-0.000254  cache=55
2026-03-06 17:42:15 | INFO | src.training_set_optimization.ga_subset | GA gen   5/100 | best=-0.000629  gen_best=-0.000629  mean=-0.000541  cache=179
2026-03-06 17:42:51 | INFO | src.training_set_optimization.ga_subset | GA gen  10/100 | best=-0.000708  gen_best=-0.000708  mean=-0.000655  cache=302
2026-03-06 17:43:25 | INFO | src.training_set_optimization.ga_subset | GA gen  15/100 | best=-0.000742  gen_best=-0.000742  mean=-0.000703  cache=427
2026-03-06 17:44:03 | INFO | src.training_set_optimization.ga_subset | GA gen  20/100 | best=-0.000769  gen_best=-0.000769  mean=-0.000734  cache=552
2026-03-06 17:44:43 | INFO | src.training_set_optimization.ga_subset | GA gen  25/100 | best=-0.000793  gen_best=-0.000793  mean=-0.000771  cache=674
2026-03-06 17:45:21 | INFO | src.training_set_optimization.ga_subset | GA gen  30/100 | best=-0.000804  gen_best=-0.000804  mean=-0.000784  cache=800
2026-03-06 17:45:55 | INFO | src.training_set_optimization.ga_subset | GA gen  35/100 | best=-0.000817  gen_best=-0.000817  mean=-0.000798  cache=921
2026-03-06 17:46:34 | INFO | src.training_set_optimization.ga_subset | GA gen  40/100 | best=-0.000828  gen_best=-0.000828  mean=-0.000808  cache=1048
2026-03-06 17:47:10 | INFO | src.training_set_optimization.ga_subset | GA gen  45/100 | best=-0.000841  gen_best=-0.000841  mean=-0.000819  cache=1173
2026-03-06 17:47:39 | INFO | src.training_set_optimization.ga_subset | GA gen  50/100 | best=-0.000847  gen_best=-0.000847  mean=-0.000833  cache=1295
2026-03-06 17:48:18 | INFO | src.training_set_optimization.ga_subset | GA gen  55/100 | best=-0.000851  gen_best=-0.000851  mean=-0.000829  cache=1420
2026-03-06 17:48:55 | INFO | src.training_set_optimization.ga_subset | GA gen  60/100 | best=-0.000854  gen_best=-0.000854  mean=-0.000841  cache=1539
2026-03-06 17:49:34 | INFO | src.training_set_optimization.ga_subset | GA gen  65/100 | best=-0.000865  gen_best=-0.000865  mean=-0.000855  cache=1656
2026-03-06 17:50:05 | INFO | src.training_set_optimization.ga_subset | GA gen  70/100 | best=-0.000869  gen_best=-0.000869  mean=-0.000858  cache=1768
2026-03-06 17:50:43 | INFO | src.training_set_optimization.ga_subset | GA gen  75/100 | best=-0.000877  gen_best=-0.000877  mean=-0.000862  cache=1891
2026-03-06 17:51:18 | INFO | src.training_set_optimization.ga_subset | GA gen  80/100 | best=-0.000877  gen_best=-0.000877  mean=-0.000864  cache=2012
2026-03-06 17:51:50 | INFO | src.training_set_optimization.ga_subset | GA gen  85/100 | best=-0.000887  gen_best=-0.000887  mean=-0.000876  cache=2133
2026-03-06 17:52:24 | INFO | src.training_set_optimization.ga_subset | GA gen  90/100 | best=-0.000895  gen_best=-0.000895  mean=-0.000887  cache=2262
2026-03-06 17:52:58 | INFO | src.training_set_optimization.ga_subset | GA gen  95/100 | best=-0.000898  gen_best=-0.000898  mean=-0.000890  cache=2383
2026-03-06 17:53:25 | INFO | src.training_set_optimization.ga_subset | GA gen  99/100 | best=-0.000901  gen_best=-0.000901  mean=-0.000890  cache=2482
2026-03-06 17:53:25 | INFO | src.training_set_optimization.ga_subset | GA finished: best fitness=-0.000901  evals=2482  time=718.5s
2026-03-06 17:53:25 | INFO | __main__ |     calibration_ga n=1000: corr_test=0.1728 corr_cal=0.9010 fitness=0.000901 (718.5s)
2026-03-06 17:53:26 | INFO | __main__ |     pevmean_ga   n=1000: corr_test=0.1624 corr_cal=0.4387 PEV=18290.733422
2026-03-06 17:53:27 | INFO | __main__ |     random (5): mean corr_test=0.0905
2026-03-06 17:54:00 | INFO | src.training_set_optimization.ga_subset | GA gen   0/100 | best=-0.000209  gen_best=-0.000209  mean=-0.000148  cache=57
2026-03-06 17:55:09 | INFO | src.training_set_optimization.ga_subset | GA gen   5/100 | best=-0.000279  gen_best=-0.000279  mean=-0.000231  cache=180
2026-03-06 17:56:21 | INFO | src.training_set_optimization.ga_subset | GA gen  10/100 | best=-0.000315  gen_best=-0.000315  mean=-0.000292  cache=304
2026-03-06 17:57:24 | INFO | src.training_set_optimization.ga_subset | GA gen  15/100 | best=-0.000333  gen_best=-0.000333  mean=-0.000316  cache=427
2026-03-06 17:58:30 | INFO | src.training_set_optimization.ga_subset | GA gen  20/100 | best=-0.000353  gen_best=-0.000353  mean=-0.000336  cache=550
2026-03-06 17:59:38 | INFO | src.training_set_optimization.ga_subset | GA gen  25/100 | best=-0.000368  gen_best=-0.000368  mean=-0.000354  cache=673
2026-03-06 18:00:46 | INFO | src.training_set_optimization.ga_subset | GA gen  30/100 | best=-0.000386  gen_best=-0.000386  mean=-0.000369  cache=796
2026-03-06 18:01:51 | INFO | src.training_set_optimization.ga_subset | GA gen  35/100 | best=-0.000397  gen_best=-0.000397  mean=-0.000377  cache=912
2026-03-06 18:02:54 | INFO | src.training_set_optimization.ga_subset | GA gen  40/100 | best=-0.000399  gen_best=-0.000399  mean=-0.000390  cache=1030
2026-03-06 18:03:59 | INFO | src.training_set_optimization.ga_subset | GA gen  45/100 | best=-0.000410  gen_best=-0.000410  mean=-0.000398  cache=1157
2026-03-06 18:04:57 | INFO | src.training_set_optimization.ga_subset | GA gen  50/100 | best=-0.000413  gen_best=-0.000413  mean=-0.000405  cache=1269
2026-03-06 18:05:58 | INFO | src.training_set_optimization.ga_subset | GA gen  55/100 | best=-0.000416  gen_best=-0.000416  mean=-0.000407  cache=1392
2026-03-06 18:06:58 | INFO | src.training_set_optimization.ga_subset | GA gen  60/100 | best=-0.000419  gen_best=-0.000419  mean=-0.000411  cache=1513
2026-03-06 18:08:02 | INFO | src.training_set_optimization.ga_subset | GA gen  65/100 | best=-0.000420  gen_best=-0.000420  mean=-0.000413  cache=1636
2026-03-06 18:09:11 | INFO | src.training_set_optimization.ga_subset | GA gen  70/100 | best=-0.000427  gen_best=-0.000427  mean=-0.000419  cache=1760
2026-03-06 18:10:15 | INFO | src.training_set_optimization.ga_subset | GA gen  75/100 | best=-0.000428  gen_best=-0.000428  mean=-0.000422  cache=1883
2026-03-06 18:11:19 | INFO | src.training_set_optimization.ga_subset | GA gen  80/100 | best=-0.000432  gen_best=-0.000432  mean=-0.000428  cache=2005
2026-03-06 18:12:19 | INFO | src.training_set_optimization.ga_subset | GA gen  85/100 | best=-0.000435  gen_best=-0.000435  mean=-0.000433  cache=2122
2026-03-06 18:13:25 | INFO | src.training_set_optimization.ga_subset | GA gen  90/100 | best=-0.000437  gen_best=-0.000437  mean=-0.000434  cache=2245
2026-03-06 18:14:31 | INFO | src.training_set_optimization.ga_subset | GA gen  95/100 | best=-0.000440  gen_best=-0.000440  mean=-0.000436  cache=2366
2026-03-06 18:15:17 | INFO | src.training_set_optimization.ga_subset | GA gen  99/100 | best=-0.000442  gen_best=-0.000442  mean=-0.000439  cache=2455
2026-03-06 18:15:17 | INFO | src.training_set_optimization.ga_subset | GA finished: best fitness=-0.000442  evals=2455  time=1309.7s
2026-03-06 18:15:18 | INFO | __main__ |     calibration_ga n=2000: corr_test=0.1562 corr_cal=0.8837 fitness=0.000442 (1309.8s)
2026-03-06 18:15:18 | INFO | __main__ |     pevmean_ga   n=2000: corr_test=0.1671 corr_cal=0.2355 PEV=17669.872293
2026-03-06 18:15:21 | INFO | __main__ |     random (5): mean corr_test=0.1221
2026-03-06 18:16:01 | INFO | src.training_set_optimization.ga_subset | GA gen   0/100 | best=-0.000143  gen_best=-0.000143  mean=-0.000094  cache=53
2026-03-06 18:17:39 | INFO | src.training_set_optimization.ga_subset | GA gen   5/100 | best=-0.000161  gen_best=-0.000161  mean=-0.000134  cache=186
2026-03-06 18:19:12 | INFO | src.training_set_optimization.ga_subset | GA gen  10/100 | best=-0.000176  gen_best=-0.000176  mean=-0.000160  cache=309
2026-03-06 18:20:41 | INFO | src.training_set_optimization.ga_subset | GA gen  15/100 | best=-0.000200  gen_best=-0.000200  mean=-0.000184  cache=428
2026-03-06 18:22:07 | INFO | src.training_set_optimization.ga_subset | GA gen  20/100 | best=-0.000209  gen_best=-0.000209  mean=-0.000194  cache=546
2026-03-06 18:23:37 | INFO | src.training_set_optimization.ga_subset | GA gen  25/100 | best=-0.000219  gen_best=-0.000219  mean=-0.000205  cache=669
2026-03-06 18:25:05 | INFO | src.training_set_optimization.ga_subset | GA gen  30/100 | best=-0.000223  gen_best=-0.000223  mean=-0.000217  cache=788
2026-03-06 18:26:37 | INFO | src.training_set_optimization.ga_subset | GA gen  35/100 | best=-0.000229  gen_best=-0.000229  mean=-0.000222  cache=915
2026-03-06 18:28:06 | INFO | src.training_set_optimization.ga_subset | GA gen  40/100 | best=-0.000236  gen_best=-0.000236  mean=-0.000228  cache=1037
2026-03-06 18:29:37 | INFO | src.training_set_optimization.ga_subset | GA gen  45/100 | best=-0.000239  gen_best=-0.000239  mean=-0.000233  cache=1161
2026-03-06 18:31:10 | INFO | src.training_set_optimization.ga_subset | GA gen  50/100 | best=-0.000240  gen_best=-0.000240  mean=-0.000233  cache=1282
2026-03-06 18:32:45 | INFO | src.training_set_optimization.ga_subset | GA gen  55/100 | best=-0.000242  gen_best=-0.000242  mean=-0.000239  cache=1411
2026-03-06 18:34:16 | INFO | src.training_set_optimization.ga_subset | GA gen  60/100 | best=-0.000243  gen_best=-0.000243  mean=-0.000242  cache=1533
2026-03-06 18:35:44 | INFO | src.training_set_optimization.ga_subset | GA gen  65/100 | best=-0.000247  gen_best=-0.000247  mean=-0.000244  cache=1652
2026-03-06 18:37:12 | INFO | src.training_set_optimization.ga_subset | GA gen  70/100 | best=-0.000249  gen_best=-0.000249  mean=-0.000246  cache=1772
2026-03-06 18:38:44 | INFO | src.training_set_optimization.ga_subset | GA gen  75/100 | best=-0.000251  gen_best=-0.000251  mean=-0.000247  cache=1897
2026-03-06 18:40:10 | INFO | src.training_set_optimization.ga_subset | GA gen  80/100 | best=-0.000253  gen_best=-0.000253  mean=-0.000250  cache=2015
2026-03-06 18:41:39 | INFO | src.training_set_optimization.ga_subset | GA gen  85/100 | best=-0.000255  gen_best=-0.000255  mean=-0.000252  cache=2136
2026-03-06 18:43:09 | INFO | src.training_set_optimization.ga_subset | GA gen  90/100 | best=-0.000255  gen_best=-0.000255  mean=-0.000252  cache=2259
2026-03-06 18:44:39 | INFO | src.training_set_optimization.ga_subset | GA gen  95/100 | best=-0.000258  gen_best=-0.000258  mean=-0.000253  cache=2381
2026-03-06 18:45:42 | INFO | src.training_set_optimization.ga_subset | GA gen  99/100 | best=-0.000258  gen_best=-0.000258  mean=-0.000255  cache=2465
2026-03-06 18:45:42 | INFO | src.training_set_optimization.ga_subset | GA finished: best fitness=-0.000258  evals=2465  time=1820.9s
2026-03-06 18:45:43 | INFO | __main__ |     calibration_ga n=3000: corr_test=0.1724 corr_cal=0.7733 fitness=0.000258 (1821.0s)
2026-03-06 18:45:44 | INFO | __main__ |     pevmean_ga   n=3000: corr_test=0.2185 corr_cal=0.2281 PEV=17277.651868
2026-03-06 18:45:48 | INFO | __main__ |     random (5): mean corr_test=0.1379
2026-03-06 18:46:47 | INFO | src.training_set_optimization.ga_subset | GA gen   0/100 | best=-0.000082  gen_best=-0.000082  mean=-0.000071  cache=57
2026-03-06 18:48:56 | INFO | src.training_set_optimization.ga_subset | GA gen   5/100 | best=-0.000100  gen_best=-0.000100  mean=-0.000086  cache=182
2026-03-06 18:50:58 | INFO | src.training_set_optimization.ga_subset | GA gen  10/100 | best=-0.000119  gen_best=-0.000119  mean=-0.000107  cache=301
2026-03-06 18:53:09 | INFO | src.training_set_optimization.ga_subset | GA gen  15/100 | best=-0.000127  gen_best=-0.000127  mean=-0.000115  cache=428
2026-03-06 18:55:15 | INFO | src.training_set_optimization.ga_subset | GA gen  20/100 | best=-0.000128  gen_best=-0.000128  mean=-0.000119  cache=553
2026-03-06 18:57:27 | INFO | src.training_set_optimization.ga_subset | GA gen  25/100 | best=-0.000128  gen_best=-0.000128  mean=-0.000127  cache=680
2026-03-06 18:59:43 | INFO | src.training_set_optimization.ga_subset | GA gen  30/100 | best=-0.000131  gen_best=-0.000131  mean=-0.000128  cache=813
2026-03-06 19:01:53 | INFO | src.training_set_optimization.ga_subset | GA gen  35/100 | best=-0.000133  gen_best=-0.000133  mean=-0.000129  cache=940
2026-03-06 19:04:00 | INFO | src.training_set_optimization.ga_subset | GA gen  40/100 | best=-0.000133  gen_best=-0.000133  mean=-0.000130  cache=1062
2026-03-06 19:05:58 | INFO | src.training_set_optimization.ga_subset | GA gen  45/100 | best=-0.000135  gen_best=-0.000135  mean=-0.000133  cache=1177
2026-03-06 19:07:56 | INFO | src.training_set_optimization.ga_subset | GA gen  50/100 | best=-0.000137  gen_best=-0.000137  mean=-0.000135  cache=1292
2026-03-06 19:09:51 | INFO | src.training_set_optimization.ga_subset | GA gen  55/100 | best=-0.000138  gen_best=-0.000138  mean=-0.000137  cache=1403
2026-03-06 19:11:39 | INFO | src.training_set_optimization.ga_subset | GA gen  60/100 | best=-0.000140  gen_best=-0.000140  mean=-0.000139  cache=1510
2026-03-06 19:13:44 | INFO | src.training_set_optimization.ga_subset | GA gen  65/100 | best=-0.000141  gen_best=-0.000141  mean=-0.000139  cache=1630
2026-03-06 19:15:45 | INFO | src.training_set_optimization.ga_subset | GA gen  70/100 | best=-0.000142  gen_best=-0.000142  mean=-0.000141  cache=1749
2026-03-06 19:17:53 | INFO | src.training_set_optimization.ga_subset | GA gen  75/100 | best=-0.000144  gen_best=-0.000144  mean=-0.000142  cache=1874
2026-03-06 19:20:03 | INFO | src.training_set_optimization.ga_subset | GA gen  80/100 | best=-0.000146  gen_best=-0.000146  mean=-0.000144  cache=2000
2026-03-06 19:22:11 | INFO | src.training_set_optimization.ga_subset | GA gen  85/100 | best=-0.000147  gen_best=-0.000147  mean=-0.000145  cache=2125
2026-03-06 19:24:19 | INFO | src.training_set_optimization.ga_subset | GA gen  90/100 | best=-0.000149  gen_best=-0.000149  mean=-0.000147  cache=2249
2026-03-06 19:26:31 | INFO | src.training_set_optimization.ga_subset | GA gen  95/100 | best=-0.000150  gen_best=-0.000150  mean=-0.000148  cache=2376
2026-03-06 19:28:18 | INFO | src.training_set_optimization.ga_subset | GA gen  99/100 | best=-0.000153  gen_best=-0.000153  mean=-0.000149  cache=2480
2026-03-06 19:28:18 | INFO | src.training_set_optimization.ga_subset | GA finished: best fitness=-0.000153  evals=2480  time=2550.3s
2026-03-06 19:28:19 | INFO | __main__ |     calibration_ga n=4000: corr_test=0.2096 corr_cal=0.6120 fitness=0.000153 (2550.5s)
2026-03-06 19:28:20 | INFO | __main__ |     pevmean_ga   n=4000: corr_test=0.1919 corr_cal=0.2268 PEV=16960.668525
2026-03-06 19:28:26 | INFO | __main__ |     random (5): mean corr_test=0.1926
2026-03-06 19:28:26 | INFO | __main__ | --- Phase 2: n_cal=100 (seed=87485517) | cal=100, test=94 ---
2026-03-06 19:28:27 | INFO | __main__ |   all_individuals: corr_test=0.2654 corr_cal=0.1648
2026-03-06 19:28:33 | INFO | src.training_set_optimization.ga_subset | GA gen   0/100 | best=-0.000551  gen_best=-0.000551  mean=-0.000255  cache=54
2026-03-06 19:28:47 | INFO | src.training_set_optimization.ga_subset | GA gen   5/100 | best=-0.000900  gen_best=-0.000900  mean=-0.000729  cache=182
2026-03-06 19:29:00 | INFO | src.training_set_optimization.ga_subset | GA gen  10/100 | best=-0.001107  gen_best=-0.001107  mean=-0.000923  cache=302
2026-03-06 19:29:13 | INFO | src.training_set_optimization.ga_subset | GA gen  15/100 | best=-0.001188  gen_best=-0.001188  mean=-0.001093  cache=421
2026-03-06 19:29:27 | INFO | src.training_set_optimization.ga_subset | GA gen  20/100 | best=-0.001259  gen_best=-0.001259  mean=-0.001152  cache=544
2026-03-06 19:29:40 | INFO | src.training_set_optimization.ga_subset | GA gen  25/100 | best=-0.001344  gen_best=-0.001344  mean=-0.001210  cache=666
2026-03-06 19:29:54 | INFO | src.training_set_optimization.ga_subset | GA gen  30/100 | best=-0.001387  gen_best=-0.001387  mean=-0.001326  cache=782
2026-03-06 19:30:05 | INFO | src.training_set_optimization.ga_subset | GA gen  35/100 | best=-0.001394  gen_best=-0.001394  mean=-0.001343  cache=889
2026-03-06 19:30:19 | INFO | src.training_set_optimization.ga_subset | GA gen  40/100 | best=-0.001441  gen_best=-0.001441  mean=-0.001411  cache=1011
2026-03-06 19:30:33 | INFO | src.training_set_optimization.ga_subset | GA gen  45/100 | best=-0.001463  gen_best=-0.001463  mean=-0.001430  cache=1135
2026-03-06 19:30:47 | INFO | src.training_set_optimization.ga_subset | GA gen  50/100 | best=-0.001480  gen_best=-0.001480  mean=-0.001427  cache=1263
2026-03-06 19:31:01 | INFO | src.training_set_optimization.ga_subset | GA gen  55/100 | best=-0.001493  gen_best=-0.001493  mean=-0.001465  cache=1389
2026-03-06 19:31:15 | INFO | src.training_set_optimization.ga_subset | GA gen  60/100 | best=-0.001531  gen_best=-0.001531  mean=-0.001486  cache=1517
2026-03-06 19:31:29 | INFO | src.training_set_optimization.ga_subset | GA gen  65/100 | best=-0.001550  gen_best=-0.001550  mean=-0.001510  cache=1639
2026-03-06 19:31:42 | INFO | src.training_set_optimization.ga_subset | GA gen  70/100 | best=-0.001563  gen_best=-0.001563  mean=-0.001536  cache=1759
2026-03-06 19:31:55 | INFO | src.training_set_optimization.ga_subset | GA gen  75/100 | best=-0.001575  gen_best=-0.001575  mean=-0.001552  cache=1883
2026-03-06 19:32:07 | INFO | src.training_set_optimization.ga_subset | GA gen  80/100 | best=-0.001582  gen_best=-0.001582  mean=-0.001573  cache=1992
2026-03-06 19:32:20 | INFO | src.training_set_optimization.ga_subset | GA gen  85/100 | best=-0.001597  gen_best=-0.001597  mean=-0.001581  cache=2109
2026-03-06 19:32:34 | INFO | src.training_set_optimization.ga_subset | GA gen  90/100 | best=-0.001601  gen_best=-0.001601  mean=-0.001578  cache=2237
2026-03-06 19:32:47 | INFO | src.training_set_optimization.ga_subset | GA gen  95/100 | best=-0.001617  gen_best=-0.001617  mean=-0.001588  cache=2351
2026-03-06 19:32:57 | INFO | src.training_set_optimization.ga_subset | GA gen  99/100 | best=-0.001623  gen_best=-0.001623  mean=-0.001602  cache=2435
2026-03-06 19:32:57 | INFO | src.training_set_optimization.ga_subset | GA finished: best fitness=-0.001623  evals=2435  time=269.0s
2026-03-06 19:32:57 | INFO | __main__ |     calibration_ga n=500: corr_test=0.0944 corr_cal=0.8117 fitness=0.001623 (269.1s)
2026-03-06 19:32:57 | INFO | __main__ |     pevmean_ga   n=500: corr_test=0.3249 corr_cal=0.1018 PEV=18719.066437
2026-03-06 19:32:57 | INFO | __main__ |     random (5): mean corr_test=0.0402
2026-03-06 19:33:09 | INFO | src.training_set_optimization.ga_subset | GA gen   0/100 | best=-0.000305  gen_best=-0.000305  mean=-0.000132  cache=56
2026-03-06 19:33:35 | INFO | src.training_set_optimization.ga_subset | GA gen   5/100 | best=-0.000443  gen_best=-0.000443  mean=-0.000357  cache=174
2026-03-06 19:34:13 | INFO | src.training_set_optimization.ga_subset | GA gen  10/100 | best=-0.000559  gen_best=-0.000559  mean=-0.000493  cache=302
2026-03-06 19:34:41 | INFO | src.training_set_optimization.ga_subset | GA gen  15/100 | best=-0.000635  gen_best=-0.000635  mean=-0.000577  cache=427
2026-03-06 19:35:17 | INFO | src.training_set_optimization.ga_subset | GA gen  20/100 | best=-0.000668  gen_best=-0.000668  mean=-0.000618  cache=558
2026-03-06 19:35:54 | INFO | src.training_set_optimization.ga_subset | GA gen  25/100 | best=-0.000675  gen_best=-0.000675  mean=-0.000644  cache=683
2026-03-06 19:36:20 | INFO | src.training_set_optimization.ga_subset | GA gen  30/100 | best=-0.000684  gen_best=-0.000684  mean=-0.000665  cache=804
2026-03-06 19:36:46 | INFO | src.training_set_optimization.ga_subset | GA gen  35/100 | best=-0.000691  gen_best=-0.000691  mean=-0.000672  cache=926
2026-03-06 19:37:12 | INFO | src.training_set_optimization.ga_subset | GA gen  40/100 | best=-0.000711  gen_best=-0.000711  mean=-0.000679  cache=1043
2026-03-06 19:37:42 | INFO | src.training_set_optimization.ga_subset | GA gen  45/100 | best=-0.000715  gen_best=-0.000715  mean=-0.000691  cache=1165
2026-03-06 19:38:13 | INFO | src.training_set_optimization.ga_subset | GA gen  50/100 | best=-0.000727  gen_best=-0.000727  mean=-0.000699  cache=1290
2026-03-06 19:38:43 | INFO | src.training_set_optimization.ga_subset | GA gen  55/100 | best=-0.000729  gen_best=-0.000729  mean=-0.000723  cache=1414
2026-03-06 19:39:15 | INFO | src.training_set_optimization.ga_subset | GA gen  60/100 | best=-0.000740  gen_best=-0.000740  mean=-0.000728  cache=1535
2026-03-06 19:39:49 | INFO | src.training_set_optimization.ga_subset | GA gen  65/100 | best=-0.000749  gen_best=-0.000749  mean=-0.000736  cache=1656
2026-03-06 19:40:19 | INFO | src.training_set_optimization.ga_subset | GA gen  70/100 | best=-0.000754  gen_best=-0.000754  mean=-0.000746  cache=1772
2026-03-06 19:40:52 | INFO | src.training_set_optimization.ga_subset | GA gen  75/100 | best=-0.000761  gen_best=-0.000761  mean=-0.000749  cache=1896
2026-03-06 19:41:24 | INFO | src.training_set_optimization.ga_subset | GA gen  80/100 | best=-0.000767  gen_best=-0.000767  mean=-0.000751  cache=2023
2026-03-06 19:41:53 | INFO | src.training_set_optimization.ga_subset | GA gen  85/100 | best=-0.000771  gen_best=-0.000771  mean=-0.000766  cache=2142
2026-03-06 19:42:27 | INFO | src.training_set_optimization.ga_subset | GA gen  90/100 | best=-0.000776  gen_best=-0.000776  mean=-0.000768  cache=2264
2026-03-06 19:43:03 | INFO | src.training_set_optimization.ga_subset | GA gen  95/100 | best=-0.000784  gen_best=-0.000784  mean=-0.000777  cache=2386
2026-03-06 19:43:29 | INFO | src.training_set_optimization.ga_subset | GA gen  99/100 | best=-0.000788  gen_best=-0.000788  mean=-0.000780  cache=2483
2026-03-06 19:43:29 | INFO | src.training_set_optimization.ga_subset | GA finished: best fitness=-0.000788  evals=2483  time=631.5s
2026-03-06 19:43:29 | INFO | __main__ |     calibration_ga n=1000: corr_test=0.0562 corr_cal=0.7877 fitness=0.000788 (631.6s)
2026-03-06 19:43:30 | INFO | __main__ |     pevmean_ga   n=1000: corr_test=0.2860 corr_cal=0.2036 PEV=18290.733422
2026-03-06 19:43:31 | INFO | __main__ |     random (5): mean corr_test=0.2110
2026-03-06 19:43:59 | INFO | src.training_set_optimization.ga_subset | GA gen   0/100 | best=-0.000129  gen_best=-0.000129  mean=-0.000076  cache=55
2026-03-06 19:44:56 | INFO | src.training_set_optimization.ga_subset | GA gen   5/100 | best=-0.000202  gen_best=-0.000202  mean=-0.000167  cache=176
2026-03-06 19:45:58 | INFO | src.training_set_optimization.ga_subset | GA gen  10/100 | best=-0.000237  gen_best=-0.000237  mean=-0.000199  cache=307
2026-03-06 19:46:53 | INFO | src.training_set_optimization.ga_subset | GA gen  15/100 | best=-0.000258  gen_best=-0.000258  mean=-0.000224  cache=432
2026-03-06 19:47:54 | INFO | src.training_set_optimization.ga_subset | GA gen  20/100 | best=-0.000282  gen_best=-0.000282  mean=-0.000257  cache=562
2026-03-06 19:48:51 | INFO | src.training_set_optimization.ga_subset | GA gen  25/100 | best=-0.000303  gen_best=-0.000303  mean=-0.000282  cache=684
2026-03-06 19:49:45 | INFO | src.training_set_optimization.ga_subset | GA gen  30/100 | best=-0.000318  gen_best=-0.000318  mean=-0.000302  cache=801
2026-03-06 19:50:48 | INFO | src.training_set_optimization.ga_subset | GA gen  35/100 | best=-0.000335  gen_best=-0.000335  mean=-0.000319  cache=927
2026-03-06 19:51:52 | INFO | src.training_set_optimization.ga_subset | GA gen  40/100 | best=-0.000342  gen_best=-0.000342  mean=-0.000323  cache=1051
2026-03-06 19:52:50 | INFO | src.training_set_optimization.ga_subset | GA gen  45/100 | best=-0.000343  gen_best=-0.000343  mean=-0.000329  cache=1173
2026-03-06 19:53:44 | INFO | src.training_set_optimization.ga_subset | GA gen  50/100 | best=-0.000345  gen_best=-0.000345  mean=-0.000342  cache=1292
2026-03-06 19:54:39 | INFO | src.training_set_optimization.ga_subset | GA gen  55/100 | best=-0.000349  gen_best=-0.000349  mean=-0.000346  cache=1407
2026-03-06 19:55:29 | INFO | src.training_set_optimization.ga_subset | GA gen  60/100 | best=-0.000354  gen_best=-0.000354  mean=-0.000350  cache=1522
2026-03-06 19:56:18 | INFO | src.training_set_optimization.ga_subset | GA gen  65/100 | best=-0.000357  gen_best=-0.000357  mean=-0.000350  cache=1633
2026-03-06 19:57:13 | INFO | src.training_set_optimization.ga_subset | GA gen  70/100 | best=-0.000362  gen_best=-0.000362  mean=-0.000353  cache=1757
2026-03-06 19:58:11 | INFO | src.training_set_optimization.ga_subset | GA gen  75/100 | best=-0.000363  gen_best=-0.000363  mean=-0.000358  cache=1878
2026-03-06 19:59:11 | INFO | src.training_set_optimization.ga_subset | GA gen  80/100 | best=-0.000366  gen_best=-0.000366  mean=-0.000364  cache=1999
2026-03-06 20:00:06 | INFO | src.training_set_optimization.ga_subset | GA gen  85/100 | best=-0.000369  gen_best=-0.000369  mean=-0.000365  cache=2114
2026-03-06 20:01:00 | INFO | src.training_set_optimization.ga_subset | GA gen  90/100 | best=-0.000373  gen_best=-0.000373  mean=-0.000368  cache=2232
2026-03-06 20:01:53 | INFO | src.training_set_optimization.ga_subset | GA gen  95/100 | best=-0.000375  gen_best=-0.000375  mean=-0.000373  cache=2350
2026-03-06 20:02:48 | INFO | src.training_set_optimization.ga_subset | GA gen  99/100 | best=-0.000378  gen_best=-0.000378  mean=-0.000374  cache=2448
2026-03-06 20:02:48 | INFO | src.training_set_optimization.ga_subset | GA finished: best fitness=-0.000378  evals=2448  time=1156.7s
2026-03-06 20:02:49 | INFO | __main__ |     calibration_ga n=2000: corr_test=0.0811 corr_cal=0.7554 fitness=0.000378 (1156.8s)
2026-03-06 20:02:49 | INFO | __main__ |     pevmean_ga   n=2000: corr_test=0.2645 corr_cal=0.0975 PEV=17669.872293
2026-03-06 20:02:52 | INFO | __main__ |     random (5): mean corr_test=0.2189
2026-03-06 20:03:32 | INFO | src.training_set_optimization.ga_subset | GA gen   0/100 | best=-0.000085  gen_best=-0.000085  mean=-0.000051  cache=56
2026-03-06 20:05:04 | INFO | src.training_set_optimization.ga_subset | GA gen   5/100 | best=-0.000110  gen_best=-0.000110  mean=-0.000088  cache=178
2026-03-06 20:06:30 | INFO | src.training_set_optimization.ga_subset | GA gen  10/100 | best=-0.000132  gen_best=-0.000132  mean=-0.000118  cache=297
2026-03-06 20:08:03 | INFO | src.training_set_optimization.ga_subset | GA gen  15/100 | best=-0.000145  gen_best=-0.000145  mean=-0.000133  cache=421
2026-03-06 20:09:35 | INFO | src.training_set_optimization.ga_subset | GA gen  20/100 | best=-0.000166  gen_best=-0.000166  mean=-0.000145  cache=546
2026-03-06 20:10:52 | INFO | src.training_set_optimization.ga_subset | GA gen  25/100 | best=-0.000170  gen_best=-0.000170  mean=-0.000165  cache=654
2026-03-06 20:12:17 | INFO | src.training_set_optimization.ga_subset | GA gen  30/100 | best=-0.000179  gen_best=-0.000179  mean=-0.000168  cache=770
2026-03-06 20:13:45 | INFO | src.training_set_optimization.ga_subset | GA gen  35/100 | best=-0.000182  gen_best=-0.000182  mean=-0.000170  cache=892
2026-03-06 20:15:03 | INFO | src.training_set_optimization.ga_subset | GA gen  40/100 | best=-0.000189  gen_best=-0.000189  mean=-0.000181  cache=999
2026-03-06 20:16:38 | INFO | src.training_set_optimization.ga_subset | GA gen  45/100 | best=-0.000192  gen_best=-0.000192  mean=-0.000184  cache=1128
2026-03-06 20:18:13 | INFO | src.training_set_optimization.ga_subset | GA gen  50/100 | best=-0.000192  gen_best=-0.000192  mean=-0.000187  cache=1255
2026-03-06 20:19:40 | INFO | src.training_set_optimization.ga_subset | GA gen  55/100 | best=-0.000194  gen_best=-0.000194  mean=-0.000191  cache=1376
2026-03-06 20:21:10 | INFO | src.training_set_optimization.ga_subset | GA gen  60/100 | best=-0.000195  gen_best=-0.000195  mean=-0.000192  cache=1500
2026-03-06 20:22:35 | INFO | src.training_set_optimization.ga_subset | GA gen  65/100 | best=-0.000196  gen_best=-0.000196  mean=-0.000194  cache=1619
2026-03-06 20:24:08 | INFO | src.training_set_optimization.ga_subset | GA gen  70/100 | best=-0.000198  gen_best=-0.000198  mean=-0.000194  cache=1746
2026-03-06 20:25:38 | INFO | src.training_set_optimization.ga_subset | GA gen  75/100 | best=-0.000200  gen_best=-0.000200  mean=-0.000197  cache=1871
2026-03-06 20:27:08 | INFO | src.training_set_optimization.ga_subset | GA gen  80/100 | best=-0.000201  gen_best=-0.000201  mean=-0.000198  cache=1996
2026-03-06 20:28:38 | INFO | src.training_set_optimization.ga_subset | GA gen  85/100 | best=-0.000203  gen_best=-0.000203  mean=-0.000198  cache=2120
2026-03-06 20:30:06 | INFO | src.training_set_optimization.ga_subset | GA gen  90/100 | best=-0.000205  gen_best=-0.000205  mean=-0.000200  cache=2239
2026-03-06 20:31:39 | INFO | src.training_set_optimization.ga_subset | GA gen  95/100 | best=-0.000205  gen_best=-0.000205  mean=-0.000202  cache=2367
2026-03-06 20:32:49 | INFO | src.training_set_optimization.ga_subset | GA gen  99/100 | best=-0.000207  gen_best=-0.000207  mean=-0.000203  cache=2461
2026-03-06 20:32:49 | INFO | src.training_set_optimization.ga_subset | GA finished: best fitness=-0.000207  evals=2461  time=1796.8s
2026-03-06 20:32:49 | INFO | __main__ |     calibration_ga n=3000: corr_test=0.2673 corr_cal=0.6197 fitness=0.000207 (1796.8s)
2026-03-06 20:32:50 | INFO | __main__ |     pevmean_ga   n=3000: corr_test=0.2666 corr_cal=0.1277 PEV=17277.651868
2026-03-06 20:32:54 | INFO | __main__ |     random (5): mean corr_test=0.2209
2026-03-06 20:33:48 | INFO | src.training_set_optimization.ga_subset | GA gen   0/100 | best=-0.000057  gen_best=-0.000057  mean=-0.000038  cache=53
2026-03-06 20:35:57 | INFO | src.training_set_optimization.ga_subset | GA gen   5/100 | best=-0.000079  gen_best=-0.000079  mean=-0.000060  cache=177
2026-03-06 20:38:10 | INFO | src.training_set_optimization.ga_subset | GA gen  10/100 | best=-0.000084  gen_best=-0.000084  mean=-0.000066  cache=305
2026-03-06 20:40:16 | INFO | src.training_set_optimization.ga_subset | GA gen  15/100 | best=-0.000086  gen_best=-0.000086  mean=-0.000077  cache=427
2026-03-06 20:42:27 | INFO | src.training_set_optimization.ga_subset | GA gen  20/100 | best=-0.000098  gen_best=-0.000098  mean=-0.000082  cache=553
2026-03-06 20:44:35 | INFO | src.training_set_optimization.ga_subset | GA gen  25/100 | best=-0.000100  gen_best=-0.000100  mean=-0.000098  cache=680
2026-03-06 20:46:41 | INFO | src.training_set_optimization.ga_subset | GA gen  30/100 | best=-0.000100  gen_best=-0.000100  mean=-0.000099  cache=805
2026-03-06 20:48:34 | INFO | src.training_set_optimization.ga_subset | GA gen  35/100 | best=-0.000103  gen_best=-0.000103  mean=-0.000100  cache=915
2026-03-06 20:50:45 | INFO | src.training_set_optimization.ga_subset | GA gen  40/100 | best=-0.000106  gen_best=-0.000106  mean=-0.000103  cache=1042
2026-03-06 20:52:48 | INFO | src.training_set_optimization.ga_subset | GA gen  45/100 | best=-0.000108  gen_best=-0.000108  mean=-0.000105  cache=1160
2026-03-06 20:55:02 | INFO | src.training_set_optimization.ga_subset | GA gen  50/100 | best=-0.000109  gen_best=-0.000109  mean=-0.000106  cache=1291
2026-03-06 20:57:16 | INFO | src.training_set_optimization.ga_subset | GA gen  55/100 | best=-0.000111  gen_best=-0.000111  mean=-0.000108  cache=1420
2026-03-06 20:59:36 | INFO | src.training_set_optimization.ga_subset | GA gen  60/100 | best=-0.000112  gen_best=-0.000112  mean=-0.000109  cache=1555
2026-03-06 21:01:43 | INFO | src.training_set_optimization.ga_subset | GA gen  65/100 | best=-0.000116  gen_best=-0.000116  mean=-0.000112  cache=1677
2026-03-06 21:03:37 | INFO | src.training_set_optimization.ga_subset | GA gen  70/100 | best=-0.000118  gen_best=-0.000118  mean=-0.000114  cache=1788
2026-03-06 21:05:47 | INFO | src.training_set_optimization.ga_subset | GA gen  75/100 | best=-0.000121  gen_best=-0.000121  mean=-0.000118  cache=1913
2026-03-06 21:07:58 | INFO | src.training_set_optimization.ga_subset | GA gen  80/100 | best=-0.000123  gen_best=-0.000123  mean=-0.000119  cache=2041
2026-03-06 21:09:51 | INFO | src.training_set_optimization.ga_subset | GA gen  85/100 | best=-0.000125  gen_best=-0.000125  mean=-0.000122  cache=2150
2026-03-06 21:12:00 | INFO | src.training_set_optimization.ga_subset | GA gen  90/100 | best=-0.000126  gen_best=-0.000126  mean=-0.000124  cache=2274
2026-03-06 21:14:11 | INFO | src.training_set_optimization.ga_subset | GA gen  95/100 | best=-0.000127  gen_best=-0.000127  mean=-0.000124  cache=2400
2026-03-06 21:15:50 | INFO | src.training_set_optimization.ga_subset | GA gen  99/100 | best=-0.000127  gen_best=-0.000127  mean=-0.000125  cache=2495
2026-03-06 21:15:50 | INFO | src.training_set_optimization.ga_subset | GA finished: best fitness=-0.000127  evals=2495  time=2576.4s
2026-03-06 21:15:51 | INFO | __main__ |     calibration_ga n=4000: corr_test=0.2195 corr_cal=0.5088 fitness=0.000127 (2576.5s)
2026-03-06 21:15:52 | INFO | __main__ |     pevmean_ga   n=4000: corr_test=0.2504 corr_cal=0.1449 PEV=16960.668525
2026-03-06 21:15:57 | INFO | __main__ |     random (5): mean corr_test=0.2409
2026-03-06 21:15:58 | INFO | __main__ | Summary saved to outputs/training_set_compare/shards/shard_000/body_mass/comparison_summary.csv
2026-03-06 21:15:58 | INFO | __main__ | Trait 'body_mass' complete. Results: outputs/training_set_compare/shards/shard_000/body_mass/comparison_results.csv
2026-03-06 21:15:58 | INFO | __main__ | All traits done.
