2026-03-06 15:11:51 | INFO | __main__ | Shard 3/5 → repeat 3
2026-03-06 15:11:51 | INFO | __main__ | Calibration-GA config: GAConfig(pop_size=30, n_generations=100, n_elite=2, tournament_k=3, crossover_prob=0.9, mutation_prob=0.3, n_swaps_per_mut=1, seed=14, verbose=True, stagnation_limit=15)
2026-03-06 15:11:51 | INFO | __main__ | PEVmean-GA config:     GAConfig(pop_size=50, n_generations=100, n_elite=2, tournament_k=3, crossover_prob=0.9, mutation_prob=0.3, n_swaps_per_mut=2, seed=14, verbose=True, stagnation_limit=20)
2026-03-06 15:11:51 | INFO | __main__ | n_train_sizes=[500, 1000, 2000, 3000, 4000], n_cal_samples=[25, 50, 100], n_repeats=5
2026-03-06 15:11:51 | INFO | __main__ | Loading data for trait 'body_mass'
2026-03-06 15:11:51 | INFO | src.data | Loading data from NPZ: Data/npz/snp_body_mass_ALL.npz
2026-03-06 15:12:02 | INFO | __main__ | Loaded: 5697 samples, 65344 SNPs
2026-03-06 15:12:02 | INFO | __main__ | Fixed SNP subset: n=20000
2026-03-06 15:12:02 | INFO | __main__ | Target 3 (Selvær): n_source=5503, n_target=194
2026-03-06 15:12:03 | INFO | __main__ | Building PEVmean kernel (5503 + 194 = 5697) ...
2026-03-06 15:12:04 | INFO | __main__ | Kernel built: shape (5697, 5697)
2026-03-06 15:12:05 | INFO | __main__ | PEVmean(all source): 16597.565145
2026-03-06 15:12:05 | INFO | __main__ | ======================================================================
Repeat 4/5 | target 3 (Selvær)
======================================================================
2026-03-06 15:12:05 | INFO | __main__ | --- Phase 1: PEVmean-GA ---
2026-03-06 15:12:05 | INFO | src.training_set_optimization.ga_subset | GA gen   0/100 | best=19225.146910  gen_best=19225.146910  mean=19324.492079  cache=93
2026-03-06 15:12:07 | INFO | src.training_set_optimization.ga_subset | GA gen   5/100 | best=19116.772970  gen_best=19116.772970  mean=19191.759271  cache=306
2026-03-06 15:12:09 | INFO | src.training_set_optimization.ga_subset | GA gen  10/100 | best=19022.758210  gen_best=19022.758210  mean=19116.098235  cache=524
2026-03-06 15:12:11 | INFO | src.training_set_optimization.ga_subset | GA gen  15/100 | best=18933.822486  gen_best=18933.822486  mean=19015.870454  cache=745
2026-03-06 15:12:12 | INFO | src.training_set_optimization.ga_subset | GA gen  20/100 | best=18908.715827  gen_best=18908.715827  mean=18976.516550  cache=959
2026-03-06 15:12:14 | INFO | src.training_set_optimization.ga_subset | GA gen  25/100 | best=18871.191030  gen_best=18871.191030  mean=18934.990783  cache=1177
2026-03-06 15:12:16 | INFO | src.training_set_optimization.ga_subset | GA gen  30/100 | best=18851.759341  gen_best=18851.759341  mean=18910.542170  cache=1376
2026-03-06 15:12:18 | INFO | src.training_set_optimization.ga_subset | GA gen  35/100 | best=18809.274189  gen_best=18809.274189  mean=18849.409596  cache=1592
2026-03-06 15:12:19 | INFO | src.training_set_optimization.ga_subset | GA gen  40/100 | best=18807.533665  gen_best=18807.533665  mean=18850.570438  cache=1804
2026-03-06 15:12:21 | INFO | src.training_set_optimization.ga_subset | GA gen  45/100 | best=18791.979624  gen_best=18791.979624  mean=18836.053784  cache=2023
2026-03-06 15:12:22 | INFO | src.training_set_optimization.ga_subset | GA gen  50/100 | best=18791.979624  gen_best=18791.979624  mean=18843.117865  cache=2236
2026-03-06 15:12:24 | INFO | src.training_set_optimization.ga_subset | GA gen  55/100 | best=18784.146535  gen_best=18784.146535  mean=18843.013507  cache=2439
2026-03-06 15:12:25 | INFO | src.training_set_optimization.ga_subset | GA gen  60/100 | best=18777.810938  gen_best=18777.810938  mean=18818.934280  cache=2653
2026-03-06 15:12:27 | INFO | src.training_set_optimization.ga_subset | GA gen  65/100 | best=18777.777254  gen_best=18777.777254  mean=18818.421076  cache=2873
2026-03-06 15:12:29 | INFO | src.training_set_optimization.ga_subset | GA gen  70/100 | best=18774.560772  gen_best=18774.560772  mean=18800.971917  cache=3096
2026-03-06 15:12:30 | INFO | src.training_set_optimization.ga_subset | GA gen  75/100 | best=18768.986340  gen_best=18768.986340  mean=18785.630799  cache=3313
2026-03-06 15:12:32 | INFO | src.training_set_optimization.ga_subset | GA gen  80/100 | best=18747.379247  gen_best=18747.379247  mean=18777.477881  cache=3528
2026-03-06 15:12:34 | INFO | src.training_set_optimization.ga_subset | GA gen  85/100 | best=18736.471669  gen_best=18736.471669  mean=18773.809738  cache=3744
2026-03-06 15:12:35 | INFO | src.training_set_optimization.ga_subset | GA gen  90/100 | best=18730.538449  gen_best=18730.538449  mean=18750.584371  cache=3959
2026-03-06 15:12:37 | INFO | src.training_set_optimization.ga_subset | GA gen  95/100 | best=18728.353186  gen_best=18728.353186  mean=18754.432678  cache=4177
2026-03-06 15:12:38 | INFO | src.training_set_optimization.ga_subset | GA gen  99/100 | best=18720.958398  gen_best=18720.958398  mean=18759.298311  cache=4350
2026-03-06 15:12:38 | INFO | src.training_set_optimization.ga_subset | GA finished: best fitness=18720.958398  evals=4350  time=33.5s
2026-03-06 15:12:38 | INFO | __main__ |   PEVmean n_train=500: PEV=18720.958398 (33.5s, 100 gens)
2026-03-06 15:12:41 | INFO | src.training_set_optimization.ga_subset | GA gen   0/100 | best=18801.543419  gen_best=18801.543419  mean=18907.414651  cache=96
2026-03-06 15:12:48 | INFO | src.training_set_optimization.ga_subset | GA gen   5/100 | best=18623.656100  gen_best=18623.656100  mean=18732.090270  cache=315
2026-03-06 15:12:55 | INFO | src.training_set_optimization.ga_subset | GA gen  10/100 | best=18535.407376  gen_best=18535.407376  mean=18625.670957  cache=533
2026-03-06 15:13:02 | INFO | src.training_set_optimization.ga_subset | GA gen  15/100 | best=18492.247965  gen_best=18492.247965  mean=18577.719043  cache=748
2026-03-06 15:13:09 | INFO | src.training_set_optimization.ga_subset | GA gen  20/100 | best=18463.723251  gen_best=18463.723251  mean=18536.834358  cache=958
2026-03-06 15:13:16 | INFO | src.training_set_optimization.ga_subset | GA gen  25/100 | best=18448.794527  gen_best=18448.794527  mean=18506.740463  cache=1166
2026-03-06 15:13:23 | INFO | src.training_set_optimization.ga_subset | GA gen  30/100 | best=18429.233327  gen_best=18429.233327  mean=18493.427128  cache=1385
2026-03-06 15:13:30 | INFO | src.training_set_optimization.ga_subset | GA gen  35/100 | best=18423.058360  gen_best=18423.058360  mean=18493.521614  cache=1605
2026-03-06 15:13:37 | INFO | src.training_set_optimization.ga_subset | GA gen  40/100 | best=18400.358653  gen_best=18400.358653  mean=18442.490607  cache=1825
2026-03-06 15:13:44 | INFO | src.training_set_optimization.ga_subset | GA gen  45/100 | best=18397.487121  gen_best=18397.487121  mean=18446.440312  cache=2042
2026-03-06 15:13:51 | INFO | src.training_set_optimization.ga_subset | GA gen  50/100 | best=18383.700112  gen_best=18383.700112  mean=18425.100586  cache=2257
2026-03-06 15:13:57 | INFO | src.training_set_optimization.ga_subset | GA gen  55/100 | best=18383.600632  gen_best=18383.600632  mean=18428.573248  cache=2469
2026-03-06 15:14:03 | INFO | src.training_set_optimization.ga_subset | GA gen  60/100 | best=18376.229609  gen_best=18376.229609  mean=18395.862430  cache=2678
2026-03-06 15:14:10 | INFO | src.training_set_optimization.ga_subset | GA gen  65/100 | best=18368.656461  gen_best=18368.656461  mean=18386.725093  cache=2882
2026-03-06 15:14:16 | INFO | src.training_set_optimization.ga_subset | GA gen  70/100 | best=18361.355612  gen_best=18361.355612  mean=18397.726446  cache=3096
2026-03-06 15:14:23 | INFO | src.training_set_optimization.ga_subset | GA gen  75/100 | best=18354.363778  gen_best=18354.363778  mean=18388.409103  cache=3313
2026-03-06 15:14:29 | INFO | src.training_set_optimization.ga_subset | GA gen  80/100 | best=18345.547750  gen_best=18345.547750  mean=18358.980316  cache=3521
2026-03-06 15:14:36 | INFO | src.training_set_optimization.ga_subset | GA gen  85/100 | best=18334.685884  gen_best=18334.685884  mean=18359.580568  cache=3740
2026-03-06 15:14:42 | INFO | src.training_set_optimization.ga_subset | GA gen  90/100 | best=18330.291779  gen_best=18330.291779  mean=18376.582069  cache=3956
2026-03-06 15:14:48 | INFO | src.training_set_optimization.ga_subset | GA gen  95/100 | best=18323.536728  gen_best=18323.536728  mean=18335.894569  cache=4163
2026-03-06 15:14:54 | INFO | src.training_set_optimization.ga_subset | GA gen  99/100 | best=18309.038621  gen_best=18309.038621  mean=18325.847091  cache=4333
2026-03-06 15:14:54 | INFO | src.training_set_optimization.ga_subset | GA finished: best fitness=18309.038621  evals=4333  time=135.5s
2026-03-06 15:14:54 | INFO | __main__ |   PEVmean n_train=1000: PEV=18309.038621 (135.5s, 100 gens)
2026-03-06 15:15:01 | INFO | src.training_set_optimization.ga_subset | GA gen   0/100 | best=18125.456425  gen_best=18125.456425  mean=18231.038603  cache=91
2026-03-06 15:15:19 | INFO | src.training_set_optimization.ga_subset | GA gen   5/100 | best=17963.584870  gen_best=17963.584870  mean=18076.570356  cache=309
2026-03-06 15:15:36 | INFO | src.training_set_optimization.ga_subset | GA gen  10/100 | best=17921.092008  gen_best=17921.092008  mean=18008.623757  cache=531
2026-03-06 15:15:55 | INFO | src.training_set_optimization.ga_subset | GA gen  15/100 | best=17889.307437  gen_best=17889.307437  mean=17974.692578  cache=758
2026-03-06 15:16:12 | INFO | src.training_set_optimization.ga_subset | GA gen  20/100 | best=17874.607910  gen_best=17874.607910  mean=17914.469214  cache=973
2026-03-06 15:16:29 | INFO | src.training_set_optimization.ga_subset | GA gen  25/100 | best=17828.133262  gen_best=17828.133262  mean=17879.242245  cache=1189
2026-03-06 15:16:46 | INFO | src.training_set_optimization.ga_subset | GA gen  30/100 | best=17810.618641  gen_best=17810.618641  mean=17854.666766  cache=1396
2026-03-06 15:17:04 | INFO | src.training_set_optimization.ga_subset | GA gen  35/100 | best=17795.120074  gen_best=17795.120074  mean=17828.278834  cache=1613
2026-03-06 15:17:21 | INFO | src.training_set_optimization.ga_subset | GA gen  40/100 | best=17791.617766  gen_best=17791.617766  mean=17814.526327  cache=1824
2026-03-06 15:17:40 | INFO | src.training_set_optimization.ga_subset | GA gen  45/100 | best=17773.777548  gen_best=17773.777548  mean=17810.317877  cache=2041
2026-03-06 15:17:58 | INFO | src.training_set_optimization.ga_subset | GA gen  50/100 | best=17771.513771  gen_best=17771.513771  mean=17802.274891  cache=2259
2026-03-06 15:18:17 | INFO | src.training_set_optimization.ga_subset | GA gen  55/100 | best=17762.498324  gen_best=17762.498324  mean=17803.356831  cache=2479
2026-03-06 15:18:35 | INFO | src.training_set_optimization.ga_subset | GA gen  60/100 | best=17756.541903  gen_best=17756.541903  mean=17795.717294  cache=2698
2026-03-06 15:18:51 | INFO | src.training_set_optimization.ga_subset | GA gen  65/100 | best=17755.806939  gen_best=17755.806939  mean=17765.383507  cache=2887
2026-03-06 15:19:09 | INFO | src.training_set_optimization.ga_subset | GA gen  70/100 | best=17740.194824  gen_best=17740.194824  mean=17753.057883  cache=3101
2026-03-06 15:19:27 | INFO | src.training_set_optimization.ga_subset | GA gen  75/100 | best=17727.111981  gen_best=17727.111981  mean=17747.963513  cache=3316
2026-03-06 15:19:46 | INFO | src.training_set_optimization.ga_subset | GA gen  80/100 | best=17727.111981  gen_best=17727.111981  mean=17748.033996  cache=3528
2026-03-06 15:20:04 | INFO | src.training_set_optimization.ga_subset | GA gen  85/100 | best=17727.094692  gen_best=17727.094692  mean=17749.666406  cache=3745
2026-03-06 15:20:23 | INFO | src.training_set_optimization.ga_subset | GA gen  90/100 | best=17723.136567  gen_best=17723.136567  mean=17744.364396  cache=3968
2026-03-06 15:20:40 | INFO | src.training_set_optimization.ga_subset | GA gen  95/100 | best=17709.226631  gen_best=17709.226631  mean=17736.801152  cache=4175
2026-03-06 15:20:55 | INFO | src.training_set_optimization.ga_subset | GA gen  99/100 | best=17702.121297  gen_best=17702.121297  mean=17719.328122  cache=4348
2026-03-06 15:20:55 | INFO | src.training_set_optimization.ga_subset | GA finished: best fitness=17702.121297  evals=4348  time=361.2s
2026-03-06 15:20:55 | INFO | __main__ |   PEVmean n_train=2000: PEV=17702.121297 (361.4s, 100 gens)
2026-03-06 15:21:11 | INFO | src.training_set_optimization.ga_subset | GA gen   0/100 | best=17528.542363  gen_best=17528.542363  mean=17664.313015  cache=95
2026-03-06 15:21:48 | INFO | src.training_set_optimization.ga_subset | GA gen   5/100 | best=17489.655844  gen_best=17489.655844  mean=17546.916343  cache=310
2026-03-06 15:22:23 | INFO | src.training_set_optimization.ga_subset | GA gen  10/100 | best=17462.778421  gen_best=17462.778421  mean=17510.367791  cache=516
2026-03-06 15:23:00 | INFO | src.training_set_optimization.ga_subset | GA gen  15/100 | best=17417.561732  gen_best=17417.561732  mean=17486.908422  cache=734
2026-03-06 15:23:37 | INFO | src.training_set_optimization.ga_subset | GA gen  20/100 | best=17410.613568  gen_best=17410.613568  mean=17475.979358  cache=956
2026-03-06 15:24:13 | INFO | src.training_set_optimization.ga_subset | GA gen  25/100 | best=17405.505221  gen_best=17405.505221  mean=17455.140303  cache=1168
2026-03-06 15:24:50 | INFO | src.training_set_optimization.ga_subset | GA gen  30/100 | best=17392.820607  gen_best=17392.820607  mean=17447.955385  cache=1386
2026-03-06 15:25:26 | INFO | src.training_set_optimization.ga_subset | GA gen  35/100 | best=17388.533757  gen_best=17388.533757  mean=17429.314048  cache=1593
2026-03-06 15:26:02 | INFO | src.training_set_optimization.ga_subset | GA gen  40/100 | best=17379.045341  gen_best=17379.045341  mean=17388.165737  cache=1805
2026-03-06 15:26:38 | INFO | src.training_set_optimization.ga_subset | GA gen  45/100 | best=17367.528030  gen_best=17367.528030  mean=17377.747934  cache=2020
2026-03-06 15:27:15 | INFO | src.training_set_optimization.ga_subset | GA gen  50/100 | best=17364.802116  gen_best=17364.802116  mean=17380.227450  cache=2235
2026-03-06 15:27:53 | INFO | src.training_set_optimization.ga_subset | GA gen  55/100 | best=17364.361437  gen_best=17364.361437  mean=17375.619633  cache=2458
2026-03-06 15:28:29 | INFO | src.training_set_optimization.ga_subset | GA gen  60/100 | best=17354.773322  gen_best=17354.773322  mean=17373.992896  cache=2671
2026-03-06 15:29:05 | INFO | src.training_set_optimization.ga_subset | GA gen  65/100 | best=17351.965716  gen_best=17351.965716  mean=17372.643130  cache=2885
2026-03-06 15:29:43 | INFO | src.training_set_optimization.ga_subset | GA gen  70/100 | best=17344.150225  gen_best=17344.150225  mean=17367.715920  cache=3106
2026-03-06 15:30:20 | INFO | src.training_set_optimization.ga_subset | GA gen  75/100 | best=17344.150225  gen_best=17344.150225  mean=17370.807867  cache=3323
2026-03-06 15:30:55 | INFO | src.training_set_optimization.ga_subset | GA gen  80/100 | best=17341.586605  gen_best=17341.586605  mean=17361.602965  cache=3525
2026-03-06 15:31:33 | INFO | src.training_set_optimization.ga_subset | GA gen  85/100 | best=17335.975131  gen_best=17335.975131  mean=17348.121785  cache=3747
2026-03-06 15:32:11 | INFO | src.training_set_optimization.ga_subset | GA gen  90/100 | best=17335.975131  gen_best=17335.975131  mean=17349.147860  cache=3971
2026-03-06 15:32:49 | INFO | src.training_set_optimization.ga_subset | GA gen  95/100 | best=17333.381042  gen_best=17333.381042  mean=17356.599679  cache=4191
2026-03-06 15:33:16 | INFO | src.training_set_optimization.ga_subset | GA gen  99/100 | best=17329.618369  gen_best=17329.618369  mean=17352.450941  cache=4354
2026-03-06 15:33:16 | INFO | src.training_set_optimization.ga_subset | GA finished: best fitness=17329.618369  evals=4354  time=741.4s
2026-03-06 15:33:17 | INFO | __main__ |   PEVmean n_train=3000: PEV=17329.618369 (741.6s, 100 gens)
2026-03-06 15:33:45 | INFO | src.training_set_optimization.ga_subset | GA gen   0/100 | best=17092.077758  gen_best=17092.077758  mean=17189.697936  cache=94
2026-03-06 15:34:50 | INFO | src.training_set_optimization.ga_subset | GA gen   5/100 | best=17053.833838  gen_best=17053.833838  mean=17144.286070  cache=307
2026-03-06 15:35:53 | INFO | src.training_set_optimization.ga_subset | GA gen  10/100 | best=17033.638517  gen_best=17033.638517  mean=17080.502207  cache=514
2026-03-06 15:36:58 | INFO | src.training_set_optimization.ga_subset | GA gen  15/100 | best=17020.437913  gen_best=17020.437913  mean=17050.868409  cache=727
2026-03-06 15:38:02 | INFO | src.training_set_optimization.ga_subset | GA gen  20/100 | best=17009.488994  gen_best=17009.488994  mean=17044.981665  cache=938
2026-03-06 15:39:09 | INFO | src.training_set_optimization.ga_subset | GA gen  25/100 | best=17008.641083  gen_best=17008.641083  mean=17018.063366  cache=1159
2026-03-06 15:40:13 | INFO | src.training_set_optimization.ga_subset | GA gen  30/100 | best=17004.622898  gen_best=17004.622898  mean=17010.964408  cache=1369
2026-03-06 15:41:20 | INFO | src.training_set_optimization.ga_subset | GA gen  35/100 | best=16999.220085  gen_best=16999.220085  mean=17009.100062  cache=1588
2026-03-06 15:42:27 | INFO | src.training_set_optimization.ga_subset | GA gen  40/100 | best=16992.381143  gen_best=16992.381143  mean=17006.853740  cache=1809
2026-03-06 15:43:34 | INFO | src.training_set_optimization.ga_subset | GA gen  45/100 | best=16990.237216  gen_best=16990.237216  mean=17007.857890  cache=2029
2026-03-06 15:44:40 | INFO | src.training_set_optimization.ga_subset | GA gen  50/100 | best=16987.232265  gen_best=16987.232265  mean=17002.647776  cache=2244
2026-03-06 15:45:47 | INFO | src.training_set_optimization.ga_subset | GA gen  55/100 | best=16987.232265  gen_best=16987.232265  mean=17002.259777  cache=2466
2026-03-06 15:46:52 | INFO | src.training_set_optimization.ga_subset | GA gen  60/100 | best=16985.084805  gen_best=16985.084805  mean=17002.888966  cache=2680
2026-03-06 15:47:57 | INFO | src.training_set_optimization.ga_subset | GA gen  65/100 | best=16984.818487  gen_best=16984.818487  mean=17001.461934  cache=2894
2026-03-06 15:49:05 | INFO | src.training_set_optimization.ga_subset | GA gen  70/100 | best=16980.836626  gen_best=16980.836626  mean=17000.723813  cache=3115
2026-03-06 15:50:10 | INFO | src.training_set_optimization.ga_subset | GA gen  75/100 | best=16980.505715  gen_best=16980.505715  mean=17003.187111  cache=3329
2026-03-06 15:51:19 | INFO | src.training_set_optimization.ga_subset | GA gen  80/100 | best=16976.777303  gen_best=16976.777303  mean=16983.376763  cache=3545
2026-03-06 15:52:24 | INFO | src.training_set_optimization.ga_subset | GA gen  85/100 | best=16974.435560  gen_best=16974.435560  mean=16983.279277  cache=3759
2026-03-06 15:53:29 | INFO | src.training_set_optimization.ga_subset | GA gen  90/100 | best=16972.819425  gen_best=16972.819425  mean=16982.959626  cache=3973
2026-03-06 15:54:37 | INFO | src.training_set_optimization.ga_subset | GA gen  95/100 | best=16969.903516  gen_best=16969.903516  mean=16976.129764  cache=4194
2026-03-06 15:55:30 | INFO | src.training_set_optimization.ga_subset | GA gen  99/100 | best=16967.902810  gen_best=16967.902810  mean=16978.792388  cache=4368
2026-03-06 15:55:30 | INFO | src.training_set_optimization.ga_subset | GA finished: best fitness=16967.902810  evals=4368  time=1333.1s
2026-03-06 15:55:30 | INFO | __main__ |   PEVmean n_train=4000: PEV=16967.902810 (1333.5s, 100 gens)
2026-03-06 15:55:30 | INFO | __main__ | --- Phase 2: n_cal=25 (seed=351047255) | cal=25, test=169 ---
2026-03-06 15:55:33 | INFO | __main__ |   all_individuals: corr_test=0.2275 corr_cal=0.2529
2026-03-06 15:55:40 | INFO | src.training_set_optimization.ga_subset | GA gen   0/100 | best=-0.001382  gen_best=-0.001382  mean=-0.000449  cache=54
2026-03-06 15:55:58 | INFO | src.training_set_optimization.ga_subset | GA gen   5/100 | best=-0.001450  gen_best=-0.001450  mean=-0.001229  cache=178
2026-03-06 15:56:16 | INFO | src.training_set_optimization.ga_subset | GA gen  10/100 | best=-0.001601  gen_best=-0.001601  mean=-0.001465  cache=302
2026-03-06 15:56:33 | INFO | src.training_set_optimization.ga_subset | GA gen  15/100 | best=-0.001707  gen_best=-0.001707  mean=-0.001624  cache=422
2026-03-06 15:56:50 | INFO | src.training_set_optimization.ga_subset | GA gen  20/100 | best=-0.001749  gen_best=-0.001749  mean=-0.001690  cache=540
2026-03-06 15:57:07 | INFO | src.training_set_optimization.ga_subset | GA gen  25/100 | best=-0.001796  gen_best=-0.001796  mean=-0.001718  cache=660
2026-03-06 15:57:24 | INFO | src.training_set_optimization.ga_subset | GA gen  30/100 | best=-0.001832  gen_best=-0.001832  mean=-0.001781  cache=782
2026-03-06 15:57:41 | INFO | src.training_set_optimization.ga_subset | GA gen  35/100 | best=-0.001843  gen_best=-0.001843  mean=-0.001800  cache=904
2026-03-06 15:57:58 | INFO | src.training_set_optimization.ga_subset | GA gen  40/100 | best=-0.001896  gen_best=-0.001896  mean=-0.001810  cache=1018
2026-03-06 15:58:14 | INFO | src.training_set_optimization.ga_subset | GA gen  45/100 | best=-0.001908  gen_best=-0.001908  mean=-0.001850  cache=1132
2026-03-06 15:58:30 | INFO | src.training_set_optimization.ga_subset | GA gen  50/100 | best=-0.001919  gen_best=-0.001919  mean=-0.001875  cache=1250
2026-03-06 15:58:48 | INFO | src.training_set_optimization.ga_subset | GA gen  55/100 | best=-0.001924  gen_best=-0.001924  mean=-0.001872  cache=1373
2026-03-06 15:59:05 | INFO | src.training_set_optimization.ga_subset | GA gen  60/100 | best=-0.001937  gen_best=-0.001937  mean=-0.001925  cache=1491
2026-03-06 15:59:21 | INFO | src.training_set_optimization.ga_subset | GA gen  65/100 | best=-0.001938  gen_best=-0.001938  mean=-0.001920  cache=1606
2026-03-06 15:59:38 | INFO | src.training_set_optimization.ga_subset | GA gen  70/100 | best=-0.001947  gen_best=-0.001947  mean=-0.001921  cache=1724
2026-03-06 15:59:55 | INFO | src.training_set_optimization.ga_subset | GA gen  75/100 | best=-0.001947  gen_best=-0.001947  mean=-0.001915  cache=1848
2026-03-06 16:00:13 | INFO | src.training_set_optimization.ga_subset | GA gen  80/100 | best=-0.001951  gen_best=-0.001951  mean=-0.001914  cache=1971
2026-03-06 16:00:29 | INFO | src.training_set_optimization.ga_subset | GA gen  85/100 | best=-0.001953  gen_best=-0.001953  mean=-0.001939  cache=2085
2026-03-06 16:00:47 | INFO | src.training_set_optimization.ga_subset | GA gen  90/100 | best=-0.001970  gen_best=-0.001970  mean=-0.001943  cache=2209
2026-03-06 16:01:04 | INFO | src.training_set_optimization.ga_subset | GA gen  95/100 | best=-0.001974  gen_best=-0.001974  mean=-0.001966  cache=2330
2026-03-06 16:01:16 | INFO | src.training_set_optimization.ga_subset | GA gen  99/100 | best=-0.001979  gen_best=-0.001979  mean=-0.001963  cache=2417
2026-03-06 16:01:16 | INFO | src.training_set_optimization.ga_subset | GA finished: best fitness=-0.001979  evals=2417  time=343.6s
2026-03-06 16:01:16 | INFO | __main__ |     calibration_ga n=500: corr_test=-0.0513 corr_cal=0.9896 fitness=0.001979 (343.6s)
2026-03-06 16:01:16 | INFO | __main__ |     pevmean_ga   n=500: corr_test=0.2984 corr_cal=0.1975 PEV=18720.958398
2026-03-06 16:01:17 | INFO | __main__ |     random (5): mean corr_test=0.1286
2026-03-06 16:01:36 | INFO | src.training_set_optimization.ga_subset | GA gen   0/100 | best=-0.000558  gen_best=-0.000558  mean=-0.000287  cache=58
2026-03-06 16:02:16 | INFO | src.training_set_optimization.ga_subset | GA gen   5/100 | best=-0.000758  gen_best=-0.000758  mean=-0.000644  cache=178
2026-03-06 16:02:56 | INFO | src.training_set_optimization.ga_subset | GA gen  10/100 | best=-0.000851  gen_best=-0.000851  mean=-0.000774  cache=303
2026-03-06 16:03:35 | INFO | src.training_set_optimization.ga_subset | GA gen  15/100 | best=-0.000881  gen_best=-0.000881  mean=-0.000824  cache=429
2026-03-06 16:04:14 | INFO | src.training_set_optimization.ga_subset | GA gen  20/100 | best=-0.000897  gen_best=-0.000897  mean=-0.000846  cache=552
2026-03-06 16:04:54 | INFO | src.training_set_optimization.ga_subset | GA gen  25/100 | best=-0.000908  gen_best=-0.000908  mean=-0.000864  cache=670
2026-03-06 16:05:30 | INFO | src.training_set_optimization.ga_subset | GA gen  30/100 | best=-0.000927  gen_best=-0.000927  mean=-0.000881  cache=787
2026-03-06 16:06:11 | INFO | src.training_set_optimization.ga_subset | GA gen  35/100 | best=-0.000935  gen_best=-0.000935  mean=-0.000914  cache=914
2026-03-06 16:06:48 | INFO | src.training_set_optimization.ga_subset | GA gen  40/100 | best=-0.000952  gen_best=-0.000952  mean=-0.000931  cache=1038
2026-03-06 16:07:28 | INFO | src.training_set_optimization.ga_subset | GA gen  45/100 | best=-0.000959  gen_best=-0.000959  mean=-0.000937  cache=1165
2026-03-06 16:08:07 | INFO | src.training_set_optimization.ga_subset | GA gen  50/100 | best=-0.000967  gen_best=-0.000967  mean=-0.000949  cache=1291
2026-03-06 16:08:48 | INFO | src.training_set_optimization.ga_subset | GA gen  55/100 | best=-0.000977  gen_best=-0.000977  mean=-0.000950  cache=1421
2026-03-06 16:09:25 | INFO | src.training_set_optimization.ga_subset | GA gen  60/100 | best=-0.000980  gen_best=-0.000980  mean=-0.000975  cache=1542
2026-03-06 16:10:02 | INFO | src.training_set_optimization.ga_subset | GA gen  65/100 | best=-0.000985  gen_best=-0.000985  mean=-0.000971  cache=1666
2026-03-06 16:10:43 | INFO | src.training_set_optimization.ga_subset | GA gen  70/100 | best=-0.000987  gen_best=-0.000987  mean=-0.000981  cache=1789
2026-03-06 16:11:17 | INFO | src.training_set_optimization.ga_subset | GA gen  75/100 | best=-0.000988  gen_best=-0.000988  mean=-0.000984  cache=1908
2026-03-06 16:11:57 | INFO | src.training_set_optimization.ga_subset | GA gen  80/100 | best=-0.000989  gen_best=-0.000989  mean=-0.000985  cache=2041
2026-03-06 16:12:34 | INFO | src.training_set_optimization.ga_subset | GA gen  85/100 | best=-0.000990  gen_best=-0.000990  mean=-0.000987  cache=2158
2026-03-06 16:13:07 | INFO | src.training_set_optimization.ga_subset | GA gen  90/100 | best=-0.000991  gen_best=-0.000991  mean=-0.000987  cache=2276
2026-03-06 16:13:41 | INFO | src.training_set_optimization.ga_subset | GA gen  95/100 | best=-0.000992  gen_best=-0.000992  mean=-0.000990  cache=2398
2026-03-06 16:14:11 | INFO | src.training_set_optimization.ga_subset | GA gen  99/100 | best=-0.000994  gen_best=-0.000994  mean=-0.000991  cache=2498
2026-03-06 16:14:11 | INFO | src.training_set_optimization.ga_subset | GA finished: best fitness=-0.000994  evals=2498  time=773.7s
2026-03-06 16:14:11 | INFO | __main__ |     calibration_ga n=1000: corr_test=0.0973 corr_cal=0.9936 fitness=0.000994 (773.7s)
2026-03-06 16:14:12 | INFO | __main__ |     pevmean_ga   n=1000: corr_test=0.2609 corr_cal=0.2605 PEV=18309.038621
2026-03-06 16:14:14 | INFO | __main__ |     random (5): mean corr_test=0.1447
2026-03-06 16:14:50 | INFO | src.training_set_optimization.ga_subset | GA gen   0/100 | best=-0.000235  gen_best=-0.000235  mean=-0.000136  cache=53
2026-03-06 16:16:07 | INFO | src.training_set_optimization.ga_subset | GA gen   5/100 | best=-0.000297  gen_best=-0.000297  mean=-0.000241  cache=166
2026-03-06 16:17:36 | INFO | src.training_set_optimization.ga_subset | GA gen  10/100 | best=-0.000363  gen_best=-0.000363  mean=-0.000321  cache=295
2026-03-06 16:18:55 | INFO | src.training_set_optimization.ga_subset | GA gen  15/100 | best=-0.000398  gen_best=-0.000398  mean=-0.000365  cache=420
2026-03-06 16:20:13 | INFO | src.training_set_optimization.ga_subset | GA gen  20/100 | best=-0.000421  gen_best=-0.000421  mean=-0.000388  cache=547
2026-03-06 16:21:37 | INFO | src.training_set_optimization.ga_subset | GA gen  25/100 | best=-0.000426  gen_best=-0.000426  mean=-0.000412  cache=665
2026-03-06 16:23:05 | INFO | src.training_set_optimization.ga_subset | GA gen  30/100 | best=-0.000436  gen_best=-0.000436  mean=-0.000423  cache=788
2026-03-06 16:24:33 | INFO | src.training_set_optimization.ga_subset | GA gen  35/100 | best=-0.000441  gen_best=-0.000441  mean=-0.000437  cache=910
2026-03-06 16:26:01 | INFO | src.training_set_optimization.ga_subset | GA gen  40/100 | best=-0.000447  gen_best=-0.000447  mean=-0.000438  cache=1035
2026-03-06 16:27:26 | INFO | src.training_set_optimization.ga_subset | GA gen  45/100 | best=-0.000448  gen_best=-0.000448  mean=-0.000446  cache=1156
2026-03-06 16:28:47 | INFO | src.training_set_optimization.ga_subset | GA gen  50/100 | best=-0.000452  gen_best=-0.000452  mean=-0.000447  cache=1274
2026-03-06 16:30:10 | INFO | src.training_set_optimization.ga_subset | GA gen  55/100 | best=-0.000461  gen_best=-0.000461  mean=-0.000451  cache=1394
2026-03-06 16:31:35 | INFO | src.training_set_optimization.ga_subset | GA gen  60/100 | best=-0.000465  gen_best=-0.000465  mean=-0.000456  cache=1517
2026-03-06 16:33:03 | INFO | src.training_set_optimization.ga_subset | GA gen  65/100 | best=-0.000468  gen_best=-0.000468  mean=-0.000458  cache=1640
2026-03-06 16:34:27 | INFO | src.training_set_optimization.ga_subset | GA gen  70/100 | best=-0.000468  gen_best=-0.000468  mean=-0.000462  cache=1761
2026-03-06 16:35:59 | INFO | src.training_set_optimization.ga_subset | GA gen  75/100 | best=-0.000470  gen_best=-0.000470  mean=-0.000467  cache=1882
2026-03-06 16:37:28 | INFO | src.training_set_optimization.ga_subset | GA gen  80/100 | best=-0.000473  gen_best=-0.000473  mean=-0.000470  cache=2013
2026-03-06 16:38:51 | INFO | src.training_set_optimization.ga_subset | GA gen  85/100 | best=-0.000478  gen_best=-0.000478  mean=-0.000474  cache=2132
2026-03-06 16:40:15 | INFO | src.training_set_optimization.ga_subset | GA gen  90/100 | best=-0.000481  gen_best=-0.000481  mean=-0.000475  cache=2255
2026-03-06 16:41:37 | INFO | src.training_set_optimization.ga_subset | GA gen  95/100 | best=-0.000485  gen_best=-0.000485  mean=-0.000477  cache=2378
2026-03-06 16:42:46 | INFO | src.training_set_optimization.ga_subset | GA gen  99/100 | best=-0.000486  gen_best=-0.000486  mean=-0.000480  cache=2478
2026-03-06 16:42:46 | INFO | src.training_set_optimization.ga_subset | GA finished: best fitness=-0.000486  evals=2478  time=1712.7s
2026-03-06 16:42:47 | INFO | __main__ |     calibration_ga n=2000: corr_test=0.1270 corr_cal=0.9713 fitness=0.000486 (1712.8s)
2026-03-06 16:42:48 | INFO | __main__ |     pevmean_ga   n=2000: corr_test=0.1850 corr_cal=0.3092 PEV=17702.121297
2026-03-06 16:42:51 | INFO | __main__ |     random (5): mean corr_test=0.1756
2026-03-06 16:43:47 | INFO | src.training_set_optimization.ga_subset | GA gen   0/100 | best=-0.000133  gen_best=-0.000133  mean=-0.000094  cache=55
2026-03-06 16:45:49 | INFO | src.training_set_optimization.ga_subset | GA gen   5/100 | best=-0.000191  gen_best=-0.000191  mean=-0.000156  cache=183
2026-03-06 16:47:44 | INFO | src.training_set_optimization.ga_subset | GA gen  10/100 | best=-0.000219  gen_best=-0.000219  mean=-0.000189  cache=306
2026-03-06 16:49:22 | INFO | src.training_set_optimization.ga_subset | GA gen  15/100 | best=-0.000237  gen_best=-0.000237  mean=-0.000218  cache=416
2026-03-06 16:51:20 | INFO | src.training_set_optimization.ga_subset | GA gen  20/100 | best=-0.000245  gen_best=-0.000245  mean=-0.000221  cache=536
2026-03-06 16:53:17 | INFO | src.training_set_optimization.ga_subset | GA gen  25/100 | best=-0.000253  gen_best=-0.000253  mean=-0.000239  cache=663
2026-03-06 16:55:11 | INFO | src.training_set_optimization.ga_subset | GA gen  30/100 | best=-0.000258  gen_best=-0.000258  mean=-0.000252  cache=780
2026-03-06 16:57:10 | INFO | src.training_set_optimization.ga_subset | GA gen  35/100 | best=-0.000263  gen_best=-0.000263  mean=-0.000252  cache=906
2026-03-06 16:59:10 | INFO | src.training_set_optimization.ga_subset | GA gen  40/100 | best=-0.000265  gen_best=-0.000265  mean=-0.000255  cache=1028
2026-03-06 17:01:16 | INFO | src.training_set_optimization.ga_subset | GA gen  45/100 | best=-0.000265  gen_best=-0.000265  mean=-0.000258  cache=1157
2026-03-06 17:03:07 | INFO | src.training_set_optimization.ga_subset | GA gen  50/100 | best=-0.000272  gen_best=-0.000272  mean=-0.000265  cache=1274
2026-03-06 17:04:46 | INFO | src.training_set_optimization.ga_subset | GA gen  55/100 | best=-0.000275  gen_best=-0.000275  mean=-0.000274  cache=1381
2026-03-06 17:06:36 | INFO | src.training_set_optimization.ga_subset | GA gen  60/100 | best=-0.000277  gen_best=-0.000277  mean=-0.000275  cache=1501
2026-03-06 17:08:39 | INFO | src.training_set_optimization.ga_subset | GA gen  65/100 | best=-0.000280  gen_best=-0.000280  mean=-0.000278  cache=1624
2026-03-06 17:10:35 | INFO | src.training_set_optimization.ga_subset | GA gen  70/100 | best=-0.000284  gen_best=-0.000284  mean=-0.000279  cache=1744
2026-03-06 17:12:31 | INFO | src.training_set_optimization.ga_subset | GA gen  75/100 | best=-0.000287  gen_best=-0.000287  mean=-0.000283  cache=1869
2026-03-06 17:14:39 | INFO | src.training_set_optimization.ga_subset | GA gen  80/100 | best=-0.000289  gen_best=-0.000289  mean=-0.000284  cache=1994
2026-03-06 17:16:29 | INFO | src.training_set_optimization.ga_subset | GA gen  85/100 | best=-0.000291  gen_best=-0.000291  mean=-0.000289  cache=2113
2026-03-06 17:18:19 | INFO | src.training_set_optimization.ga_subset | GA gen  90/100 | best=-0.000293  gen_best=-0.000293  mean=-0.000291  cache=2234
2026-03-06 17:20:11 | INFO | src.training_set_optimization.ga_subset | GA gen  95/100 | best=-0.000295  gen_best=-0.000295  mean=-0.000293  cache=2357
2026-03-06 17:21:33 | INFO | src.training_set_optimization.ga_subset | GA gen  99/100 | best=-0.000298  gen_best=-0.000298  mean=-0.000294  cache=2448
2026-03-06 17:21:33 | INFO | src.training_set_optimization.ga_subset | GA finished: best fitness=-0.000298  evals=2448  time=2322.0s
2026-03-06 17:21:35 | INFO | __main__ |     calibration_ga n=3000: corr_test=0.1661 corr_cal=0.8939 fitness=0.000298 (2322.2s)
2026-03-06 17:21:36 | INFO | __main__ |     pevmean_ga   n=3000: corr_test=0.2532 corr_cal=0.2864 PEV=17329.618369
2026-03-06 17:21:40 | INFO | __main__ |     random (5): mean corr_test=0.2079
2026-03-06 17:22:53 | INFO | src.training_set_optimization.ga_subset | GA gen   0/100 | best=-0.000113  gen_best=-0.000113  mean=-0.000078  cache=55
2026-03-06 17:25:39 | INFO | src.training_set_optimization.ga_subset | GA gen   5/100 | best=-0.000141  gen_best=-0.000141  mean=-0.000110  cache=180
2026-03-06 17:28:23 | INFO | src.training_set_optimization.ga_subset | GA gen  10/100 | best=-0.000143  gen_best=-0.000143  mean=-0.000140  cache=304
2026-03-06 17:30:51 | INFO | src.training_set_optimization.ga_subset | GA gen  15/100 | best=-0.000146  gen_best=-0.000146  mean=-0.000143  cache=416
2026-03-06 17:33:30 | INFO | src.training_set_optimization.ga_subset | GA gen  20/100 | best=-0.000148  gen_best=-0.000148  mean=-0.000147  cache=536
2026-03-06 17:36:09 | INFO | src.training_set_optimization.ga_subset | GA gen  25/100 | best=-0.000153  gen_best=-0.000153  mean=-0.000149  cache=657
2026-03-06 17:38:33 | INFO | src.training_set_optimization.ga_subset | GA gen  30/100 | best=-0.000158  gen_best=-0.000158  mean=-0.000151  cache=768
2026-03-06 17:41:07 | INFO | src.training_set_optimization.ga_subset | GA gen  35/100 | best=-0.000160  gen_best=-0.000160  mean=-0.000158  cache=886
2026-03-06 17:43:50 | INFO | src.training_set_optimization.ga_subset | GA gen  40/100 | best=-0.000165  gen_best=-0.000165  mean=-0.000161  cache=1012
2026-03-06 17:46:29 | INFO | src.training_set_optimization.ga_subset | GA gen  45/100 | best=-0.000167  gen_best=-0.000167  mean=-0.000163  cache=1134
2026-03-06 17:49:13 | INFO | src.training_set_optimization.ga_subset | GA gen  50/100 | best=-0.000167  gen_best=-0.000167  mean=-0.000164  cache=1260
2026-03-06 17:51:58 | INFO | src.training_set_optimization.ga_subset | GA gen  55/100 | best=-0.000168  gen_best=-0.000168  mean=-0.000164  cache=1384
2026-03-06 17:54:46 | INFO | src.training_set_optimization.ga_subset | GA gen  60/100 | best=-0.000171  gen_best=-0.000171  mean=-0.000165  cache=1512
2026-03-06 17:57:37 | INFO | src.training_set_optimization.ga_subset | GA gen  65/100 | best=-0.000171  gen_best=-0.000171  mean=-0.000166  cache=1641
2026-03-06 18:00:26 | INFO | src.training_set_optimization.ga_subset | GA gen  70/100 | best=-0.000173  gen_best=-0.000173  mean=-0.000168  cache=1769
2026-03-06 18:03:17 | INFO | src.training_set_optimization.ga_subset | GA gen  75/100 | best=-0.000174  gen_best=-0.000174  mean=-0.000170  cache=1899
2026-03-06 18:05:56 | INFO | src.training_set_optimization.ga_subset | GA gen  80/100 | best=-0.000178  gen_best=-0.000178  mean=-0.000173  cache=2018
2026-03-06 18:08:38 | INFO | src.training_set_optimization.ga_subset | GA gen  85/100 | best=-0.000180  gen_best=-0.000180  mean=-0.000178  cache=2141
2026-03-06 18:11:19 | INFO | src.training_set_optimization.ga_subset | GA gen  90/100 | best=-0.000182  gen_best=-0.000182  mean=-0.000178  cache=2263
2026-03-06 18:14:07 | INFO | src.training_set_optimization.ga_subset | GA gen  95/100 | best=-0.000182  gen_best=-0.000182  mean=-0.000179  cache=2389
2026-03-06 18:16:27 | INFO | src.training_set_optimization.ga_subset | GA gen  99/100 | best=-0.000185  gen_best=-0.000185  mean=-0.000182  cache=2494
2026-03-06 18:16:27 | INFO | src.training_set_optimization.ga_subset | GA finished: best fitness=-0.000185  evals=2494  time=3286.2s
2026-03-06 18:16:28 | INFO | __main__ |     calibration_ga n=4000: corr_test=0.1993 corr_cal=0.7415 fitness=0.000185 (3286.4s)
2026-03-06 18:16:31 | INFO | __main__ |     pevmean_ga   n=4000: corr_test=0.2505 corr_cal=0.2408 PEV=16967.902810
2026-03-06 18:16:38 | INFO | __main__ |     random (5): mean corr_test=0.2323
2026-03-06 18:16:38 | INFO | __main__ | --- Phase 2: n_cal=50 (seed=1565904768) | cal=50, test=144 ---
2026-03-06 18:16:40 | INFO | __main__ |   all_individuals: corr_test=0.2955 corr_cal=0.0262
2026-03-06 18:16:48 | INFO | src.training_set_optimization.ga_subset | GA gen   0/100 | best=-0.000744  gen_best=-0.000744  mean=-0.000233  cache=55
2026-03-06 18:17:06 | INFO | src.training_set_optimization.ga_subset | GA gen   5/100 | best=-0.000961  gen_best=-0.000961  mean=-0.000705  cache=183
2026-03-06 18:17:23 | INFO | src.training_set_optimization.ga_subset | GA gen  10/100 | best=-0.001131  gen_best=-0.001131  mean=-0.001006  cache=303
2026-03-06 18:17:41 | INFO | src.training_set_optimization.ga_subset | GA gen  15/100 | best=-0.001318  gen_best=-0.001318  mean=-0.001097  cache=422
2026-03-06 18:17:59 | INFO | src.training_set_optimization.ga_subset | GA gen  20/100 | best=-0.001366  gen_best=-0.001366  mean=-0.001256  cache=548
2026-03-06 18:18:17 | INFO | src.training_set_optimization.ga_subset | GA gen  25/100 | best=-0.001444  gen_best=-0.001444  mean=-0.001313  cache=677
2026-03-06 18:18:32 | INFO | src.training_set_optimization.ga_subset | GA gen  30/100 | best=-0.001495  gen_best=-0.001495  mean=-0.001437  cache=785
2026-03-06 18:18:50 | INFO | src.training_set_optimization.ga_subset | GA gen  35/100 | best=-0.001575  gen_best=-0.001575  mean=-0.001481  cache=905
2026-03-06 18:19:07 | INFO | src.training_set_optimization.ga_subset | GA gen  40/100 | best=-0.001613  gen_best=-0.001613  mean=-0.001507  cache=1028
2026-03-06 18:19:24 | INFO | src.training_set_optimization.ga_subset | GA gen  45/100 | best=-0.001620  gen_best=-0.001620  mean=-0.001531  cache=1145
2026-03-06 18:19:42 | INFO | src.training_set_optimization.ga_subset | GA gen  50/100 | best=-0.001647  gen_best=-0.001647  mean=-0.001582  cache=1275
2026-03-06 18:19:58 | INFO | src.training_set_optimization.ga_subset | GA gen  55/100 | best=-0.001647  gen_best=-0.001647  mean=-0.001632  cache=1384
2026-03-06 18:20:14 | INFO | src.training_set_optimization.ga_subset | GA gen  60/100 | best=-0.001678  gen_best=-0.001678  mean=-0.001648  cache=1495
2026-03-06 18:20:32 | INFO | src.training_set_optimization.ga_subset | GA gen  65/100 | best=-0.001694  gen_best=-0.001694  mean=-0.001663  cache=1618
2026-03-06 18:20:50 | INFO | src.training_set_optimization.ga_subset | GA gen  70/100 | best=-0.001734  gen_best=-0.001734  mean=-0.001690  cache=1742
2026-03-06 18:21:07 | INFO | src.training_set_optimization.ga_subset | GA gen  75/100 | best=-0.001760  gen_best=-0.001760  mean=-0.001692  cache=1865
2026-03-06 18:21:25 | INFO | src.training_set_optimization.ga_subset | GA gen  80/100 | best=-0.001784  gen_best=-0.001784  mean=-0.001744  cache=1991
2026-03-06 18:21:43 | INFO | src.training_set_optimization.ga_subset | GA gen  85/100 | best=-0.001797  gen_best=-0.001797  mean=-0.001765  cache=2113
2026-03-06 18:22:00 | INFO | src.training_set_optimization.ga_subset | GA gen  90/100 | best=-0.001801  gen_best=-0.001801  mean=-0.001773  cache=2233
2026-03-06 18:22:19 | INFO | src.training_set_optimization.ga_subset | GA gen  95/100 | best=-0.001820  gen_best=-0.001820  mean=-0.001783  cache=2359
2026-03-06 18:22:33 | INFO | src.training_set_optimization.ga_subset | GA gen  99/100 | best=-0.001837  gen_best=-0.001837  mean=-0.001808  cache=2457
2026-03-06 18:22:33 | INFO | src.training_set_optimization.ga_subset | GA finished: best fitness=-0.001837  evals=2457  time=352.7s
2026-03-06 18:22:33 | INFO | __main__ |     calibration_ga n=500: corr_test=0.2445 corr_cal=0.9186 fitness=0.001837 (352.8s)
2026-03-06 18:22:33 | INFO | __main__ |     pevmean_ga   n=500: corr_test=0.3284 corr_cal=0.1465 PEV=18720.958398
2026-03-06 18:22:34 | INFO | __main__ |     random (5): mean corr_test=0.2065
2026-03-06 18:22:50 | INFO | src.training_set_optimization.ga_subset | GA gen   0/100 | best=-0.000258  gen_best=-0.000258  mean=-0.000103  cache=56
2026-03-06 18:23:31 | INFO | src.training_set_optimization.ga_subset | GA gen   5/100 | best=-0.000500  gen_best=-0.000500  mean=-0.000368  cache=185
2026-03-06 18:24:06 | INFO | src.training_set_optimization.ga_subset | GA gen  10/100 | best=-0.000597  gen_best=-0.000597  mean=-0.000509  cache=302
2026-03-06 18:24:45 | INFO | src.training_set_optimization.ga_subset | GA gen  15/100 | best=-0.000643  gen_best=-0.000643  mean=-0.000575  cache=427
2026-03-06 18:25:22 | INFO | src.training_set_optimization.ga_subset | GA gen  20/100 | best=-0.000714  gen_best=-0.000714  mean=-0.000622  cache=547
2026-03-06 18:25:57 | INFO | src.training_set_optimization.ga_subset | GA gen  25/100 | best=-0.000732  gen_best=-0.000732  mean=-0.000669  cache=670
2026-03-06 18:26:34 | INFO | src.training_set_optimization.ga_subset | GA gen  30/100 | best=-0.000767  gen_best=-0.000767  mean=-0.000747  cache=787
2026-03-06 18:27:13 | INFO | src.training_set_optimization.ga_subset | GA gen  35/100 | best=-0.000807  gen_best=-0.000807  mean=-0.000765  cache=912
2026-03-06 18:27:50 | INFO | src.training_set_optimization.ga_subset | GA gen  40/100 | best=-0.000824  gen_best=-0.000824  mean=-0.000791  cache=1035
2026-03-06 18:28:26 | INFO | src.training_set_optimization.ga_subset | GA gen  45/100 | best=-0.000843  gen_best=-0.000843  mean=-0.000820  cache=1156
2026-03-06 18:29:03 | INFO | src.training_set_optimization.ga_subset | GA gen  50/100 | best=-0.000858  gen_best=-0.000858  mean=-0.000832  cache=1278
2026-03-06 18:29:43 | INFO | src.training_set_optimization.ga_subset | GA gen  55/100 | best=-0.000862  gen_best=-0.000862  mean=-0.000839  cache=1401
2026-03-06 18:30:24 | INFO | src.training_set_optimization.ga_subset | GA gen  60/100 | best=-0.000863  gen_best=-0.000863  mean=-0.000837  cache=1528
2026-03-06 18:31:01 | INFO | src.training_set_optimization.ga_subset | GA gen  65/100 | best=-0.000872  gen_best=-0.000872  mean=-0.000864  cache=1644
2026-03-06 18:31:36 | INFO | src.training_set_optimization.ga_subset | GA gen  70/100 | best=-0.000878  gen_best=-0.000878  mean=-0.000863  cache=1769
2026-03-06 18:32:13 | INFO | src.training_set_optimization.ga_subset | GA gen  75/100 | best=-0.000878  gen_best=-0.000878  mean=-0.000867  cache=1890
2026-03-06 18:32:52 | INFO | src.training_set_optimization.ga_subset | GA gen  80/100 | best=-0.000886  gen_best=-0.000886  mean=-0.000872  cache=2018
2026-03-06 18:33:33 | INFO | src.training_set_optimization.ga_subset | GA gen  85/100 | best=-0.000892  gen_best=-0.000892  mean=-0.000875  cache=2150
2026-03-06 18:34:05 | INFO | src.training_set_optimization.ga_subset | GA gen  90/100 | best=-0.000895  gen_best=-0.000895  mean=-0.000883  cache=2263
2026-03-06 18:34:38 | INFO | src.training_set_optimization.ga_subset | GA gen  95/100 | best=-0.000901  gen_best=-0.000901  mean=-0.000895  cache=2376
2026-03-06 18:35:09 | INFO | src.training_set_optimization.ga_subset | GA gen  99/100 | best=-0.000906  gen_best=-0.000906  mean=-0.000894  cache=2477
2026-03-06 18:35:09 | INFO | src.training_set_optimization.ga_subset | GA finished: best fitness=-0.000906  evals=2477  time=754.5s
2026-03-06 18:35:09 | INFO | __main__ |     calibration_ga n=1000: corr_test=0.1929 corr_cal=0.9063 fitness=0.000906 (754.6s)
2026-03-06 18:35:10 | INFO | __main__ |     pevmean_ga   n=1000: corr_test=0.3218 corr_cal=0.0739 PEV=18309.038621
2026-03-06 18:35:12 | INFO | __main__ |     random (5): mean corr_test=0.2024
2026-03-06 18:35:53 | INFO | src.training_set_optimization.ga_subset | GA gen   0/100 | best=-0.000107  gen_best=-0.000107  mean=-0.000041  cache=55
2026-03-06 18:37:17 | INFO | src.training_set_optimization.ga_subset | GA gen   5/100 | best=-0.000229  gen_best=-0.000229  mean=-0.000162  cache=177
2026-03-06 18:38:41 | INFO | src.training_set_optimization.ga_subset | GA gen  10/100 | best=-0.000324  gen_best=-0.000324  mean=-0.000242  cache=303
2026-03-06 18:39:55 | INFO | src.training_set_optimization.ga_subset | GA gen  15/100 | best=-0.000342  gen_best=-0.000342  mean=-0.000322  cache=414
2026-03-06 18:41:24 | INFO | src.training_set_optimization.ga_subset | GA gen  20/100 | best=-0.000364  gen_best=-0.000364  mean=-0.000345  cache=539
2026-03-06 18:42:47 | INFO | src.training_set_optimization.ga_subset | GA gen  25/100 | best=-0.000376  gen_best=-0.000376  mean=-0.000361  cache=661
2026-03-06 18:44:18 | INFO | src.training_set_optimization.ga_subset | GA gen  30/100 | best=-0.000376  gen_best=-0.000376  mean=-0.000362  cache=786
2026-03-06 18:45:48 | INFO | src.training_set_optimization.ga_subset | GA gen  35/100 | best=-0.000393  gen_best=-0.000393  mean=-0.000365  cache=912
2026-03-06 18:47:07 | INFO | src.training_set_optimization.ga_subset | GA gen  40/100 | best=-0.000396  gen_best=-0.000396  mean=-0.000388  cache=1037
2026-03-06 18:48:35 | INFO | src.training_set_optimization.ga_subset | GA gen  45/100 | best=-0.000398  gen_best=-0.000398  mean=-0.000394  cache=1163
2026-03-06 18:50:02 | INFO | src.training_set_optimization.ga_subset | GA gen  50/100 | best=-0.000402  gen_best=-0.000402  mean=-0.000396  cache=1286
2026-03-06 18:51:31 | INFO | src.training_set_optimization.ga_subset | GA gen  55/100 | best=-0.000407  gen_best=-0.000407  mean=-0.000403  cache=1413
2026-03-06 18:52:56 | INFO | src.training_set_optimization.ga_subset | GA gen  60/100 | best=-0.000410  gen_best=-0.000410  mean=-0.000405  cache=1538
2026-03-06 18:54:17 | INFO | src.training_set_optimization.ga_subset | GA gen  65/100 | best=-0.000419  gen_best=-0.000419  mean=-0.000407  cache=1662
2026-03-06 18:55:36 | INFO | src.training_set_optimization.ga_subset | GA gen  70/100 | best=-0.000419  gen_best=-0.000419  mean=-0.000410  cache=1779
2026-03-06 18:57:14 | INFO | src.training_set_optimization.ga_subset | GA gen  75/100 | best=-0.000421  gen_best=-0.000421  mean=-0.000418  cache=1903
2026-03-06 18:58:44 | INFO | src.training_set_optimization.ga_subset | GA gen  80/100 | best=-0.000422  gen_best=-0.000422  mean=-0.000418  cache=2033
2026-03-06 19:00:07 | INFO | src.training_set_optimization.ga_subset | GA gen  85/100 | best=-0.000427  gen_best=-0.000427  mean=-0.000421  cache=2159
2026-03-06 19:01:24 | INFO | src.training_set_optimization.ga_subset | GA gen  90/100 | best=-0.000430  gen_best=-0.000430  mean=-0.000424  cache=2274
2026-03-06 19:02:44 | INFO | src.training_set_optimization.ga_subset | GA gen  95/100 | best=-0.000431  gen_best=-0.000431  mean=-0.000425  cache=2400
2026-03-06 19:03:48 | INFO | src.training_set_optimization.ga_subset | GA gen  99/100 | best=-0.000434  gen_best=-0.000434  mean=-0.000430  cache=2495
2026-03-06 19:03:48 | INFO | src.training_set_optimization.ga_subset | GA finished: best fitness=-0.000434  evals=2495  time=1716.1s
2026-03-06 19:03:48 | INFO | __main__ |     calibration_ga n=2000: corr_test=0.1301 corr_cal=0.8674 fitness=0.000434 (1716.2s)
2026-03-06 19:03:49 | INFO | __main__ |     pevmean_ga   n=2000: corr_test=0.2555 corr_cal=0.0718 PEV=17702.121297
2026-03-06 19:03:53 | INFO | __main__ |     random (5): mean corr_test=0.2369
2026-03-06 19:04:51 | INFO | src.training_set_optimization.ga_subset | GA gen   0/100 | best=-0.000060  gen_best=-0.000060  mean=-0.000021  cache=56
2026-03-06 19:06:53 | INFO | src.training_set_optimization.ga_subset | GA gen   5/100 | best=-0.000085  gen_best=-0.000085  mean=-0.000060  cache=178
2026-03-06 19:08:49 | INFO | src.training_set_optimization.ga_subset | GA gen  10/100 | best=-0.000143  gen_best=-0.000143  mean=-0.000111  cache=303
2026-03-06 19:10:52 | INFO | src.training_set_optimization.ga_subset | GA gen  15/100 | best=-0.000160  gen_best=-0.000160  mean=-0.000137  cache=424
2026-03-06 19:13:13 | INFO | src.training_set_optimization.ga_subset | GA gen  20/100 | best=-0.000177  gen_best=-0.000177  mean=-0.000155  cache=548
2026-03-06 19:15:19 | INFO | src.training_set_optimization.ga_subset | GA gen  25/100 | best=-0.000183  gen_best=-0.000183  mean=-0.000171  cache=669
2026-03-06 19:17:23 | INFO | src.training_set_optimization.ga_subset | GA gen  30/100 | best=-0.000200  gen_best=-0.000200  mean=-0.000177  cache=786
2026-03-06 19:19:04 | INFO | src.training_set_optimization.ga_subset | GA gen  35/100 | best=-0.000201  gen_best=-0.000201  mean=-0.000200  cache=891
2026-03-06 19:21:14 | INFO | src.training_set_optimization.ga_subset | GA gen  40/100 | best=-0.000205  gen_best=-0.000205  mean=-0.000202  cache=1014
2026-03-06 19:23:22 | INFO | src.training_set_optimization.ga_subset | GA gen  45/100 | best=-0.000210  gen_best=-0.000210  mean=-0.000203  cache=1141
2026-03-06 19:25:10 | INFO | src.training_set_optimization.ga_subset | GA gen  50/100 | best=-0.000213  gen_best=-0.000213  mean=-0.000208  cache=1263
2026-03-06 19:27:02 | INFO | src.training_set_optimization.ga_subset | GA gen  55/100 | best=-0.000215  gen_best=-0.000215  mean=-0.000210  cache=1384
2026-03-06 19:28:58 | INFO | src.training_set_optimization.ga_subset | GA gen  60/100 | best=-0.000218  gen_best=-0.000218  mean=-0.000213  cache=1507
2026-03-06 19:31:02 | INFO | src.training_set_optimization.ga_subset | GA gen  65/100 | best=-0.000220  gen_best=-0.000220  mean=-0.000216  cache=1634
2026-03-06 19:33:13 | INFO | src.training_set_optimization.ga_subset | GA gen  70/100 | best=-0.000223  gen_best=-0.000223  mean=-0.000218  cache=1760
2026-03-06 19:35:20 | INFO | src.training_set_optimization.ga_subset | GA gen  75/100 | best=-0.000224  gen_best=-0.000224  mean=-0.000219  cache=1885
2026-03-06 19:37:15 | INFO | src.training_set_optimization.ga_subset | GA gen  80/100 | best=-0.000227  gen_best=-0.000227  mean=-0.000226  cache=2006
2026-03-06 19:39:19 | INFO | src.training_set_optimization.ga_subset | GA gen  85/100 | best=-0.000230  gen_best=-0.000230  mean=-0.000227  cache=2133
2026-03-06 19:41:23 | INFO | src.training_set_optimization.ga_subset | GA gen  90/100 | best=-0.000235  gen_best=-0.000235  mean=-0.000228  cache=2263
2026-03-06 19:43:24 | INFO | src.training_set_optimization.ga_subset | GA gen  95/100 | best=-0.000236  gen_best=-0.000236  mean=-0.000231  cache=2386
2026-03-06 19:45:02 | INFO | src.training_set_optimization.ga_subset | GA gen  99/100 | best=-0.000238  gen_best=-0.000238  mean=-0.000234  cache=2488
2026-03-06 19:45:02 | INFO | src.training_set_optimization.ga_subset | GA finished: best fitness=-0.000238  evals=2488  time=2469.1s
2026-03-06 19:45:03 | INFO | __main__ |     calibration_ga n=3000: corr_test=0.1792 corr_cal=0.7140 fitness=0.000238 (2469.3s)
2026-03-06 19:45:04 | INFO | __main__ |     pevmean_ga   n=3000: corr_test=0.3393 corr_cal=-0.0208 PEV=17329.618369
2026-03-06 19:45:10 | INFO | __main__ |     random (5): mean corr_test=0.2358
2026-03-06 19:46:25 | INFO | src.training_set_optimization.ga_subset | GA gen   0/100 | best=-0.000048  gen_best=-0.000048  mean=-0.000017  cache=56
2026-03-06 19:49:09 | INFO | src.training_set_optimization.ga_subset | GA gen   5/100 | best=-0.000061  gen_best=-0.000061  mean=-0.000041  cache=180
2026-03-06 19:52:09 | INFO | src.training_set_optimization.ga_subset | GA gen  10/100 | best=-0.000086  gen_best=-0.000086  mean=-0.000060  cache=313
2026-03-06 19:54:43 | INFO | src.training_set_optimization.ga_subset | GA gen  15/100 | best=-0.000086  gen_best=-0.000086  mean=-0.000077  cache=430
2026-03-06 19:57:28 | INFO | src.training_set_optimization.ga_subset | GA gen  20/100 | best=-0.000092  gen_best=-0.000092  mean=-0.000087  cache=556
2026-03-06 19:59:52 | INFO | src.training_set_optimization.ga_subset | GA gen  25/100 | best=-0.000094  gen_best=-0.000094  mean=-0.000090  cache=666
2026-03-06 20:02:23 | INFO | src.training_set_optimization.ga_subset | GA gen  30/100 | best=-0.000096  gen_best=-0.000096  mean=-0.000094  cache=781
2026-03-06 20:04:58 | INFO | src.training_set_optimization.ga_subset | GA gen  35/100 | best=-0.000101  gen_best=-0.000101  mean=-0.000095  cache=900
2026-03-06 20:07:30 | INFO | src.training_set_optimization.ga_subset | GA gen  40/100 | best=-0.000105  gen_best=-0.000105  mean=-0.000103  cache=1016
2026-03-06 20:10:17 | INFO | src.training_set_optimization.ga_subset | GA gen  45/100 | best=-0.000108  gen_best=-0.000108  mean=-0.000105  cache=1139
2026-03-06 20:12:55 | INFO | src.training_set_optimization.ga_subset | GA gen  50/100 | best=-0.000111  gen_best=-0.000111  mean=-0.000107  cache=1260
2026-03-06 20:15:39 | INFO | src.training_set_optimization.ga_subset | GA gen  55/100 | best=-0.000116  gen_best=-0.000116  mean=-0.000112  cache=1382
2026-03-06 20:18:35 | INFO | src.training_set_optimization.ga_subset | GA gen  60/100 | best=-0.000119  gen_best=-0.000119  mean=-0.000116  cache=1515
2026-03-06 20:21:22 | INFO | src.training_set_optimization.ga_subset | GA gen  65/100 | best=-0.000125  gen_best=-0.000125  mean=-0.000121  cache=1642
2026-03-06 20:23:58 | INFO | src.training_set_optimization.ga_subset | GA gen  70/100 | best=-0.000129  gen_best=-0.000129  mean=-0.000126  cache=1760
2026-03-06 20:26:45 | INFO | src.training_set_optimization.ga_subset | GA gen  75/100 | best=-0.000132  gen_best=-0.000132  mean=-0.000128  cache=1887
2026-03-06 20:29:31 | INFO | src.training_set_optimization.ga_subset | GA gen  80/100 | best=-0.000135  gen_best=-0.000135  mean=-0.000129  cache=2013
2026-03-06 20:32:19 | INFO | src.training_set_optimization.ga_subset | GA gen  85/100 | best=-0.000135  gen_best=-0.000135  mean=-0.000130  cache=2140
2026-03-06 20:35:02 | INFO | src.training_set_optimization.ga_subset | GA gen  90/100 | best=-0.000136  gen_best=-0.000136  mean=-0.000135  cache=2262
2026-03-06 20:37:51 | INFO | src.training_set_optimization.ga_subset | GA gen  95/100 | best=-0.000141  gen_best=-0.000141  mean=-0.000137  cache=2386
2026-03-06 20:40:01 | INFO | src.training_set_optimization.ga_subset | GA gen  99/100 | best=-0.000142  gen_best=-0.000142  mean=-0.000138  cache=2480
2026-03-06 20:40:01 | INFO | src.training_set_optimization.ga_subset | GA finished: best fitness=-0.000142  evals=2480  time=3290.6s
2026-03-06 20:40:02 | INFO | __main__ |     calibration_ga n=4000: corr_test=0.2760 corr_cal=0.5693 fitness=0.000142 (3290.8s)
2026-03-06 20:40:04 | INFO | __main__ |     pevmean_ga   n=4000: corr_test=0.3301 corr_cal=-0.0015 PEV=16967.902810
2026-03-06 20:40:11 | INFO | __main__ |     random (5): mean corr_test=0.2529
2026-03-06 20:40:11 | INFO | __main__ | --- Phase 2: n_cal=100 (seed=1829201244) | cal=100, test=94 ---
2026-03-06 20:40:13 | INFO | __main__ |   all_individuals: corr_test=0.2068 corr_cal=0.2311
2026-03-06 20:40:21 | INFO | src.training_set_optimization.ga_subset | GA gen   0/100 | best=-0.000518  gen_best=-0.000518  mean=-0.000304  cache=52
2026-03-06 20:40:39 | INFO | src.training_set_optimization.ga_subset | GA gen   5/100 | best=-0.000824  gen_best=-0.000824  mean=-0.000684  cache=173
2026-03-06 20:40:58 | INFO | src.training_set_optimization.ga_subset | GA gen  10/100 | best=-0.001022  gen_best=-0.001022  mean=-0.000938  cache=293
2026-03-06 20:41:18 | INFO | src.training_set_optimization.ga_subset | GA gen  15/100 | best=-0.001170  gen_best=-0.001170  mean=-0.001024  cache=423
2026-03-06 20:41:37 | INFO | src.training_set_optimization.ga_subset | GA gen  20/100 | best=-0.001206  gen_best=-0.001206  mean=-0.001171  cache=543
2026-03-06 20:41:57 | INFO | src.training_set_optimization.ga_subset | GA gen  25/100 | best=-0.001275  gen_best=-0.001275  mean=-0.001201  cache=666
2026-03-06 20:42:16 | INFO | src.training_set_optimization.ga_subset | GA gen  30/100 | best=-0.001283  gen_best=-0.001283  mean=-0.001238  cache=792
2026-03-06 20:42:34 | INFO | src.training_set_optimization.ga_subset | GA gen  35/100 | best=-0.001316  gen_best=-0.001316  mean=-0.001271  cache=915
2026-03-06 20:42:52 | INFO | src.training_set_optimization.ga_subset | GA gen  40/100 | best=-0.001326  gen_best=-0.001326  mean=-0.001265  cache=1040
2026-03-06 20:43:10 | INFO | src.training_set_optimization.ga_subset | GA gen  45/100 | best=-0.001344  gen_best=-0.001344  mean=-0.001305  cache=1162
2026-03-06 20:43:28 | INFO | src.training_set_optimization.ga_subset | GA gen  50/100 | best=-0.001363  gen_best=-0.001363  mean=-0.001336  cache=1289
2026-03-06 20:43:45 | INFO | src.training_set_optimization.ga_subset | GA gen  55/100 | best=-0.001380  gen_best=-0.001380  mean=-0.001357  cache=1404
2026-03-06 20:44:03 | INFO | src.training_set_optimization.ga_subset | GA gen  60/100 | best=-0.001409  gen_best=-0.001409  mean=-0.001383  cache=1526
2026-03-06 20:44:20 | INFO | src.training_set_optimization.ga_subset | GA gen  65/100 | best=-0.001426  gen_best=-0.001426  mean=-0.001397  cache=1643
2026-03-06 20:44:38 | INFO | src.training_set_optimization.ga_subset | GA gen  70/100 | best=-0.001457  gen_best=-0.001457  mean=-0.001420  cache=1768
2026-03-06 20:44:57 | INFO | src.training_set_optimization.ga_subset | GA gen  75/100 | best=-0.001471  gen_best=-0.001471  mean=-0.001426  cache=1897
2026-03-06 20:45:15 | INFO | src.training_set_optimization.ga_subset | GA gen  80/100 | best=-0.001503  gen_best=-0.001503  mean=-0.001426  cache=2019
2026-03-06 20:45:33 | INFO | src.training_set_optimization.ga_subset | GA gen  85/100 | best=-0.001524  gen_best=-0.001524  mean=-0.001459  cache=2145
2026-03-06 20:45:50 | INFO | src.training_set_optimization.ga_subset | GA gen  90/100 | best=-0.001539  gen_best=-0.001539  mean=-0.001524  cache=2259
2026-03-06 20:46:09 | INFO | src.training_set_optimization.ga_subset | GA gen  95/100 | best=-0.001546  gen_best=-0.001546  mean=-0.001532  cache=2387
2026-03-06 20:46:24 | INFO | src.training_set_optimization.ga_subset | GA gen  99/100 | best=-0.001560  gen_best=-0.001560  mean=-0.001535  cache=2490
2026-03-06 20:46:24 | INFO | src.training_set_optimization.ga_subset | GA finished: best fitness=-0.001560  evals=2490  time=370.8s
2026-03-06 20:46:24 | INFO | __main__ |     calibration_ga n=500: corr_test=-0.0191 corr_cal=0.7802 fitness=0.001560 (370.8s)
2026-03-06 20:46:24 | INFO | __main__ |     pevmean_ga   n=500: corr_test=0.1966 corr_cal=0.3526 PEV=18720.958398
2026-03-06 20:46:25 | INFO | __main__ |     random (5): mean corr_test=0.1764
2026-03-06 20:46:43 | INFO | src.training_set_optimization.ga_subset | GA gen   0/100 | best=-0.000330  gen_best=-0.000330  mean=-0.000204  cache=55
2026-03-06 20:47:20 | INFO | src.training_set_optimization.ga_subset | GA gen   5/100 | best=-0.000465  gen_best=-0.000465  mean=-0.000393  cache=179
2026-03-06 20:48:00 | INFO | src.training_set_optimization.ga_subset | GA gen  10/100 | best=-0.000528  gen_best=-0.000528  mean=-0.000455  cache=302
2026-03-06 20:48:39 | INFO | src.training_set_optimization.ga_subset | GA gen  15/100 | best=-0.000570  gen_best=-0.000570  mean=-0.000517  cache=431
2026-03-06 20:49:17 | INFO | src.training_set_optimization.ga_subset | GA gen  20/100 | best=-0.000579  gen_best=-0.000579  mean=-0.000561  cache=552
2026-03-06 20:49:55 | INFO | src.training_set_optimization.ga_subset | GA gen  25/100 | best=-0.000616  gen_best=-0.000616  mean=-0.000576  cache=673
2026-03-06 20:50:33 | INFO | src.training_set_optimization.ga_subset | GA gen  30/100 | best=-0.000630  gen_best=-0.000630  mean=-0.000609  cache=795
2026-03-06 20:51:08 | INFO | src.training_set_optimization.ga_subset | GA gen  35/100 | best=-0.000641  gen_best=-0.000641  mean=-0.000623  cache=909
2026-03-06 20:51:45 | INFO | src.training_set_optimization.ga_subset | GA gen  40/100 | best=-0.000645  gen_best=-0.000645  mean=-0.000636  cache=1030
2026-03-06 20:52:25 | INFO | src.training_set_optimization.ga_subset | GA gen  45/100 | best=-0.000653  gen_best=-0.000653  mean=-0.000644  cache=1158
2026-03-06 20:53:05 | INFO | src.training_set_optimization.ga_subset | GA gen  50/100 | best=-0.000661  gen_best=-0.000661  mean=-0.000648  cache=1288
2026-03-06 20:53:42 | INFO | src.training_set_optimization.ga_subset | GA gen  55/100 | best=-0.000666  gen_best=-0.000666  mean=-0.000654  cache=1405
2026-03-06 20:54:19 | INFO | src.training_set_optimization.ga_subset | GA gen  60/100 | best=-0.000680  gen_best=-0.000680  mean=-0.000667  cache=1524
2026-03-06 20:55:00 | INFO | src.training_set_optimization.ga_subset | GA gen  65/100 | best=-0.000683  gen_best=-0.000683  mean=-0.000669  cache=1652
2026-03-06 20:55:40 | INFO | src.training_set_optimization.ga_subset | GA gen  70/100 | best=-0.000694  gen_best=-0.000694  mean=-0.000672  cache=1778
2026-03-06 20:56:21 | INFO | src.training_set_optimization.ga_subset | GA gen  75/100 | best=-0.000709  gen_best=-0.000709  mean=-0.000683  cache=1907
2026-03-06 20:56:54 | INFO | src.training_set_optimization.ga_subset | GA gen  80/100 | best=-0.000712  gen_best=-0.000712  mean=-0.000695  cache=2023
2026-03-06 20:57:29 | INFO | src.training_set_optimization.ga_subset | GA gen  85/100 | best=-0.000727  gen_best=-0.000727  mean=-0.000711  cache=2142
2026-03-06 20:58:03 | INFO | src.training_set_optimization.ga_subset | GA gen  90/100 | best=-0.000732  gen_best=-0.000732  mean=-0.000712  cache=2257
2026-03-06 20:58:38 | INFO | src.training_set_optimization.ga_subset | GA gen  95/100 | best=-0.000746  gen_best=-0.000746  mean=-0.000726  cache=2375
2026-03-06 20:59:02 | INFO | src.training_set_optimization.ga_subset | GA gen  99/100 | best=-0.000748  gen_best=-0.000748  mean=-0.000737  cache=2458
2026-03-06 20:59:02 | INFO | src.training_set_optimization.ga_subset | GA finished: best fitness=-0.000748  evals=2458  time=756.5s
2026-03-06 20:59:02 | INFO | __main__ |     calibration_ga n=1000: corr_test=-0.0937 corr_cal=0.7479 fitness=0.000748 (756.6s)
2026-03-06 20:59:03 | INFO | __main__ |     pevmean_ga   n=1000: corr_test=0.1944 corr_cal=0.3164 PEV=18309.038621
2026-03-06 20:59:05 | INFO | __main__ |     random (5): mean corr_test=0.1517
2026-03-06 20:59:42 | INFO | src.training_set_optimization.ga_subset | GA gen   0/100 | best=-0.000139  gen_best=-0.000139  mean=-0.000094  cache=56
2026-03-06 21:01:12 | INFO | src.training_set_optimization.ga_subset | GA gen   5/100 | best=-0.000252  gen_best=-0.000252  mean=-0.000172  cache=180
2026-03-06 21:02:27 | INFO | src.training_set_optimization.ga_subset | GA gen  10/100 | best=-0.000253  gen_best=-0.000253  mean=-0.000237  cache=303
2026-03-06 21:03:43 | INFO | src.training_set_optimization.ga_subset | GA gen  15/100 | best=-0.000275  gen_best=-0.000275  mean=-0.000254  cache=425
2026-03-06 21:04:51 | INFO | src.training_set_optimization.ga_subset | GA gen  20/100 | best=-0.000286  gen_best=-0.000286  mean=-0.000272  cache=533
2026-03-06 21:06:12 | INFO | src.training_set_optimization.ga_subset | GA gen  25/100 | best=-0.000301  gen_best=-0.000301  mean=-0.000281  cache=659
2026-03-06 21:07:28 | INFO | src.training_set_optimization.ga_subset | GA gen  30/100 | best=-0.000302  gen_best=-0.000302  mean=-0.000290  cache=782
2026-03-06 21:08:49 | INFO | src.training_set_optimization.ga_subset | GA gen  35/100 | best=-0.000309  gen_best=-0.000309  mean=-0.000297  cache=902
2026-03-06 21:10:06 | INFO | src.training_set_optimization.ga_subset | GA gen  40/100 | best=-0.000310  gen_best=-0.000310  mean=-0.000303  cache=1019
2026-03-06 21:11:23 | INFO | src.training_set_optimization.ga_subset | GA gen  45/100 | best=-0.000315  gen_best=-0.000315  mean=-0.000310  cache=1140
2026-03-06 21:12:45 | INFO | src.training_set_optimization.ga_subset | GA gen  50/100 | best=-0.000318  gen_best=-0.000318  mean=-0.000312  cache=1265
2026-03-06 21:14:15 | INFO | src.training_set_optimization.ga_subset | GA gen  55/100 | best=-0.000321  gen_best=-0.000321  mean=-0.000315  cache=1390
2026-03-06 21:15:27 | INFO | src.training_set_optimization.ga_subset | GA gen  60/100 | best=-0.000323  gen_best=-0.000323  mean=-0.000321  cache=1501
2026-03-06 21:16:47 | INFO | src.training_set_optimization.ga_subset | GA gen  65/100 | best=-0.000326  gen_best=-0.000326  mean=-0.000322  cache=1632
2026-03-06 21:18:02 | INFO | src.training_set_optimization.ga_subset | GA gen  70/100 | best=-0.000329  gen_best=-0.000329  mean=-0.000323  cache=1754
2026-03-06 21:19:21 | INFO | src.training_set_optimization.ga_subset | GA gen  75/100 | best=-0.000331  gen_best=-0.000331  mean=-0.000327  cache=1869
2026-03-06 21:20:37 | INFO | src.training_set_optimization.ga_subset | GA gen  80/100 | best=-0.000333  gen_best=-0.000333  mean=-0.000331  cache=1986
2026-03-06 21:21:57 | INFO | src.training_set_optimization.ga_subset | GA gen  85/100 | best=-0.000337  gen_best=-0.000337  mean=-0.000332  cache=2111
2026-03-06 21:23:12 | INFO | src.training_set_optimization.ga_subset | GA gen  90/100 | best=-0.000341  gen_best=-0.000341  mean=-0.000335  cache=2228
2026-03-06 21:24:32 | INFO | src.training_set_optimization.ga_subset | GA gen  95/100 | best=-0.000346  gen_best=-0.000346  mean=-0.000343  cache=2345
2026-03-06 21:25:34 | INFO | src.training_set_optimization.ga_subset | GA gen  99/100 | best=-0.000348  gen_best=-0.000348  mean=-0.000344  cache=2445
2026-03-06 21:25:34 | INFO | src.training_set_optimization.ga_subset | GA finished: best fitness=-0.000348  evals=2445  time=1589.7s
2026-03-06 21:25:35 | INFO | __main__ |     calibration_ga n=2000: corr_test=0.0654 corr_cal=0.6960 fitness=0.000348 (1589.8s)
2026-03-06 21:25:36 | INFO | __main__ |     pevmean_ga   n=2000: corr_test=0.2111 corr_cal=0.1610 PEV=17702.121297
2026-03-06 21:25:39 | INFO | __main__ |     random (5): mean corr_test=0.2302
2026-03-06 21:26:38 | INFO | src.training_set_optimization.ga_subset | GA gen   0/100 | best=-0.000100  gen_best=-0.000100  mean=-0.000065  cache=56
2026-03-06 21:28:37 | INFO | src.training_set_optimization.ga_subset | GA gen   5/100 | best=-0.000125  gen_best=-0.000125  mean=-0.000106  cache=172
2026-03-06 21:30:35 | INFO | src.training_set_optimization.ga_subset | GA gen  10/100 | best=-0.000155  gen_best=-0.000155  mean=-0.000126  cache=298
2026-03-06 21:32:34 | INFO | src.training_set_optimization.ga_subset | GA gen  15/100 | best=-0.000156  gen_best=-0.000156  mean=-0.000143  cache=415
2026-03-06 21:34:33 | INFO | src.training_set_optimization.ga_subset | GA gen  20/100 | best=-0.000180  gen_best=-0.000180  mean=-0.000157  cache=535
2026-03-06 21:36:47 | INFO | src.training_set_optimization.ga_subset | GA gen  25/100 | best=-0.000181  gen_best=-0.000181  mean=-0.000171  cache=662
2026-03-06 21:38:47 | INFO | src.training_set_optimization.ga_subset | GA gen  30/100 | best=-0.000185  gen_best=-0.000185  mean=-0.000176  cache=785
2026-03-06 21:40:53 | INFO | src.training_set_optimization.ga_subset | GA gen  35/100 | best=-0.000193  gen_best=-0.000193  mean=-0.000183  cache=908
2026-03-06 21:42:54 | INFO | src.training_set_optimization.ga_subset | GA gen  40/100 | best=-0.000203  gen_best=-0.000203  mean=-0.000191  cache=1031
2026-03-06 21:44:49 | INFO | src.training_set_optimization.ga_subset | GA gen  45/100 | best=-0.000209  gen_best=-0.000209  mean=-0.000198  cache=1153
2026-03-06 21:46:59 | INFO | src.training_set_optimization.ga_subset | GA gen  50/100 | best=-0.000213  gen_best=-0.000213  mean=-0.000206  cache=1274
2026-03-06 21:49:00 | INFO | src.training_set_optimization.ga_subset | GA gen  55/100 | best=-0.000217  gen_best=-0.000217  mean=-0.000212  cache=1396
2026-03-06 21:51:04 | INFO | src.training_set_optimization.ga_subset | GA gen  60/100 | best=-0.000220  gen_best=-0.000220  mean=-0.000217  cache=1511
2026-03-06 21:53:14 | INFO | src.training_set_optimization.ga_subset | GA gen  65/100 | best=-0.000222  gen_best=-0.000222  mean=-0.000220  cache=1634
2026-03-06 21:55:56 | INFO | src.training_set_optimization.ga_subset | GA gen  70/100 | best=-0.000225  gen_best=-0.000225  mean=-0.000221  cache=1764
2026-03-06 21:57:45 | INFO | src.training_set_optimization.ga_subset | GA gen  75/100 | best=-0.000226  gen_best=-0.000226  mean=-0.000224  cache=1880
2026-03-06 21:59:45 | INFO | src.training_set_optimization.ga_subset | GA gen  80/100 | best=-0.000226  gen_best=-0.000226  mean=-0.000225  cache=2004
2026-03-06 22:01:32 | INFO | src.training_set_optimization.ga_subset | GA gen  85/100 | best=-0.000229  gen_best=-0.000229  mean=-0.000225  cache=2119
2026-03-06 22:03:17 | INFO | src.training_set_optimization.ga_subset | GA gen  90/100 | best=-0.000230  gen_best=-0.000230  mean=-0.000228  cache=2238
2026-03-06 22:05:03 | INFO | src.training_set_optimization.ga_subset | GA gen  95/100 | best=-0.000231  gen_best=-0.000231  mean=-0.000229  cache=2355
2026-03-06 22:06:25 | INFO | src.training_set_optimization.ga_subset | GA gen  99/100 | best=-0.000232  gen_best=-0.000232  mean=-0.000230  cache=2446
2026-03-06 22:06:25 | INFO | src.training_set_optimization.ga_subset | GA finished: best fitness=-0.000232  evals=2446  time=2445.5s
2026-03-06 22:06:26 | INFO | __main__ |     calibration_ga n=3000: corr_test=0.1384 corr_cal=0.6964 fitness=0.000232 (2445.7s)
2026-03-06 22:06:27 | INFO | __main__ |     pevmean_ga   n=3000: corr_test=0.2418 corr_cal=0.2481 PEV=17329.618369
2026-03-06 22:06:32 | INFO | __main__ |     random (5): mean corr_test=0.2313
2026-03-06 22:07:50 | INFO | src.training_set_optimization.ga_subset | GA gen   0/100 | best=-0.000073  gen_best=-0.000073  mean=-0.000060  cache=56
2026-03-06 22:10:29 | INFO | src.training_set_optimization.ga_subset | GA gen   5/100 | best=-0.000084  gen_best=-0.000084  mean=-0.000070  cache=176
2026-03-06 22:13:24 | INFO | src.training_set_optimization.ga_subset | GA gen  10/100 | best=-0.000098  gen_best=-0.000098  mean=-0.000082  cache=307
2026-03-06 22:16:14 | INFO | src.training_set_optimization.ga_subset | GA gen  15/100 | best=-0.000105  gen_best=-0.000105  mean=-0.000090  cache=431
2026-03-06 22:19:09 | INFO | src.training_set_optimization.ga_subset | GA gen  20/100 | best=-0.000108  gen_best=-0.000108  mean=-0.000099  cache=560
2026-03-06 22:21:51 | INFO | src.training_set_optimization.ga_subset | GA gen  25/100 | best=-0.000111  gen_best=-0.000111  mean=-0.000108  cache=679
2026-03-06 22:24:36 | INFO | src.training_set_optimization.ga_subset | GA gen  30/100 | best=-0.000113  gen_best=-0.000113  mean=-0.000110  cache=801
2026-03-06 22:27:20 | INFO | src.training_set_optimization.ga_subset | GA gen  35/100 | best=-0.000115  gen_best=-0.000115  mean=-0.000113  cache=921
2026-03-06 22:29:58 | INFO | src.training_set_optimization.ga_subset | GA gen  40/100 | best=-0.000118  gen_best=-0.000118  mean=-0.000115  cache=1036
2026-03-06 22:32:55 | INFO | src.training_set_optimization.ga_subset | GA gen  45/100 | best=-0.000118  gen_best=-0.000118  mean=-0.000116  cache=1165
2026-03-06 22:35:44 | INFO | src.training_set_optimization.ga_subset | GA gen  50/100 | best=-0.000119  gen_best=-0.000119  mean=-0.000118  cache=1291
2026-03-06 22:38:18 | INFO | src.training_set_optimization.ga_subset | GA gen  55/100 | best=-0.000123  gen_best=-0.000123  mean=-0.000120  cache=1402
2026-03-06 22:41:12 | INFO | src.training_set_optimization.ga_subset | GA gen  60/100 | best=-0.000125  gen_best=-0.000125  mean=-0.000121  cache=1529
2026-03-06 22:44:02 | INFO | src.training_set_optimization.ga_subset | GA gen  65/100 | best=-0.000125  gen_best=-0.000125  mean=-0.000123  cache=1652
2026-03-06 22:46:51 | INFO | src.training_set_optimization.ga_subset | GA gen  70/100 | best=-0.000126  gen_best=-0.000126  mean=-0.000122  cache=1776
2026-03-06 22:49:47 | INFO | src.training_set_optimization.ga_subset | GA gen  75/100 | best=-0.000127  gen_best=-0.000127  mean=-0.000124  cache=1903
2026-03-06 22:52:28 | INFO | src.training_set_optimization.ga_subset | GA gen  80/100 | best=-0.000128  gen_best=-0.000128  mean=-0.000125  cache=2020
2026-03-06 22:55:07 | INFO | src.training_set_optimization.ga_subset | GA gen  85/100 | best=-0.000129  gen_best=-0.000129  mean=-0.000127  cache=2135
2026-03-06 22:57:54 | INFO | src.training_set_optimization.ga_subset | GA gen  90/100 | best=-0.000131  gen_best=-0.000131  mean=-0.000130  cache=2259
2026-03-06 23:00:41 | INFO | src.training_set_optimization.ga_subset | GA gen  95/100 | best=-0.000134  gen_best=-0.000134  mean=-0.000131  cache=2382
2026-03-06 23:03:04 | INFO | src.training_set_optimization.ga_subset | GA gen  99/100 | best=-0.000135  gen_best=-0.000135  mean=-0.000133  cache=2488
2026-03-06 23:03:04 | INFO | src.training_set_optimization.ga_subset | GA finished: best fitness=-0.000135  evals=2488  time=3391.9s
2026-03-06 23:03:06 | INFO | __main__ |     calibration_ga n=4000: corr_test=0.1874 corr_cal=0.5396 fitness=0.000135 (3392.1s)
2026-03-06 23:03:07 | INFO | __main__ |     pevmean_ga   n=4000: corr_test=0.2399 corr_cal=0.2368 PEV=16967.902810
2026-03-06 23:03:14 | INFO | __main__ |     random (5): mean corr_test=0.2013
2026-03-06 23:03:14 | INFO | __main__ | Summary saved to outputs/training_set_compare/shards/shard_003/body_mass/comparison_summary.csv
2026-03-06 23:03:14 | INFO | __main__ | Trait 'body_mass' complete. Results: outputs/training_set_compare/shards/shard_003/body_mass/comparison_results.csv
2026-03-06 23:03:14 | INFO | __main__ | All traits done.
